$ bash scripts/check-action-runtime.test.sh
(cwd=.)
rc=0  0.8s

──── 格 1：全 node24 的夹具必须绿，且证明真扫到了文件 ────
  ✓ 格1 rc=0
  ✓ 格1 打印了扫描份数（空跑会被这行揭穿）
  ✓ 格1 三处站点全部可判定
──── 格 2：未豁免的 node20 要点名到工位 ────
  ✓ 格2 rc=1
  ✓ 格2 点名文件与 pin
  ✓ 格2 点名工位（job#step 序号）
  ✓ 格2 印出实际 using 值
  ✓ 格2 反向：同形状换 v7 则绿
──── 格 3：豁免要放行，且放行的是「这一档」而不是整道门 ────
  ✓ 格3 豁免内 rc=0
  ✓ 格3 计数把豁免单独列出来
  ✓ 格3 豁免后不再打未豁免红因
  ✓ 格3 反向：豁免记错 pin 则仍红
──── 格 4：上界只降不升（棘轮）────
  ✓ 格4 超上界 rc=1
  ✓ 格4 报出实有与上界
  ✓ 格4 反向：上界=3 时绿
──── 格 5：豁免账本留空条目要红（防止「已迁完」被伪装成「仍豁免」）────
  ✓ 格5 STALE rc=1
  ✓ 格5 点名 STALE 条目
  ✓ 格5 给出处置动作
  ✓ 格5 反向：条目对得上则绿
──── 格 6：表里没有的 pin 一律 rc=2（不许凭版本号推）────
  ✓ 格6 未知 pin rc=2
  ✓ 格6 点名未登记 pin
  ✓ 格6 指出去读 action.yml
  ✓ 格6 未知时不许宣称干净
  ✓ 格6 未知+STALE 同趟时 rc 仍为 2
  ✓ 格6 同趟里 STALE 也要一并报出
──── 格 7：job 级 uses 要参与判定，可复用工作流/本地形态要跳过 ────
  ✓ 格7 job 级 node20 未豁免 rc=1
  ✓ 格7 打出了跳过计数
  ✓ 格7 job 级 uses 也被扫到（只数 steps 会漏它）
  ✓ 格7 可判定站点只剩那 1 处
  ✓ 格7 .yml 形态不进 RUNTIMES 判定（不报未知）
  ✓ 格7 反向：job 级换 v7 则绿
  ✓ 格7 反向仍计入跳过数
──── 格 8：坏 YAML 判红不判绿 ────
  ✓ 格8 解析失败 rc=2
  ✓ 格8 点名坏文件
  ✓ 格8 坏文件不许带着绿象退出
──── 格 9：零输入是 SKIP 不是 PASS ────
  ✓ 格9 文件不存在 rc=2
  ✓ 格9 空目录 rc=2
  ✓ 格9 空目录点名零扫描
──── 格 10：出厂基线自洽（跑真仓库，表与账必须对得上磁盘）────
  ✓ 格10 真仓库 rc=0
  ✓ 格10 真仓库无 STALE/未豁免红因
  ✓ 格10 真仓库确实扫到了多份工作流
  ✓ 格10 汇总行只印一次
  ✓ 格10 真仓库基线非空（命中 30 处，全部落在豁免内）
════════════════════════════════════
PASS=43 FAIL=0
✅ check-action-runtime 的判据两向都有牙

