### 门牙反向测（摘掉判据⇒对应反向格必须不再红）；测量 2026-09-23T08:19:19+0800；注码落**共享工作树**，跑前确认无门禁趟在飞、跑后逐文件 md5 复核

$ python3 scripts/reverse-test-gate-teeth.py
[刀  1] merge-gate.py              摘：红落点                          点名到那一格 ✓
        rc=1 汇总行「===== merge-gate --selftest：15/16 种坏读数各自拦停/判红，绿读数不误伤 =====」 判错格数=1
        · [反向] 红落点：门控/只印/绿分流                      判错 ✗（go-build 的 红读数落点不对（failed=[] diag=['go-build'] tag=红））
[刀  2] merge-gate.py              摘：--only 打错步名                  点名到那一格 ✓
        rc=1 汇总行「===== merge-gate --selftest：15/16 种坏读数各自拦停/判红，绿读数不误伤 =====」 判错格数=1
        · [反向] --only 打错步名要停机                     判错 ✗（拼错的步名被放行）
[刀  3] merge-gate.py              摘：点名的仓内文件缺失                    点名到那一格 ✓
        rc=1 汇总行「===== merge-gate --selftest：15/16 种坏读数各自拦停/判红，绿读数不误伤 =====」 判错格数=1
        · [反向] 点名的仓内文件缺失要停机                       判错 ✗（不存在的 docs 路径被放行）
[刀  4] merge-gate.py              摘：坏门禁脚本                        点名到那一格 ✓
        rc=1 汇总行「===== merge-gate --selftest：15/16 种坏读数各自拦停/判红，绿读数不误伤 =====」 判错格数=1
        · [反向] 坏门禁脚本要点名                           判错 ✗（broken.py被放过）
[刀  5] merge-gate.py              摘：子集跑不许写全量取证名                  点名到那一格 ✓
        rc=1 汇总行「===== merge-gate --selftest：15/16 种坏读数各自拦停/判红，绿读数不误伤 =====」 判错格数=1
        · [反向] 子集跑不许写全量取证名                        判错 ✗（全量跑没写 merge-gate-full.log）
[刀  6] anchor-preflight.py        摘：新电池没分类|已经不存在                 点名到那一格 ✓
        rc=1 汇总行「反向测：8/10 通过 ⇒ 本门自己的判据有洞」 判错格数=2
        · ✗ 反向格「新电池没分类」判据没开火（要 1 条含 '没在 COVERED/UNCOVERED 里分类'，实得 0）
        · ✗ 反向格「名单里的电池已不在磁盘」判据没开火（要 1 条含 '已经不存在'，实得 0）
[刀  7] run-gate-in-clone.py       摘：克隆少抽几条|两侧都零输出|工作树有汇总         点名到那一格 ✓
        rc=1 汇总行「===== run-gate-in-clone --selftest：6/9 格判对 =====」 判错格数=3
        · [反向] 克隆少抽几条要红                           判错 ✗（实得 True，期望 False）
        · [反向] 两侧都零输出要红（空跑不是绿）                    判错 ✗（实得 True，期望 False）
        · [反向] 工作树有汇总、克隆侧空要红                      判错 ✗（实得 True，期望 False）
[刀  8] run-gate-in-clone.py       摘：路径痕迹抹平                       点名到那一格 ✓
        rc=1 汇总行「===== run-gate-in-clone --selftest：8/9 格判对 =====」 判错格数=1
        · [反向] 路径痕迹抹平后两侧才可比（不抹平就恒不等）              判错 ✗（实得 False，期望 True）
[刀  9] run-gate-in-clone.py       摘：覆盖/删除/外域三类                   点名到那一格 ✓
        rc=1 汇总行「===== run-gate-in-clone --selftest：8/9 格判对 =====」 判错格数=1
        · [反向] 覆盖/删除/外域三类要分对                      判错 ✗（实得 False，期望 True）
[刀 10] check-review-closeout.py   摘：无 scope                      点名到那一格 ✓
        rc=1 汇总行「===== selftest：56/57 种坏形态各自隔离地红，合法快照 0 红 =====」 判错格数=1
        · [反向 32] 无 scope              没红 ✗（门漏判这一类）               []
[刀 11] check-review-closeout.py   摘：prose 豁免无 reason             点名到那一格 ✓
        rc=1 汇总行「===== selftest：56/57 种坏形态各自隔离地红，合法快照 0 红 =====」 判错格数=1
        · [反向 37] prose 豁免无 reason     没红 ✗（门漏判这一类）               []
[刀 12] check-review-closeout.py   摘：声明 ledger 却没有计数钉             点名到那一格 ✓
        rc=1 汇总行「===== selftest：56/57 种坏形态各自隔离地红，合法快照 0 红 =====」 判错格数=1
        · [反向 57] 声明 ledger 却没有计数钉     没红 ✗（门漏判这一类）               []
[刀 13] check-review-closeout.py   摘：quote 只有 4 字                 点名到那一格 ✓
        rc=1 汇总行「===== selftest：56/57 种坏形态各自隔离地红，合法快照 0 红 =====」 判错格数=1
        · [反向 51] quote 只有 4 字         没红 ✗（门漏判这一类）               []
[刀 14] check-review-closeout.py   摘：quote 抄整段正文                  点名到那一格 ✓
        rc=1 汇总行「===== selftest：56/57 种坏形态各自隔离地红，合法快照 0 红 =====」 判错格数=1
        · [反向 49] quote 抄整段正文          没红 ✗（门漏判这一类）               []
[刀 15] check-review-closeout.py   摘：日志断言没命中                      点名到那一格 ✓
        rc=1 汇总行「===== selftest：56/57 种坏形态各自隔离地红，合法快照 0 红 =====」 判错格数=1
        · [反向 19] 日志断言没命中              没红 ✗（门漏判这一类）               []
[刀 16] check-review-closeout.py   摘：日志出现不许出现的串                   点名到那一格 ✓
        rc=1 汇总行「===== selftest：56/57 种坏形态各自隔离地红，合法快照 0 红 =====」 判错格数=1
        · [反向 20] 日志出现不许出现的串           没红 ✗（门漏判这一类）               []
[刀 17] check-review-closeout.py   摘：logs 字典无断言                   点名到那一格 ✓
        rc=1 汇总行「===== selftest：56/57 种坏形态各自隔离地红，合法快照 0 红 =====」 判错格数=1
        · [反向 22] logs 字典无断言           没红 ✗（门漏判这一类）               []
===== 门牙反向测：17/17 刀各自点名到该开火的那一格 =====
RC=0
