### 第 1 趟全量跑的读数（记档，不被台账引用）：32/34 门步绿
### 两朵红的归因：go-test-host-packages=并行 lane 08:00:56-08:05:49 把 internal/service 改到编译不过（`internal/migration/migrations [build failed]`，08:06 复测该包 build rc=0，属瞬时态不是本仓红）；
###               closeout-r22-protocol=本轮改过协议 spec §8 条目原文，旧台账的 claim.quote 指针失效＝门按设计拦停，重出台账后消除。
$ python3 scripts/merge-gate.py --round R22-closefinal
步骤名单（35 步，全程不带 -run）：go-build go-vet gofmt go-test-browser-automation go-test-host-packages vitest-bridge vitest-browser-automation lint-bridge lint-user-web markdownlint arch-gate arch-l4-reverse fmt-check date-bucket-tz unwired-assets doc-consistency feature-doc enum-consistency no-xapptool cross-package-ports model-migration md-links-offline component-types workflow-refs ci-step-coverage test-nil-deref env-coverage seam-guard async-global-read anchor-preflight anchor-preflight-selftest closeout-r22 closeout-r22-protocol closeout-selftest merge-gate-selftest
合并门禁：35 步（其中诊断步 1 步只印不门，见 DIAG），日志 → docs/superpowers/specs/ledger/logs/R22-closefinal/merge/　取证 → docs/superpowers/specs/ledger/logs/R22-closefinal/merge-gate-full.log
[绿] go-build                        13.9s 
[绿] go-vet                           7.5s 
[绿] gofmt                            0.5s 
[绿] go-test-browser-automation     326.7s 
[红] go-test-host-packages         1047.1s ｜ rc=1 ; 输出里出现了禁止行 '(^|\\n)FAIL'
[绿] vitest-bridge                   17.5s 
[绿] vitest-browser-automation       35.9s 
[绿] lint-bridge                      4.4s 
[绿] lint-user-web                   13.7s 
[绿] markdownlint                     7.3s 
[绿] arch-gate                       28.3s 
[绿] arch-l4-reverse                 97.0s 
[绿] fmt-check                        1.2s 
[绿] date-bucket-tz                   0.6s 
[绿] unwired-assets                  38.2s 
[绿] doc-consistency                  0.2s 
[绿] feature-doc                      0.0s 
[绿] enum-consistency                 0.3s 
[绿] no-xapptool                      3.8s 
[绿] cross-package-ports              0.1s 
[绿] model-migration                  0.3s 
[绿] md-links-offline                 0.1s 
[绿] component-types                  0.0s 
[绿] workflow-refs                    0.2s 
[诊断·红] ci-step-coverage                30.7s ｜ rc=1
[绿] test-nil-deref                   2.2s 
[绿] env-coverage                     3.5s 
[绿] seam-guard                       2.5s 
[绿] async-global-read                1.1s 
[绿] anchor-preflight                 0.6s 
[绿] anchor-preflight-selftest        0.1s 
[绿] closeout-r22                    20.6s 
[红] closeout-r22-protocol            1.3s ｜ rc=1 ; 输出里出现了禁止行 '❌'
[绿] closeout-selftest                5.0s 
[绿] merge-gate-selftest              0.0s 
===== 合并门禁：32/34 门步绿，红在：go-test-host-packages closeout-r22-protocol；诊断步红 1 道不门控：ci-step-coverage =====
