私有作业目录：/var/folders/xw/pd_rr_z54w38gq41yfm8h7sm0000gn/T/p902mut-zk0nrp4r
逐格日志目录：/Users/xiaofang/Documents/www/go/hivemtk/hivemtk/docs/superpowers/specs/ledger/logs/P902/20260928-160206
取证基线：HEAD=034d1784 工作树=/Users/xiaofang/Documents/www/go/hivemtk/hivemtk 16:02  up 5 days,  5:50, 2 users, load averages: 11.14 12.10 14.49 日志 tag=20260928-160206
覆盖 76 个脏文件、同步 0 个删除进克隆
测试库：127.0.0.1:8232 可达（口令不回显）
本轮基线字节（注码前 == 还原后 才算干净）：
  3f90c51f9d6ebad665c4f42f7ca4118d  user-server/internal/aiagent/knowledge/controller/knowledge_merchant.go
  87b904a8d78c14eee64a17acc20e6281  user-server/internal/aiagent/knowledge/repository/knowledge_chunk.go
  190c8c0cdd44203b45f84a6f7fa93abc  user-server/internal/aiagent/knowledge/service/rag_searcher.go
  133269c6653d33f7b379c115f58de3d3  user-server/internal/aiagent/knowledge/service/rag_searcher_bm25.go
  47eac23620ef61c682c123d18d8d83ef  user-server/internal/aiagent/knowledge/service/rag_searcher_vector.go
  9ce13662bb7a8e59ea6fa6a3367e7eaa  user-server/internal/aiagent/rag/retrieval/hybrid_searcher.go
  0a1976deca8866b70ec65f5f5499e17d  user-server/internal/aiagent/rag/retrieval/lexical_retriever.go
  bb66b668fbf925eb68baf65bf6bf6f37  user-server/internal/aiagent/rag/retrieval/vector_retriever.go
  74a322de23a08202fcbd4efd046df76c  user-server/internal/app/kb_release_wiring.go
  a1e64ccd7c3433d6bbd5c97993e1d51b  user-server/internal/controller/kb_release.go
  f213d1f505bd940c334ef54350e56b2f  user-server/internal/model/kb_release.go
  1f6615f0bb1d55fddf033c955c99d589  user-server/internal/pkg/kbrelease/kbrelease.go
  dbdb9586968768fc736d853ba2ed6fde  user-server/internal/repository/kb_release.go
  fc9bf9bc68e51198d980398480ec7553  user-server/internal/router/kb_release_routes.go
  fafa2dcde6ebcd5bfcfbf342334fad1a  user-server/internal/router/router.go
  87366b222eea4f6c938e11c9c397f4bf  user-server/internal/service/kb_release.go
[selftest] OK  ST1 无效果变异: 期望驱动报 SURVIVED，实际报 SURVIVED=洞：没有用例被打红 ⇒ 这条承诺只有注释在守
[selftest] OK  ST2 期望写歪: 期望驱动报 BROKEN，实际报 BROKEN=红集合不符：期望=['TestKBChangeModel_NoSuchLeg'] 实际=['TestKBChangeModel_TransitionTable']
[selftest] OK  ST3 编译坏: 期望驱动报 BUILD-BROKEN，实际报 BUILD-BROKEN：编译坏（修变异不修期望）
[selftest] 驱动能报出三种不成立态，可以放整族
收尾：带走 /private/var/folders/xw/pd_rr_z54w38gq41yfm8h7sm0000gn/T/p902mut-zk0nrp4r/clone、/private/var/folders/xw/pd_rr_z54w38gq41yfm8h7sm0000gn/T/p902mut-zk0nrp4r
