[对照] merge-gate.py 锚点出现 1 次（应为 1）：对照：不应有第二处同串
[注码 1] merge-gate.py ｜ 期望开火：红落点
   rc=1 格数行=「===== merge-gate --selftest：14/15 种坏读数各自拦停/判红，绿读数不误伤 =====」 判错行数=1 期望那格开火=是
   · [反向] 红落点：门控/只印/绿分流                      判错 ✗（go-build 的 红读数落点不对（failed=[] diag=['go-build'] tag=红））
[注码 2] merge-gate.py ｜ 期望开火：--only 打错步名
   rc=1 格数行=「===== merge-gate --selftest：14/15 种坏读数各自拦停/判红，绿读数不误伤 =====」 判错行数=1 期望那格开火=是
   · [反向] --only 打错步名要停机                     判错 ✗（拼错的步名被放行）
[注码 3] merge-gate.py ｜ 期望开火：点名的仓内文件缺失
   rc=1 格数行=「===== merge-gate --selftest：14/15 种坏读数各自拦停/判红，绿读数不误伤 =====」 判错行数=1 期望那格开火=是
   · [反向] 点名的仓内文件缺失要停机                       判错 ✗（不存在的 docs 路径被放行）
[注码 4] merge-gate.py ｜ 期望开火：坏门禁脚本
   rc=1 格数行=「===== merge-gate --selftest：14/15 种坏读数各自拦停/判红，绿读数不误伤 =====」 判错行数=1 期望那格开火=是
   · [反向] 坏门禁脚本要点名                           判错 ✗（broken.py被放过）
[注码 5] run-gate-in-clone.py ｜ 期望开火：两侧汇总一致/克隆少抽/零输出/工作树有汇总
   rc=1 格数行=「===== run-gate-in-clone --selftest：6/9 格判对 =====」 判错行数=3 期望那格开火=是
   · [反向] 克隆少抽几条要红                           判错 ✗（实得 True，期望 False）
   · [反向] 两侧都零输出要红（空跑不是绿）                    判错 ✗（实得 True，期望 False）
   · [反向] 工作树有汇总、克隆侧空要红                      判错 ✗（实得 True，期望 False）
[注码 6] run-gate-in-clone.py ｜ 期望开火：路径痕迹抹平
   rc=1 格数行=「===== run-gate-in-clone --selftest：8/9 格判对 =====」 判错行数=1 期望那格开火=是
   · [反向] 路径痕迹抹平后两侧才可比（不抹平就恒不等）              判错 ✗（实得 False，期望 True）
[注码 7] run-gate-in-clone.py ｜ 期望开火：覆盖/删除/外域三类要分对
   rc=1 格数行=「===== run-gate-in-clone --selftest：8/9 格判对 =====」 判错行数=1 期望那格开火=是
   · [反向] 覆盖/删除/外域三类要分对                      判错 ✗（实得 False，期望 True）
[注码 8] check-review-closeout.py ｜ 期望开火：无 scope
   rc=1 格数行=「===== selftest：50/51 种坏形态各自隔离地红，合法快照 0 红 =====」 判错行数=1 期望那格开火=是
   · [反向 26] 无 scope              没红 ✗（门漏判这一类）               []
[注码 9] check-review-closeout.py ｜ 期望开火：prose 豁免无 reason
   rc=1 格数行=「===== selftest：50/51 种坏形态各自隔离地红，合法快照 0 红 =====」 判错行数=1 期望那格开火=是
   · [反向 31] prose 豁免无 reason     没红 ✗（门漏判这一类）               []
[注码 10] check-review-closeout.py ｜ 期望开火：声明 ledger 却没有计数钉
   rc=1 格数行=「===== selftest：50/51 种坏形态各自隔离地红，合法快照 0 红 =====」 判错行数=1 期望那格开火=是
   · [反向 51] 声明 ledger 却没有计数钉     没红 ✗（门漏判这一类）               []
[注码 11] check-review-closeout.py ｜ 期望开火：quote 只有 4 字
   rc=1 格数行=「===== selftest：50/51 种坏形态各自隔离地红，合法快照 0 红 =====」 判错行数=1 期望那格开火=是
   · [反向 45] quote 只有 4 字         没红 ✗（门漏判这一类）               []
[注码 12] check-review-closeout.py ｜ 期望开火：quote 抄整段正文
   rc=1 格数行=「===== selftest：50/51 种坏形态各自隔离地红，合法快照 0 红 =====」 判错行数=1 期望那格开火=是
   · [反向 43] quote 抄整段正文          没红 ✗（门漏判这一类）               []
