[刀  1] merge-gate.py              摘：红落点                          点名到那一格 ✓
        rc=1 汇总行「===== merge-gate --selftest：14/15 种坏读数各自拦停/判红，绿读数不误伤 =====」 判错格数=1
        · [反向] 红落点：门控/只印/绿分流                      判错 ✗（go-build 的 红读数落点不对（failed=[] diag=['go-build'] tag=红））
[刀  2] merge-gate.py              摘：--only 打错步名                  点名到那一格 ✓
        rc=1 汇总行「===== merge-gate --selftest：14/15 种坏读数各自拦停/判红，绿读数不误伤 =====」 判错格数=1
        · [反向] --only 打错步名要停机                     判错 ✗（拼错的步名被放行）
[刀  3] merge-gate.py              摘：点名的仓内文件缺失                    点名到那一格 ✓
        rc=1 汇总行「===== merge-gate --selftest：14/15 种坏读数各自拦停/判红，绿读数不误伤 =====」 判错格数=1
        · [反向] 点名的仓内文件缺失要停机                       判错 ✗（不存在的 docs 路径被放行）
[刀  4] merge-gate.py              摘：坏门禁脚本                        点名到那一格 ✓
        rc=1 汇总行「===== merge-gate --selftest：14/15 种坏读数各自拦停/判红，绿读数不误伤 =====」 判错格数=1
        · [反向] 坏门禁脚本要点名                           判错 ✗（broken.py被放过）
[刀  5] run-gate-in-clone.py       摘：克隆少抽几条|两侧都零输出|工作树有汇总         点名到那一格 ✓
        rc=1 汇总行「===== run-gate-in-clone --selftest：6/9 格判对 =====」 判错格数=3
        · [反向] 克隆少抽几条要红                           判错 ✗（实得 True，期望 False）
        · [反向] 两侧都零输出要红（空跑不是绿）                    判错 ✗（实得 True，期望 False）
        · [反向] 工作树有汇总、克隆侧空要红                      判错 ✗（实得 True，期望 False）
[刀  6] run-gate-in-clone.py       摘：路径痕迹抹平                       点名到那一格 ✓
        rc=1 汇总行「===== run-gate-in-clone --selftest：8/9 格判对 =====」 判错格数=1
        · [反向] 路径痕迹抹平后两侧才可比（不抹平就恒不等）              判错 ✗（实得 False，期望 True）
[刀  7] run-gate-in-clone.py       摘：覆盖/删除/外域三类                   点名到那一格 ✓
        rc=1 汇总行「===== run-gate-in-clone --selftest：8/9 格判对 =====」 判错格数=1
        · [反向] 覆盖/删除/外域三类要分对                      判错 ✗（实得 False，期望 True）
[刀  8] check-review-closeout.py   摘：无 scope                      点名到那一格 ✓
        rc=1 汇总行「===== selftest：50/51 种坏形态各自隔离地红，合法快照 0 红 =====」 判错格数=1
        · [反向 26] 无 scope              没红 ✗（门漏判这一类）               []
[刀  9] check-review-closeout.py   摘：prose 豁免无 reason             点名到那一格 ✓
        rc=1 汇总行「===== selftest：50/51 种坏形态各自隔离地红，合法快照 0 红 =====」 判错格数=1
        · [反向 31] prose 豁免无 reason     没红 ✗（门漏判这一类）               []
[刀 10] check-review-closeout.py   摘：声明 ledger 却没有计数钉             点名到那一格 ✓
        rc=1 汇总行「===== selftest：50/51 种坏形态各自隔离地红，合法快照 0 红 =====」 判错格数=1
        · [反向 51] 声明 ledger 却没有计数钉     没红 ✗（门漏判这一类）               []
[刀 11] check-review-closeout.py   摘：quote 只有 4 字                 点名到那一格 ✓
        rc=1 汇总行「===== selftest：50/51 种坏形态各自隔离地红，合法快照 0 红 =====」 判错格数=1
        · [反向 45] quote 只有 4 字         没红 ✗（门漏判这一类）               []
[刀 12] check-review-closeout.py   摘：quote 抄整段正文                  点名到那一格 ✓
        rc=1 汇总行「===== selftest：50/51 种坏形态各自隔离地红，合法快照 0 红 =====」 判错格数=1
        · [反向 43] quote 抄整段正文          没红 ✗（门漏判这一类）               []
===== 门牙反向测：12/12 刀各自点名到该开火的那一格 =====
