2026-09-28T15:47:07+08:00 WRN [SECURITY][WARN] USER_JWT_SECRET/JWT_SECRET 未配置，go test 进程使用固定测试密钥（仅用于单元测试） component=user-server
=== RUN   TestBillRepository_ScanOverdueSelectsByCutoffAndStatus
--- PASS: TestBillRepository_ScanOverdueSelectsByCutoffAndStatus (0.66s)
=== RUN   TestBillRepository_ScanOverdueOrdersOldestFirst
--- PASS: TestBillRepository_ScanOverdueOrdersOldestFirst (0.26s)
=== RUN   TestBillRepository_ScanOverdueRejectsNonPositiveLimit
--- PASS: TestBillRepository_ScanOverdueRejectsNonPositiveLimit (0.21s)
=== RUN   TestBillRepository_ScanOverdueFailureIsNotEmptyResult
--- PASS: TestBillRepository_ScanOverdueFailureIsNotEmptyResult (0.25s)
=== RUN   TestBillRepository_ScanOverdueFollowsTheChasedDomain
--- PASS: TestBillRepository_ScanOverdueFollowsTheChasedDomain (0.24s)
=== RUN   TestBillRepository_CreateRejectsMissingIdentity
--- PASS: TestBillRepository_CreateRejectsMissingIdentity (0.20s)
=== RUN   TestBillRepository_DuplicateQuoteRowIsItsOwnError
--- PASS: TestBillRepository_DuplicateQuoteRowIsItsOwnError (0.50s)
=== RUN   TestBillRepository_StatusMustBeInTheDomain
--- PASS: TestBillRepository_StatusMustBeInTheDomain (0.24s)
=== RUN   TestBillRepository_ReadsDistinguishMissingFromFailure
--- PASS: TestBillRepository_ReadsDistinguishMissingFromFailure (0.19s)
=== RUN   TestBillRepository_ReadFailureIsNotMissingRead
    bill_test.go:265: GetByID 在库故障时回了 nil 错误（got=<nil>）：故障被读成"没有这张单"，派生路径会据此再开一张
    bill_test.go:265: GetByQuoteRowID 在库故障时回了 nil 错误（got=<nil>）：故障被读成"没有这张单"，派生路径会据此再开一张
--- FAIL: TestBillRepository_ReadFailureIsNotMissingRead (0.10s)
=== RUN   TestBillRepository_UpdateStatusIsCompareAndSet
--- PASS: TestBillRepository_UpdateStatusIsCompareAndSet (0.14s)
=== RUN   TestBillRepository_MethodSetIsExactlyTheDocumentedSeven
--- PASS: TestBillRepository_MethodSetIsExactlyTheDocumentedSeven (0.00s)
=== RUN   TestBillRepository_ListByQuoteID
--- PASS: TestBillRepository_ListByQuoteID (0.11s)
=== RUN   TestBillRepository_ListByQuoteIDStableOrderTiesCreatedAt
--- PASS: TestBillRepository_ListByQuoteIDStableOrderTiesCreatedAt (0.07s)
=== RUN   TestBillRepository_NilHandleFailsLoudly
--- PASS: TestBillRepository_NilHandleFailsLoudly (0.00s)
=== RUN   TestBillRepository_ConstraintNameIsTheOneOnTheModel
--- PASS: TestBillRepository_ConstraintNameIsTheOneOnTheModel (0.17s)
FAIL
FAIL	hivemtk-user/internal/repository	3.917s
FAIL
