2026-09-28T15:47:29+08:00 WRN [SECURITY][WARN] USER_JWT_SECRET/JWT_SECRET 未配置，go test 进程使用固定测试密钥（仅用于单元测试） component=user-server
=== RUN   TestBillDeriveFromSentQuoteWritesOneRow
--- PASS: TestBillDeriveFromSentQuoteWritesOneRow (0.28s)
=== RUN   TestBillAmountEqualsHandComputedTotal
--- PASS: TestBillAmountEqualsHandComputedTotal (0.12s)
=== RUN   TestBillDeriveIsIdempotentAcrossCalls
--- PASS: TestBillDeriveIsIdempotentAcrossCalls (0.15s)
=== RUN   TestBillDeriveCurrencyFollowsQuote
--- PASS: TestBillDeriveCurrencyFollowsQuote (0.14s)
=== RUN   TestBillDeriveLeavesDueAtNull
--- PASS: TestBillDeriveLeavesDueAtNull (0.18s)
=== RUN   TestBillDeriveStoresTheDueAtTheCallerGave
--- PASS: TestBillDeriveStoresTheDueAtTheCallerGave (0.13s)
=== RUN   TestBillDeriveRequiresSentVersion
--- PASS: TestBillDeriveRequiresSentVersion (0.15s)
=== RUN   TestBillDeriveAcceptsAlreadyAcceptedRowAgain
--- PASS: TestBillDeriveAcceptsAlreadyAcceptedRowAgain (0.13s)
=== RUN   TestBillDeriveRejectsSupersededVersion
--- PASS: TestBillDeriveRejectsSupersededVersion (0.14s)
=== RUN   TestBillDeriveRejectsSecondAcceptedVersionInChain
--- PASS: TestBillDeriveRejectsSecondAcceptedVersionInChain (0.13s)
=== RUN   TestBillDeriveNeedsLines
--- PASS: TestBillDeriveNeedsLines (0.11s)
=== RUN   TestBillDeriveCASFailureLeavesNoBill
--- PASS: TestBillDeriveCASFailureLeavesNoBill (0.13s)
=== RUN   TestBillDeriveRacesIntoExisting
--- PASS: TestBillDeriveRacesIntoExisting (0.17s)
=== RUN   TestBillDeriveReportsReadBackFailure
--- PASS: TestBillDeriveReportsReadBackFailure (0.22s)
=== RUN   TestBillDeriveQuoteNotFound
--- PASS: TestBillDeriveQuoteNotFound (0.12s)
=== RUN   TestBillDeriveInputCarriesRowKeyAndOptionalTerm
--- PASS: TestBillDeriveInputCarriesRowKeyAndOptionalTerm (0.00s)
=== RUN   TestBillServicePortSurfacesAreNarrow
--- PASS: TestBillServicePortSurfacesAreNarrow (0.00s)
=== RUN   TestBillKeyGeneratorIsDeterministic
--- PASS: TestBillKeyGeneratorIsDeterministic (0.00s)
=== RUN   TestBillServiceAvailabilityAndNilSafety
    bill_test.go:832: 缺账单存储还报 Available
--- FAIL: TestBillServiceAvailabilityAndNilSafety (0.12s)
FAIL
FAIL	hivemtk-user/internal/service	3.092s
FAIL
