2026-09-28T15:47:54+08:00 WRN [SECURITY][WARN] USER_JWT_SECRET/JWT_SECRET 未配置，go test 进程使用固定测试密钥（仅用于单元测试） component=user-server
=== RUN   TestBillDeriveFromSentQuoteWritesOneRow
--- PASS: TestBillDeriveFromSentQuoteWritesOneRow (0.62s)
=== RUN   TestBillAmountEqualsHandComputedTotal
--- PASS: TestBillAmountEqualsHandComputedTotal (0.16s)
=== RUN   TestBillDeriveIsIdempotentAcrossCalls
--- PASS: TestBillDeriveIsIdempotentAcrossCalls (0.16s)
=== RUN   TestBillDeriveCurrencyFollowsQuote
--- PASS: TestBillDeriveCurrencyFollowsQuote (0.20s)
=== RUN   TestBillDeriveLeavesDueAtNull
--- PASS: TestBillDeriveLeavesDueAtNull (0.16s)
=== RUN   TestBillDeriveStoresTheDueAtTheCallerGave
--- PASS: TestBillDeriveStoresTheDueAtTheCallerGave (0.16s)
=== RUN   TestBillDeriveRequiresSentVersion
--- PASS: TestBillDeriveRequiresSentVersion (0.63s)
=== RUN   TestBillDeriveAcceptsAlreadyAcceptedRowAgain
--- PASS: TestBillDeriveAcceptsAlreadyAcceptedRowAgain (0.35s)
=== RUN   TestBillDeriveRejectsSupersededVersion
--- PASS: TestBillDeriveRejectsSupersededVersion (0.19s)
=== RUN   TestBillDeriveRejectsSecondAcceptedVersionInChain
    bill_test.go:572: 一条链上第二次确认成交没报 ErrBillChainAlreadyAccepted：<nil>
    bill_test.go:575: 这条链上现在有 2 张应收，期望仍是 1
--- FAIL: TestBillDeriveRejectsSecondAcceptedVersionInChain (0.21s)
=== RUN   TestBillDeriveNeedsLines
--- PASS: TestBillDeriveNeedsLines (0.32s)
=== RUN   TestBillDeriveCASFailureLeavesNoBill
--- PASS: TestBillDeriveCASFailureLeavesNoBill (0.17s)
=== RUN   TestBillDeriveRacesIntoExisting
--- PASS: TestBillDeriveRacesIntoExisting (0.20s)
=== RUN   TestBillDeriveReportsReadBackFailure
--- PASS: TestBillDeriveReportsReadBackFailure (0.36s)
=== RUN   TestBillDeriveQuoteNotFound
--- PASS: TestBillDeriveQuoteNotFound (0.16s)
=== RUN   TestBillDeriveInputCarriesRowKeyAndOptionalTerm
--- PASS: TestBillDeriveInputCarriesRowKeyAndOptionalTerm (0.00s)
=== RUN   TestBillServicePortSurfacesAreNarrow
--- PASS: TestBillServicePortSurfacesAreNarrow (0.00s)
=== RUN   TestBillKeyGeneratorIsDeterministic
--- PASS: TestBillKeyGeneratorIsDeterministic (0.00s)
=== RUN   TestBillServiceAvailabilityAndNilSafety
--- PASS: TestBillServiceAvailabilityAndNilSafety (0.17s)
FAIL
FAIL	hivemtk-user/internal/service	5.010s
FAIL
