2026-09-28T15:48:13+08:00 WRN [SECURITY][WARN] USER_JWT_SECRET/JWT_SECRET 未配置，go test 进程使用固定测试密钥（仅用于单元测试） component=user-server
=== RUN   TestBillDeriveFromSentQuoteWritesOneRow
--- PASS: TestBillDeriveFromSentQuoteWritesOneRow (0.30s)
=== RUN   TestBillAmountEqualsHandComputedTotal
    bill_test.go:247: 账单金额 270，手算合计 369.99：AC② 的对账就是这两个数必须逐分相等
--- FAIL: TestBillAmountEqualsHandComputedTotal (0.12s)
=== RUN   TestBillDeriveIsIdempotentAcrossCalls
--- PASS: TestBillDeriveIsIdempotentAcrossCalls (0.13s)
=== RUN   TestBillDeriveCurrencyFollowsQuote
--- PASS: TestBillDeriveCurrencyFollowsQuote (0.13s)
=== RUN   TestBillDeriveLeavesDueAtNull
--- PASS: TestBillDeriveLeavesDueAtNull (0.14s)
=== RUN   TestBillDeriveStoresTheDueAtTheCallerGave
--- PASS: TestBillDeriveStoresTheDueAtTheCallerGave (0.12s)
=== RUN   TestBillDeriveRequiresSentVersion
--- PASS: TestBillDeriveRequiresSentVersion (0.18s)
=== RUN   TestBillDeriveAcceptsAlreadyAcceptedRowAgain
--- PASS: TestBillDeriveAcceptsAlreadyAcceptedRowAgain (0.23s)
=== RUN   TestBillDeriveRejectsSupersededVersion
--- PASS: TestBillDeriveRejectsSupersededVersion (0.12s)
=== RUN   TestBillDeriveRejectsSecondAcceptedVersionInChain
--- PASS: TestBillDeriveRejectsSecondAcceptedVersionInChain (0.18s)
=== RUN   TestBillDeriveNeedsLines
--- PASS: TestBillDeriveNeedsLines (0.11s)
=== RUN   TestBillDeriveCASFailureLeavesNoBill
--- PASS: TestBillDeriveCASFailureLeavesNoBill (0.12s)
=== RUN   TestBillDeriveRacesIntoExisting
--- PASS: TestBillDeriveRacesIntoExisting (0.12s)
=== RUN   TestBillDeriveReportsReadBackFailure
--- PASS: TestBillDeriveReportsReadBackFailure (0.13s)
=== RUN   TestBillDeriveQuoteNotFound
--- PASS: TestBillDeriveQuoteNotFound (0.10s)
=== RUN   TestBillDeriveInputCarriesRowKeyAndOptionalTerm
--- PASS: TestBillDeriveInputCarriesRowKeyAndOptionalTerm (0.00s)
=== RUN   TestBillServicePortSurfacesAreNarrow
--- PASS: TestBillServicePortSurfacesAreNarrow (0.00s)
=== RUN   TestBillKeyGeneratorIsDeterministic
--- PASS: TestBillKeyGeneratorIsDeterministic (0.00s)
=== RUN   TestBillServiceAvailabilityAndNilSafety
--- PASS: TestBillServiceAvailabilityAndNilSafety (0.10s)
FAIL
FAIL	hivemtk-user/internal/service	3.010s
FAIL
