=== RUN   TestKBChangeModel_OpValueDomain
--- PASS: TestKBChangeModel_OpValueDomain (0.00s)
=== RUN   TestKBChangeModel_StatusValueDomain
    kb_release_test.go:57: 状态值域里出现了 "rejected"：审批结论不许在变更行上复制一份
    kb_release_test.go:57: 状态值域里出现了 "expired"：审批结论不许在变更行上复制一份
    kb_release_test.go:57: 状态值域里出现了 "approved"：审批结论不许在变更行上复制一份
    kb_release_test.go:57: 状态值域里出现了 "apply_failed"：审批结论不许在变更行上复制一份
    kb_release_test.go:57: 状态值域里出现了 "unknown"：审批结论不许在变更行上复制一份
--- FAIL: TestKBChangeModel_StatusValueDomain (0.00s)
=== RUN   TestKBChangeModel_TransitionTable
--- PASS: TestKBChangeModel_TransitionTable (0.00s)
=== RUN   TestKBChangeModel_TransitionTableCoversStatuses
--- PASS: TestKBChangeModel_TransitionTableCoversStatuses (0.00s)
=== RUN   TestKBChangeModel_TableNames
--- PASS: TestKBChangeModel_TableNames (0.00s)
=== RUN   TestKBChangeModel_AuditActionsAreDistinct
--- PASS: TestKBChangeModel_AuditActionsAreDistinct (0.00s)
FAIL
FAIL	hivemtk-user/internal/model	0.396s
FAIL
