══════ 未接线资产基线（判定 A · 7 组）══════
  [项1] WIRED    接线数=2   冷触达审批门（checker 为 nil 即直接放行）（def 命中 1 处）
  [项1] WIRED    接线数=1   冷触达审批门白名单构造（def 命中 1 处）
  [项1] WIRED    接线数=1   冷触达审批门装配入口（executor 配置真赋值）（def 命中 1 处）
  [项2] WIRED    接线数=1   Saga 补偿管理器注入（def 命中 1 处）
  [项2] WIRED    接线数=1   Saga 补偿装配入口（生产装配点真调用）（def 命中 1 处）
  [项3] WIRED    接线数=1   工具熔断器注册中心（def 命中 1 处）
  [项3] WIRED    接线数=1   工具熔断装配入口（executor 配置真赋值）（def 命中 1 处）
  [项4] WIRED    接线数=1   工具审计 DB 持久化（def 命中 1 处）
  [项4] WIRED    接线数=1   工具审计 内存+DB+告警 组合器（def 命中 1 处）
  [项4] WIRED    接线数=1   工具审计落库装配入口（executor 配置真赋值）（def 命中 1 处）
  [项5] WIRED    接线数=1   Agent 双模式分派（passive/active）（def 命中 1 处）
  [项6] WIRED    接线数=1   挽回队列的定时消费者（def 命中 1 处）
  [项7] WIRED    接线数=1   Agent 断点续跑 存点（def 命中 1 处）
  [项7] WIRED    接线数=1   Agent 断点续跑 取点（def 命中 1 处）
  [项7] WIRED    接线数=1   Agent 断点续跑 续跑阶段（def 命中 1 处）
  [项8] WIRED    接线数=1   订单草稿持久化底座的装配入口（def 命中 1 处）
  [项8] WIRED    接线数=1   订单草稿运行时装配（FF_LTC_ORDER_DRAFT_DB 三态）（def 命中 1 处）
  [项8] WIRED    接线数=1   订单草稿到期/终态清扫的定时调用方（def 命中 1 处）
  [项8] WIRED    接线数=1   AI 响应→建草稿的生产者注入点（def 命中 1 处）
  [项9] UNWIRED  接线数=0   销售事件统计服务的装配入口（写侧 T-P6-03 起有真实生产写入方，读侧仍零接线）（定义在，无人调用）
  [项10] WIRED    接线数=1   KB 答案缓存版本路由（决策函数）（def 命中 1 处）
  [项10] WIRED    接线数=1   KB 版本转正/回滚写入口（def 命中 1 处）
  [项10] WIRED    接线数=1   KB 灰度参数写入口（def 命中 1 处）
  [项10] WIRED    接线数=3   KB 版本现状读出口（def 命中 1 处）
  [项11] UNWIRED  接线数=0   销售工作台草稿读侧的注入点（定义在，无人调用）
  [项11] UNWIRED  接线数=0   售后触发器草稿写侧的注入点（定义在，无人调用）
  [项11] UNWIRED  接线数=0   草稿确认成单所需的订单服务注入点（定义在，无人调用）
  [项12] WIRED    接线数=2   审批检查点服务的装配入口（开关 FF_LTC_APPROVAL_RESUME，默认 off）（def 命中 1 处）
  [项12] WIRED    接线数=1   审批挂起流程的恢复读入口（点火时回读结论）（def 命中 1 处）
  [项12] WIRED    接线数=1   到期 pending 审批的清扫调用方（def 命中 1 处）
  [项13] WIRED    接线数=2   人工待办服务的装配入口（def 命中 1 处）
  [项13] WIRED    接线数=1   转人工→投递会话待办的生产者注入点（def 命中 1 处）
  [项13] WIRED    接线数=1   会话结束时撤销开放待办的钩子调用方（def 命中 1 处）
  [项13] WIRED    接线数=1   统一待办 API 的挂载入口（def 命中 1 处）
  [项13] WIRED    接线数=2   审批→统一待办的出口装配点（def 命中 1 处）
  [项13] WIRED    接线数=1   审批服务的全局登记调用方（def 命中 1 处）
  [项13] WIRED    接线数=1   审批裁决 API 的挂载入口（def 命中 1 处）
  [项14] UNWIRED  接线数=0   LTC 阶段闸门的业务路由挂载点（今日六阶段无一条业务路由）（定义在，无人调用）
  [项14] WIRED    接线数=1   LTC 运营开关管理 API 的挂载入口（def 命中 1 处）
  [项15] WIRED    接线数=3   外发出口处的发送前判据调用（def 命中 1 处）
  [项15] WIRED    接线数=2   挽回队列侧的外发闸门装配点（def 命中 1 处）
  [项15] WIRED    接线数=1   直接 API 侧的外发闸门装配点（def 命中 1 处）
  [项15] WIRED    接线数=1   外发闸门观察端点的挂载入口（def 命中 1 处）
  [项15] WIRED    接线数=1   被拒挽回项不烧尝试次数的分支（def 命中 2 处）
  [项16] WIRED    接线数=3   商机仓储的装配入口（T-P4-04 由 app.InitOpportunityRuntime 接上）（def 命中 1 处）
  [项16] WIRED    接线数=1   商机行的生产写入点（T-P4-05 由转换层接上）（def 命中 1 处）
  [项16] WIRED    接线数=1   商机服务的装配入口（T-P4-04 由 app.InitOpportunityRuntime 接上）（def 命中 1 处）
  [项16] WIRED    接线数=1   商机底座的启动装配点（router.go 里必须有人调用）（def 命中 1 处）
  [项16] WIRED    接线数=1   商机 API 的挂载入口（T-P4-04，摘掉即端点不在路由树上）（def 命中 1 处）
  [项16] WIRED    接线数=1   转换竖的启动登记点（app 装配后全局才有转换器）（def 命中 1 处）
  [项16] WIRED    接线数=1   挖掘侧到转换层的接缝（lead_mining 里那一跳）（def 命中 1 处）
  [项16] WIRED    接线数=1   在册销售名单适配器的装配点（def 命中 1 处）
  [项16] WIRED    接线数=1   clue_id 部分唯一索引的启动调用点（def 命中 1 处）
  [项17] WIRED    接线数=1   漏斗汇总腿的商机取数调用点（摘掉即看板少一格真数据、且无声）（def 命中 1 处）
  [项17] WIRED    接线数=1   漏斗详情腿的商机取数调用点（摘掉即 stage=opportunity 回空名 0 计数、与未知阶段无法区分）（def 命中 1 处）
  [项18] WIRED    接线数=1   SOP 调度器的启动入口（摘掉即 auto/schedule 两类 SOP 一起静默停摆、service 包全绿）（def 命中 1 处）
  [项18] WIRED    接线数=1   圈选器在调度器构造点的注入（摘掉即 audience 型 SOP 永久零开工、只剩一行 Warn）（def 命中 1 处）
  [项18] WIRED    接线数=1   标签条件取数在圈选器里的那一跳（换成就地拼 SQL 即让新仓储读法变成零消费方资产、用例全绿）（def 命中 1 处）
  [项19] WIRED    接线数=1   双模式运行时的启动装配点（摘掉即线上每次运行稳定回 503、app 用例全绿）（def 命中 1 处）
  [项19] WIRED    接线数=1   双模式运行入口的路由登记点（摘掉即重新回到「有实现、零调用方」）（def 命中 1 处）
  [项19] UNWIRED  接线数=0   模式判读 helper ModeOf 的包外调用方（运行期分派走 app 侧 Resolver）（定义在，无人调用）
  [项19] UNWIRED  接线数=0   主动模式判定 IsActive 的包外调用方（唯一消费是同文件里它调 ModeOf）（定义在，无人调用）
  [项19] UNWIRED  接线数=0   SalesRequest.AutoExecute 的读取方（写入 5 处、读取 0 处，开关其实在编排器里）（定义在，无人调用）
  [项19] UNWIRED  接线数=0   决策策略 ID 列表的读取方（Active 因此只能取第一个可解析 SOP）（定义在，无人调用）
  [项20] WIRED    接线数=1   SOP 节点执行器的注册链入口（摘掉即未登记类型静默按"完成"处置、包内用例全绿）（def 命中 1 处）
  [项20] WIRED    接线数=1   SOP 外发出口的装配点（摘掉即图上每一步都能走完、只有最后发送永久失败）（def 命中 1 处）
  [项20] WIRED    接线数=1   退订检查在生产构造点上的装配（setter 侧零生产调用方，摘掉这行退订用例仍全绿）（def 命中 1 处）
  [项20] UNWIRED  接线数=0   节点 Tools 字段的执行器读取方（写入靠深拷贝原样抄、读取 0 处，外发因此走独立节点类型）（定义在，无人调用）
  [项21] WIRED    接线数=2   报价仓储的装配入口（T-P6-03 起 app/quote_wiring.go 有真实构造点；接线数回到 0 = 报价两条腿都没人装）（def 命中 1 处）
  [项21] WIRED    接线数=2   报价行的生产写入点（T-P6-02 起 service 侧有真实写入方：Generate 与 Revise 各构造一版；接线数回到 0 = 报价生成整条腿没了）（def 命中 1 处）
  [项21] WIRED    接线数=1   报价两条腿在启动路径上的装配点（摘掉 router 那一行，端点全退 503 而 Go 用例全绿）（def 命中 1 处）
  [项21] WIRED    接线数=1   报价 HTTP 出口的挂载点（装配了却没挂载 = 库里有报价、前端 404，与 21c 是两种坏法）（def 命中 1 处）
  [项23] WIRED    接线数=3   账单仓储的装配入口（摘掉 app/bill_wiring.go 那一行，派生腿恒缺件、Go 用例全绿）（def 命中 1 处）
  [项23] WIRED    接线数=1   账单行的生产写入点（接线数回到 0 = 全系统再没有任何一处能开出一张应收）（def 命中 1 处）
  [项23] 回退（登记为已接线却无调用点）  接线数=0   账单派生腿在启动路径上的装配点（摘掉 router 那一行，/api/bill 永久 503 且报价 accepted 在全系统没有写入口）
  [项23] WIRED    接线数=1   账单 HTTP 出口的挂载点（装配了却没挂载 = 库里有账单、前端 404，与 23c 是两种坏法）（def 命中 1 处）
  [项23] WIRED    接线数=1   账单状态跃迁口的生产调用方（T-P7-02 起 payment.go 的 applySettlement 在求和之后调它；拆掉那一句 = 账单永远停在 open）（def 命中 1 处）
  [项24] WIRED    接线数=1   回款仓储的装配入口（摘掉 app/payment_wiring.go 里那一行，回款服务恒 Available 为假）（def 命中 1 处）
  [项24] WIRED    接线数=1   回款行的生产写入点（接线数回到 0 = 全系统再没有任何一处能把一笔钱记进账）（def 命中 1 处）
  [项24] WIRED    接线数=1   回款腿与对账读腿在启动路径上的装配点（摘掉 router 那一行：入账回 503、/api/bill 两条 GET 恒 503）（def 命中 1 处）
  [项24] WIRED    接线数=1   回款腿交给集成服务的那一次交接（构造函数里那一行 GlobalPaymentService 读取，setter 只有测试在用）（def 命中 1 处）
  [项25] WIRED    接线数=1   催收任务的装配入口（摘掉 app/collection_wiring.go 那一行，五把依赖永远凑不齐、任务永不构造）（def 命中 1 处）
  [项25] WIRED    接线数=1   催收腿在启动路径上的装配点（摘掉 main.go 那一行：逾期单既不提醒也不升级，而用例全绿）（def 命中 1 处）
  [项25] WIRED    接线数=1   催收观测端点的挂载入口（摘掉这一行 = 六种"没动"再没有一处能读出是哪一种）（def 命中 1 处）
  [项25] WIRED    接线数=1   催收这条外发路径的审批闸门装配点（15b 的对偶：摘掉它只有挽回那条受约束）（def 命中 1 处）
----------------------------------------------------------------------
❌ 已登记的接线被拆掉（exit 1）： 项23:账单派生腿在启动路径上的装配点（摘掉 router 那一行，/api/bill 永久 503 且报价 accepted 在全系统没有写入口）
   → 恢复装配/调用点；确要下线，须同步回灌判定 A 与本基线的 expect 列，不许静默退化
