=== RUN   TestBillChasedStatusesCoverUnsettledOnly
--- PASS: TestBillChasedStatusesCoverUnsettledOnly (0.00s)
=== RUN   TestBillChasedStatusesAreInBillDomain
--- PASS: TestBillChasedStatusesAreInBillDomain (0.00s)
=== RUN   TestBillChasedStatusesAreNotMutatedInThisPackage
--- PASS: TestBillChasedStatusesAreNotMutatedInThisPackage (0.00s)
=== RUN   TestBillChasedStatusKnownRejectsUnknown
--- PASS: TestBillChasedStatusKnownRejectsUnknown (0.00s)
=== RUN   TestBillStatusVocabulary
    bill_test.go:50: 未知状态 "" 被认成合法：值域校验失守
    bill_test.go:50: 未知状态 " open" 被认成合法：值域校验失守
    bill_test.go:50: 未知状态 "OPEN" 被认成合法：值域校验失守
    bill_test.go:50: 未知状态 "Overdue" 被认成合法：值域校验失守
    bill_test.go:50: 未知状态 "overdue" 被认成合法：值域校验失守
    bill_test.go:50: 未知状态 "unpaid" 被认成合法：值域校验失守
    bill_test.go:50: 未知状态 "pending" 被认成合法：值域校验失守
    bill_test.go:50: 未知状态 "draft" 被认成合法：值域校验失守
    bill_test.go:50: 未知状态 "sent" 被认成合法：值域校验失守
    bill_test.go:50: 未知状态 "accepted" 被认成合法：值域校验失守
    bill_test.go:50: 未知状态 "rejected" 被认成合法：值域校验失守
    bill_test.go:50: 未知状态 "expired" 被认成合法：值域校验失守
    bill_test.go:50: 未知状态 "won" 被认成合法：值域校验失守
    bill_test.go:50: 未知状态 "lost" 被认成合法：值域校验失守
    bill_test.go:50: 未知状态 "paid_partial" 被认成合法：值域校验失守
--- FAIL: TestBillStatusVocabulary (0.00s)
=== RUN   TestBillSchemaShape
--- PASS: TestBillSchemaShape (0.00s)
=== RUN   TestBillKeyedToExactlyOneQuoteVersion
--- PASS: TestBillKeyedToExactlyOneQuoteVersion (0.00s)
=== RUN   TestBillCarriesNoPaymentTotals
--- PASS: TestBillCarriesNoPaymentTotals (0.00s)
=== RUN   TestBillCarriesNoApprovalState
--- PASS: TestBillCarriesNoApprovalState (0.00s)
=== RUN   TestBillHasNoTenantColumn
--- PASS: TestBillHasNoTenantColumn (0.00s)
=== RUN   TestBillKeyColumnWidths
--- PASS: TestBillKeyColumnWidths (0.00s)
=== RUN   TestBillJSONNamesMatchColumns
--- PASS: TestBillJSONNamesMatchColumns (0.00s)
=== RUN   TestBillStatusTransitionsAreDeclared
--- PASS: TestBillStatusTransitionsAreDeclared (0.00s)
FAIL
FAIL	hivemtk-user/internal/model	0.337s
FAIL
