2026-09-23T16:53:09+08:00 WRN [SECURITY][WARN] USER_JWT_SECRET/JWT_SECRET 未配置，go test 进程使用固定测试密钥（仅用于单元测试） component=user-server
=== RUN   TestBillRepository_ScanOverdueSelectsByCutoffAndStatus
--- PASS: TestBillRepository_ScanOverdueSelectsByCutoffAndStatus (0.18s)
=== RUN   TestBillRepository_ScanOverdueOrdersOldestFirst
--- PASS: TestBillRepository_ScanOverdueOrdersOldestFirst (0.06s)
=== RUN   TestBillRepository_ScanOverdueRejectsNonPositiveLimit
--- PASS: TestBillRepository_ScanOverdueRejectsNonPositiveLimit (0.04s)
=== RUN   TestBillRepository_ScanOverdueFailureIsNotEmptyResult
--- FAIL: TestBillRepository_ScanOverdueFailureIsNotEmptyResult (0.03s)
panic: runtime error: invalid memory address or nil pointer dereference [recovered, repanicked]
[signal SIGSEGV: segmentation violation code=0x2 addr=0x0 pc=0x100f302f8]

goroutine 29 [running]:
testing.tRunner.func1.2({0x101b09940, 0x101cf5f40})
	/Users/xiaofang/go/pkg/mod/golang.org/toolchain@v0.0.1-go1.26.6.darwin-arm64/src/testing/testing.go:1974 +0x1a0
testing.tRunner.func1()
	/Users/xiaofang/go/pkg/mod/golang.org/toolchain@v0.0.1-go1.26.6.darwin-arm64/src/testing/testing.go:1977 +0x318
panic({0x101b09940?, 0x101cf5f40?})
	/Users/xiaofang/go/pkg/mod/golang.org/toolchain@v0.0.1-go1.26.6.darwin-arm64/src/runtime/panic.go:860 +0x12c
gorm.io/gorm.(*DB).Session(0x0, 0x397be5af5e58)
	/Users/xiaofang/go/pkg/mod/gorm.io/gorm@v1.30.0/gorm.go:243 +0x38
gorm.io/gorm.(*DB).WithContext(...)
	/Users/xiaofang/go/pkg/mod/gorm.io/gorm@v1.30.0/gorm.go:344
hivemtk-user/internal/repository.(*billRepo).ScanOverdue(0x397be5af5f18, {0x101c4c248, 0x101d42ee0}, {0xc2a502bd5a99fb78, 0x12f0e5b7, 0x101d1a3e0}, 0xa)
	/private/tmp/r45_p701_full5/clone/user-server/internal/repository/bill.go:279 +0xcc
hivemtk-user/internal/repository.TestBillRepository_ScanOverdueFailureIsNotEmptyResult(0x397be5abcd88)
	/private/tmp/r45_p701_full5/clone/user-server/internal/repository/bill_overdue_scan_test.go:194 +0x150
testing.tRunner(0x397be5abcd88, 0x101c37010)
	/Users/xiaofang/go/pkg/mod/golang.org/toolchain@v0.0.1-go1.26.6.darwin-arm64/src/testing/testing.go:2036 +0xc4
created by testing.(*T).Run in goroutine 1
	/Users/xiaofang/go/pkg/mod/golang.org/toolchain@v0.0.1-go1.26.6.darwin-arm64/src/testing/testing.go:2101 +0x3a8
FAIL	hivemtk-user/internal/repository	0.839s
FAIL
