2026-09-23T16:59:22+08:00 WRN [SECURITY][WARN] USER_JWT_SECRET/JWT_SECRET 未配置，go test 进程使用固定测试密钥（仅用于单元测试） component=user-server
=== RUN   TestBillDeriveFromSentQuoteWritesOneRow
--- PASS: TestBillDeriveFromSentQuoteWritesOneRow (0.48s)
=== RUN   TestBillAmountEqualsHandComputedTotal
--- PASS: TestBillAmountEqualsHandComputedTotal (0.20s)
=== RUN   TestBillDeriveIsIdempotentAcrossCalls
--- PASS: TestBillDeriveIsIdempotentAcrossCalls (0.15s)
=== RUN   TestBillDeriveCurrencyFollowsQuote
--- PASS: TestBillDeriveCurrencyFollowsQuote (0.31s)
=== RUN   TestBillDeriveLeavesDueAtNull
--- PASS: TestBillDeriveLeavesDueAtNull (0.11s)
=== RUN   TestBillDeriveRequiresSentVersion
--- PASS: TestBillDeriveRequiresSentVersion (0.12s)
=== RUN   TestBillDeriveAcceptsAlreadyAcceptedRowAgain
--- PASS: TestBillDeriveAcceptsAlreadyAcceptedRowAgain (0.12s)
=== RUN   TestBillDeriveRejectsSupersededVersion
--- PASS: TestBillDeriveRejectsSupersededVersion (0.13s)
=== RUN   TestBillDeriveRejectsSecondAcceptedVersionInChain
--- PASS: TestBillDeriveRejectsSecondAcceptedVersionInChain (0.20s)
=== RUN   TestBillDeriveNeedsLines
--- PASS: TestBillDeriveNeedsLines (0.12s)
=== RUN   TestBillDeriveCASFailureLeavesNoBill
--- PASS: TestBillDeriveCASFailureLeavesNoBill (0.11s)
=== RUN   TestBillDeriveRacesIntoExisting
--- PASS: TestBillDeriveRacesIntoExisting (0.12s)
=== RUN   TestBillDeriveReportsReadBackFailure
--- PASS: TestBillDeriveReportsReadBackFailure (0.12s)
=== RUN   TestBillDeriveQuoteNotFound
--- PASS: TestBillDeriveQuoteNotFound (0.11s)
=== RUN   TestBillDeriveInputHasOnlyTheRowKey
--- PASS: TestBillDeriveInputHasOnlyTheRowKey (0.00s)
=== RUN   TestBillServicePortSurfacesAreNarrow
--- PASS: TestBillServicePortSurfacesAreNarrow (0.00s)
=== RUN   TestBillKeyGeneratorIsDeterministic
--- PASS: TestBillKeyGeneratorIsDeterministic (0.00s)
=== RUN   TestBillServiceAvailabilityAndNilSafety
--- FAIL: TestBillServiceAvailabilityAndNilSafety (0.10s)
panic: runtime error: invalid memory address or nil pointer dereference [recovered, repanicked]
[signal SIGSEGV: segmentation violation code=0x2 addr=0x18 pc=0x102e5e644]

goroutine 201 [running]:
testing.tRunner.func1.2({0x10454f5e0, 0x1049065f0})
	/Users/xiaofang/go/pkg/mod/golang.org/toolchain@v0.0.1-go1.26.6.darwin-arm64/src/testing/testing.go:1974 +0x1a0
testing.tRunner.func1()
	/Users/xiaofang/go/pkg/mod/golang.org/toolchain@v0.0.1-go1.26.6.darwin-arm64/src/testing/testing.go:1977 +0x318
panic({0x10454f5e0?, 0x1049065f0?})
	/Users/xiaofang/go/pkg/mod/golang.org/toolchain@v0.0.1-go1.26.6.darwin-arm64/src/runtime/panic.go:860 +0x12c
hivemtk-user/internal/service.(*BillService).DeriveFromQuote(0x20239713bec0, {0x1047ee708, 0x104986060}, {{0x1033ab3eb?, 0xf?}})
	/private/tmp/r45_p701_full5/clone/user-server/internal/service/bill.go:188 +0xe4
hivemtk-user/internal/service.TestBillServiceAvailabilityAndNilSafety(0x2023975c5208)
	/private/tmp/r45_p701_full5/clone/user-server/internal/service/bill_test.go:740 +0x198
testing.tRunner(0x2023975c5208, 0x1047bbfd0)
	/Users/xiaofang/go/pkg/mod/golang.org/toolchain@v0.0.1-go1.26.6.darwin-arm64/src/testing/testing.go:2036 +0xc4
created by testing.(*T).Run in goroutine 1
	/Users/xiaofang/go/pkg/mod/golang.org/toolchain@v0.0.1-go1.26.6.darwin-arm64/src/testing/testing.go:2101 +0x3a8
FAIL	hivemtk-user/internal/service	3.153s
FAIL
