2026-09-25T12:41:51+08:00 WRN [SECURITY][WARN] USER_JWT_SECRET/JWT_SECRET 未配置，go test 进程使用固定测试密钥（仅用于单元测试） component=user-server
=== RUN   TestBadCaseMarkBadCase_NilMarkerIsNoop
--- PASS: TestBadCaseMarkBadCase_NilMarkerIsNoop (0.00s)
=== RUN   TestBadCaseMarkBadCase_Gates
=== RUN   TestBadCaseMarkBadCase_Gates/低于阈值_→_留痕
2026-09-25T12:41:51+08:00 WRN [bad-case] 留痕 panic 已 recover，不影响会话主链路: no-recover\ngoroutine 39 [running]:\nruntime/debug.Stack()\n	/Users/xiaofang/go/pkg/mod/golang.org/toolchain@v0.0.1-go1.26.6.darwin-arm64/src/runtime/debug/stack.go:26 +0x64\nhivemtk-user/internal/service.(*SmartCSOrchestrator).markBadCase.func1.1()\n	/private/var/folders/xw/pd_rr_z54w38gq41yfm8h7sm0000gn/T/p803mut-y0zvvm6p/clone/user-server/internal/service/smart_cs_orchestrator.go:862 +0x1c\nhivemtk-user/internal/service.(*SmartCSOrchestrator).markBadCase.func1({{0x101ce0966, 0x9}, {0x101cdcd02, 0x8}, {0x0, 0x0}, {0x0, 0x0}, {0x101cd469b, 0x6}, ...})\n	/private/var/folders/xw/pd_rr_z54w38gq41yfm8h7sm0000gn/T/p803mut-y0zvvm6p/clone/user-server/internal/service/smart_cs_orchestrator.go:868 +0xe8\ncreated by hivemtk-user/internal/service.(*SmartCSOrchestrator).markBadCase in goroutine 38\n	/private/var/folders/xw/pd_rr_z54w38gq41yfm8h7sm0000gn/T/p803mut-y0zvvm6p/clone/user-server/internal/service/smart_cs_orchestrator.go:859 +0x25c\n component=user-server
=== RUN   TestBadCaseMarkBadCase_Gates/高于阈值且有命中_→_不留痕
=== RUN   TestBadCaseMarkBadCase_Gates/正好等于阈值_→_不留痕（判据是_<）
=== RUN   TestBadCaseMarkBadCase_Gates/零命中但高置信_→_留痕
2026-09-25T12:41:51+08:00 WRN [bad-case] 留痕 panic 已 recover，不影响会话主链路: no-recover\ngoroutine 54 [running]:\nruntime/debug.Stack()\n	/Users/xiaofang/go/pkg/mod/golang.org/toolchain@v0.0.1-go1.26.6.darwin-arm64/src/runtime/debug/stack.go:26 +0x64\nhivemtk-user/internal/service.(*SmartCSOrchestrator).markBadCase.func1.1()\n	/private/var/folders/xw/pd_rr_z54w38gq41yfm8h7sm0000gn/T/p803mut-y0zvvm6p/clone/user-server/internal/service/smart_cs_orchestrator.go:862 +0x1c\nhivemtk-user/internal/service.(*SmartCSOrchestrator).markBadCase.func1({{0x101ce0966, 0x9}, {0x101cdcd02, 0x8}, {0x0, 0x0}, {0x0, 0x0}, {0x101cd469b, 0x6}, ...})\n	/private/var/folders/xw/pd_rr_z54w38gq41yfm8h7sm0000gn/T/p803mut-y0zvvm6p/clone/user-server/internal/service/smart_cs_orchestrator.go:868 +0xe8\ncreated by hivemtk-user/internal/service.(*SmartCSOrchestrator).markBadCase in goroutine 53\n	/private/var/folders/xw/pd_rr_z54w38gq41yfm8h7sm0000gn/T/p803mut-y0zvvm6p/clone/user-server/internal/service/smart_cs_orchestrator.go:859 +0x25c\n component=user-server
=== RUN   TestBadCaseMarkBadCase_Gates/空回答_→_不留痕（评测集里是一条无法判定的样本）
=== RUN   TestBadCaseMarkBadCase_Gates/nil_resp_→_不留痕
=== RUN   TestBadCaseMarkBadCase_Gates/nil_in_→_不留痕
--- PASS: TestBadCaseMarkBadCase_Gates (1.06s)
    --- PASS: TestBadCaseMarkBadCase_Gates/低于阈值_→_留痕 (0.15s)
    --- PASS: TestBadCaseMarkBadCase_Gates/高于阈值且有命中_→_不留痕 (0.15s)
    --- PASS: TestBadCaseMarkBadCase_Gates/正好等于阈值_→_不留痕（判据是_<） (0.15s)
    --- PASS: TestBadCaseMarkBadCase_Gates/零命中但高置信_→_留痕 (0.15s)
    --- PASS: TestBadCaseMarkBadCase_Gates/空回答_→_不留痕（评测集里是一条无法判定的样本） (0.15s)
    --- PASS: TestBadCaseMarkBadCase_Gates/nil_resp_→_不留痕 (0.15s)
    --- PASS: TestBadCaseMarkBadCase_Gates/nil_in_→_不留痕 (0.15s)
=== RUN   TestBadCaseMarkBadCase_CarriesTheFacts
2026-09-25T12:41:52+08:00 WRN [bad-case] 留痕 panic 已 recover，不影响会话主链路: no-recover\ngoroutine 59 [running]:\nruntime/debug.Stack()\n	/Users/xiaofang/go/pkg/mod/golang.org/toolchain@v0.0.1-go1.26.6.darwin-arm64/src/runtime/debug/stack.go:26 +0x64\nhivemtk-user/internal/service.(*SmartCSOrchestrator).markBadCase.func1.1()\n	/private/var/folders/xw/pd_rr_z54w38gq41yfm8h7sm0000gn/T/p803mut-y0zvvm6p/clone/user-server/internal/service/smart_cs_orchestrator.go:862 +0x1c\nhivemtk-user/internal/service.(*SmartCSOrchestrator).markBadCase.func1({{0x101ce51de, 0xa}, {0x101ce0978, 0x9}, {0x101ce096f, 0x9}, {0x101cf24bb, 0xd}, {0x101cfac0e, 0xf}, ...})\n	/private/var/folders/xw/pd_rr_z54w38gq41yfm8h7sm0000gn/T/p803mut-y0zvvm6p/clone/user-server/internal/service/smart_cs_orchestrator.go:868 +0xe8\ncreated by hivemtk-user/internal/service.(*SmartCSOrchestrator).markBadCase in goroutine 58\n	/private/var/folders/xw/pd_rr_z54w38gq41yfm8h7sm0000gn/T/p803mut-y0zvvm6p/clone/user-server/internal/service/smart_cs_orchestrator.go:859 +0x25c\n component=user-server
--- PASS: TestBadCaseMarkBadCase_CarriesTheFacts (0.15s)
=== RUN   TestBadCaseMarkBadCase_NoDecisionNoFabricatedSignal
2026-09-25T12:41:52+08:00 WRN [bad-case] 留痕 panic 已 recover，不影响会话主链路: no-recover\ngoroutine 41 [running]:\nruntime/debug.Stack()\n	/Users/xiaofang/go/pkg/mod/golang.org/toolchain@v0.0.1-go1.26.6.darwin-arm64/src/runtime/debug/stack.go:26 +0x64\nhivemtk-user/internal/service.(*SmartCSOrchestrator).markBadCase.func1.1()\n	/private/var/folders/xw/pd_rr_z54w38gq41yfm8h7sm0000gn/T/p803mut-y0zvvm6p/clone/user-server/internal/service/smart_cs_orchestrator.go:862 +0x1c\nhivemtk-user/internal/service.(*SmartCSOrchestrator).markBadCase.func1({{0x101ce51e8, 0xa}, {0x101ce0981, 0x9}, {0x0, 0x0}, {0x0, 0x0}, {0x101ccb0a7, 0x3}, ...})\n	/private/var/folders/xw/pd_rr_z54w38gq41yfm8h7sm0000gn/T/p803mut-y0zvvm6p/clone/user-server/internal/service/smart_cs_orchestrator.go:868 +0xe8\ncreated by hivemtk-user/internal/service.(*SmartCSOrchestrator).markBadCase in goroutine 40\n	/private/var/folders/xw/pd_rr_z54w38gq41yfm8h7sm0000gn/T/p803mut-y0zvvm6p/clone/user-server/internal/service/smart_cs_orchestrator.go:859 +0x25c\n component=user-server
--- PASS: TestBadCaseMarkBadCase_NoDecisionNoFabricatedSignal (0.15s)
=== RUN   TestBadCaseMarkBadCase_EmptyVetoLeavesNoTrailingFragment
2026-09-25T12:41:52+08:00 WRN [bad-case] 留痕 panic 已 recover，不影响会话主链路: no-recover\ngoroutine 43 [running]:\nruntime/debug.Stack()\n	/Users/xiaofang/go/pkg/mod/golang.org/toolchain@v0.0.1-go1.26.6.darwin-arm64/src/runtime/debug/stack.go:26 +0x64\nhivemtk-user/internal/service.(*SmartCSOrchestrator).markBadCase.func1.1()\n	/private/var/folders/xw/pd_rr_z54w38gq41yfm8h7sm0000gn/T/p803mut-y0zvvm6p/clone/user-server/internal/service/smart_cs_orchestrator.go:862 +0x1c\nhivemtk-user/internal/service.(*SmartCSOrchestrator).markBadCase.func1({{0x101ce9acf, 0xb}, {0x101ce51f2, 0xa}, {0x101cca776, 0x2}, {0x0, 0x0}, {0x101ccb0a7, 0x3}, ...})\n	/private/var/folders/xw/pd_rr_z54w38gq41yfm8h7sm0000gn/T/p803mut-y0zvvm6p/clone/user-server/internal/service/smart_cs_orchestrator.go:868 +0xe8\ncreated by hivemtk-user/internal/service.(*SmartCSOrchestrator).markBadCase in goroutine 42\n	/private/var/folders/xw/pd_rr_z54w38gq41yfm8h7sm0000gn/T/p803mut-y0zvvm6p/clone/user-server/internal/service/smart_cs_orchestrator.go:859 +0x25c\n component=user-server
--- PASS: TestBadCaseMarkBadCase_EmptyVetoLeavesNoTrailingFragment (0.15s)
=== RUN   TestBadCaseMarkBadCase_UsesEffectiveConfidence
--- PASS: TestBadCaseMarkBadCase_UsesEffectiveConfidence (0.15s)
=== RUN   TestBadCaseMarkBadCase_UsesFreshContextNotRequestContext
--- PASS: TestBadCaseMarkBadCase_UsesFreshContextNotRequestContext (0.00s)
=== RUN   TestBadCaseMarkBadCase_MarkerPanicIsRecovered
2026-09-25T12:41:53+08:00 WRN [bad-case] 留痕 panic 已 recover，不影响会话主链路: no-recover\ngoroutine 45 [running]:\nruntime/debug.Stack()\n	/Users/xiaofang/go/pkg/mod/golang.org/toolchain@v0.0.1-go1.26.6.darwin-arm64/src/runtime/debug/stack.go:26 +0x64\nhivemtk-user/internal/service.(*SmartCSOrchestrator).markBadCase.func1.1()\n	/private/var/folders/xw/pd_rr_z54w38gq41yfm8h7sm0000gn/T/p803mut-y0zvvm6p/clone/user-server/internal/service/smart_cs_orchestrator.go:862 +0x1c\nhivemtk-user/internal/service.(*SmartCSOrchestrator).markBadCase.func1({{0x101cdcd12, 0x8}, {0x101cd9953, 0x7}, {0x0, 0x0}, {0x0, 0x0}, {0x0, 0x0}, ...})\n	/private/var/folders/xw/pd_rr_z54w38gq41yfm8h7sm0000gn/T/p803mut-y0zvvm6p/clone/user-server/internal/service/smart_cs_orchestrator.go:868 +0xe8\ncreated by hivemtk-user/internal/service.(*SmartCSOrchestrator).markBadCase in goroutine 44\n	/private/var/folders/xw/pd_rr_z54w38gq41yfm8h7sm0000gn/T/p803mut-y0zvvm6p/clone/user-server/internal/service/smart_cs_orchestrator.go:859 +0x25c\n component=user-server
2026-09-25T12:41:53+08:00 WRN [bad-case] 留痕 panic 已 recover，不影响会话主链路: no-recover\ngoroutine 61 [running]:\nruntime/debug.Stack()\n	/Users/xiaofang/go/pkg/mod/golang.org/toolchain@v0.0.1-go1.26.6.darwin-arm64/src/runtime/debug/stack.go:26 +0x64\nhivemtk-user/internal/service.(*SmartCSOrchestrator).markBadCase.func1.1()\n	/private/var/folders/xw/pd_rr_z54w38gq41yfm8h7sm0000gn/T/p803mut-y0zvvm6p/clone/user-server/internal/service/smart_cs_orchestrator.go:862 +0x1c\nhivemtk-user/internal/service.(*SmartCSOrchestrator).markBadCase.func1({{0x101ce9ada, 0xb}, {0x101ce5206, 0xa}, {0x0, 0x0}, {0x0, 0x0}, {0x0, 0x0}, ...})\n	/private/var/folders/xw/pd_rr_z54w38gq41yfm8h7sm0000gn/T/p803mut-y0zvvm6p/clone/user-server/internal/service/smart_cs_orchestrator.go:868 +0xe8\ncreated by hivemtk-user/internal/service.(*SmartCSOrchestrator).markBadCase in goroutine 65\n	/private/var/folders/xw/pd_rr_z54w38gq41yfm8h7sm0000gn/T/p803mut-y0zvvm6p/clone/user-server/internal/service/smart_cs_orchestrator.go:859 +0x25c\n component=user-server
2026-09-25T12:41:53+08:00 WRN [bad-case] 留痕 panic 已 recover，不影响会话主链路: no-recover\ngoroutine 66 [running]:\nruntime/debug.Stack()\n	/Users/xiaofang/go/pkg/mod/golang.org/toolchain@v0.0.1-go1.26.6.darwin-arm64/src/runtime/debug/stack.go:26 +0x64\nhivemtk-user/internal/service.(*SmartCSOrchestrator).markBadCase.func1.1()\n	/private/var/folders/xw/pd_rr_z54w38gq41yfm8h7sm0000gn/T/p803mut-y0zvvm6p/clone/user-server/internal/service/smart_cs_orchestrator.go:862 +0x1c\npanic({0x102de6360?, 0x10310de20?})\n	/Users/xiaofang/go/pkg/mod/golang.org/toolchain@v0.0.1-go1.26.6.darwin-arm64/src/runtime/panic.go:860 +0x12c\nhivemtk-user/internal/service.TestBadCaseMarkBadCase_MarkerPanicIsRecovered.func1({0x1f8df590bec8?, 0x2?}, {{0x101ce51fc, 0xa}, {0x101ce0993, 0x9}, {0x0, 0x0}, {0x0, 0x0}, ...})\n	/private/var/folders/xw/pd_rr_z54w38gq41yfm8h7sm0000gn/T/p803mut-y0zvvm6p/clone/user-server/internal/service/bad_case_marker_test.go:267 +0x34\nhivemtk-user/internal/service.(*SmartCSOrchestrator).markBadCase.func1({{0x101ce51fc, 0xa}, {0x101ce0993, 0x9}, {0x0, 0x0}, {0x0, 0x0}, {0x0, 0x0}, ...})\n	/private/var/folders/xw/pd_rr_z54w38gq41yfm8h7sm0000gn/T/p803mut-y0zvvm6p/clone/user-server/internal/service/smart_cs_orchestrator.go:867 +0xcc\ncreated by hivemtk-user/internal/service.(*SmartCSOrchestrator).markBadCase in goroutine 65\n	/private/var/folders/xw/pd_rr_z54w38gq41yfm8h7sm0000gn/T/p803mut-y0zvvm6p/clone/user-server/internal/service/smart_cs_orchestrator.go:859 +0x25c\n component=user-server
panic: 留痕里炸了

goroutine 66 [running]:
hivemtk-user/internal/service.TestBadCaseMarkBadCase_MarkerPanicIsRecovered.func1({0x1f8df590bec8?, 0x2?}, {{0x101ce51fc, 0xa}, {0x101ce0993, 0x9}, {0x0, 0x0}, {0x0, 0x0}, ...})
	/private/var/folders/xw/pd_rr_z54w38gq41yfm8h7sm0000gn/T/p803mut-y0zvvm6p/clone/user-server/internal/service/bad_case_marker_test.go:267 +0x34
hivemtk-user/internal/service.(*SmartCSOrchestrator).markBadCase.func1({{0x101ce51fc, 0xa}, {0x101ce0993, 0x9}, {0x0, 0x0}, {0x0, 0x0}, {0x0, 0x0}, ...})
	/private/var/folders/xw/pd_rr_z54w38gq41yfm8h7sm0000gn/T/p803mut-y0zvvm6p/clone/user-server/internal/service/smart_cs_orchestrator.go:867 +0xcc
created by hivemtk-user/internal/service.(*SmartCSOrchestrator).markBadCase in goroutine 65
	/private/var/folders/xw/pd_rr_z54w38gq41yfm8h7sm0000gn/T/p803mut-y0zvvm6p/clone/user-server/internal/service/smart_cs_orchestrator.go:859 +0x25c
FAIL	hivemtk-user/internal/service	2.370s
FAIL
