2026-09-25T12:38:48+08:00 WRN [SECURITY][WARN] USER_JWT_SECRET/JWT_SECRET 未配置，go test 进程使用固定测试密钥（仅用于单元测试） component=user-server
=== RUN   TestBadCaseRepo_NilHandle
--- PASS: TestBadCaseRepo_NilHandle (0.00s)
=== RUN   TestBadCaseRepo_InsertAndReadBack
--- PASS: TestBadCaseRepo_InsertAndReadBack (0.18s)
=== RUN   TestBadCaseRepo_DedupIsReal
--- PASS: TestBadCaseRepo_DedupIsReal (0.05s)
=== RUN   TestBadCaseRepo_ConflictIdentityIsExact
--- PASS: TestBadCaseRepo_ConflictIdentityIsExact (0.05s)
=== RUN   TestBadCaseRepo_ApplyActionWriteWhitelist
--- PASS: TestBadCaseRepo_ApplyActionWriteWhitelist (0.06s)
=== RUN   TestBadCaseRepo_ApplyActionExpectsStatus
=== RUN   TestBadCaseRepo_ApplyActionExpectsStatus/pending_上按_pending_→_生效
=== RUN   TestBadCaseRepo_ApplyActionExpectsStatus/已判完的行按_pending_→_不生效
=== RUN   TestBadCaseRepo_ApplyActionExpectsStatus/已导出的行按_labeled_→_不生效
=== RUN   TestBadCaseRepo_ApplyActionExpectsStatus/已放弃的行按_pending_→_不生效
--- PASS: TestBadCaseRepo_ApplyActionExpectsStatus (0.08s)
    --- PASS: TestBadCaseRepo_ApplyActionExpectsStatus/pending_上按_pending_→_生效 (0.01s)
    --- PASS: TestBadCaseRepo_ApplyActionExpectsStatus/已判完的行按_pending_→_不生效 (0.01s)
    --- PASS: TestBadCaseRepo_ApplyActionExpectsStatus/已导出的行按_labeled_→_不生效 (0.01s)
    --- PASS: TestBadCaseRepo_ApplyActionExpectsStatus/已放弃的行按_pending_→_不生效 (0.01s)
=== RUN   TestBadCaseRepo_ApplyActionFnErrorRollsBack
--- PASS: TestBadCaseRepo_ApplyActionFnErrorRollsBack (0.06s)
=== RUN   TestBadCaseRepo_ApplyActionHoldsRowLockWhileFnRuns
--- PASS: TestBadCaseRepo_ApplyActionHoldsRowLockWhileFnRuns (0.37s)
=== RUN   TestBadCaseRepo_ListFilters
--- PASS: TestBadCaseRepo_ListFilters (0.14s)
=== RUN   TestBadCaseRepo_ClampsAreExact
--- PASS: TestBadCaseRepo_ClampsAreExact (0.21s)
=== RUN   TestBadCaseRepo_CountByStatusKeysAreAlwaysPresent
--- PASS: TestBadCaseRepo_CountByStatusKeysAreAlwaysPresent (0.04s)
=== RUN   TestBadCaseRepo_CountByFixLayer
    bad_case_test.go:837: 脏 label 没进 unknown：map[generation:1 intent:0 knowledge:2 retrieval:1]
--- FAIL: TestBadCaseRepo_CountByFixLayer (0.06s)
=== RUN   TestBadCaseRepo_ClaimForExport
--- PASS: TestBadCaseRepo_ClaimForExport (0.07s)
=== RUN   TestBadCaseRepo_ClaimForExportIsDisjointUnderConcurrency
--- PASS: TestBadCaseRepo_ClaimForExportIsDisjointUnderConcurrency (0.07s)
FAIL
FAIL	hivemtk-user/internal/repository	2.001s
FAIL
