私有作业目录：/var/folders/xw/pd_rr_z54w38gq41yfm8h7sm0000gn/T/p902mut-_3e7t63m
逐格日志目录：/Users/xiaofang/Documents/www/go/hivemtk/hivemtk/docs/superpowers/specs/ledger/logs/P902/20260928-162344
取证基线：HEAD=d738f738 工作树=/Users/xiaofang/Documents/www/go/hivemtk/hivemtk 16:23  up 5 days,  6:11, 2 users, load averages: 25.83 38.43 36.87 日志 tag=20260928-162344
覆盖 78 个脏文件、同步 0 个删除进克隆
测试库：127.0.0.1:8232 可达（口令不回显）
本轮基线字节（注码前 == 还原后 才算干净）：
  3f90c51f9d6ebad665c4f42f7ca4118d  user-server/internal/aiagent/knowledge/controller/knowledge_merchant.go
  87b904a8d78c14eee64a17acc20e6281  user-server/internal/aiagent/knowledge/repository/knowledge_chunk.go
  190c8c0cdd44203b45f84a6f7fa93abc  user-server/internal/aiagent/knowledge/service/rag_searcher.go
  133269c6653d33f7b379c115f58de3d3  user-server/internal/aiagent/knowledge/service/rag_searcher_bm25.go
  47eac23620ef61c682c123d18d8d83ef  user-server/internal/aiagent/knowledge/service/rag_searcher_vector.go
  9ce13662bb7a8e59ea6fa6a3367e7eaa  user-server/internal/aiagent/rag/retrieval/hybrid_searcher.go
  0a1976deca8866b70ec65f5f5499e17d  user-server/internal/aiagent/rag/retrieval/lexical_retriever.go
  bb66b668fbf925eb68baf65bf6bf6f37  user-server/internal/aiagent/rag/retrieval/vector_retriever.go
  74a322de23a08202fcbd4efd046df76c  user-server/internal/app/kb_release_wiring.go
  a1e64ccd7c3433d6bbd5c97993e1d51b  user-server/internal/controller/kb_release.go
  f213d1f505bd940c334ef54350e56b2f  user-server/internal/model/kb_release.go
  1f6615f0bb1d55fddf033c955c99d589  user-server/internal/pkg/kbrelease/kbrelease.go
  dbdb9586968768fc736d853ba2ed6fde  user-server/internal/repository/kb_release.go
  fc9bf9bc68e51198d980398480ec7553  user-server/internal/router/kb_release_routes.go
  fafa2dcde6ebcd5bfcfbf342334fad1a  user-server/internal/router/router.go
  87366b222eea4f6c938e11c9c397f4bf  user-server/internal/service/kb_release.go
[控制组 ./internal/model/] rc=0 settled=6 skip=0 红名=—
[控制组 ./internal/repository/] rc=0 settled=19 skip=0 红名=—
[控制组 ./internal/service/] rc=0 settled=22 skip=0 红名=—
[控制组 ./internal/controller/] rc=0 settled=32 skip=0 红名=—
[控制组 ./internal/router/] rc=0 settled=4 skip=0 红名=—
[控制组 ./internal/app/] rc=0 settled=4 skip=0 红名=—
[控制组 ./internal/pkg/kbrelease/] rc=0 settled=14 skip=0 红名=—
[控制组 ./internal/aiagent/knowledge/repository/] rc=0 settled=3 skip=0 红名=—
[控制组 ./internal/aiagent/knowledge/service/] rc=0 settled=3 skip=0 红名=—
[控制组 ./internal/aiagent/knowledge/controller/] rc=0 settled=1 skip=0 红名=—
[控制组 ./internal/aiagent/rag/retrieval/] rc=0 settled=3 skip=0 红名=—
M2    状态值域少一项（withdrawn 从契约里消失）                        杀掉                             红=TestKBChangeModel_StatusValueDomain,TestKBChangeModel_TransitionTableCoversStatuses settled=6/6

结果：杀掉 1/1 格 （本趟只跑了 1/161 格，是子集，**不构成全族读数**）
终态：跑到的格子全杀，但本趟是子集/未覆盖全族，不写'全杀'。
收尾：带走 /private/var/folders/xw/pd_rr_z54w38gq41yfm8h7sm0000gn/T/p902mut-_3e7t63m/clone、/private/var/folders/xw/pd_rr_z54w38gq41yfm8h7sm0000gn/T/p902mut-_3e7t63m
