2026-09-22T09:58:57+08:00 WRN [SECURITY][WARN] USER_JWT_SECRET/JWT_SECRET 未配置，go test 进程使用固定测试密钥（仅用于单元测试） component=user-server
=== RUN   TestSetInboundMediaURLsWritesFirstAndAll
--- PASS: TestSetInboundMediaURLsWritesFirstAndAll (0.38s)
=== RUN   TestSetInboundMediaURLsScopesByAccount
--- PASS: TestSetInboundMediaURLsScopesByAccount (0.09s)
=== RUN   TestSetInboundMediaURLsMissingRowIsNotFoundNotError
--- PASS: TestSetInboundMediaURLsMissingRowIsNotFoundNotError (0.09s)
=== RUN   TestSetInboundMediaURLsReadFailureIsNotReportedAsNotFound
--- PASS: TestSetInboundMediaURLsReadFailureIsNotReportedAsNotFound (0.09s)
=== RUN   TestSetInboundMediaURLsEmptyURLsWriteNothing
--- PASS: TestSetInboundMediaURLsEmptyURLsWriteNothing (0.09s)
PASS
ok  	hivemtk-user/internal/repository	1.142s

2026-09-22T09:59:12+08:00 WRN [SECURITY][WARN] USER_JWT_SECRET/JWT_SECRET 未配置，go test 进程使用固定测试密钥（仅用于单元测试） component=user-server
=== RUN   TestM01_DingTalkMediaIsStoredAndBackfilled
2026-09-22T09:59:13+08:00 WRN [feedback] UpdateCustomerAcceptBySession failed session=dt-1-cid-f4dts1790042353395732000: ERROR: relation "feedback_records" does not exist (SQLSTATE 42P01) component=user-server
2026-09-22T09:59:13+08:00 ERR [Inbox] aiTrigger 未配置 — 桥接入站消息不会创建 customer_sessions / 不会生成 AI 回复。请检查 router.Setup() 中 bridgeIngressSvc.SetAITrigger(webhookSvc) 是否在 bridge WS 注册前调用。 account_id=1 channel=dingtalk component=user-server session_id=dt-1-cid-f4dts1790042353395732000
2026-09-22T09:59:13+08:00 WRN [DingTalk] 媒体回填失败：找不到 hub 行 component=user-server msg_id=dt-1-p-f4dts1790042353395732000
2026-09-22T09:59:13+08:00 INF [DingTalk] 入站媒体已转存 account_id=1 component=user-server msg_id=dt-1-p-f4dts1790042353395732000 urls=["/files/dingtalk/dc-f4dts1790042353395732000-pic"]
    webhook_batchf4_m01_dingtalk_download_test.go:62: M-01 未达成：hub.media_url = ""，want "/files/dingtalk/dc-f4dts1790042353395732000-pic"（Extra=map[account_id:1 channel_msg_id:p-f4dts1790042353395732000 conversation_type:1 media_download_code:dc-f4dts1790042353395732000-pic robot_code:robot-f4 session_webhook: session_webhook_expired_at:0]）
--- FAIL: TestM01_DingTalkMediaIsStoredAndBackfilled (10.43s)
=== RUN   TestM01_DingTalkRichTextStoresEveryPicture
2026-09-22T09:59:23+08:00 WRN [feedback] UpdateCustomerAcceptBySession failed session=dt-1-cid-f4dtrt1790042363642817000: ERROR: relation "feedback_records" does not exist (SQLSTATE 42P01) component=user-server
2026-09-22T09:59:23+08:00 ERR [Inbox] aiTrigger 未配置 — 桥接入站消息不会创建 customer_sessions / 不会生成 AI 回复。请检查 router.Setup() 中 bridgeIngressSvc.SetAITrigger(webhookSvc) 是否在 bridge WS 注册前调用。 account_id=1 channel=dingtalk component=user-server session_id=dt-1-cid-f4dtrt1790042363642817000
2026-09-22T09:59:23+08:00 WRN [DingTalk] 媒体回填失败：找不到 hub 行 component=user-server msg_id=dt-1-rt-f4dtrt1790042363642817000
2026-09-22T09:59:23+08:00 INF [DingTalk] 入站媒体已转存 account_id=1 component=user-server msg_id=dt-1-rt-f4dtrt1790042363642817000 urls=["/files/dingtalk/dc-f4dtrt1790042363642817000-a","/files/dingtalk/dc-f4dtrt1790042363642817000-b"]
    webhook_batchf4_m01_dingtalk_download_test.go:120: hub.media_url = ""，want 首张 "/files/dingtalk/dc-f4dtrt1790042363642817000-a"
    webhook_batchf4_m01_dingtalk_download_test.go:123: Extra.media_urls = <nil>，want 两张都在（第二张的长期 URL 不能丢）
--- FAIL: TestM01_DingTalkRichTextStoresEveryPicture (10.25s)
=== RUN   TestM01_DingTalkMediaSurvivesRequestCancel
2026-09-22T09:59:33+08:00 WRN [feedback] UpdateCustomerAcceptBySession failed session=dt-1-cid-f4dtcx1790042373919754000: ERROR: relation "feedback_records" does not exist (SQLSTATE 42P01) component=user-server
2026-09-22T09:59:33+08:00 ERR [Inbox] aiTrigger 未配置 — 桥接入站消息不会创建 customer_sessions / 不会生成 AI 回复。请检查 router.Setup() 中 bridgeIngressSvc.SetAITrigger(webhookSvc) 是否在 bridge WS 注册前调用。 account_id=1 channel=dingtalk component=user-server session_id=dt-1-cid-f4dtcx1790042373919754000
2026-09-22T09:59:34+08:00 WRN [DingTalk] 媒体回填失败：找不到 hub 行 component=user-server msg_id=dt-1-cx-f4dtcx1790042373919754000
2026-09-22T09:59:34+08:00 INF [DingTalk] 入站媒体已转存 account_id=1 component=user-server msg_id=dt-1-cx-f4dtcx1790042373919754000 urls=["/files/dingtalk/dc-f4dtcx1790042373919754000-cx"]
    webhook_batchf4_m01_dingtalk_download_test.go:168: M-01 未达成：请求 ctx 取消后 hub.media_url = ""，want "/files/dingtalk/dc-f4dtcx1790042373919754000-cx"（异步转存不该随请求一起死）
--- FAIL: TestM01_DingTalkMediaSurvivesRequestCancel (10.30s)
=== RUN   TestM01_DingTalkMediaSkippedWithoutRobotCode
2026-09-22T09:59:44+08:00 WRN [feedback] UpdateCustomerAcceptBySession failed session=dt-1-cid-f4dtnc1790042384178395000: ERROR: relation "feedback_records" does not exist (SQLSTATE 42P01) component=user-server
2026-09-22T09:59:44+08:00 ERR [Inbox] aiTrigger 未配置 — 桥接入站消息不会创建 customer_sessions / 不会生成 AI 回复。请检查 router.Setup() 中 bridgeIngressSvc.SetAITrigger(webhookSvc) 是否在 bridge WS 注册前调用。 account_id=1 channel=dingtalk component=user-server session_id=dt-1-cid-f4dtnc1790042384178395000
2026-09-22T09:59:44+08:00 WRN [DingTalk] 媒体转存跳过：回调未携带 robotCode（换取下载链接的必填项） account_id=1 component=user-server msg_id=dt-1-nr-f4dtnc1790042384178395000
--- PASS: TestM01_DingTalkMediaSkippedWithoutRobotCode (0.72s)
=== RUN   TestM01_DingTalkInboundMediaKeepsTypeAndDownloadCode
2026-09-22T09:59:44+08:00 WRN [feedback] UpdateCustomerAcceptBySession failed session=dt-1-cid-f4dt1790042384930440000: ERROR: relation "feedback_records" does not exist (SQLSTATE 42P01) component=user-server
2026-09-22T09:59:44+08:00 ERR [Inbox] aiTrigger 未配置 — 桥接入站消息不会创建 customer_sessions / 不会生成 AI 回复。请检查 router.Setup() 中 bridgeIngressSvc.SetAITrigger(webhookSvc) 是否在 bridge WS 注册前调用。 account_id=1 channel=dingtalk component=user-server session_id=dt-1-cid-f4dt1790042384930440000
2026-09-22T09:59:44+08:00 WRN [DingTalk] 媒体下载失败（占位符保留） error="f4dt: 承载用例不发起真实下载" component=user-server media_code=dc-f4dt1790042384930440000-pic
2026-09-22T09:59:44+08:00 WRN [feedback] UpdateCustomerAcceptBySession failed session=dt-1-cid-f4dt1790042384930440000: ERROR: relation "feedback_records" does not exist (SQLSTATE 42P01) component=user-server
2026-09-22T09:59:44+08:00 ERR [Inbox] aiTrigger 未配置 — 桥接入站消息不会创建 customer_sessions / 不会生成 AI 回复。请检查 router.Setup() 中 bridgeIngressSvc.SetAITrigger(webhookSvc) 是否在 bridge WS 注册前调用。 account_id=1 channel=dingtalk component=user-server session_id=dt-1-cid-f4dt1790042384930440000
2026-09-22T09:59:44+08:00 WRN [DingTalk] 媒体下载失败（占位符保留） error="f4dt: 承载用例不发起真实下载" component=user-server media_code=dc-f4dt1790042384930440000-aud
2026-09-22T09:59:44+08:00 WRN [feedback] UpdateCustomerAcceptBySession failed session=dt-1-cid-f4dt1790042384930440000: ERROR: relation "feedback_records" does not exist (SQLSTATE 42P01) component=user-server
2026-09-22T09:59:44+08:00 ERR [Inbox] aiTrigger 未配置 — 桥接入站消息不会创建 customer_sessions / 不会生成 AI 回复。请检查 router.Setup() 中 bridgeIngressSvc.SetAITrigger(webhookSvc) 是否在 bridge WS 注册前调用。 account_id=1 channel=dingtalk component=user-server session_id=dt-1-cid-f4dt1790042384930440000
2026-09-22T09:59:44+08:00 WRN [DingTalk] 媒体下载失败（占位符保留） error="f4dt: 承载用例不发起真实下载" component=user-server media_code=dc-f4dt1790042384930440000-file
2026-09-22T09:59:44+08:00 WRN [feedback] UpdateCustomerAcceptBySession failed session=dt-1-cid-f4dt1790042384930440000: ERROR: relation "feedback_records" does not exist (SQLSTATE 42P01) component=user-server
2026-09-22T09:59:44+08:00 ERR [Inbox] aiTrigger 未配置 — 桥接入站消息不会创建 customer_sessions / 不会生成 AI 回复。请检查 router.Setup() 中 bridgeIngressSvc.SetAITrigger(webhookSvc) 是否在 bridge WS 注册前调用。 account_id=1 channel=dingtalk component=user-server session_id=dt-1-cid-f4dt1790042384930440000
2026-09-22T09:59:44+08:00 WRN [DingTalk] 媒体下载失败（占位符保留） error="f4dt: 承载用例不发起真实下载" component=user-server media_code=dc-f4dt1790042384930440000-vid
2026-09-22T09:59:44+08:00 WRN [feedback] UpdateCustomerAcceptBySession failed session=dt-1-cid-f4dt1790042384930440000: ERROR: relation "feedback_records" does not exist (SQLSTATE 42P01) component=user-server
2026-09-22T09:59:44+08:00 ERR [Inbox] aiTrigger 未配置 — 桥接入站消息不会创建 customer_sessions / 不会生成 AI 回复。请检查 router.Setup() 中 bridgeIngressSvc.SetAITrigger(webhookSvc) 是否在 bridge WS 注册前调用。 account_id=1 channel=dingtalk component=user-server session_id=dt-1-cid-f4dt1790042384930440000
2026-09-22T09:59:44+08:00 WRN [DingTalk] 媒体下载失败（占位符保留） error="f4dt: 承载用例不发起真实下载" component=user-server media_code=dc-f4dt1790042384930440000-rt1
2026-09-22T09:59:44+08:00 WRN [DingTalk] 媒体下载失败（占位符保留） error="f4dt: 承载用例不发起真实下载" component=user-server media_code=dc-f4dt1790042384930440000-rt2
--- PASS: TestM01_DingTalkInboundMediaKeepsTypeAndDownloadCode (0.27s)
=== RUN   TestM01_DingTalkKeepsOfficialCreateAt
2026-09-22T09:59:45+08:00 WRN [feedback] UpdateCustomerAcceptBySession failed session=dt-1-cid-f4dtc1790042385144012000: ERROR: relation "feedback_records" does not exist (SQLSTATE 42P01) component=user-server
2026-09-22T09:59:45+08:00 INF [Inbox] 钩子3：最后一条 inbound 超过 5 分钟，历史消息不触发 AI channel=dingtalk component=user-server conv_id=cid-f4dtc1790042385144012000 event_id=dt-1-tsq-f4dtc1790042385144012000
2026-09-22T09:59:45+08:00 WRN [feedback] UpdateCustomerAcceptBySession failed session=dt-1-cid-f4dtc1790042385144012000: ERROR: relation "feedback_records" does not exist (SQLSTATE 42P01) component=user-server
2026-09-22T09:59:45+08:00 INF [Inbox] 钩子3：最后一条 inbound 超过 5 分钟，历史消息不触发 AI channel=dingtalk component=user-server conv_id=cid-f4dtc1790042385144012000 event_id=dt-1-tsb-f4dtc1790042385144012000
2026-09-22T09:59:45+08:00 INF [Inbox] 时序锚点：消息 timestamp 早于锚点，标记为 backfill 历史堆积 anchor_timestamp=2026-09-22T06:59:45+08:00 channel=dingtalk component=user-server conv_id=cid-f4dtc1790042385144012000 event_id=dt-1-tss-f4dtc1790042385144012000 msg_timestamp=2026-09-22T06:59:45+08:00
2026-09-22T09:59:45+08:00 WRN [feedback] UpdateCustomerAcceptBySession failed session=dt-1-cid-f4dtc1790042385144012000: ERROR: relation "feedback_records" does not exist (SQLSTATE 42P01) component=user-server
2026-09-22T09:59:45+08:00 INF [Inbox] 钩子3：最后一条 inbound 超过 5 分钟，历史消息不触发 AI channel=dingtalk component=user-server conv_id=cid-f4dtc1790042385144012000 event_id=dt-1-tss-f4dtc1790042385144012000
2026-09-22T09:59:45+08:00 WRN [feedback] UpdateCustomerAcceptBySession failed session=dt-1-cid-f4dtc1790042385144012000: ERROR: relation "feedback_records" does not exist (SQLSTATE 42P01) component=user-server
2026-09-22T09:59:45+08:00 ERR [Inbox] aiTrigger 未配置 — 桥接入站消息不会创建 customer_sessions / 不会生成 AI 回复。请检查 router.Setup() 中 bridgeIngressSvc.SetAITrigger(webhookSvc) 是否在 bridge WS 注册前调用。 account_id=1 channel=dingtalk component=user-server session_id=dt-1-cid-f4dtc1790042385144012000
2026-09-22T09:59:45+08:00 WRN [feedback] UpdateCustomerAcceptBySession failed session=dt-1-cid-f4dtc1790042385144012000: ERROR: relation "feedback_records" does not exist (SQLSTATE 42P01) component=user-server
2026-09-22T09:59:45+08:00 ERR [Inbox] aiTrigger 未配置 — 桥接入站消息不会创建 customer_sessions / 不会生成 AI 回复。请检查 router.Setup() 中 bridgeIngressSvc.SetAITrigger(webhookSvc) 是否在 bridge WS 注册前调用。 account_id=1 channel=dingtalk component=user-server session_id=dt-1-cid-f4dtc1790042385144012000
--- PASS: TestM01_DingTalkKeepsOfficialCreateAt (0.22s)
=== RUN   TestM01_DingTalkTextUnchanged
2026-09-22T09:59:45+08:00 WRN [feedback] UpdateCustomerAcceptBySession failed session=dt-1-cid-f4dtt1790042385368192000: ERROR: relation "feedback_records" does not exist (SQLSTATE 42P01) component=user-server
2026-09-22T09:59:45+08:00 ERR [Inbox] aiTrigger 未配置 — 桥接入站消息不会创建 customer_sessions / 不会生成 AI 回复。请检查 router.Setup() 中 bridgeIngressSvc.SetAITrigger(webhookSvc) 是否在 bridge WS 注册前调用。 account_id=1 channel=dingtalk component=user-server session_id=dt-1-cid-f4dtt1790042385368192000
--- PASS: TestM01_DingTalkTextUnchanged (0.20s)
FAIL
FAIL	hivemtk-user/internal/service	33.242s
FAIL
