2026-09-23T14:41:45+08:00 WRN [SECURITY][WARN] USER_JWT_SECRET/JWT_SECRET 未配置，go test 进程使用固定测试密钥（仅用于单元测试） component=user-server
=== RUN   TestSetInboundMediaURLsWritesFirstAndAll
--- PASS: TestSetInboundMediaURLsWritesFirstAndAll (0.84s)
=== RUN   TestSetInboundMediaURLsScopesByAccount
--- PASS: TestSetInboundMediaURLsScopesByAccount (0.08s)
=== RUN   TestSetInboundMediaURLsMissingRowIsNotFoundNotError
--- PASS: TestSetInboundMediaURLsMissingRowIsNotFoundNotError (0.07s)
=== RUN   TestSetInboundMediaURLsReadFailureIsNotReportedAsNotFound
--- PASS: TestSetInboundMediaURLsReadFailureIsNotReportedAsNotFound (0.08s)
=== RUN   TestSetInboundMediaURLsEmptyURLsWriteNothing
--- PASS: TestSetInboundMediaURLsEmptyURLsWriteNothing (0.09s)
=== RUN   TestSetInboundMediaURLsNilHandleIsErrorNotNotFound
--- PASS: TestSetInboundMediaURLsNilHandleIsErrorNotNotFound (0.00s)
=== RUN   TestSetInboundMediaURLsScopesByConversation
--- PASS: TestSetInboundMediaURLsScopesByConversation (0.09s)
PASS
ok  	hivemtk-user/internal/repository	1.585s

2026-09-23T14:41:59+08:00 WRN [SECURITY][WARN] USER_JWT_SECRET/JWT_SECRET 未配置，go test 进程使用固定测试密钥（仅用于单元测试） component=user-server
=== RUN   TestM01_DingTalkMediaIsStoredAndBackfilled
2026-09-23T14:42:00+08:00 WRN [feedback] UpdateCustomerAcceptBySession failed session=dt-1-cid-f4dts1790145720139986000: ERROR: relation "feedback_records" does not exist (SQLSTATE 42P01) component=user-server
2026-09-23T14:42:00+08:00 ERR [Inbox] aiTrigger 未配置 — 桥接入站消息不会创建 customer_sessions / 不会生成 AI 回复。请检查 router.Setup() 中 bridgeIngressSvc.SetAITrigger(webhookSvc) 是否在 bridge WS 注册前调用。 account_id=1 channel=dingtalk component=user-server session_id=dt-1-cid-f4dts1790145720139986000
2026-09-23T14:42:00+08:00 INF [DingTalk] 入站媒体已转存 account_id=1 component=user-server msg_id=dt-1-p-f4dts1790145720139986000 urls=["/files/dingtalk/dc-f4dts1790145720139986000-pic"]
--- PASS: TestM01_DingTalkMediaIsStoredAndBackfilled (0.43s)
=== RUN   TestM01_DingTalkRichTextStoresEveryPicture
2026-09-23T14:42:00+08:00 WRN [feedback] UpdateCustomerAcceptBySession failed session=dt-1-cid-f4dtrt1790145720337031000: ERROR: relation "feedback_records" does not exist (SQLSTATE 42P01) component=user-server
2026-09-23T14:42:00+08:00 ERR [Inbox] aiTrigger 未配置 — 桥接入站消息不会创建 customer_sessions / 不会生成 AI 回复。请检查 router.Setup() 中 bridgeIngressSvc.SetAITrigger(webhookSvc) 是否在 bridge WS 注册前调用。 account_id=1 channel=dingtalk component=user-server session_id=dt-1-cid-f4dtrt1790145720337031000
2026-09-23T14:42:00+08:00 INF [DingTalk] 入站媒体已转存 account_id=1 component=user-server msg_id=dt-1-rt-f4dtrt1790145720337031000 urls=["/files/dingtalk/dc-f4dtrt1790145720337031000-a","/files/dingtalk/dc-f4dtrt1790145720337031000-b"]
--- PASS: TestM01_DingTalkRichTextStoresEveryPicture (0.25s)
=== RUN   TestM01_DingTalkMediaSurvivesRequestCancel
2026-09-23T14:42:00+08:00 WRN [feedback] UpdateCustomerAcceptBySession failed session=dt-1-cid-f4dtcx1790145720597245000: ERROR: relation "feedback_records" does not exist (SQLSTATE 42P01) component=user-server
2026-09-23T14:42:00+08:00 ERR [Inbox] aiTrigger 未配置 — 桥接入站消息不会创建 customer_sessions / 不会生成 AI 回复。请检查 router.Setup() 中 bridgeIngressSvc.SetAITrigger(webhookSvc) 是否在 bridge WS 注册前调用。 account_id=1 channel=dingtalk component=user-server session_id=dt-1-cid-f4dtcx1790145720597245000
2026-09-23T14:42:00+08:00 INF [DingTalk] 入站媒体已转存 account_id=1 component=user-server msg_id=dt-1-cx-f4dtcx1790145720597245000 urls=["/files/dingtalk/dc-f4dtcx1790145720597245000-cx"]
--- PASS: TestM01_DingTalkMediaSurvivesRequestCancel (0.52s)
=== RUN   TestM01_DingTalkMediaSkippedWithoutRobotCode
2026-09-23T14:42:01+08:00 WRN [feedback] UpdateCustomerAcceptBySession failed session=dt-1-cid-f4dtnc1790145721119803000: ERROR: relation "feedback_records" does not exist (SQLSTATE 42P01) component=user-server
2026-09-23T14:42:01+08:00 ERR [Inbox] aiTrigger 未配置 — 桥接入站消息不会创建 customer_sessions / 不会生成 AI 回复。请检查 router.Setup() 中 bridgeIngressSvc.SetAITrigger(webhookSvc) 是否在 bridge WS 注册前调用。 account_id=1 channel=dingtalk component=user-server session_id=dt-1-cid-f4dtnc1790145721119803000
2026-09-23T14:42:01+08:00 WRN [DingTalk] 媒体转存跳过：回调未携带 robotCode（换取下载链接的必填项） account_id=1 component=user-server msg_id=dt-1-nr-f4dtnc1790145721119803000
--- PASS: TestM01_DingTalkMediaSkippedWithoutRobotCode (0.70s)
=== RUN   TestM01_DingTalkPartialTransferFailureKeepsSuccessfulPicture
2026-09-23T14:42:01+08:00 WRN [feedback] UpdateCustomerAcceptBySession failed session=dt-1-cid-f4dtpf1790145721824124000: ERROR: relation "feedback_records" does not exist (SQLSTATE 42P01) component=user-server
2026-09-23T14:42:01+08:00 ERR [Inbox] aiTrigger 未配置 — 桥接入站消息不会创建 customer_sessions / 不会生成 AI 回复。请检查 router.Setup() 中 bridgeIngressSvc.SetAITrigger(webhookSvc) 是否在 bridge WS 注册前调用。 account_id=1 channel=dingtalk component=user-server session_id=dt-1-cid-f4dtpf1790145721824124000
2026-09-23T14:42:01+08:00 WRN [DingTalk] 媒体下载失败（占位符保留） error="stub: 下载码有误或者已经过期" component=user-server media_code=dc-f4dtpf1790145721824124000-a
    webhook_batchf4_m01_dingtalk_download_test.go:256: 下载尝试 = [dc-f4dtpf1790145721824124000-a], want [dc-f4dtpf1790145721824124000-a dc-f4dtpf1790145721824124000-b]（第一张失败不该带走第二张）
    webhook_batchf4_m01_dingtalk_download_test.go:259: 转存的下载码 = [], want 只有 dc-f4dtpf1790145721824124000-b
    webhook_batchf4_m01_dingtalk_download_test.go:262: hub.media_url = "", want 首个成功转存 "/files/dingtalk/dc-f4dtpf1790145721824124000-b"
    webhook_batchf4_m01_dingtalk_download_test.go:265: Extra.media_urls = <nil>, want 只含成功那张（失败的不占位、不留 downloadCode）
--- FAIL: TestM01_DingTalkPartialTransferFailureKeepsSuccessfulPicture (10.22s)
=== RUN   TestM01_DingTalkPartialStoreFailureKeepsSuccessfulPicture
2026-09-23T14:42:12+08:00 WRN [feedback] UpdateCustomerAcceptBySession failed session=dt-1-cid-f4dtst1790145732047082000: ERROR: relation "feedback_records" does not exist (SQLSTATE 42P01) component=user-server
2026-09-23T14:42:12+08:00 ERR [Inbox] aiTrigger 未配置 — 桥接入站消息不会创建 customer_sessions / 不会生成 AI 回复。请检查 router.Setup() 中 bridgeIngressSvc.SetAITrigger(webhookSvc) 是否在 bridge WS 注册前调用。 account_id=1 channel=dingtalk component=user-server session_id=dt-1-cid-f4dtst1790145732047082000
2026-09-23T14:42:12+08:00 WRN [DingTalk] 媒体转存失败 error="stub: 长期存储写入失败" component=user-server media_code=dc-f4dtst1790145732047082000-a
2026-09-23T14:42:12+08:00 INF [DingTalk] 入站媒体已转存 account_id=1 component=user-server msg_id=dt-1-st-f4dtst1790145732047082000 urls=["/files/dingtalk/dc-f4dtst1790145732047082000-b"]
--- PASS: TestM01_DingTalkPartialStoreFailureKeepsSuccessfulPicture (0.27s)
=== RUN   TestM01_DingTalkAllTransfersFailedWriteNoMedia
2026-09-23T14:42:12+08:00 WRN [feedback] UpdateCustomerAcceptBySession failed session=dt-1-cid-f4dtaf1790145732302186000: ERROR: relation "feedback_records" does not exist (SQLSTATE 42P01) component=user-server
2026-09-23T14:42:12+08:00 ERR [Inbox] aiTrigger 未配置 — 桥接入站消息不会创建 customer_sessions / 不会生成 AI 回复。请检查 router.Setup() 中 bridgeIngressSvc.SetAITrigger(webhookSvc) 是否在 bridge WS 注册前调用。 account_id=1 channel=dingtalk component=user-server session_id=dt-1-cid-f4dtaf1790145732302186000
2026-09-23T14:42:12+08:00 WRN [DingTalk] 媒体下载失败（占位符保留） error="stub: 下载码有误或者已经过期" component=user-server media_code=dc-f4dtaf1790145732302186000-a
    webhook_batchf4_m01_dingtalk_download_test.go:341: 只起了 1 次下载，want 2
--- FAIL: TestM01_DingTalkAllTransfersFailedWriteNoMedia (15.20s)
=== RUN   TestM01_DingTalkSameDownloadCodeTransfersOnce
2026-09-23T14:42:27+08:00 WRN [feedback] UpdateCustomerAcceptBySession failed session=dt-1-cid-f4dtdp1790145747500700000: ERROR: relation "feedback_records" does not exist (SQLSTATE 42P01) component=user-server
2026-09-23T14:42:27+08:00 ERR [Inbox] aiTrigger 未配置 — 桥接入站消息不会创建 customer_sessions / 不会生成 AI 回复。请检查 router.Setup() 中 bridgeIngressSvc.SetAITrigger(webhookSvc) 是否在 bridge WS 注册前调用。 account_id=1 channel=dingtalk component=user-server session_id=dt-1-cid-f4dtdp1790145747500700000
2026-09-23T14:42:27+08:00 INF [DingTalk] 入站媒体已转存 account_id=1 component=user-server msg_id=dt-1-dp-f4dtdp1790145747500700000 urls=["/files/dingtalk/dc-f4dtdp1790145747500700000-same"]
--- PASS: TestM01_DingTalkSameDownloadCodeTransfersOnce (0.26s)
=== RUN   TestM01_DingTalkInboundMediaKeepsTypeAndDownloadCode
2026-09-23T14:42:27+08:00 WRN [feedback] UpdateCustomerAcceptBySession failed session=dt-1-cid-f4dt1790145747762449000: ERROR: relation "feedback_records" does not exist (SQLSTATE 42P01) component=user-server
2026-09-23T14:42:27+08:00 ERR [Inbox] aiTrigger 未配置 — 桥接入站消息不会创建 customer_sessions / 不会生成 AI 回复。请检查 router.Setup() 中 bridgeIngressSvc.SetAITrigger(webhookSvc) 是否在 bridge WS 注册前调用。 account_id=1 channel=dingtalk component=user-server session_id=dt-1-cid-f4dt1790145747762449000
2026-09-23T14:42:27+08:00 WRN [DingTalk] 媒体下载失败（占位符保留） error="f4dt: 承载用例不发起真实下载" component=user-server media_code=dc-f4dt1790145747762449000-pic
2026-09-23T14:42:27+08:00 WRN [feedback] UpdateCustomerAcceptBySession failed session=dt-1-cid-f4dt1790145747762449000: ERROR: relation "feedback_records" does not exist (SQLSTATE 42P01) component=user-server
2026-09-23T14:42:27+08:00 ERR [Inbox] aiTrigger 未配置 — 桥接入站消息不会创建 customer_sessions / 不会生成 AI 回复。请检查 router.Setup() 中 bridgeIngressSvc.SetAITrigger(webhookSvc) 是否在 bridge WS 注册前调用。 account_id=1 channel=dingtalk component=user-server session_id=dt-1-cid-f4dt1790145747762449000
2026-09-23T14:42:27+08:00 WRN [DingTalk] 媒体下载失败（占位符保留） error="f4dt: 承载用例不发起真实下载" component=user-server media_code=dc-f4dt1790145747762449000-aud
2026-09-23T14:42:27+08:00 WRN [feedback] UpdateCustomerAcceptBySession failed session=dt-1-cid-f4dt1790145747762449000: ERROR: relation "feedback_records" does not exist (SQLSTATE 42P01) component=user-server
2026-09-23T14:42:27+08:00 ERR [Inbox] aiTrigger 未配置 — 桥接入站消息不会创建 customer_sessions / 不会生成 AI 回复。请检查 router.Setup() 中 bridgeIngressSvc.SetAITrigger(webhookSvc) 是否在 bridge WS 注册前调用。 account_id=1 channel=dingtalk component=user-server session_id=dt-1-cid-f4dt1790145747762449000
2026-09-23T14:42:27+08:00 WRN [DingTalk] 媒体下载失败（占位符保留） error="f4dt: 承载用例不发起真实下载" component=user-server media_code=dc-f4dt1790145747762449000-file
2026-09-23T14:42:27+08:00 WRN [feedback] UpdateCustomerAcceptBySession failed session=dt-1-cid-f4dt1790145747762449000: ERROR: relation "feedback_records" does not exist (SQLSTATE 42P01) component=user-server
2026-09-23T14:42:27+08:00 ERR [Inbox] aiTrigger 未配置 — 桥接入站消息不会创建 customer_sessions / 不会生成 AI 回复。请检查 router.Setup() 中 bridgeIngressSvc.SetAITrigger(webhookSvc) 是否在 bridge WS 注册前调用。 account_id=1 channel=dingtalk component=user-server session_id=dt-1-cid-f4dt1790145747762449000
2026-09-23T14:42:27+08:00 WRN [DingTalk] 媒体下载失败（占位符保留） error="f4dt: 承载用例不发起真实下载" component=user-server media_code=dc-f4dt1790145747762449000-vid
2026-09-23T14:42:27+08:00 WRN [feedback] UpdateCustomerAcceptBySession failed session=dt-1-cid-f4dt1790145747762449000: ERROR: relation "feedback_records" does not exist (SQLSTATE 42P01) component=user-server
2026-09-23T14:42:27+08:00 ERR [Inbox] aiTrigger 未配置 — 桥接入站消息不会创建 customer_sessions / 不会生成 AI 回复。请检查 router.Setup() 中 bridgeIngressSvc.SetAITrigger(webhookSvc) 是否在 bridge WS 注册前调用。 account_id=1 channel=dingtalk component=user-server session_id=dt-1-cid-f4dt1790145747762449000
2026-09-23T14:42:27+08:00 WRN [DingTalk] 媒体下载失败（占位符保留） error="f4dt: 承载用例不发起真实下载" component=user-server media_code=dc-f4dt1790145747762449000-rt1
--- PASS: TestM01_DingTalkInboundMediaKeepsTypeAndDownloadCode (0.22s)
=== RUN   TestM01_DingTalkKeepsOfficialCreateAt
2026-09-23T14:42:27+08:00 WRN [feedback] UpdateCustomerAcceptBySession failed session=dt-1-cid-f4dtc1790145747958267000: ERROR: relation "feedback_records" does not exist (SQLSTATE 42P01) component=user-server
2026-09-23T14:42:27+08:00 INF [Inbox] 钩子3：最后一条 inbound 超过 5 分钟，历史消息不触发 AI channel=dingtalk component=user-server conv_id=cid-f4dtc1790145747958267000 event_id=dt-1-tsq-f4dtc1790145747958267000
2026-09-23T14:42:27+08:00 WRN [feedback] UpdateCustomerAcceptBySession failed session=dt-1-cid-f4dtc1790145747958267000: ERROR: relation "feedback_records" does not exist (SQLSTATE 42P01) component=user-server
2026-09-23T14:42:27+08:00 INF [Inbox] 钩子3：最后一条 inbound 超过 5 分钟，历史消息不触发 AI channel=dingtalk component=user-server conv_id=cid-f4dtc1790145747958267000 event_id=dt-1-tsb-f4dtc1790145747958267000
2026-09-23T14:42:27+08:00 INF [Inbox] 时序锚点：消息 timestamp 早于锚点，标记为 backfill 历史堆积 anchor_timestamp=2026-09-23T11:42:27+08:00 channel=dingtalk component=user-server conv_id=cid-f4dtc1790145747958267000 event_id=dt-1-tss-f4dtc1790145747958267000 msg_timestamp=2026-09-23T11:42:27+08:00
2026-09-23T14:42:27+08:00 WRN [feedback] UpdateCustomerAcceptBySession failed session=dt-1-cid-f4dtc1790145747958267000: ERROR: relation "feedback_records" does not exist (SQLSTATE 42P01) component=user-server
2026-09-23T14:42:27+08:00 INF [Inbox] 钩子3：最后一条 inbound 超过 5 分钟，历史消息不触发 AI channel=dingtalk component=user-server conv_id=cid-f4dtc1790145747958267000 event_id=dt-1-tss-f4dtc1790145747958267000
2026-09-23T14:42:27+08:00 WRN [feedback] UpdateCustomerAcceptBySession failed session=dt-1-cid-f4dtc1790145747958267000: ERROR: relation "feedback_records" does not exist (SQLSTATE 42P01) component=user-server
2026-09-23T14:42:27+08:00 ERR [Inbox] aiTrigger 未配置 — 桥接入站消息不会创建 customer_sessions / 不会生成 AI 回复。请检查 router.Setup() 中 bridgeIngressSvc.SetAITrigger(webhookSvc) 是否在 bridge WS 注册前调用。 account_id=1 channel=dingtalk component=user-server session_id=dt-1-cid-f4dtc1790145747958267000
2026-09-23T14:42:27+08:00 WRN [feedback] UpdateCustomerAcceptBySession failed session=dt-1-cid-f4dtc1790145747958267000: ERROR: relation "feedback_records" does not exist (SQLSTATE 42P01) component=user-server
2026-09-23T14:42:27+08:00 ERR [Inbox] aiTrigger 未配置 — 桥接入站消息不会创建 customer_sessions / 不会生成 AI 回复。请检查 router.Setup() 中 bridgeIngressSvc.SetAITrigger(webhookSvc) 是否在 bridge WS 注册前调用。 account_id=1 channel=dingtalk component=user-server session_id=dt-1-cid-f4dtc1790145747958267000
--- PASS: TestM01_DingTalkKeepsOfficialCreateAt (0.21s)
=== RUN   TestM01_DingTalkTextUnchanged
2026-09-23T14:42:28+08:00 WRN [feedback] UpdateCustomerAcceptBySession failed session=dt-1-cid-f4dtt1790145748153016000: ERROR: relation "feedback_records" does not exist (SQLSTATE 42P01) component=user-server
2026-09-23T14:42:28+08:00 ERR [Inbox] aiTrigger 未配置 — 桥接入站消息不会创建 customer_sessions / 不会生成 AI 回复。请检查 router.Setup() 中 bridgeIngressSvc.SetAITrigger(webhookSvc) 是否在 bridge WS 注册前调用。 account_id=1 channel=dingtalk component=user-server session_id=dt-1-cid-f4dtt1790145748153016000
--- PASS: TestM01_DingTalkTextUnchanged (0.16s)
=== RUN   TestBatchJ_DingTalkTokenLegShapes
=== RUN   TestBatchJ_DingTalkTokenLegShapes/200-空accessToken
=== RUN   TestBatchJ_DingTalkTokenLegShapes/200-非JSON应答
=== RUN   TestBatchJ_DingTalkTokenLegShapes/403-空accessToken
=== RUN   TestBatchJ_DingTalkTokenLegShapes/200-拿到凭证
--- PASS: TestBatchJ_DingTalkTokenLegShapes (0.00s)
    --- PASS: TestBatchJ_DingTalkTokenLegShapes/200-空accessToken (0.00s)
    --- PASS: TestBatchJ_DingTalkTokenLegShapes/200-非JSON应答 (0.00s)
    --- PASS: TestBatchJ_DingTalkTokenLegShapes/403-空accessToken (0.00s)
    --- PASS: TestBatchJ_DingTalkTokenLegShapes/200-拿到凭证 (0.00s)
=== RUN   TestBatchJ_DingTalkTokenErrorIsNotRetryable
--- PASS: TestBatchJ_DingTalkTokenErrorIsNotRetryable (0.00s)
=== RUN   TestBatchJ_DingTalkPresignedURLQueryNeverReachesError
--- PASS: TestBatchJ_DingTalkPresignedURLQueryNeverReachesError (0.00s)
=== RUN   TestBatchJ_DingTalkAccessTokenNeverReachesParseError
--- PASS: TestBatchJ_DingTalkAccessTokenNeverReachesParseError (0.00s)
FAIL
FAIL	hivemtk-user/internal/service	29.113s
FAIL
