2026-09-23T14:42:58+08:00 WRN [SECURITY][WARN] USER_JWT_SECRET/JWT_SECRET 未配置，go test 进程使用固定测试密钥（仅用于单元测试） component=user-server
=== RUN   TestSetInboundMediaURLsWritesFirstAndAll
--- PASS: TestSetInboundMediaURLsWritesFirstAndAll (0.37s)
=== RUN   TestSetInboundMediaURLsScopesByAccount
--- PASS: TestSetInboundMediaURLsScopesByAccount (0.07s)
=== RUN   TestSetInboundMediaURLsMissingRowIsNotFoundNotError
--- PASS: TestSetInboundMediaURLsMissingRowIsNotFoundNotError (0.07s)
=== RUN   TestSetInboundMediaURLsReadFailureIsNotReportedAsNotFound
--- PASS: TestSetInboundMediaURLsReadFailureIsNotReportedAsNotFound (0.06s)
=== RUN   TestSetInboundMediaURLsEmptyURLsWriteNothing
--- PASS: TestSetInboundMediaURLsEmptyURLsWriteNothing (0.07s)
=== RUN   TestSetInboundMediaURLsNilHandleIsErrorNotNotFound
--- PASS: TestSetInboundMediaURLsNilHandleIsErrorNotNotFound (0.00s)
=== RUN   TestSetInboundMediaURLsScopesByConversation
--- PASS: TestSetInboundMediaURLsScopesByConversation (0.07s)
PASS
ok  	hivemtk-user/internal/repository	0.967s

2026-09-23T14:43:09+08:00 WRN [SECURITY][WARN] USER_JWT_SECRET/JWT_SECRET 未配置，go test 进程使用固定测试密钥（仅用于单元测试） component=user-server
=== RUN   TestM01_DingTalkMediaIsStoredAndBackfilled
2026-09-23T14:43:10+08:00 WRN [feedback] UpdateCustomerAcceptBySession failed session=dt-1-cid-f4dts1790145790208707000: ERROR: relation "feedback_records" does not exist (SQLSTATE 42P01) component=user-server
2026-09-23T14:43:10+08:00 ERR [Inbox] aiTrigger 未配置 — 桥接入站消息不会创建 customer_sessions / 不会生成 AI 回复。请检查 router.Setup() 中 bridgeIngressSvc.SetAITrigger(webhookSvc) 是否在 bridge WS 注册前调用。 account_id=1 channel=dingtalk component=user-server session_id=dt-1-cid-f4dts1790145790208707000
2026-09-23T14:43:10+08:00 INF [DingTalk] 入站媒体已转存 account_id=1 component=user-server msg_id=dt-1-p-f4dts1790145790208707000 urls=["/files/dingtalk/dc-f4dts1790145790208707000-pic"]
--- PASS: TestM01_DingTalkMediaIsStoredAndBackfilled (0.40s)
=== RUN   TestM01_DingTalkRichTextStoresEveryPicture
2026-09-23T14:43:10+08:00 WRN [feedback] UpdateCustomerAcceptBySession failed session=dt-1-cid-f4dtrt1790145790368706000: ERROR: relation "feedback_records" does not exist (SQLSTATE 42P01) component=user-server
2026-09-23T14:43:10+08:00 ERR [Inbox] aiTrigger 未配置 — 桥接入站消息不会创建 customer_sessions / 不会生成 AI 回复。请检查 router.Setup() 中 bridgeIngressSvc.SetAITrigger(webhookSvc) 是否在 bridge WS 注册前调用。 account_id=1 channel=dingtalk component=user-server session_id=dt-1-cid-f4dtrt1790145790368706000
2026-09-23T14:43:10+08:00 INF [DingTalk] 入站媒体已转存 account_id=1 component=user-server msg_id=dt-1-rt-f4dtrt1790145790368706000 urls=["/files/dingtalk/dc-f4dtrt1790145790368706000-a","/files/dingtalk/dc-f4dtrt1790145790368706000-b"]
--- PASS: TestM01_DingTalkRichTextStoresEveryPicture (0.21s)
=== RUN   TestM01_DingTalkMediaSurvivesRequestCancel
2026-09-23T14:43:10+08:00 WRN [feedback] UpdateCustomerAcceptBySession failed session=dt-1-cid-f4dtcx1790145790590684000: ERROR: relation "feedback_records" does not exist (SQLSTATE 42P01) component=user-server
2026-09-23T14:43:10+08:00 ERR [Inbox] aiTrigger 未配置 — 桥接入站消息不会创建 customer_sessions / 不会生成 AI 回复。请检查 router.Setup() 中 bridgeIngressSvc.SetAITrigger(webhookSvc) 是否在 bridge WS 注册前调用。 account_id=1 channel=dingtalk component=user-server session_id=dt-1-cid-f4dtcx1790145790590684000
2026-09-23T14:43:10+08:00 INF [DingTalk] 入站媒体已转存 account_id=1 component=user-server msg_id=dt-1-cx-f4dtcx1790145790590684000 urls=["/files/dingtalk/dc-f4dtcx1790145790590684000-cx"]
--- PASS: TestM01_DingTalkMediaSurvivesRequestCancel (0.47s)
=== RUN   TestM01_DingTalkMediaSkippedWithoutRobotCode
2026-09-23T14:43:11+08:00 WRN [feedback] UpdateCustomerAcceptBySession failed session=dt-1-cid-f4dtnc1790145791089885000: ERROR: relation "feedback_records" does not exist (SQLSTATE 42P01) component=user-server
2026-09-23T14:43:11+08:00 ERR [Inbox] aiTrigger 未配置 — 桥接入站消息不会创建 customer_sessions / 不会生成 AI 回复。请检查 router.Setup() 中 bridgeIngressSvc.SetAITrigger(webhookSvc) 是否在 bridge WS 注册前调用。 account_id=1 channel=dingtalk component=user-server session_id=dt-1-cid-f4dtnc1790145791089885000
2026-09-23T14:43:11+08:00 WRN [DingTalk] 媒体转存跳过：回调未携带 robotCode（换取下载链接的必填项） account_id=1 component=user-server msg_id=dt-1-nr-f4dtnc1790145791089885000
--- PASS: TestM01_DingTalkMediaSkippedWithoutRobotCode (0.69s)
=== RUN   TestM01_DingTalkPartialTransferFailureKeepsSuccessfulPicture
2026-09-23T14:43:11+08:00 WRN [feedback] UpdateCustomerAcceptBySession failed session=dt-1-cid-f4dtpf1790145791851186000: ERROR: relation "feedback_records" does not exist (SQLSTATE 42P01) component=user-server
2026-09-23T14:43:11+08:00 ERR [Inbox] aiTrigger 未配置 — 桥接入站消息不会创建 customer_sessions / 不会生成 AI 回复。请检查 router.Setup() 中 bridgeIngressSvc.SetAITrigger(webhookSvc) 是否在 bridge WS 注册前调用。 account_id=1 channel=dingtalk component=user-server session_id=dt-1-cid-f4dtpf1790145791851186000
2026-09-23T14:43:11+08:00 WRN [DingTalk] 媒体下载失败（占位符保留） error="stub: 下载码有误或者已经过期" component=user-server media_code=dc-f4dtpf1790145791851186000-a
2026-09-23T14:43:11+08:00 INF [DingTalk] 入站媒体已转存 account_id=1 component=user-server msg_id=dt-1-pf-f4dtpf1790145791851186000 urls=["dc-f4dtpf1790145791851186000-a","/files/dingtalk/dc-f4dtpf1790145791851186000-b"]
    webhook_batchf4_m01_dingtalk_download_test.go:262: hub.media_url = "dc-f4dtpf1790145791851186000-a", want 首个成功转存 "/files/dingtalk/dc-f4dtpf1790145791851186000-b"
    webhook_batchf4_m01_dingtalk_download_test.go:265: Extra.media_urls = [dc-f4dtpf1790145791851186000-a /files/dingtalk/dc-f4dtpf1790145791851186000-b], want 只含成功那张（失败的不占位、不留 downloadCode）
--- FAIL: TestM01_DingTalkPartialTransferFailureKeepsSuccessfulPicture (0.32s)
=== RUN   TestM01_DingTalkPartialStoreFailureKeepsSuccessfulPicture
2026-09-23T14:43:12+08:00 WRN [feedback] UpdateCustomerAcceptBySession failed session=dt-1-cid-f4dtst1790145792108380000: ERROR: relation "feedback_records" does not exist (SQLSTATE 42P01) component=user-server
2026-09-23T14:43:12+08:00 ERR [Inbox] aiTrigger 未配置 — 桥接入站消息不会创建 customer_sessions / 不会生成 AI 回复。请检查 router.Setup() 中 bridgeIngressSvc.SetAITrigger(webhookSvc) 是否在 bridge WS 注册前调用。 account_id=1 channel=dingtalk component=user-server session_id=dt-1-cid-f4dtst1790145792108380000
2026-09-23T14:43:12+08:00 WRN [DingTalk] 媒体转存失败 error="stub: 长期存储写入失败" component=user-server media_code=dc-f4dtst1790145792108380000-a
2026-09-23T14:43:12+08:00 INF [DingTalk] 入站媒体已转存 account_id=1 component=user-server msg_id=dt-1-st-f4dtst1790145792108380000 urls=["/files/dingtalk/dc-f4dtst1790145792108380000-b"]
--- PASS: TestM01_DingTalkPartialStoreFailureKeepsSuccessfulPicture (0.25s)
=== RUN   TestM01_DingTalkAllTransfersFailedWriteNoMedia
2026-09-23T14:43:12+08:00 WRN [feedback] UpdateCustomerAcceptBySession failed session=dt-1-cid-f4dtaf1790145792392746000: ERROR: relation "feedback_records" does not exist (SQLSTATE 42P01) component=user-server
2026-09-23T14:43:12+08:00 ERR [Inbox] aiTrigger 未配置 — 桥接入站消息不会创建 customer_sessions / 不会生成 AI 回复。请检查 router.Setup() 中 bridgeIngressSvc.SetAITrigger(webhookSvc) 是否在 bridge WS 注册前调用。 account_id=1 channel=dingtalk component=user-server session_id=dt-1-cid-f4dtaf1790145792392746000
2026-09-23T14:43:12+08:00 WRN [DingTalk] 媒体下载失败（占位符保留） error="stub: 下载码有误或者已经过期" component=user-server media_code=dc-f4dtaf1790145792392746000-a
2026-09-23T14:43:12+08:00 WRN [DingTalk] 媒体下载失败（占位符保留） error="stub: 下载码有误或者已经过期" component=user-server media_code=dc-f4dtaf1790145792392746000-b
2026-09-23T14:43:12+08:00 INF [DingTalk] 入站媒体已转存 account_id=1 component=user-server msg_id=dt-1-af-f4dtaf1790145792392746000 urls=["dc-f4dtaf1790145792392746000-a","dc-f4dtaf1790145792392746000-b"]
    webhook_batchf4_m01_dingtalk_download_test.go:349: 全失败却把 hub.media_url 写成 "dc-f4dtaf1790145792392746000-a", want 空
    webhook_batchf4_m01_dingtalk_download_test.go:352: 全失败却写了 Extra.media_urls = [dc-f4dtaf1790145792392746000-a dc-f4dtaf1790145792392746000-b], want 不存在
--- FAIL: TestM01_DingTalkAllTransfersFailedWriteNoMedia (0.74s)
=== RUN   TestM01_DingTalkSameDownloadCodeTransfersOnce
2026-09-23T14:43:13+08:00 WRN [feedback] UpdateCustomerAcceptBySession failed session=dt-1-cid-f4dtdp1790145793211982000: ERROR: relation "feedback_records" does not exist (SQLSTATE 42P01) component=user-server
2026-09-23T14:43:13+08:00 ERR [Inbox] aiTrigger 未配置 — 桥接入站消息不会创建 customer_sessions / 不会生成 AI 回复。请检查 router.Setup() 中 bridgeIngressSvc.SetAITrigger(webhookSvc) 是否在 bridge WS 注册前调用。 account_id=1 channel=dingtalk component=user-server session_id=dt-1-cid-f4dtdp1790145793211982000
2026-09-23T14:43:13+08:00 INF [DingTalk] 入站媒体已转存 account_id=1 component=user-server msg_id=dt-1-dp-f4dtdp1790145793211982000 urls=["/files/dingtalk/dc-f4dtdp1790145793211982000-same"]
--- PASS: TestM01_DingTalkSameDownloadCodeTransfersOnce (0.37s)
=== RUN   TestM01_DingTalkInboundMediaKeepsTypeAndDownloadCode
2026-09-23T14:43:13+08:00 WRN [feedback] UpdateCustomerAcceptBySession failed session=dt-1-cid-f4dt1790145793465420000: ERROR: relation "feedback_records" does not exist (SQLSTATE 42P01) component=user-server
2026-09-23T14:43:13+08:00 ERR [Inbox] aiTrigger 未配置 — 桥接入站消息不会创建 customer_sessions / 不会生成 AI 回复。请检查 router.Setup() 中 bridgeIngressSvc.SetAITrigger(webhookSvc) 是否在 bridge WS 注册前调用。 account_id=1 channel=dingtalk component=user-server session_id=dt-1-cid-f4dt1790145793465420000
2026-09-23T14:43:13+08:00 WRN [DingTalk] 媒体下载失败（占位符保留） error="f4dt: 承载用例不发起真实下载" component=user-server media_code=dc-f4dt1790145793465420000-pic
2026-09-23T14:43:13+08:00 WRN [feedback] UpdateCustomerAcceptBySession failed session=dt-1-cid-f4dt1790145793465420000: ERROR: relation "feedback_records" does not exist (SQLSTATE 42P01) component=user-server
2026-09-23T14:43:13+08:00 ERR [Inbox] aiTrigger 未配置 — 桥接入站消息不会创建 customer_sessions / 不会生成 AI 回复。请检查 router.Setup() 中 bridgeIngressSvc.SetAITrigger(webhookSvc) 是否在 bridge WS 注册前调用。 account_id=1 channel=dingtalk component=user-server session_id=dt-1-cid-f4dt1790145793465420000
2026-09-23T14:43:13+08:00 WRN [DingTalk] 媒体下载失败（占位符保留） error="f4dt: 承载用例不发起真实下载" component=user-server media_code=dc-f4dt1790145793465420000-aud
2026-09-23T14:43:13+08:00 INF [DingTalk] 入站媒体已转存 account_id=1 component=user-server msg_id=dt-1-pic-f4dt1790145793465420000 urls=["dc-f4dt1790145793465420000-pic"]
2026-09-23T14:43:13+08:00 INF [DingTalk] 入站媒体已转存 account_id=1 component=user-server msg_id=dt-1-aud-f4dt1790145793465420000 urls=["dc-f4dt1790145793465420000-aud"]
2026-09-23T14:43:13+08:00 WRN [feedback] UpdateCustomerAcceptBySession failed session=dt-1-cid-f4dt1790145793465420000: ERROR: relation "feedback_records" does not exist (SQLSTATE 42P01) component=user-server
2026-09-23T14:43:13+08:00 ERR [Inbox] aiTrigger 未配置 — 桥接入站消息不会创建 customer_sessions / 不会生成 AI 回复。请检查 router.Setup() 中 bridgeIngressSvc.SetAITrigger(webhookSvc) 是否在 bridge WS 注册前调用。 account_id=1 channel=dingtalk component=user-server session_id=dt-1-cid-f4dt1790145793465420000
2026-09-23T14:43:13+08:00 WRN [DingTalk] 媒体下载失败（占位符保留） error="f4dt: 承载用例不发起真实下载" component=user-server media_code=dc-f4dt1790145793465420000-file
2026-09-23T14:43:13+08:00 INF [DingTalk] 入站媒体已转存 account_id=1 component=user-server msg_id=dt-1-fil-f4dt1790145793465420000 urls=["dc-f4dt1790145793465420000-file"]
2026-09-23T14:43:13+08:00 WRN [feedback] UpdateCustomerAcceptBySession failed session=dt-1-cid-f4dt1790145793465420000: ERROR: relation "feedback_records" does not exist (SQLSTATE 42P01) component=user-server
2026-09-23T14:43:13+08:00 ERR [Inbox] aiTrigger 未配置 — 桥接入站消息不会创建 customer_sessions / 不会生成 AI 回复。请检查 router.Setup() 中 bridgeIngressSvc.SetAITrigger(webhookSvc) 是否在 bridge WS 注册前调用。 account_id=1 channel=dingtalk component=user-server session_id=dt-1-cid-f4dt1790145793465420000
2026-09-23T14:43:13+08:00 WRN [DingTalk] 媒体下载失败（占位符保留） error="f4dt: 承载用例不发起真实下载" component=user-server media_code=dc-f4dt1790145793465420000-vid
2026-09-23T14:43:13+08:00 INF [DingTalk] 入站媒体已转存 account_id=1 component=user-server msg_id=dt-1-vid-f4dt1790145793465420000 urls=["dc-f4dt1790145793465420000-vid"]
2026-09-23T14:43:13+08:00 WRN [feedback] UpdateCustomerAcceptBySession failed session=dt-1-cid-f4dt1790145793465420000: ERROR: relation "feedback_records" does not exist (SQLSTATE 42P01) component=user-server
2026-09-23T14:43:13+08:00 ERR [Inbox] aiTrigger 未配置 — 桥接入站消息不会创建 customer_sessions / 不会生成 AI 回复。请检查 router.Setup() 中 bridgeIngressSvc.SetAITrigger(webhookSvc) 是否在 bridge WS 注册前调用。 account_id=1 channel=dingtalk component=user-server session_id=dt-1-cid-f4dt1790145793465420000
2026-09-23T14:43:13+08:00 WRN [DingTalk] 媒体下载失败（占位符保留） error="f4dt: 承载用例不发起真实下载" component=user-server media_code=dc-f4dt1790145793465420000-rt1
2026-09-23T14:43:13+08:00 WRN [DingTalk] 媒体下载失败（占位符保留） error="f4dt: 承载用例不发起真实下载" component=user-server media_code=dc-f4dt1790145793465420000-rt2
2026-09-23T14:43:13+08:00 INF [DingTalk] 入站媒体已转存 account_id=1 component=user-server msg_id=dt-1-rt-f4dt1790145793465420000 urls=["dc-f4dt1790145793465420000-rt1","dc-f4dt1790145793465420000-rt2"]
--- PASS: TestM01_DingTalkInboundMediaKeepsTypeAndDownloadCode (0.25s)
=== RUN   TestM01_DingTalkKeepsOfficialCreateAt
2026-09-23T14:43:13+08:00 WRN [feedback] UpdateCustomerAcceptBySession failed session=dt-1-cid-f4dtc1790145793739771000: ERROR: relation "feedback_records" does not exist (SQLSTATE 42P01) component=user-server
2026-09-23T14:43:13+08:00 INF [Inbox] 钩子3：最后一条 inbound 超过 5 分钟，历史消息不触发 AI channel=dingtalk component=user-server conv_id=cid-f4dtc1790145793739771000 event_id=dt-1-tsq-f4dtc1790145793739771000
2026-09-23T14:43:13+08:00 WRN [feedback] UpdateCustomerAcceptBySession failed session=dt-1-cid-f4dtc1790145793739771000: ERROR: relation "feedback_records" does not exist (SQLSTATE 42P01) component=user-server
2026-09-23T14:43:13+08:00 INF [Inbox] 钩子3：最后一条 inbound 超过 5 分钟，历史消息不触发 AI channel=dingtalk component=user-server conv_id=cid-f4dtc1790145793739771000 event_id=dt-1-tsb-f4dtc1790145793739771000
2026-09-23T14:43:13+08:00 INF [Inbox] 时序锚点：消息 timestamp 早于锚点，标记为 backfill 历史堆积 anchor_timestamp=2026-09-23T11:43:13+08:00 channel=dingtalk component=user-server conv_id=cid-f4dtc1790145793739771000 event_id=dt-1-tss-f4dtc1790145793739771000 msg_timestamp=2026-09-23T11:43:13+08:00
2026-09-23T14:43:13+08:00 WRN [feedback] UpdateCustomerAcceptBySession failed session=dt-1-cid-f4dtc1790145793739771000: ERROR: relation "feedback_records" does not exist (SQLSTATE 42P01) component=user-server
2026-09-23T14:43:13+08:00 INF [Inbox] 钩子3：最后一条 inbound 超过 5 分钟，历史消息不触发 AI channel=dingtalk component=user-server conv_id=cid-f4dtc1790145793739771000 event_id=dt-1-tss-f4dtc1790145793739771000
2026-09-23T14:43:13+08:00 WRN [feedback] UpdateCustomerAcceptBySession failed session=dt-1-cid-f4dtc1790145793739771000: ERROR: relation "feedback_records" does not exist (SQLSTATE 42P01) component=user-server
2026-09-23T14:43:13+08:00 ERR [Inbox] aiTrigger 未配置 — 桥接入站消息不会创建 customer_sessions / 不会生成 AI 回复。请检查 router.Setup() 中 bridgeIngressSvc.SetAITrigger(webhookSvc) 是否在 bridge WS 注册前调用。 account_id=1 channel=dingtalk component=user-server session_id=dt-1-cid-f4dtc1790145793739771000
2026-09-23T14:43:13+08:00 WRN [feedback] UpdateCustomerAcceptBySession failed session=dt-1-cid-f4dtc1790145793739771000: ERROR: relation "feedback_records" does not exist (SQLSTATE 42P01) component=user-server
2026-09-23T14:43:13+08:00 ERR [Inbox] aiTrigger 未配置 — 桥接入站消息不会创建 customer_sessions / 不会生成 AI 回复。请检查 router.Setup() 中 bridgeIngressSvc.SetAITrigger(webhookSvc) 是否在 bridge WS 注册前调用。 account_id=1 channel=dingtalk component=user-server session_id=dt-1-cid-f4dtc1790145793739771000
--- PASS: TestM01_DingTalkKeepsOfficialCreateAt (0.25s)
=== RUN   TestM01_DingTalkTextUnchanged
2026-09-23T14:43:13+08:00 WRN [feedback] UpdateCustomerAcceptBySession failed session=dt-1-cid-f4dtt1790145793955061000: ERROR: relation "feedback_records" does not exist (SQLSTATE 42P01) component=user-server
2026-09-23T14:43:13+08:00 ERR [Inbox] aiTrigger 未配置 — 桥接入站消息不会创建 customer_sessions / 不会生成 AI 回复。请检查 router.Setup() 中 bridgeIngressSvc.SetAITrigger(webhookSvc) 是否在 bridge WS 注册前调用。 account_id=1 channel=dingtalk component=user-server session_id=dt-1-cid-f4dtt1790145793955061000
--- PASS: TestM01_DingTalkTextUnchanged (0.18s)
=== RUN   TestBatchJ_DingTalkTokenLegShapes
=== RUN   TestBatchJ_DingTalkTokenLegShapes/200-空accessToken
=== RUN   TestBatchJ_DingTalkTokenLegShapes/200-非JSON应答
=== RUN   TestBatchJ_DingTalkTokenLegShapes/403-空accessToken
=== RUN   TestBatchJ_DingTalkTokenLegShapes/200-拿到凭证
--- PASS: TestBatchJ_DingTalkTokenLegShapes (0.00s)
    --- PASS: TestBatchJ_DingTalkTokenLegShapes/200-空accessToken (0.00s)
    --- PASS: TestBatchJ_DingTalkTokenLegShapes/200-非JSON应答 (0.00s)
    --- PASS: TestBatchJ_DingTalkTokenLegShapes/403-空accessToken (0.00s)
    --- PASS: TestBatchJ_DingTalkTokenLegShapes/200-拿到凭证 (0.00s)
=== RUN   TestBatchJ_DingTalkTokenErrorIsNotRetryable
--- PASS: TestBatchJ_DingTalkTokenErrorIsNotRetryable (0.00s)
=== RUN   TestBatchJ_DingTalkPresignedURLQueryNeverReachesError
--- PASS: TestBatchJ_DingTalkPresignedURLQueryNeverReachesError (0.00s)
=== RUN   TestBatchJ_DingTalkAccessTokenNeverReachesParseError
--- PASS: TestBatchJ_DingTalkAccessTokenNeverReachesParseError (0.00s)
FAIL
FAIL	hivemtk-user/internal/service	4.801s
FAIL
