2026-09-25T14:37:25+08:00 WRN [SECURITY][WARN] USER_JWT_SECRET/JWT_SECRET 未配置，go test 进程使用固定测试密钥（仅用于单元测试） component=user-server
=== RUN   TestInitBadCaseRuntime_NilDBClearsGlobal
2026-09-25T14:37:25+08:00 INF [bad-case] ✅ Bad Case 底座已装配（表 bad_cases）：两条自动判据（低置信度 / 零命中）+ 人工补录，打标七类目归四层，导出即盖 eval_set_id 防重导 component=user-server
2026-09-25T14:37:25+08:00 WRN [bad-case] ⚠️ 无 DB 句柄 ⇒ Bad Case 底座不装配：/api/bad-cases/* 全部回 503、低质回答不再留痕（回答本身照常发出，本卡不改变那条路径） component=user-server
--- PASS: TestInitBadCaseRuntime_NilDBClearsGlobal (0.17s)
=== RUN   TestInitBadCaseRuntime_RegistersUsableGlobal
2026-09-25T14:37:25+08:00 INF [bad-case] ✅ Bad Case 底座已装配（表 bad_cases）：两条自动判据（低置信度 / 零命中）+ 人工补录，打标七类目归四层，导出即盖 eval_set_id 防重导 component=user-server
2026-09-25T14:37:25+08:00 INF [bad-case] ✅ Bad Case 底座已装配（表 bad_cases）：两条自动判据（低置信度 / 零命中）+ 人工补录，打标七类目归四层，导出即盖 eval_set_id 防重导 component=user-server
--- PASS: TestInitBadCaseRuntime_RegistersUsableGlobal (0.05s)
=== RUN   TestBadCaseMarkerFor_NilWhenNotAssembled
2026-09-25T14:37:25+08:00 INF [bad-case] ✅ 编排器已挂 Bad Case 自动标记器（每轮回答后按两条判据判定） component=user-server
    bad_case_wiring_test.go:99: 底座未装配时 attach 不该报成功
--- FAIL: TestBadCaseMarkerFor_NilWhenNotAssembled (0.00s)
=== RUN   TestBadCaseMarkerFor_WritesThroughProductionClosure
2026-09-25T14:37:25+08:00 INF [bad-case] ✅ Bad Case 底座已装配（表 bad_cases）：两条自动判据（低置信度 / 零命中）+ 人工补录，打标七类目归四层，导出即盖 eval_set_id 防重导 component=user-server
2026-09-25T14:37:25+08:00 INF [bad-case] ✅ 编排器已挂 Bad Case 自动标记器（每轮回答后按两条判据判定） component=user-server
2026-09-25T14:37:25+08:00 INF [BadCase] 自动标记一条低质回答 case_id=bc_1790318245334740000_1 component=user-server confidence=0.1 session_id=sess_bc_wire_low source=low_confidence threshold=0.7
2026-09-25T14:37:25+08:00 INF [BadCase] 自动标记一条低质回答 case_id=bc_1790318245342105000_3 component=user-server confidence=0.99 session_id=sess_bc_wire_zero source=zero_hit threshold=0.7
--- PASS: TestBadCaseMarkerFor_WritesThroughProductionClosure (0.07s)
=== RUN   TestBadCaseMarkerFor_BoundAtAttachTimeNotPerCall
2026-09-25T14:37:25+08:00 INF [bad-case] ✅ Bad Case 底座已装配（表 bad_cases）：两条自动判据（低置信度 / 零命中）+ 人工补录，打标七类目归四层，导出即盖 eval_set_id 防重导 component=user-server
2026-09-25T14:37:25+08:00 WRN [bad-case] ⚠️ 无 DB 句柄 ⇒ Bad Case 底座不装配：/api/bad-cases/* 全部回 503、低质回答不再留痕（回答本身照常发出，本卡不改变那条路径） component=user-server
2026-09-25T14:37:25+08:00 INF [BadCase] 自动标记一条低质回答 case_id=bc_1790318245399735000_4 component=user-server confidence=0.1 session_id=sess_bc_wire_stale source=low_confidence threshold=0.7
--- PASS: TestBadCaseMarkerFor_BoundAtAttachTimeNotPerCall (0.06s)
FAIL
FAIL	hivemtk-user/internal/app	0.940s
FAIL
