2026-09-25T14:36:27+08:00 WRN [SECURITY][WARN] USER_JWT_SECRET/JWT_SECRET 未配置，go test 进程使用固定测试密钥（仅用于单元测试） component=user-server
=== RUN   TestBadCaseMarkBadCase_NilMarkerIsNoop
--- PASS: TestBadCaseMarkBadCase_NilMarkerIsNoop (0.00s)
=== RUN   TestBadCaseMarkBadCase_Gates
=== RUN   TestBadCaseMarkBadCase_Gates/低于阈值_→_留痕
2026-09-25T14:36:27+08:00 WRN [bad-case] 留痕 panic 已 recover，不影响会话主链路: no-recover\ngoroutine 54 [running]:\nruntime/debug.Stack()\n	/Users/xiaofang/go/pkg/mod/golang.org/toolchain@v0.0.1-go1.26.6.darwin-arm64/src/runtime/debug/stack.go:26 +0x64\nhivemtk-user/internal/service.(*SmartCSOrchestrator).markBadCase.func1.1()\n	/private/var/folders/xw/pd_rr_z54w38gq41yfm8h7sm0000gn/T/p803mut-68ub3b0p/clone/user-server/internal/service/smart_cs_orchestrator.go:898 +0x1c\nhivemtk-user/internal/service.(*SmartCSOrchestrator).markBadCase.func1({{0x10187944e, 0x9}, {0x1018757e2, 0x8}, {0x0, 0x0}, {0x0, 0x0}, {0x10186d17b, 0x6}, ...})\n	/private/var/folders/xw/pd_rr_z54w38gq41yfm8h7sm0000gn/T/p803mut-68ub3b0p/clone/user-server/internal/service/smart_cs_orchestrator.go:904 +0xe8\ncreated by hivemtk-user/internal/service.(*SmartCSOrchestrator).markBadCase in goroutine 53\n	/private/var/folders/xw/pd_rr_z54w38gq41yfm8h7sm0000gn/T/p803mut-68ub3b0p/clone/user-server/internal/service/smart_cs_orchestrator.go:895 +0x2f0\n component=user-server
=== RUN   TestBadCaseMarkBadCase_Gates/高于阈值且有命中_→_不留痕
=== RUN   TestBadCaseMarkBadCase_Gates/正好等于阈值_→_不留痕（判据是_<）
=== RUN   TestBadCaseMarkBadCase_Gates/零命中但高置信_→_留痕
2026-09-25T14:36:28+08:00 WRN [bad-case] 留痕 panic 已 recover，不影响会话主链路: no-recover\ngoroutine 39 [running]:\nruntime/debug.Stack()\n	/Users/xiaofang/go/pkg/mod/golang.org/toolchain@v0.0.1-go1.26.6.darwin-arm64/src/runtime/debug/stack.go:26 +0x64\nhivemtk-user/internal/service.(*SmartCSOrchestrator).markBadCase.func1.1()\n	/private/var/folders/xw/pd_rr_z54w38gq41yfm8h7sm0000gn/T/p803mut-68ub3b0p/clone/user-server/internal/service/smart_cs_orchestrator.go:898 +0x1c\nhivemtk-user/internal/service.(*SmartCSOrchestrator).markBadCase.func1({{0x10187944e, 0x9}, {0x1018757e2, 0x8}, {0x0, 0x0}, {0x0, 0x0}, {0x10186d17b, 0x6}, ...})\n	/private/var/folders/xw/pd_rr_z54w38gq41yfm8h7sm0000gn/T/p803mut-68ub3b0p/clone/user-server/internal/service/smart_cs_orchestrator.go:904 +0xe8\ncreated by hivemtk-user/internal/service.(*SmartCSOrchestrator).markBadCase in goroutine 38\n	/private/var/folders/xw/pd_rr_z54w38gq41yfm8h7sm0000gn/T/p803mut-68ub3b0p/clone/user-server/internal/service/smart_cs_orchestrator.go:895 +0x2f0\n component=user-server
=== RUN   TestBadCaseMarkBadCase_Gates/空回答_→_不留痕（评测集里是一条无法判定的样本）
=== RUN   TestBadCaseMarkBadCase_Gates/nil_resp_→_不留痕
=== RUN   TestBadCaseMarkBadCase_Gates/nil_in_→_不留痕
--- PASS: TestBadCaseMarkBadCase_Gates (1.06s)
    --- PASS: TestBadCaseMarkBadCase_Gates/低于阈值_→_留痕 (0.15s)
    --- PASS: TestBadCaseMarkBadCase_Gates/高于阈值且有命中_→_不留痕 (0.15s)
    --- PASS: TestBadCaseMarkBadCase_Gates/正好等于阈值_→_不留痕（判据是_<） (0.15s)
    --- PASS: TestBadCaseMarkBadCase_Gates/零命中但高置信_→_留痕 (0.15s)
    --- PASS: TestBadCaseMarkBadCase_Gates/空回答_→_不留痕（评测集里是一条无法判定的样本） (0.15s)
    --- PASS: TestBadCaseMarkBadCase_Gates/nil_resp_→_不留痕 (0.15s)
    --- PASS: TestBadCaseMarkBadCase_Gates/nil_in_→_不留痕 (0.15s)
=== RUN   TestBadCaseMarkBadCase_CarriesTheFacts
2026-09-25T14:36:28+08:00 WRN [bad-case] 留痕 panic 已 recover，不影响会话主链路: no-recover\ngoroutine 26 [running]:\nruntime/debug.Stack()\n	/Users/xiaofang/go/pkg/mod/golang.org/toolchain@v0.0.1-go1.26.6.darwin-arm64/src/runtime/debug/stack.go:26 +0x64\nhivemtk-user/internal/service.(*SmartCSOrchestrator).markBadCase.func1.1()\n	/private/var/folders/xw/pd_rr_z54w38gq41yfm8h7sm0000gn/T/p803mut-68ub3b0p/clone/user-server/internal/service/smart_cs_orchestrator.go:898 +0x1c\nhivemtk-user/internal/service.(*SmartCSOrchestrator).markBadCase.func1({{0x10187dcc6, 0xa}, {0x101879460, 0x9}, {0x101879457, 0x9}, {0x10188afa3, 0xd}, {0x101893703, 0xf}, ...})\n	/private/var/folders/xw/pd_rr_z54w38gq41yfm8h7sm0000gn/T/p803mut-68ub3b0p/clone/user-server/internal/service/smart_cs_orchestrator.go:904 +0xe8\ncreated by hivemtk-user/internal/service.(*SmartCSOrchestrator).markBadCase in goroutine 25\n	/private/var/folders/xw/pd_rr_z54w38gq41yfm8h7sm0000gn/T/p803mut-68ub3b0p/clone/user-server/internal/service/smart_cs_orchestrator.go:895 +0x2f0\n component=user-server
--- PASS: TestBadCaseMarkBadCase_CarriesTheFacts (0.15s)
=== RUN   TestBadCaseMarkBadCase_NoDecisionNoFabricatedSignal
2026-09-25T14:36:28+08:00 WRN [bad-case] 留痕 panic 已 recover，不影响会话主链路: no-recover\ngoroutine 41 [running]:\nruntime/debug.Stack()\n	/Users/xiaofang/go/pkg/mod/golang.org/toolchain@v0.0.1-go1.26.6.darwin-arm64/src/runtime/debug/stack.go:26 +0x64\nhivemtk-user/internal/service.(*SmartCSOrchestrator).markBadCase.func1.1()\n	/private/var/folders/xw/pd_rr_z54w38gq41yfm8h7sm0000gn/T/p803mut-68ub3b0p/clone/user-server/internal/service/smart_cs_orchestrator.go:898 +0x1c\nhivemtk-user/internal/service.(*SmartCSOrchestrator).markBadCase.func1({{0x10187dcd0, 0xa}, {0x101879469, 0x9}, {0x0, 0x0}, {0x0, 0x0}, {0x101863b87, 0x3}, ...})\n	/private/var/folders/xw/pd_rr_z54w38gq41yfm8h7sm0000gn/T/p803mut-68ub3b0p/clone/user-server/internal/service/smart_cs_orchestrator.go:904 +0xe8\ncreated by hivemtk-user/internal/service.(*SmartCSOrchestrator).markBadCase in goroutine 40\n	/private/var/folders/xw/pd_rr_z54w38gq41yfm8h7sm0000gn/T/p803mut-68ub3b0p/clone/user-server/internal/service/smart_cs_orchestrator.go:895 +0x2f0\n component=user-server
--- PASS: TestBadCaseMarkBadCase_NoDecisionNoFabricatedSignal (0.15s)
=== RUN   TestBadCaseMarkBadCase_EmptyVetoLeavesNoTrailingFragment
2026-09-25T14:36:29+08:00 WRN [bad-case] 留痕 panic 已 recover，不影响会话主链路: no-recover\ngoroutine 28 [running]:\nruntime/debug.Stack()\n	/Users/xiaofang/go/pkg/mod/golang.org/toolchain@v0.0.1-go1.26.6.darwin-arm64/src/runtime/debug/stack.go:26 +0x64\nhivemtk-user/internal/service.(*SmartCSOrchestrator).markBadCase.func1.1()\n	/private/var/folders/xw/pd_rr_z54w38gq41yfm8h7sm0000gn/T/p803mut-68ub3b0p/clone/user-server/internal/service/smart_cs_orchestrator.go:898 +0x1c\nhivemtk-user/internal/service.(*SmartCSOrchestrator).markBadCase.func1({{0x1018825b7, 0xb}, {0x10187dcda, 0xa}, {0x101863256, 0x2}, {0x0, 0x0}, {0x101863b87, 0x3}, ...})\n	/private/var/folders/xw/pd_rr_z54w38gq41yfm8h7sm0000gn/T/p803mut-68ub3b0p/clone/user-server/internal/service/smart_cs_orchestrator.go:904 +0xe8\ncreated by hivemtk-user/internal/service.(*SmartCSOrchestrator).markBadCase in goroutine 27\n	/private/var/folders/xw/pd_rr_z54w38gq41yfm8h7sm0000gn/T/p803mut-68ub3b0p/clone/user-server/internal/service/smart_cs_orchestrator.go:895 +0x2f0\n component=user-server
--- PASS: TestBadCaseMarkBadCase_EmptyVetoLeavesNoTrailingFragment (0.15s)
=== RUN   TestBadCaseMarkBadCase_UsesEffectiveConfidence
--- PASS: TestBadCaseMarkBadCase_UsesEffectiveConfidence (0.15s)
=== RUN   TestBadCaseMarkBadCase_UsesFreshContextNotRequestContext
--- PASS: TestBadCaseMarkBadCase_UsesFreshContextNotRequestContext (0.00s)
=== RUN   TestBadCaseMarkBadCase_MarkerPanicIsRecovered
2026-09-25T14:36:29+08:00 WRN [bad-case] 留痕 panic 已 recover，不影响会话主链路: no-recover\ngoroutine 31 [running]:\nruntime/debug.Stack()\n	/Users/xiaofang/go/pkg/mod/golang.org/toolchain@v0.0.1-go1.26.6.darwin-arm64/src/runtime/debug/stack.go:26 +0x64\nhivemtk-user/internal/service.(*SmartCSOrchestrator).markBadCase.func1.1()\n	/private/var/folders/xw/pd_rr_z54w38gq41yfm8h7sm0000gn/T/p803mut-68ub3b0p/clone/user-server/internal/service/smart_cs_orchestrator.go:898 +0x1c\nhivemtk-user/internal/service.(*SmartCSOrchestrator).markBadCase.func1({{0x1018757f2, 0x8}, {0x101872433, 0x7}, {0x0, 0x0}, {0x0, 0x0}, {0x0, 0x0}, ...})\n	/private/var/folders/xw/pd_rr_z54w38gq41yfm8h7sm0000gn/T/p803mut-68ub3b0p/clone/user-server/internal/service/smart_cs_orchestrator.go:904 +0xe8\ncreated by hivemtk-user/internal/service.(*SmartCSOrchestrator).markBadCase in goroutine 30\n	/private/var/folders/xw/pd_rr_z54w38gq41yfm8h7sm0000gn/T/p803mut-68ub3b0p/clone/user-server/internal/service/smart_cs_orchestrator.go:895 +0x2f0\n component=user-server
2026-09-25T14:36:29+08:00 WRN [bad-case] 留痕 panic 已 recover，不影响会话主链路: no-recover\ngoroutine 55 [running]:\nruntime/debug.Stack()\n	/Users/xiaofang/go/pkg/mod/golang.org/toolchain@v0.0.1-go1.26.6.darwin-arm64/src/runtime/debug/stack.go:26 +0x64\nhivemtk-user/internal/service.(*SmartCSOrchestrator).markBadCase.func1.1()\n	/private/var/folders/xw/pd_rr_z54w38gq41yfm8h7sm0000gn/T/p803mut-68ub3b0p/clone/user-server/internal/service/smart_cs_orchestrator.go:898 +0x1c\nhivemtk-user/internal/service.(*SmartCSOrchestrator).markBadCase.func1({{0x1018825c2, 0xb}, {0x10187dcee, 0xa}, {0x0, 0x0}, {0x0, 0x0}, {0x0, 0x0}, ...})\n	/private/var/folders/xw/pd_rr_z54w38gq41yfm8h7sm0000gn/T/p803mut-68ub3b0p/clone/user-server/internal/service/smart_cs_orchestrator.go:904 +0xe8\ncreated by hivemtk-user/internal/service.(*SmartCSOrchestrator).markBadCase in goroutine 42\n	/private/var/folders/xw/pd_rr_z54w38gq41yfm8h7sm0000gn/T/p803mut-68ub3b0p/clone/user-server/internal/service/smart_cs_orchestrator.go:895 +0x2f0\n component=user-server
2026-09-25T14:36:29+08:00 WRN [bad-case] 留痕 panic 已 recover，不影响会话主链路: no-recover\ngoroutine 43 [running]:\nruntime/debug.Stack()\n	/Users/xiaofang/go/pkg/mod/golang.org/toolchain@v0.0.1-go1.26.6.darwin-arm64/src/runtime/debug/stack.go:26 +0x64\nhivemtk-user/internal/service.(*SmartCSOrchestrator).markBadCase.func1.1()\n	/private/var/folders/xw/pd_rr_z54w38gq41yfm8h7sm0000gn/T/p803mut-68ub3b0p/clone/user-server/internal/service/smart_cs_orchestrator.go:898 +0x1c\npanic({0x10297e360?, 0x102ca5ff0?})\n	/Users/xiaofang/go/pkg/mod/golang.org/toolchain@v0.0.1-go1.26.6.darwin-arm64/src/runtime/panic.go:860 +0x12c\nhivemtk-user/internal/service.TestBadCaseMarkBadCase_MarkerPanicIsRecovered.func1({0x5f55d438d6c8?, 0x2?}, {{0x10187dce4, 0xa}, {0x10187947b, 0x9}, {0x0, 0x0}, {0x0, 0x0}, ...})\n	/private/var/folders/xw/pd_rr_z54w38gq41yfm8h7sm0000gn/T/p803mut-68ub3b0p/clone/user-server/internal/service/bad_case_marker_test.go:267 +0x34\nhivemtk-user/internal/service.(*SmartCSOrchestrator).markBadCase.func1({{0x10187dce4, 0xa}, {0x10187947b, 0x9}, {0x0, 0x0}, {0x0, 0x0}, {0x0, 0x0}, ...})\n	/private/var/folders/xw/pd_rr_z54w38gq41yfm8h7sm0000gn/T/p803mut-68ub3b0p/clone/user-server/internal/service/smart_cs_orchestrator.go:903 +0xcc\ncreated by hivemtk-user/internal/service.(*SmartCSOrchestrator).markBadCase in goroutine 42\n	/private/var/folders/xw/pd_rr_z54w38gq41yfm8h7sm0000gn/T/p803mut-68ub3b0p/clone/user-server/internal/service/smart_cs_orchestrator.go:895 +0x2f0\n component=user-server
panic: 留痕里炸了

goroutine 43 [running]:
hivemtk-user/internal/service.TestBadCaseMarkBadCase_MarkerPanicIsRecovered.func1({0x5f55d438d6c8?, 0x2?}, {{0x10187dce4, 0xa}, {0x10187947b, 0x9}, {0x0, 0x0}, {0x0, 0x0}, ...})
	/private/var/folders/xw/pd_rr_z54w38gq41yfm8h7sm0000gn/T/p803mut-68ub3b0p/clone/user-server/internal/service/bad_case_marker_test.go:267 +0x34
hivemtk-user/internal/service.(*SmartCSOrchestrator).markBadCase.func1({{0x10187dce4, 0xa}, {0x10187947b, 0x9}, {0x0, 0x0}, {0x0, 0x0}, {0x0, 0x0}, ...})
	/private/var/folders/xw/pd_rr_z54w38gq41yfm8h7sm0000gn/T/p803mut-68ub3b0p/clone/user-server/internal/service/smart_cs_orchestrator.go:903 +0xcc
created by hivemtk-user/internal/service.(*SmartCSOrchestrator).markBadCase in goroutine 42
	/private/var/folders/xw/pd_rr_z54w38gq41yfm8h7sm0000gn/T/p803mut-68ub3b0p/clone/user-server/internal/service/smart_cs_orchestrator.go:895 +0x2f0
FAIL	hivemtk-user/internal/service	2.341s
FAIL
