$ python3 scripts/merge-gate.py --round calib2 --only go-build --only go-vet --only gofmt --only go-test-browser-automation --only go-test-host-packages --only vitest-bridge --only vitest-browser-automation --only markdownlint --only arch-gate --only fmt-check --only date-bucket-tz --only unwired-assets --only doc-consistency --only feature-doc --only enum-consistency --only no-xapptool --only cross-package-ports --only model-migration --only md-links-offline --only component-types --only workflow-refs --only ci-step-coverage --only test-nil-deref --only env-coverage --only seam-guard --only async-global-read --only closeout-r22 --only closeout-selftest
步骤名单（28 步，全程不带 -run）：go-build go-vet gofmt go-test-browser-automation go-test-host-packages vitest-bridge vitest-browser-automation markdownlint arch-gate fmt-check date-bucket-tz unwired-assets doc-consistency feature-doc enum-consistency no-xapptool cross-package-ports model-migration md-links-offline component-types workflow-refs ci-step-coverage test-nil-deref env-coverage seam-guard async-global-read closeout-r22 closeout-selftest
合并门禁：28 步，日志 → docs/superpowers/specs/ledger/logs/calib2/merge/
[绿] go-build                        11.3s 
[绿] go-vet                           3.8s 
[绿] gofmt                            0.5s 
[绿] go-test-browser-automation     228.6s 
[绿] go-test-host-packages          744.2s 
[绿] vitest-bridge                   14.9s 
[绿] vitest-browser-automation       34.4s 
[绿] markdownlint                     5.0s 
[绿] arch-gate                       13.7s 
[绿] fmt-check                        1.1s 
[绿] date-bucket-tz                   0.6s 
[绿] unwired-assets                  35.4s 
[绿] doc-consistency                  0.1s 
[绿] feature-doc                      0.0s 
[绿] enum-consistency                 0.3s 
[绿] no-xapptool                      3.2s 
[绿] cross-package-ports              0.1s 
[绿] model-migration                  0.3s 
[绿] md-links-offline                 0.1s 
[绿] component-types                  0.0s 
[绿] workflow-refs                    0.2s 
[红] ci-step-coverage                21.9s ｜ rc=1
[绿] test-nil-deref                   1.3s 
[绿] env-coverage                     3.4s 
[绿] seam-guard                       2.6s 
[绿] async-global-read                0.9s 
[绿] closeout-r22                     8.1s 
[绿] closeout-selftest                2.3s 
===== 合并门禁：27/28 步绿，红在：ci-step-coverage =====
