=== cell K2-window-disabled-at-caller ===
2026-09-22T13:32:37.222894+08:00
--- git HEAD: b1407b3b
--- go test ./internal/service/ -run 'TestIngress_ContentDedupKeyCarriesConversation|TestPersistBridgeHistory_ContentDedupExpiresAfterWindow|TestPersistBridgeHistory_ContentDedupStillHooksFreshEcho|TestPersistBridgeHistory_ContentDedupScopedToConversation|TestHandleIngress_DupDecisionPersistsWithAISuppressed|TestHandleIngressBatch_DupDecisionPersistsWithAISuppressed|TestHandleIngress_SelfEchoDecisionPersistsNothing|TestIngress_PlatformIDEventsSkipContentDedup'
[90m2026-09-22T13:33:32+08:00[0m [33mWRN[0m [1m[SECURITY][WARN] USER_JWT_SECRET/JWT_SECRET 未配置，go test 进程使用固定测试密钥（仅用于单元测试）[0m [36mcomponent=[0muser-server
=== RUN   TestIngress_ContentDedupKeyCarriesConversation
--- PASS: TestIngress_ContentDedupKeyCarriesConversation (4.20s)
=== RUN   TestIngress_PlatformIDEventsSkipContentDedup
--- PASS: TestIngress_PlatformIDEventsSkipContentDedup (0.24s)
=== RUN   TestPersistBridgeHistory_ContentDedupExpiresAfterWindow
[90m2026-09-22T13:33:37+08:00[0m [32mINF[0m [1m[Inbox] PersistBridgeHistory 钩子2.5 命中：platform+content 已存在，幂等跳过（防回环）[0m [36mchannel=[0mxiaohongshu [36mcomponent=[0muser-server [36mconv_id=[0mconv-r23-aged [36mexisting_direction=[0moutbound [36mexisting_msg_id=[0mmh-r23-old [36mmodule=[0mbridge [36msender_id=[0mcustomer-aged-1790055217600768000
    inbox_ingress_dedup_scope_test.go:140: §6-2 未达成：超出回声窗口的历史同内容又被说一遍应入库，实际 inbound=0（hub 层内容命中不看行多老）
--- FAIL: TestPersistBridgeHistory_ContentDedupExpiresAfterWindow (0.51s)
=== RUN   TestPersistBridgeHistory_ContentDedupStillHooksFreshEcho
[90m2026-09-22T13:33:37+08:00[0m [32mINF[0m [1m[Inbox] PersistBridgeHistory 钩子2.5 命中：normalized platform+content 已存在，幂等跳过（防回环）[0m [36mchannel=[0mxiaohongshu [36mcomponent=[0muser-server [36mconv_id=[0mconv-r23-fresh [36mexisting_conv_id=[0mconv-r23-fresh [36mexisting_direction=[0moutbound [36mexisting_msg_id=[0mmh-r23-fresh [36mmodule=[0mbridge [36msender_id=[0mcustomer-fresh-1790055217772233000
--- PASS: TestPersistBridgeHistory_ContentDedupStillHooksFreshEcho (0.16s)
=== RUN   TestPersistBridgeHistory_ContentDedupScopedToConversation
--- PASS: TestPersistBridgeHistory_ContentDedupScopedToConversation (0.17s)
=== RUN   TestHandleIngress_DupDecisionPersistsWithAISuppressed
[90m2026-09-22T13:33:38+08:00[0m [33mWRN[0m [1m[feedback] UpdateCustomerAcceptBySession failed session=xiaohongshu:customer-duptrace-1790055218262320000: ERROR: relation "feedback_records" does not exist (SQLSTATE 42P01)[0m [36mcomponent=[0muser-server
[90m2026-09-22T13:33:38+08:00[0m [31mERR[0m [1m[Inbox] aiTrigger 未配置 — 桥接入站消息不会创建 customer_sessions / 不会生成 AI 回复。请检查 router.Setup() 中 bridgeIngressSvc.SetAITrigger(webhookSvc) 是否在 bridge WS 注册前调用。[0m [36maccount_id=[0macct-duptrace-1790055218262320000 [36mchannel=[0mxiaohongshu [36mcomponent=[0muser-server [36msession_id=[0mxiaohongshu:customer-duptrace-1790055218262320000
[90m2026-09-22T13:33:38+08:00[0m [32mINF[0m [1m[Inbox] 中间件拦截：消息被去重/回环拦截，不穿透业务层[0m [36mcomponent=[0muser-server [36mdup=[0mtrue [36mevent_id=[0mevt-r23-dup-2 [36mreason=[0m"duplicate(channel+sender+content) within window" [36mself_echo=[0mfalse
[90m2026-09-22T13:33:38+08:00[0m [33mWRN[0m [1m[feedback] UpdateCustomerAcceptBySession failed session=xiaohongshu:customer-duptrace-1790055218262320000: ERROR: relation "feedback_records" does not exist (SQLSTATE 42P01)[0m [36mcomponent=[0muser-server
    inbox_ingress_dedup_scope_test.go:223: 第二条按重复抑制 AI：Reason=intercepted by middleware: duplicate(channel+sender+content) within window (self_echo=false dup=true)
--- PASS: TestHandleIngress_DupDecisionPersistsWithAISuppressed (0.38s)
=== RUN   TestHandleIngressBatch_DupDecisionPersistsWithAISuppressed
[90m2026-09-22T13:33:38+08:00[0m [33mWRN[0m [1m[feedback] UpdateCustomerAcceptBySession failed session=xiaohongshu:customer-batchdup-1790055218720298000: ERROR: relation "feedback_records" does not exist (SQLSTATE 42P01)[0m [36mcomponent=[0muser-server
[90m2026-09-22T13:33:38+08:00[0m [31mERR[0m [1m[Inbox] aiTrigger 未配置 — 桥接入站消息不会创建 customer_sessions / 不会生成 AI 回复。请检查 router.Setup() 中 bridgeIngressSvc.SetAITrigger(webhookSvc) 是否在 bridge WS 注册前调用。[0m [36maccount_id=[0macct-batchdup-1790055218720298000 [36mchannel=[0mxiaohongshu [36mcomponent=[0muser-server [36msession_id=[0mxiaohongshu:customer-batchdup-1790055218720298000
[90m2026-09-22T13:33:38+08:00[0m [32mINF[0m [1m[Inbox] 中间件拦截（批次）：消息被去重/回环拦截，不穿透业务层[0m [36mcomponent=[0muser-server [36mdup=[0mtrue [36mevent_id=[0mevt-r23-batch-2 [36mreason=[0m"duplicate(channel+sender+content) within window" [36mself_echo=[0mfalse
[90m2026-09-22T13:33:38+08:00[0m [33mWRN[0m [1m[feedback] UpdateCustomerAcceptBySession failed session=xiaohongshu:customer-batchdup-1790055218720298000: ERROR: relation "feedback_records" does not exist (SQLSTATE 42P01)[0m [36mcomponent=[0muser-server
--- PASS: TestHandleIngressBatch_DupDecisionPersistsWithAISuppressed (0.49s)
=== RUN   TestHandleIngress_SelfEchoDecisionPersistsNothing
[90m2026-09-22T13:33:39+08:00[0m [32mINF[0m [1m[Inbox] 中间件拦截：消息被去重/回环拦截，不穿透业务层[0m [36mcomponent=[0muser-server [36mdup=[0mfalse [36mevent_id=[0mevt-r23-echo-in [36mreason=[0m"self-echo(platform msg_id exact match)" [36mself_echo=[0mtrue
--- PASS: TestHandleIngress_SelfEchoDecisionPersistsNothing (0.38s)
FAIL
FAIL	hivemtk-user/internal/service	8.116s
FAIL

stderr:

rc=1
--- go test ./internal/repository/ -run 'TestMessageHubRepository_ContentEchoScoping|TestMessageHubRepository_GetByPlatformContent|TestMessageHubRepository_GetByContentHash_Empty'
[90m2026-09-22T13:33:45+08:00[0m [33mWRN[0m [1m[SECURITY][WARN] USER_JWT_SECRET/JWT_SECRET 未配置，go test 进程使用固定测试密钥（仅用于单元测试）[0m [36mcomponent=[0muser-server
=== RUN   TestMessageHubRepository_GetByPlatformContent
--- PASS: TestMessageHubRepository_GetByPlatformContent (7.62s)
=== RUN   TestMessageHubRepository_ContentEchoScoping
--- PASS: TestMessageHubRepository_ContentEchoScoping (0.35s)
=== RUN   TestMessageHubRepository_GetByPlatformContent_EmptyArgs
--- PASS: TestMessageHubRepository_GetByPlatformContent_EmptyArgs (0.34s)
=== RUN   TestMessageHubRepository_GetByContentHash_Empty
--- PASS: TestMessageHubRepository_GetByContentHash_Empty (0.41s)
PASS
ok  	hivemtk-user/internal/repository	9.182s

stderr:

rc=0