$ python3 scripts/merge-gate.py --round R22-phaseE
步骤名单（33 步，全程不带 -run）：go-build go-vet gofmt go-test-browser-automation go-test-host-packages vitest-bridge vitest-browser-automation lint-bridge lint-user-web markdownlint arch-gate arch-l4-reverse fmt-check date-bucket-tz unwired-assets doc-consistency feature-doc enum-consistency no-xapptool cross-package-ports model-migration md-links-offline component-types workflow-refs ci-step-coverage test-nil-deref env-coverage seam-guard async-global-read closeout-r22 closeout-r22-protocol closeout-selftest merge-gate-selftest
合并门禁：33 步（其中诊断步 1 步只印不门，见 DIAG），日志 → docs/superpowers/specs/ledger/logs/R22-phaseE/merge/
[绿] go-build                         9.8s 
[绿] go-vet                           1.3s 
[绿] gofmt                            0.4s 
[绿] go-test-browser-automation     241.2s 
[绿] go-test-host-packages          728.7s 
[绿] vitest-bridge                   17.3s 
[绿] vitest-browser-automation       34.7s 
[绿] lint-bridge                      1.7s 
[绿] lint-user-web                    7.5s 
[绿] markdownlint                     4.7s 
[绿] arch-gate                       14.5s 
[绿] arch-l4-reverse                 96.6s 
[绿] fmt-check                        0.9s 
[绿] date-bucket-tz                   0.6s 
[绿] unwired-assets                  42.9s 
[绿] doc-consistency                  0.1s 
[绿] feature-doc                      0.0s 
[绿] enum-consistency                 0.3s 
[绿] no-xapptool                      2.6s 
[绿] cross-package-ports              0.1s 
[绿] model-migration                  0.3s 
[绿] md-links-offline                 0.1s 
[绿] component-types                  0.0s 
[绿] workflow-refs                    0.2s 
[诊断·红] ci-step-coverage                34.8s ｜ rc=1
[绿] test-nil-deref                   1.3s 
[红] env-coverage                     3.5s ｜ rc=1
[绿] seam-guard                       2.7s 
[绿] async-global-read                1.0s 
[绿] closeout-r22                     8.2s 
[绿] closeout-r22-protocol            1.4s 
[绿] closeout-selftest                2.9s 
[绿] merge-gate-selftest              0.0s 
===== 合并门禁：31/32 门步绿，红在：env-coverage；诊断步红 1 道不门控：ci-step-coverage =====
