私有作业目录：/var/folders/xw/pd_rr_z54w38gq41yfm8h7sm0000gn/T/routesurfacemut-k5fclfyr
逐格日志目录：/Users/xiaofang/Documents/www/go/hivemtk/hivemtk/docs/superpowers/specs/ledger/logs/RouteSurface/20261011-000025
取证基线：HEAD=21828b63 工作树=/Users/xiaofang/Documents/www/go/hivemtk/hivemtk load=0:00  up 17 days, 13:48, 2 users, load averages: 4.76 5.63 9.05 日志 tag=20261011-000025
装架：克隆 master + 覆盖 21 个本泳道脏/未跟踪文件（其余面走 HEAD 字节）：user-server/docs/docs.go, user-server/docs/swagger.json, user-server/docs/swagger.yaml, user-server/internal/controller/alert_rule.go, user-server/internal/controller/auth.go, user-server/internal/controller/clue.go, user-server/internal/controller/customer.go, user-server/internal/controller/customer_360.go, user-server/internal/controller/customer_event.go, user-server/internal/controller/customer_oneid.go, user-server/internal/controller/intent.go, user-server/internal/controller/recovery_queue.go, user-server/internal/controller/sales_persona.go, user-server/internal/controller/short_link.go, user-server/internal/controller/sop.go, user-server/internal/controller/workflow_orchestrator.go, user-server/internal/geo/controller/alert.go, user-server/internal/reach/card/template/live_code.html, user-server/internal/router/route_surface_consistency_test.go, user-server/internal/service/oneid_merge_rule.go, user-server/tests/e2e/routes_user.tsv
本轮基线字节（注码前 == 还原后 才算干净）：
  8bb2c7da09ddf60d00c814a10a7afb3c  user-server/internal/controller/customer_360.go
  4626e7b4de4debb08e6ca32e72a1e829  user-server/internal/reach/card/template/xianyu_card.html
  867d9b4ab3979ab94716d69e9b30e73a  user-server/internal/router/route_surface_consistency_test.go
  35ce995aa37c301a044cedb9a40577ea  user-server/internal/reach/card/template/live_code.html
  e5525fdf667df226eab644d7f50c7278  user-server/tests/e2e/routes_user.tsv
[控制组] rc=0 settled=3 skip=0 红名=—
G1   注解指向路由表里不存在的端点（幽灵接口进 swagger）                                杀掉                         rc=1 红名=['TestAnnotationsMatchLiveRoutes']
G2   注解挂在并不服务该路由的函数上（路径在、归属错）                                     杀掉                         rc=1 红名=['TestAnnotationsMatchLiveRoutes']
G3   参数段退回 gin 的冒号写法（OpenAPI 路径模板非法）                              杀掉                         rc=1 红名=['TestAnnotationsMatchLiveRoutes']
G4   冒烟清单里出现不指向任何路由的死行                                            杀掉                         rc=1 红名=['TestE2EInventoryMatchesLiveRoutes']
G5   清单覆盖的 /api/ 条数跌破棘轮下界                                         杀掉                         rc=1 红名=['TestE2EInventoryMatchesLiveRoutes']
G6   注解扫描根空转（一条注解都扫不到时门要自杀而不是放行）                                  杀掉                         rc=1 红名=['TestAnnotationsMatchLiveRoutes']
G7   撤掉前端静态面的 dist 前提（清单里那三条静态行会变死行）                              杀掉                         rc=1 红名=['TestE2EInventoryMatchesLiveRoutes']
G8   打归属谎言的同时摘掉 handlerNames 比对（期望全绿＝归属腿是谎言的唯一拦截面）                拆判据后谎言漏网（归属腿独有牙，符合预期）      rc=0 红名=—
G9   落地页模板里引用一个没注册的口（终端用户点了只会拿到 404）                              杀掉                         rc=1 红名=['TestPageTemplateLinksMatchLiveRoutes']
G10  把已登记豁免的那条上报从模板里摘掉（豁免表里的条目随之失效，反向棘轮该开火）                       杀掉                         rc=1 红名=['TestPageTemplateLinksMatchLiveRoutes']
G11  把第四个面的键拼错（前导斜杠落到捕获组外）：门要自曝空转，而不是把已注册的口报成一串 404               杀掉                         rc=1 红名=['TestPageTemplateLinksMatchLiveRoutes']
G12  模板里再没有任何 /api 引用（这一面整块离开门的面）：门要自杀，不能读成"零问题"                  杀掉                         rc=1 红名=['TestPageTemplateLinksMatchLiveRoutes']

===== 判定：12 格逐刀被杀，无存活
OK：源文件逐字节还原（ann=8bb2c7da card=4626e7b4 guard=867d9b4a page=35ce995a tsv=e5525fdf），日志在 /Users/xiaofang/Documents/www/go/hivemtk/hivemtk/docs/superpowers/specs/ledger/logs/RouteSurface/20261011-000025
收尾：带走 /private/var/folders/xw/pd_rr_z54w38gq41yfm8h7sm0000gn/T/routesurfacemut-k5fclfyr/clone、/private/var/folders/xw/pd_rr_z54w38gq41yfm8h7sm0000gn/T/routesurfacemut-k5fclfyr
battery_rc=0（由调用方 shell 在驱动退出后追加记录，2026-10-11）
