私有作业目录：/var/folders/xw/pd_rr_z54w38gq41yfm8h7sm0000gn/T/p902mut-p3v1z0nm
逐格日志目录：/Users/xiaofang/Documents/www/go/hivemtk/hivemtk/docs/superpowers/specs/ledger/logs/P902/20260928-171053
取证基线：HEAD=e72a7638 工作树=/Users/xiaofang/Documents/www/go/hivemtk/hivemtk 17:10  up 5 days,  6:59, 2 users, load averages: 12.21 14.12 28.18 日志 tag=20260928-171053
覆盖 95 个脏文件、同步 0 个删除进克隆
测试库：127.0.0.1:8232 可达（口令不回显）
本轮基线字节（注码前 == 还原后 才算干净）：
  3f90c51f9d6ebad665c4f42f7ca4118d  user-server/internal/aiagent/knowledge/controller/knowledge_merchant.go
  87b904a8d78c14eee64a17acc20e6281  user-server/internal/aiagent/knowledge/repository/knowledge_chunk.go
  190c8c0cdd44203b45f84a6f7fa93abc  user-server/internal/aiagent/knowledge/service/rag_searcher.go
  133269c6653d33f7b379c115f58de3d3  user-server/internal/aiagent/knowledge/service/rag_searcher_bm25.go
  47eac23620ef61c682c123d18d8d83ef  user-server/internal/aiagent/knowledge/service/rag_searcher_vector.go
  9ce13662bb7a8e59ea6fa6a3367e7eaa  user-server/internal/aiagent/rag/retrieval/hybrid_searcher.go
  0a1976deca8866b70ec65f5f5499e17d  user-server/internal/aiagent/rag/retrieval/lexical_retriever.go
  bb66b668fbf925eb68baf65bf6bf6f37  user-server/internal/aiagent/rag/retrieval/vector_retriever.go
  74a322de23a08202fcbd4efd046df76c  user-server/internal/app/kb_release_wiring.go
  a1e64ccd7c3433d6bbd5c97993e1d51b  user-server/internal/controller/kb_release.go
  f213d1f505bd940c334ef54350e56b2f  user-server/internal/model/kb_release.go
  1f6615f0bb1d55fddf033c955c99d589  user-server/internal/pkg/kbrelease/kbrelease.go
  dbdb9586968768fc736d853ba2ed6fde  user-server/internal/repository/kb_release.go
  4efed602baf92773aa0d1a2ace2d1553  user-server/internal/router/kb_release_routes.go
  f8dd68941837c4a13828adf9f768fa75  user-server/internal/router/router.go
  87366b222eea4f6c938e11c9c397f4bf  user-server/internal/service/kb_release.go
[控制组 ./internal/model/] rc=0 settled=6 skip=0 红名=—
[控制组 ./internal/repository/] rc=0 settled=19 skip=0 红名=—
[控制组 ./internal/service/] rc=0 settled=22 skip=0 红名=—
[控制组 ./internal/controller/] rc=0 settled=32 skip=0 红名=—
[控制组 ./internal/router/] rc=0 settled=4 skip=0 红名=—
[控制组 ./internal/app/] rc=0 settled=4 skip=0 红名=—
[控制组 ./internal/pkg/kbrelease/] rc=0 settled=14 skip=0 红名=—
[控制组 ./internal/aiagent/knowledge/repository/] rc=0 settled=3 skip=0 红名=—
[控制组 ./internal/aiagent/knowledge/service/] rc=0 settled=3 skip=0 红名=—
[控制组 ./internal/aiagent/knowledge/controller/] rc=0 settled=1 skip=0 红名=—
[控制组 ./internal/aiagent/rag/retrieval/] rc=0 settled=3 skip=0 红名=—
RP1   裸 SQL 建行顺带开启治理（看一眼就把库推进发布制）                      BROKEN=红集合不符：期望=['TestKBReleaseRepo_LockReleaseEnsuresRow'] 实际=['TestKBReleaseRepo_LockReleaseEnsuresRow', 'TestKBReleaseRepo_PublishJudgments', 'TestKBReleaseRepo_SetGovernedIdempotent', 'TestKBReleaseRepo_StampForWriteRealRows'] 红=TestKBReleaseRepo_LockReleaseEnsuresRow,TestKBReleaseRepo_PublishJudgments,TestKBReleaseRepo_SetGovernedIdempotent,TestKBReleaseRepo_StampForWriteRealRows settled=19/19
      红因: kb_release_test.go:235: LockRelease 建的那一行必须 governed=false：查一次状态不等于开启治理
      红因: kb_release_test.go:288: 三次启用只该留一条痕，实得 0 条
      红因: kb_release_test.go:301: 启停各该留一条痕，实得 1 条：[{ID:1 SubjectKey:release:kbrepo_p2 OldValue:true NewValue:false Action:governed Actor:op-2 CreatedAt:2026-09-28 17:17:46.884398 +0800 CST}]
      红因: kb_release_test.go:347: 实得 kb_release: 该库没有待发布内容（product=kbrepo_p3：无已批准的变更、待发布桶为空）
      红因: kb_release_test.go:1008: 未治理库要拿到 0 且**不写回**版本列，实得 1
      红因: kb_release_test.go:1023: 未治理库的已编号行要原样不动，实得 kb_version=1 retired_version=0
RP2   建行幂等键换列（同一个库建出两行）                                杀掉                             红=TestKBReleaseRepo_CountChunksInForce,TestKBReleaseRepo_LockReleaseEnsuresRow,TestKBReleaseRepo_PointerMovesRefuseCleanRows,TestKBReleaseRepo_PublishAddStampsAndAdvances,TestKBReleaseRepo_PublishJudgments,TestKBReleaseRepo_PublishPublishesDraftBucket,TestKBReleaseRepo_PublishRejectsBadChanges,TestKBReleaseRepo_PublishRolledBackWhenChangeNotPending,TestKBReleaseRepo_ReviseAndRetireShape,TestKBReleaseRepo_RollbackTouchesNoCorpus,TestKBReleaseRepo_SetGovernedIdempotent settled=19/19
RP3   锁脱离事务也能用（FOR UPDATE 立刻释放）                        杀掉                             红=TestKBReleaseRepo_LockReleaseEnsuresRow settled=19/19
RP4   查无此行不再报 NotFound（零值行冒充记录）                        杀掉                             红=TestKBReleaseRepo_LockReleaseEnsuresRow settled=19/19
RP5   幂等启停也空转一次写（changed_by/updated_at 被没改动的点击盖掉）      杀掉                             红=TestKBReleaseRepo_SetGovernedIdempotent settled=19/19
RP35  没真的改变也留痕（重复启用在审计里记成启用两次）                         杀掉                             红=TestKBReleaseRepo_SetGovernedIdempotent settled=19/19
RP6   留痕的改前改后写反                                        杀掉                             红=TestKBReleaseRepo_SetGovernedIdempotent settled=19/19
RP7   受治理名单把所有库都列进去                                    杀掉                             红=TestKBReleaseRepo_SetGovernedIdempotent settled=19/19
RP8   查无此条变成错误（404 与 500 分不开）                          杀掉                             红=TestKBReleaseRepo_ChangeViews settled=19/19
RP9   变更列表的页长夹住失效（一次拉全表）                               杀掉                             红=TestKBReleaseRepo_ChangeViews,TestKBReleaseRepo_ClampsAreExact settled=19/19
RP10  留痕读取的页长夹住失效                                      杀掉                             红=TestKBReleaseRepo_ClampsAreExact settled=19/19
RP11  待办清单把已落地的也算进去                                    杀掉                             红=TestKBReleaseRepo_WithdrawCAS settled=19/19
RP12  撤回不带 CAS 条件（已发布的能被改回待处理）                         杀掉                             红=TestKBReleaseRepo_WithdrawCAS settled=19/19
RP13  发布不查治理开关（未进发布制的库也能发）                             杀掉                             红=TestKBReleaseRepo_PublishJudgments settled=19/19
RP14  跨号发布禁令撤掉（回滚掉的语料被静默放回）                            杀掉                             红=TestKBReleaseRepo_PublishJudgments,TestKBReleaseRepo_RollbackTouchesNoCorpus settled=19/19
RP15  桶号可以等于在服号（绕过审批直接上线）                              杀掉                             红=TestKBReleaseRepo_PublishJudgments settled=19/19
RP16  空批也走一次发布（审计里多出不存在的一次发布）                          杀掉                             红=TestKBReleaseRepo_PublishJudgments settled=19/19
RP17  add 可以没有内容                                       杀掉                             红=TestKBReleaseRepo_PublishRejectsBadChanges settled=19/19
RP18  修订已退役的分段也放行                                      杀掉                             红=TestKBReleaseRepo_PublishRejectsBadChanges settled=19/19
RP19  修订可以指向别的库                                        杀掉                             红=TestKBReleaseRepo_PublishRejectsBadChanges settled=19/19
RP20  下线可以指向别的库                                        杀掉                             红=TestKBReleaseRepo_PublishRejectsBadChanges settled=19/19
RP21  修订的目标行不存在被静默跳过（AC① 的反面）                          杀掉                             红=TestKBReleaseRepo_PublishRejectsBadChanges settled=19/19
RP22  重复下线同一条被静默放过                                     杀掉                             红=TestKBReleaseRepo_ReviseAndRetireShape settled=19/19
RP23  修订后的新行落在别的分段号上（上下文邻接断了）                          杀掉                             红=TestKBReleaseRepo_ReviseAndRetireShape settled=19/19
RP24  修订的文档归属不继承老行                                     杀掉                             红=TestKBReleaseRepo_ReviseAndRetireShape settled=19/19
RP25  版本戳没真的写进语料行                                      BROKEN=红集合不符：期望=['TestKBReleaseRepo_PublishAddStampsAndAdvances'] 实际=['TestKBReleaseRepo_PublishAddStampsAndAdvances', 'TestKBReleaseRepo_ReviseAndRetireShape'] 红=TestKBReleaseRepo_PublishAddStampsAndAdvances,TestKBReleaseRepo_ReviseAndRetireShape settled=19/19
      红因: kb_release_test.go:560: 第 1 条版本戳错：kb=0 retired=0（闸门就按这两列判）
      红因: kb_release_test.go:560: 第 2 条版本戳错：kb=0 retired=0（闸门就按这两列判）
      红因: kb_release_test.go:727: 修订新行要落在原位并带生效号：{ID:3 Doc:901400 Idx:7 Content:新正文 KBVersion:0 Retired:0 ChangeName:kbc_rev}
RP26  发布状态回写不带 CAS（撤回与发布抢同一行）                          杀掉                             红=TestKBReleaseRepo_PublishRolledBackWhenChangeNotPending settled=19/19
RP27  同一次发布里两条 add 抢同一个分段号                             BROKEN=红因而非预期：红名对了但没有任何一行同时含 '分段号/归属错' 红=TestKBReleaseRepo_PublishAddStampsAndAdvances settled=19/19
      红因: kb_release_test.go:634: 同批三条 add 的分段号要互不相同（拿到同号的那条从此检索不到）：[2 3 3]
RP28  回滚顺手改写了语料的版本戳（AC② 破了）                            杀掉                             红=TestKBReleaseRepo_RollbackTouchesNoCorpus settled=19/19
RP29  第二次回滚被允许（穿到更老的历史）                                杀掉                             红=TestKBReleaseRepo_RollbackTouchesNoCorpus settled=19/19
RP30  没有撤下号也能放回（凭空造一版）                                 杀掉                             红=TestKBReleaseRepo_PointerMovesRefuseCleanRows settled=19/19
RP31  回滚与放回写同一种留痕（审计读不出方向）                             杀掉                             红=TestKBReleaseRepo_RollbackTouchesNoCorpus settled=19/19
RP32  在服数不看闸门（页面说有待发布、实际搜不到）                           杀掉                             红=TestKBReleaseRepo_CountChunksInForce,TestKBReleaseRepo_PublishPublishesDraftBucket settled=19/19
RP33  字段不全的留痕行被收下（AC③ 少一个出处）                           杀掉                             红=TestKBReleaseRepo_AuditShape settled=19/19
RP34  发布留痕的 subject_key 丢了前缀（按号查不到全部动作）                杀掉                             红=TestKBReleaseRepo_PublishAddStampsAndAdvances settled=19/19

结果：杀掉 32/35 格 （本趟只跑了 35/162 格，是子集，**不构成全族读数**）
未杀/坏格清单：
  !! RP1 BROKEN=红集合不符：期望=['TestKBReleaseRepo_LockReleaseEnsuresRow'] 实际=['TestKBReleaseRepo_LockReleaseEnsuresRow', 'TestKBReleaseRepo_PublishJudgments', 'TestKBReleaseRepo_SetGovernedIdempotent', 'TestKBReleaseRepo_StampForWriteRealRows']：裸 SQL 建行顺带开启治理（看一眼就把库推进发布制）
  !! RP25 BROKEN=红集合不符：期望=['TestKBReleaseRepo_PublishAddStampsAndAdvances'] 实际=['TestKBReleaseRepo_PublishAddStampsAndAdvances', 'TestKBReleaseRepo_ReviseAndRetireShape']：版本戳没真的写进语料行
  !! RP27 BROKEN=红因而非预期：红名对了但没有任何一行同时含 '分段号/归属错'：同一次发布里两条 add 抢同一个分段号
终态：本卡电池**未**全杀——上面每一条要么补腿、要么按'不配格'那一节写明理由。
收尾：带走 /private/var/folders/xw/pd_rr_z54w38gq41yfm8h7sm0000gn/T/p902mut-p3v1z0nm/clone、/private/var/folders/xw/pd_rr_z54w38gq41yfm8h7sm0000gn/T/p902mut-p3v1z0nm
