2026-09-28T17:25:51+08:00 WRN [SECURITY][WARN] USER_JWT_SECRET/JWT_SECRET 未配置，go test 进程使用固定测试密钥（仅用于单元测试） component=user-server
=== RUN   TestKBReleaseRepo_LockReleaseEnsuresRow
--- PASS: TestKBReleaseRepo_LockReleaseEnsuresRow (1.21s)
=== RUN   TestKBReleaseRepo_SetGovernedIdempotent
--- PASS: TestKBReleaseRepo_SetGovernedIdempotent (0.39s)
=== RUN   TestKBReleaseRepo_PublishJudgments
=== RUN   TestKBReleaseRepo_PublishJudgments/没进发布制的库拒绝发布
=== RUN   TestKBReleaseRepo_PublishJudgments/既没变更又没待发布桶
    kb_release_test.go:359: 实得 <nil>
    kb_release_test.go:363: 空移指针会留下一次不存在的发布：&{ID:1 ProductID:kbrepo_p5 Governed:true EffectiveVersion:1 PreviousVersion:0 DraftVersion:0 AllocatedVersion:1 RecalledVersion:0 ChangedBy:op-1 CreatedAt:2026-09-28 17:25:53.899289 +0800 CST UpdatedAt:2026-09-28 17:25:53.922942 +0800 CST}
=== RUN   TestKBReleaseRepo_PublishJudgments/桶号不高于在服版本就停下
=== RUN   TestKBReleaseRepo_PublishJudgments/跨号发布被禁令挡住
=== RUN   TestKBReleaseRepo_PublishJudgments/缺归属或操作者
=== RUN   TestKBReleaseRepo_PublishJudgments/未装配底座
--- FAIL: TestKBReleaseRepo_PublishJudgments (2.95s)
    --- PASS: TestKBReleaseRepo_PublishJudgments/没进发布制的库拒绝发布 (0.56s)
    --- FAIL: TestKBReleaseRepo_PublishJudgments/既没变更又没待发布桶 (0.35s)
    --- PASS: TestKBReleaseRepo_PublishJudgments/桶号不高于在服版本就停下 (0.38s)
    --- PASS: TestKBReleaseRepo_PublishJudgments/跨号发布被禁令挡住 (0.23s)
    --- PASS: TestKBReleaseRepo_PublishJudgments/缺归属或操作者 (1.44s)
    --- PASS: TestKBReleaseRepo_PublishJudgments/未装配底座 (0.00s)
=== RUN   TestKBReleaseRepo_PublishRejectsBadChanges
=== RUN   TestKBReleaseRepo_PublishRejectsBadChanges/add_无内容
=== RUN   TestKBReleaseRepo_PublishRejectsBadChanges/add_无文档
=== RUN   TestKBReleaseRepo_PublishRejectsBadChanges/未知动作
=== RUN   TestKBReleaseRepo_PublishRejectsBadChanges/revise_目标不存在
=== RUN   TestKBReleaseRepo_PublishRejectsBadChanges/retire_目标不存在
=== RUN   TestKBReleaseRepo_PublishRejectsBadChanges/retire_目标属于别库
=== RUN   TestKBReleaseRepo_PublishRejectsBadChanges/revise_目标属于别库
--- PASS: TestKBReleaseRepo_PublishRejectsBadChanges (0.81s)
    --- PASS: TestKBReleaseRepo_PublishRejectsBadChanges/add_无内容 (0.00s)
    --- PASS: TestKBReleaseRepo_PublishRejectsBadChanges/add_无文档 (0.01s)
    --- PASS: TestKBReleaseRepo_PublishRejectsBadChanges/未知动作 (0.01s)
    --- PASS: TestKBReleaseRepo_PublishRejectsBadChanges/revise_目标不存在 (0.02s)
    --- PASS: TestKBReleaseRepo_PublishRejectsBadChanges/retire_目标不存在 (0.01s)
    --- PASS: TestKBReleaseRepo_PublishRejectsBadChanges/retire_目标属于别库 (0.01s)
    --- PASS: TestKBReleaseRepo_PublishRejectsBadChanges/revise_目标属于别库 (0.02s)
=== RUN   TestKBReleaseRepo_PublishRolledBackWhenChangeNotPending
--- PASS: TestKBReleaseRepo_PublishRolledBackWhenChangeNotPending (1.04s)
=== RUN   TestKBReleaseRepo_PublishAddStampsAndAdvances
--- PASS: TestKBReleaseRepo_PublishAddStampsAndAdvances (0.90s)
=== RUN   TestKBReleaseRepo_PublishPublishesDraftBucket
--- PASS: TestKBReleaseRepo_PublishPublishesDraftBucket (0.42s)
=== RUN   TestKBReleaseRepo_ReviseAndRetireShape
--- PASS: TestKBReleaseRepo_ReviseAndRetireShape (1.13s)
=== RUN   TestKBReleaseRepo_RollbackTouchesNoCorpus
--- PASS: TestKBReleaseRepo_RollbackTouchesNoCorpus (0.71s)
=== RUN   TestKBReleaseRepo_PointerMovesRefuseCleanRows
--- PASS: TestKBReleaseRepo_PointerMovesRefuseCleanRows (0.56s)
=== RUN   TestKBReleaseRepo_CountChunksInForce
--- PASS: TestKBReleaseRepo_CountChunksInForce (0.70s)
=== RUN   TestKBReleaseRepo_DirectWriteBlockedWithRealRows
=== RUN   TestKBReleaseRepo_DirectWriteBlockedWithRealRows/off_档不拦（即使已治理）
=== RUN   TestKBReleaseRepo_DirectWriteBlockedWithRealRows/shadow_档不拦
=== RUN   TestKBReleaseRepo_DirectWriteBlockedWithRealRows/on_档拦已治理的库
=== RUN   TestKBReleaseRepo_DirectWriteBlockedWithRealRows/on_档放行未治理
=== RUN   TestKBReleaseRepo_DirectWriteBlockedWithRealRows/on_档放行没有行的库
=== RUN   TestKBReleaseRepo_DirectWriteBlockedWithRealRows/空库号不拦
--- PASS: TestKBReleaseRepo_DirectWriteBlockedWithRealRows (0.64s)
    --- PASS: TestKBReleaseRepo_DirectWriteBlockedWithRealRows/off_档不拦（即使已治理） (0.00s)
    --- PASS: TestKBReleaseRepo_DirectWriteBlockedWithRealRows/shadow_档不拦 (0.00s)
    --- PASS: TestKBReleaseRepo_DirectWriteBlockedWithRealRows/on_档拦已治理的库 (0.00s)
    --- PASS: TestKBReleaseRepo_DirectWriteBlockedWithRealRows/on_档放行未治理 (0.00s)
    --- PASS: TestKBReleaseRepo_DirectWriteBlockedWithRealRows/on_档放行没有行的库 (0.00s)
    --- PASS: TestKBReleaseRepo_DirectWriteBlockedWithRealRows/空库号不拦 (0.00s)
=== RUN   TestKBReleaseRepo_StampForWriteRealRows
--- PASS: TestKBReleaseRepo_StampForWriteRealRows (0.44s)
=== RUN   TestKBReleaseRepo_EnsureDraftStampConcurrent
--- PASS: TestKBReleaseRepo_EnsureDraftStampConcurrent (0.35s)
=== RUN   TestKBReleaseRepo_ChangeViews
--- PASS: TestKBReleaseRepo_ChangeViews (0.33s)
=== RUN   TestKBReleaseRepo_ClampsAreExact
--- PASS: TestKBReleaseRepo_ClampsAreExact (1.37s)
=== RUN   TestKBReleaseRepo_WithdrawCAS
--- PASS: TestKBReleaseRepo_WithdrawCAS (0.44s)
=== RUN   TestKBReleaseRepo_AuditShape
--- PASS: TestKBReleaseRepo_AuditShape (0.38s)
=== RUN   TestKBReleaseRepo_UnavailableEveryMethod
--- PASS: TestKBReleaseRepo_UnavailableEveryMethod (0.00s)
FAIL
FAIL	hivemtk-user/internal/repository	15.551s
FAIL
