2026-09-28T17:27:57+08:00 WRN [SECURITY][WARN] USER_JWT_SECRET/JWT_SECRET 未配置，go test 进程使用固定测试密钥（仅用于单元测试） component=user-server
=== RUN   TestKBReleaseRepo_LockReleaseEnsuresRow
--- PASS: TestKBReleaseRepo_LockReleaseEnsuresRow (1.73s)
=== RUN   TestKBReleaseRepo_SetGovernedIdempotent
--- PASS: TestKBReleaseRepo_SetGovernedIdempotent (1.27s)
=== RUN   TestKBReleaseRepo_PublishJudgments
=== RUN   TestKBReleaseRepo_PublishJudgments/没进发布制的库拒绝发布
=== RUN   TestKBReleaseRepo_PublishJudgments/既没变更又没待发布桶
=== RUN   TestKBReleaseRepo_PublishJudgments/桶号不高于在服版本就停下
=== RUN   TestKBReleaseRepo_PublishJudgments/跨号发布被禁令挡住
=== RUN   TestKBReleaseRepo_PublishJudgments/缺归属或操作者
=== RUN   TestKBReleaseRepo_PublishJudgments/未装配底座
--- PASS: TestKBReleaseRepo_PublishJudgments (3.18s)
    --- PASS: TestKBReleaseRepo_PublishJudgments/没进发布制的库拒绝发布 (0.59s)
    --- PASS: TestKBReleaseRepo_PublishJudgments/既没变更又没待发布桶 (0.97s)
    --- PASS: TestKBReleaseRepo_PublishJudgments/桶号不高于在服版本就停下 (0.92s)
    --- PASS: TestKBReleaseRepo_PublishJudgments/跨号发布被禁令挡住 (0.43s)
    --- PASS: TestKBReleaseRepo_PublishJudgments/缺归属或操作者 (0.27s)
    --- PASS: TestKBReleaseRepo_PublishJudgments/未装配底座 (0.00s)
=== RUN   TestKBReleaseRepo_PublishRejectsBadChanges
=== RUN   TestKBReleaseRepo_PublishRejectsBadChanges/add_无内容
=== RUN   TestKBReleaseRepo_PublishRejectsBadChanges/add_无文档
=== RUN   TestKBReleaseRepo_PublishRejectsBadChanges/未知动作
=== RUN   TestKBReleaseRepo_PublishRejectsBadChanges/revise_目标不存在
=== RUN   TestKBReleaseRepo_PublishRejectsBadChanges/retire_目标不存在
=== RUN   TestKBReleaseRepo_PublishRejectsBadChanges/retire_目标属于别库
=== RUN   TestKBReleaseRepo_PublishRejectsBadChanges/revise_目标属于别库
--- PASS: TestKBReleaseRepo_PublishRejectsBadChanges (0.62s)
    --- PASS: TestKBReleaseRepo_PublishRejectsBadChanges/add_无内容 (0.01s)
    --- PASS: TestKBReleaseRepo_PublishRejectsBadChanges/add_无文档 (0.01s)
    --- PASS: TestKBReleaseRepo_PublishRejectsBadChanges/未知动作 (0.01s)
    --- PASS: TestKBReleaseRepo_PublishRejectsBadChanges/revise_目标不存在 (0.02s)
    --- PASS: TestKBReleaseRepo_PublishRejectsBadChanges/retire_目标不存在 (0.01s)
    --- PASS: TestKBReleaseRepo_PublishRejectsBadChanges/retire_目标属于别库 (0.01s)
    --- PASS: TestKBReleaseRepo_PublishRejectsBadChanges/revise_目标属于别库 (0.01s)
=== RUN   TestKBReleaseRepo_PublishRolledBackWhenChangeNotPending
--- PASS: TestKBReleaseRepo_PublishRolledBackWhenChangeNotPending (0.91s)
=== RUN   TestKBReleaseRepo_PublishAddStampsAndAdvances
--- PASS: TestKBReleaseRepo_PublishAddStampsAndAdvances (0.41s)
=== RUN   TestKBReleaseRepo_PublishPublishesDraftBucket
--- PASS: TestKBReleaseRepo_PublishPublishesDraftBucket (0.25s)
=== RUN   TestKBReleaseRepo_ReviseAndRetireShape
    kb_release_test.go:757: 第二次下线同一条要报错，实得 <nil>
    kb_release_test.go:760: 失败的那条变更要留在待处理态（这次发布没发生）：&{ID:kbc_ret2 ProductID:kbrepo_p14 DocumentID:901400 Op:retire TargetChunkID:2 Content: Reason:理由 kbc_ret2 Status:applied ApprovalID:apr_kbc_ret2 RequestedBy:op-1 ReleaseVersion:3 AppliedChunkID:0 CreatedAt:2026-09-28 17:28:06.541002 +0800 CST UpdatedAt:2026-09-28 17:28:06.547518 +0800 CST} <nil>
--- FAIL: TestKBReleaseRepo_ReviseAndRetireShape (0.25s)
=== RUN   TestKBReleaseRepo_RollbackTouchesNoCorpus
--- PASS: TestKBReleaseRepo_RollbackTouchesNoCorpus (0.18s)
=== RUN   TestKBReleaseRepo_PointerMovesRefuseCleanRows
--- PASS: TestKBReleaseRepo_PointerMovesRefuseCleanRows (0.15s)
=== RUN   TestKBReleaseRepo_CountChunksInForce
--- PASS: TestKBReleaseRepo_CountChunksInForce (0.25s)
=== RUN   TestKBReleaseRepo_DirectWriteBlockedWithRealRows
=== RUN   TestKBReleaseRepo_DirectWriteBlockedWithRealRows/off_档不拦（即使已治理）
=== RUN   TestKBReleaseRepo_DirectWriteBlockedWithRealRows/shadow_档不拦
=== RUN   TestKBReleaseRepo_DirectWriteBlockedWithRealRows/on_档拦已治理的库
=== RUN   TestKBReleaseRepo_DirectWriteBlockedWithRealRows/on_档放行未治理
=== RUN   TestKBReleaseRepo_DirectWriteBlockedWithRealRows/on_档放行没有行的库
=== RUN   TestKBReleaseRepo_DirectWriteBlockedWithRealRows/空库号不拦
--- PASS: TestKBReleaseRepo_DirectWriteBlockedWithRealRows (0.18s)
    --- PASS: TestKBReleaseRepo_DirectWriteBlockedWithRealRows/off_档不拦（即使已治理） (0.00s)
    --- PASS: TestKBReleaseRepo_DirectWriteBlockedWithRealRows/shadow_档不拦 (0.00s)
    --- PASS: TestKBReleaseRepo_DirectWriteBlockedWithRealRows/on_档拦已治理的库 (0.00s)
    --- PASS: TestKBReleaseRepo_DirectWriteBlockedWithRealRows/on_档放行未治理 (0.00s)
    --- PASS: TestKBReleaseRepo_DirectWriteBlockedWithRealRows/on_档放行没有行的库 (0.00s)
    --- PASS: TestKBReleaseRepo_DirectWriteBlockedWithRealRows/空库号不拦 (0.00s)
=== RUN   TestKBReleaseRepo_StampForWriteRealRows
--- PASS: TestKBReleaseRepo_StampForWriteRealRows (0.19s)
=== RUN   TestKBReleaseRepo_EnsureDraftStampConcurrent
--- PASS: TestKBReleaseRepo_EnsureDraftStampConcurrent (0.21s)
=== RUN   TestKBReleaseRepo_ChangeViews
--- PASS: TestKBReleaseRepo_ChangeViews (0.29s)
=== RUN   TestKBReleaseRepo_ClampsAreExact
--- PASS: TestKBReleaseRepo_ClampsAreExact (1.12s)
=== RUN   TestKBReleaseRepo_WithdrawCAS
--- PASS: TestKBReleaseRepo_WithdrawCAS (0.26s)
=== RUN   TestKBReleaseRepo_AuditShape
--- PASS: TestKBReleaseRepo_AuditShape (0.30s)
=== RUN   TestKBReleaseRepo_UnavailableEveryMethod
--- PASS: TestKBReleaseRepo_UnavailableEveryMethod (0.00s)
FAIL
FAIL	hivemtk-user/internal/repository	12.249s
FAIL
