2026-09-25T13:39:08+08:00 WRN [SECURITY][WARN] USER_JWT_SECRET/JWT_SECRET 未配置，go test 进程使用固定测试密钥（仅用于单元测试） component=user-server
=== RUN   TestBadCaseRepo_NilHandle
--- PASS: TestBadCaseRepo_NilHandle (0.00s)
=== RUN   TestBadCaseRepo_InsertAndReadBack
--- PASS: TestBadCaseRepo_InsertAndReadBack (0.18s)
=== RUN   TestBadCaseRepo_DedupIsReal
--- PASS: TestBadCaseRepo_DedupIsReal (0.07s)
=== RUN   TestBadCaseRepo_ConflictIdentityIsExact
--- PASS: TestBadCaseRepo_ConflictIdentityIsExact (0.05s)
=== RUN   TestBadCaseRepo_ApplyActionWriteWhitelist
--- PASS: TestBadCaseRepo_ApplyActionWriteWhitelist (0.06s)
=== RUN   TestBadCaseRepo_ApplyActionExpectsStatus
=== RUN   TestBadCaseRepo_ApplyActionExpectsStatus/pending_上按_pending_→_生效
=== RUN   TestBadCaseRepo_ApplyActionExpectsStatus/已判完的行按_pending_→_不生效
=== RUN   TestBadCaseRepo_ApplyActionExpectsStatus/已导出的行按_labeled_→_不生效
=== RUN   TestBadCaseRepo_ApplyActionExpectsStatus/已放弃的行按_pending_→_不生效
--- PASS: TestBadCaseRepo_ApplyActionExpectsStatus (0.08s)
    --- PASS: TestBadCaseRepo_ApplyActionExpectsStatus/pending_上按_pending_→_生效 (0.01s)
    --- PASS: TestBadCaseRepo_ApplyActionExpectsStatus/已判完的行按_pending_→_不生效 (0.01s)
    --- PASS: TestBadCaseRepo_ApplyActionExpectsStatus/已导出的行按_labeled_→_不生效 (0.01s)
    --- PASS: TestBadCaseRepo_ApplyActionExpectsStatus/已放弃的行按_pending_→_不生效 (0.01s)
=== RUN   TestBadCaseRepo_ApplyActionFnErrorRollsBack
--- PASS: TestBadCaseRepo_ApplyActionFnErrorRollsBack (0.05s)
=== RUN   TestBadCaseRepo_ApplyActionHoldsRowLockWhileFnRuns
--- PASS: TestBadCaseRepo_ApplyActionHoldsRowLockWhileFnRuns (0.36s)
=== RUN   TestBadCaseRepo_ListFilters
--- PASS: TestBadCaseRepo_ListFilters (0.09s)
=== RUN   TestBadCaseRepo_ClampsAreExact
    bad_case_test.go:699: 一次导出取走 2005 行，期望正好夹在 2000（评测集一次灌进 2005 条未复核样本会淹掉基线）
    bad_case_test.go:703: 导走之后仍待导出的应 5 条，实际 0（err=<nil>）
--- FAIL: TestBadCaseRepo_ClampsAreExact (0.20s)
=== RUN   TestBadCaseRepo_CountByStatusKeysAreAlwaysPresent
--- PASS: TestBadCaseRepo_CountByStatusKeysAreAlwaysPresent (0.04s)
=== RUN   TestBadCaseRepo_CountByFixLayer
--- PASS: TestBadCaseRepo_CountByFixLayer (0.06s)
=== RUN   TestBadCaseRepo_ClaimForExport
--- PASS: TestBadCaseRepo_ClaimForExport (0.07s)
=== RUN   TestBadCaseRepo_ClaimForExportIsDisjointUnderConcurrency
--- PASS: TestBadCaseRepo_ClaimForExportIsDisjointUnderConcurrency (0.06s)
FAIL
FAIL	hivemtk-user/internal/repository	1.856s
FAIL
