
[1m[30m[46m RUN [49m[39m[22m [36mv4.1.11 [39m[90m/Users/xiaofang/Documents/www/go/hivemtk/hivemtk/user-web/bridge[39m

[90mstdout[2m | test/downlink-r23-sse-ack-drain.test.js[2m > [22m[2m§6-4 SSE 模式必须排 _pendingAck 队列[2m > [22m[2mSSE 启动后，到期条目在无人再推消息的情况下被重发 ack
[22m[39m[bridge:downlink] SSE 直连启动: r23_sse_drain:... { serverUrl: [32m'http://127.0.0.1:9999'[39m, hasToken: [33mtrue[39m, lastEventId: [32m''[39m }
[bridge:downlink] SSE 下行已启动（直连模式）: r23_sse...

[90mstdout[2m | test/downlink-r23-sse-ack-drain.test.js[2m > [22m[2m§6-4 SSE 模式必须排 _pendingAck 队列[2m > [22m[2mSSE 启动后，到期条目在无人再推消息的情况下被重发 ack
[22m[39m[bridge:downlink] SSE 下行已停止: r23_sse_drain...

[90mstdout[2m | test/downlink-r23-sse-ack-drain.test.js[2m > [22m[2m§6-4 SSE 模式必须排 _pendingAck 队列[2m > [22m[2mstop() 之后排水器不再触发（不许留悬空 interval）
[22m[39m[bridge:downlink] SSE 直连启动: r23_sse_stop:a... { serverUrl: [32m'http://127.0.0.1:9999'[39m, hasToken: [33mtrue[39m, lastEventId: [32m''[39m }
[bridge:downlink] SSE 下行已启动（直连模式）: r23_sse...

[90mstdout[2m | test/downlink-r23-sse-ack-drain.test.js[2m > [22m[2m§6-4 SSE 模式必须排 _pendingAck 队列[2m > [22m[2mstop() 之后排水器不再触发（不许留悬空 interval）
[22m[39m[bridge:downlink] SSE 下行已停止: r23_sse_stop:...

 [31m×[39m test/downlink-r23-sse-ack-drain.test.js[2m > [22m§6-4 SSE 模式必须排 _pendingAck 队列[2m > [22mSSE 启动后，到期条目在无人再推消息的情况下被重发 ack[33m 4039[2mms[22m[39m
[31m   → §6-4 未达成：SSE 模式下入队的 ack 重试条目没有任何排水（客户侧表现=这条下行永远停在欠投递集合）[39m
 [32m✓[39m test/downlink-r23-sse-ack-drain.test.js[2m > [22m§6-4 SSE 模式必须排 _pendingAck 队列[2m > [22mstop() 之后排水器不再触发（不许留悬空 interval）[33m 405[2mms[22m[39m
[90mstdout[2m | test/downlink-r23-sse-ack-drain.test.js[2m > [22m[2m§6-4 SSE 模式必须排 _pendingAck 队列[2m > [22m[2m排水实现只有一份：轮询与 SSE 共用 drainPendingAcks，且 ack 请求带会话归属
[22m[39m[bridge:downlink] pendingAck 重发 ack 完成 { channel: [32m'r23_shared_seam'[39m, success: [33m1[39m, fail: [33m0[39m, retried: [33m1[39m }

[90mstdout[2m | test/downlink-r23-sse-ack-drain.test.js[2m > [22m[2m§6-4 SSE 模式必须排 _pendingAck 队列[2m > [22m[2mpollDownlink 仍走同一个排水函数（重构不许把轮询那条腿弄丢）
[22m[39m[bridge:downlink] pendingAck 重发 ack 完成 { channel: [32m'r23_poll_still_drains'[39m, success: [33m1[39m, fail: [33m0[39m, retried: [33m1[39m }

 [32m✓[39m test/downlink-r23-sse-ack-drain.test.js[2m > [22m§6-4 SSE 模式必须排 _pendingAck 队列[2m > [22m排水实现只有一份：轮询与 SSE 共用 drainPendingAcks，且 ack 请求带会话归属[32m 2[2mms[22m[39m
 [32m✓[39m test/downlink-r23-sse-ack-drain.test.js[2m > [22m§6-4 SSE 模式必须排 _pendingAck 队列[2m > [22mpollDownlink 仍走同一个排水函数（重构不许把轮询那条腿弄丢）[32m 1[2mms[22m[39m

[2m Test Files [22m [1m[31m1 failed[39m[22m[90m (1)[39m
[2m      Tests [22m [1m[31m1 failed[39m[22m[2m | [22m[1m[32m3 passed[39m[22m[90m (4)[39m
[2m   Start at [22m 15:58:24
[2m   Duration [22m 4.90s[2m (transform 55ms, setup 0ms, import 72ms, tests 4.45s, environment 261ms)[22m


[31m⎯⎯⎯⎯⎯⎯⎯[39m[1m[41m Failed Tests 1 [49m[22m[31m⎯⎯⎯⎯⎯⎯⎯[39m

[41m[1m FAIL [22m[49m test/downlink-r23-sse-ack-drain.test.js[2m > [22m§6-4 SSE 模式必须排 _pendingAck 队列[2m > [22mSSE 启动后，到期条目在无人再推消息的情况下被重发 ack
[31m[1mError[22m: §6-4 未达成：SSE 模式下入队的 ack 重试条目没有任何排水（客户侧表现=这条下行永远停在欠投递集合）[39m
[36m [2m❯[22m test/downlink-r23-sse-ack-drain.test.js:[2m75:13[22m[39m
    [90m 73|[39m     [35mawait[39m [34mstop[39m()[33m;[39m
    [90m 74|[39m     [35mif[39m ([33m![39mretried) {
    [90m 75|[39m       throw new Error('§6-4 未达成：SSE 模式下入队的 ack 重试条目没有任何排水（客户侧表现=这条下行永远…
    [90m   |[39m             [31m^[39m
    [90m 76|[39m     }
    [90m 77|[39m     [34mexpect[39m([34mgetPendingAckStats[39m(ch)[33m.[39msize)[33m.[39m[34mtoBe[39m([34m0[39m)[33m;[39m

[31m[2m⎯⎯⎯⎯⎯⎯⎯⎯⎯⎯⎯⎯⎯⎯⎯⎯⎯⎯⎯⎯⎯⎯⎯⎯[1/1]⎯[22m[39m

