2026-09-23T14:29:18+08:00 WRN [SECURITY][WARN] USER_JWT_SECRET/JWT_SECRET 未配置，go test 进程使用固定测试密钥（仅用于单元测试） component=user-server
=== RUN   TestN17_FeishuVoiceAndMediaLandInHubWithRightType
2026-09-23T14:29:18+08:00 INF [WebhookRecovery] scanner started interval=30s cooldown=1m0s batch=100 component=user-server
2026-09-23T14:29:18+08:00 WRN [H-3] 延迟出站 TTL 判过期失败，本轮跳过判期但不阻断重放 error="ERROR: relation \"reach_delayed_outbound\" does not exist (SQLSTATE 42P01)" component=user-server
2026-09-23T14:29:18+08:00 WRN [H-3] sending 悬挂行观测查询失败，忽略（不影响派发） error="ERROR: relation \"reach_delayed_outbound\" does not exist (SQLSTATE 42P01)" component=user-server
2026-09-23T14:29:18+08:00 WRN [Feishu] 媒体转存跳过：tenant_access_token 获取失败 error="f4t: 承载用例不发起真实取凭证" account_id=90417101 component=user-server
2026-09-23T14:29:18+08:00 WRN [UnifiedLeadMiner] 查询线索失败 channel=feishu account=fs:ou_f4: ERROR: relation "clues" does not exist (SQLSTATE 42P01) component=user-server
2026-09-23T14:29:18+08:00 WRN [UnifiedLeadMiner] 查询线索失败 channel=feishu account=fs:ou_f4: ERROR: relation "clues" does not exist (SQLSTATE 42P01) component=user-server
2026-09-23T14:29:18+08:00 WRN [Feishu] 媒体转存跳过：tenant_access_token 获取失败 error="f4t: 承载用例不发起真实取凭证" account_id=90417101 component=user-server
2026-09-23T14:29:18+08:00 WRN [UnifiedLeadMiner] 查询线索失败 channel=feishu account=fs:ou_f4: ERROR: relation "clues" does not exist (SQLSTATE 42P01) component=user-server
2026-09-23T14:29:18+08:00 WRN [Feishu] 媒体转存跳过：tenant_access_token 获取失败 error="f4t: 承载用例不发起真实取凭证" account_id=90417101 component=user-server
2026-09-23T14:29:18+08:00 WRN [UnifiedLeadMiner] 查询线索失败 channel=feishu account=fs:ou_f4: ERROR: relation "clues" does not exist (SQLSTATE 42P01) component=user-server
2026-09-23T14:29:18+08:00 WRN [UnifiedLeadMiner] 查询线索失败 channel=feishu account=fs:ou_f4: ERROR: relation "clues" does not exist (SQLSTATE 42P01) component=user-server
2026-09-23T14:29:18+08:00 WRN [UnifiedLeadMiner] 查询线索失败 channel=feishu account=fs:ou_f4: ERROR: relation "clues" does not exist (SQLSTATE 42P01) component=user-server
    webhook_batchf4_msgtype_test.go:527: 取凭证替身只被走到 3/4 次：有派发没进媒体转存分支
--- FAIL: TestN17_FeishuVoiceAndMediaLandInHubWithRightType (15.54s)
FAIL
FAIL	hivemtk-user/internal/service	16.164s
FAIL

===== CONNECT =====
