2026-09-23T14:19:25+08:00 WRN [SECURITY][WARN] USER_JWT_SECRET/JWT_SECRET 未配置，go test 进程使用固定测试密钥（仅用于单元测试） component=user-server
=== RUN   TestSmsService_ResendSms_SuccessClearsFailureAndMarksSent
2026-09-23T14:19:27+08:00 ERR 查询短信退订状态失败 phone=13812345690: ERROR: relation "sms_unsubscribes" does not exist (SQLSTATE 42P01) component=user-server
    sms_success_test.go:107: 官方受理后 ResendSms 不该上抛：resend sms failed: aliyun sms request failed after retries: Post "https://dysmsapi.aliyuncs.com/": Bad Gateway
--- FAIL: TestSmsService_ResendSms_SuccessClearsFailureAndMarksSent (3.14s)
=== RUN   TestSmsService_SendSms_AliyunSuccess
2026-09-23T14:19:28+08:00 ERR 查询短信退订状态失败 phone=13812345687: sql: database is closed component=user-server
    sms_success_test.go:122: 官方回「已受理」时 SendSms 不该上抛：send sms failed: aliyun sms request failed after retries: Post "https://dysmsapi.aliyuncs.com/": Bad Gateway
--- FAIL: TestSmsService_SendSms_AliyunSuccess (1.14s)
=== RUN   TestSmsService_SendSms_TencentSuccess
2026-09-23T14:19:30+08:00 ERR 查询短信退订状态失败 phone=13812345688: sql: database is closed component=user-server
--- PASS: TestSmsService_SendSms_TencentSuccess (0.19s)
=== RUN   TestSmsService_SendSms_HuaweiSuccess
2026-09-23T14:19:30+08:00 ERR 查询短信退订状态失败 phone=13812345689: sql: database is closed component=user-server
--- PASS: TestSmsService_SendSms_HuaweiSuccess (0.28s)
=== RUN   TestSmsService_SendSms
2026-09-23T14:19:30+08:00 ERR 查询短信退订状态失败 phone=13812345678: sql: database is closed component=user-server
    sms_test.go:212: 失败原因没落账：code="unspecified_error" msg="aliyun sms request failed after retries: Post \"https://dysmsapi.aliyuncs.com/\": Bad Gateway"
--- FAIL: TestSmsService_SendSms (1.31s)
=== RUN   TestSmsService_SendSms_TencentOfficialError
2026-09-23T14:19:31+08:00 ERR 查询短信退订状态失败 phone=13812345681: sql: database is closed component=user-server
--- PASS: TestSmsService_SendSms_TencentOfficialError (0.20s)
=== RUN   TestSmsService_SendSms_HuaweiOfficialError
2026-09-23T14:19:32+08:00 ERR 查询短信退订状态失败 phone=13812345682: sql: database is closed component=user-server
--- PASS: TestSmsService_SendSms_HuaweiOfficialError (0.18s)
=== RUN   TestSmsService_ResendSms
2026-09-23T14:19:32+08:00 ERR 查询短信退订状态失败 phone=13812345678: sql: database is closed component=user-server
    sms_test.go:348: 失败原因没落账：code="unspecified_error" msg="aliyun sms request failed after retries: Post \"https://dysmsapi.aliyuncs.com/\": Bad Gateway"
--- FAIL: TestSmsService_ResendSms (1.10s)
=== RUN   TestSmsService_ResendSms_TransportFailureRecordsReason
2026-09-23T14:19:33+08:00 ERR 查询短信退订状态失败 phone=13812345679: sql: database is closed component=user-server
--- PASS: TestSmsService_ResendSms_TransportFailureRecordsReason (1.05s)
=== RUN   TestSmsService_SendSms_UnknownProviderRecordsReason
2026-09-23T14:19:34+08:00 ERR 查询短信退订状态失败 phone=13812345684: sql: database is closed component=user-server
--- PASS: TestSmsService_SendSms_UnknownProviderRecordsReason (0.14s)
=== RUN   TestNewSmsServiceDefaultsToOfficialGatewayURLs
--- PASS: TestNewSmsServiceDefaultsToOfficialGatewayURLs (0.22s)
=== RUN   TestSmsService_SendDraft
2026-09-23T14:19:34+08:00 ERR 查询短信退订状态失败 phone=13812345678: sql: database is closed component=user-server
    sms_test.go:653: 失败原因没落账：code="unspecified_error" msg="aliyun sms request failed after retries: Post \"https://dysmsapi.aliyuncs.com/\": Bad Gateway"
--- FAIL: TestSmsService_SendDraft (1.09s)
FAIL
FAIL	hivemtk-user/internal/service	10.817s
FAIL

===== CONNECT =====
14:19:27 CONNECT dysmsapi.aliyuncs.com:443
14:19:28 CONNECT dysmsapi.aliyuncs.com:443
14:19:28 CONNECT dysmsapi.aliyuncs.com:443
14:19:28 CONNECT dysmsapi.aliyuncs.com:443
14:19:29 CONNECT dysmsapi.aliyuncs.com:443
14:19:29 CONNECT dysmsapi.aliyuncs.com:443
14:19:30 CONNECT dysmsapi.aliyuncs.com:443
14:19:31 CONNECT dysmsapi.aliyuncs.com:443
14:19:31 CONNECT dysmsapi.aliyuncs.com:443
14:19:32 CONNECT dysmsapi.aliyuncs.com:443
14:19:32 CONNECT dysmsapi.aliyuncs.com:443
14:19:33 CONNECT dysmsapi.aliyuncs.com:443
14:19:33 CONNECT dysmsapi.aliyuncs.com:443
14:19:33 CONNECT dysmsapi.aliyuncs.com:443
14:19:34 CONNECT dysmsapi.aliyuncs.com:443
14:19:34 CONNECT dysmsapi.aliyuncs.com:443
14:19:35 CONNECT dysmsapi.aliyuncs.com:443
14:19:35 CONNECT dysmsapi.aliyuncs.com:443