2026-09-23T14:26:58+08:00 WRN [SECURITY][WARN] USER_JWT_SECRET/JWT_SECRET 未配置，go test 进程使用固定测试密钥（仅用于单元测试） component=user-server
=== RUN   TestSmsService_ResendSms_SuccessClearsFailureAndMarksSent
2026-09-23T14:26:58+08:00 ERR 查询短信退订状态失败 phone=13812345690: ERROR: relation "sms_unsubscribes" does not exist (SQLSTATE 42P01) component=user-server
    sms_success_test.go:117: 受理后 SendTime 必须是本次解析出的发送时间，留空＝送达基准没了
--- FAIL: TestSmsService_ResendSms_SuccessClearsFailureAndMarksSent (0.31s)
=== RUN   TestSmsService_SendSms_AliyunSuccess
2026-09-23T14:26:58+08:00 ERR 查询短信退订状态失败 phone=13812345687: sql: database is closed component=user-server
--- PASS: TestSmsService_SendSms_AliyunSuccess (0.13s)
=== RUN   TestSmsService_SendSms_TencentSuccess
2026-09-23T14:26:58+08:00 ERR 查询短信退订状态失败 phone=13812345688: sql: database is closed component=user-server
--- PASS: TestSmsService_SendSms_TencentSuccess (0.13s)
=== RUN   TestSmsService_SendSms_HuaweiSuccess
2026-09-23T14:26:58+08:00 ERR 查询短信退订状态失败 phone=13812345689: sql: database is closed component=user-server
--- PASS: TestSmsService_SendSms_HuaweiSuccess (0.18s)
=== RUN   TestSmsService_SendSms
2026-09-23T14:26:59+08:00 ERR 查询短信退订状态失败 phone=13812345678: sql: database is closed component=user-server
--- PASS: TestSmsService_SendSms (0.26s)
=== RUN   TestSmsService_SendSms_TencentOfficialError
2026-09-23T14:26:59+08:00 ERR 查询短信退订状态失败 phone=13812345681: sql: database is closed component=user-server
--- PASS: TestSmsService_SendSms_TencentOfficialError (0.21s)
=== RUN   TestSmsService_SendSms_HuaweiOfficialError
2026-09-23T14:26:59+08:00 ERR 查询短信退订状态失败 phone=13812345682: sql: database is closed component=user-server
--- PASS: TestSmsService_SendSms_HuaweiOfficialError (0.21s)
=== RUN   TestSmsService_ResendSms
2026-09-23T14:26:59+08:00 ERR 查询短信退订状态失败 phone=13812345678: sql: database is closed component=user-server
--- PASS: TestSmsService_ResendSms (0.26s)
=== RUN   TestSmsService_ResendSms_TransportFailureRecordsReason
2026-09-23T14:27:00+08:00 ERR 查询短信退订状态失败 phone=13812345679: sql: database is closed component=user-server
--- PASS: TestSmsService_ResendSms_TransportFailureRecordsReason (1.26s)
=== RUN   TestSmsService_SendSms_UnknownProviderRecordsReason
2026-09-23T14:27:01+08:00 ERR 查询短信退订状态失败 phone=13812345684: sql: database is closed component=user-server
--- PASS: TestSmsService_SendSms_UnknownProviderRecordsReason (0.31s)
=== RUN   TestNewSmsServiceDefaultsToOfficialGatewayURLs
--- PASS: TestNewSmsServiceDefaultsToOfficialGatewayURLs (0.32s)
=== RUN   TestSmsService_SendDraft
2026-09-23T14:27:01+08:00 ERR 查询短信退订状态失败 phone=13812345678: sql: database is closed component=user-server
--- PASS: TestSmsService_SendDraft (0.30s)
FAIL
FAIL	hivemtk-user/internal/service	4.521s
FAIL

===== CONNECT =====
