2026-09-23T14:20:06+08:00 WRN [SECURITY][WARN] USER_JWT_SECRET/JWT_SECRET 未配置，go test 进程使用固定测试密钥（仅用于单元测试） component=user-server
=== RUN   TestSmsService_ResendSms_SuccessClearsFailureAndMarksSent
2026-09-23T14:20:10+08:00 ERR 查询短信退订状态失败 phone=13812345690: ERROR: relation "sms_unsubscribes" does not exist (SQLSTATE 42P01) component=user-server
--- PASS: TestSmsService_ResendSms_SuccessClearsFailureAndMarksSent (4.21s)
=== RUN   TestSmsService_SendSms_AliyunSuccess
2026-09-23T14:20:11+08:00 ERR 查询短信退订状态失败 phone=13812345687: sql: database is closed component=user-server
--- PASS: TestSmsService_SendSms_AliyunSuccess (0.72s)
=== RUN   TestSmsService_SendSms_TencentSuccess
2026-09-23T14:20:11+08:00 ERR 查询短信退订状态失败 phone=13812345688: sql: database is closed component=user-server
    sms_success_test.go:134: 官方回「已受理」时 SendSms 不该上抛：send sms failed: Post "https://sms.tencentcloudapi.com/": Bad Gateway
--- FAIL: TestSmsService_SendSms_TencentSuccess (0.41s)
=== RUN   TestSmsService_SendSms_HuaweiSuccess
2026-09-23T14:20:11+08:00 ERR 查询短信退订状态失败 phone=13812345689: sql: database is closed component=user-server
--- PASS: TestSmsService_SendSms_HuaweiSuccess (0.39s)
=== RUN   TestSmsService_SendSms
2026-09-23T14:20:13+08:00 ERR 查询短信退订状态失败 phone=13812345678: sql: database is closed component=user-server
--- PASS: TestSmsService_SendSms (1.30s)
=== RUN   TestSmsService_SendSms_TencentOfficialError
2026-09-23T14:20:14+08:00 ERR 查询短信退订状态失败 phone=13812345681: sql: database is closed component=user-server
    sms_test.go:259: 失败原因没落账：code="unspecified_error" msg="Post \"https://sms.tencentcloudapi.com/\": Bad Gateway"
--- FAIL: TestSmsService_SendSms_TencentOfficialError (0.97s)
=== RUN   TestSmsService_SendSms_HuaweiOfficialError
2026-09-23T14:20:14+08:00 ERR 查询短信退订状态失败 phone=13812345682: sql: database is closed component=user-server
--- PASS: TestSmsService_SendSms_HuaweiOfficialError (0.54s)
=== RUN   TestSmsService_ResendSms
2026-09-23T14:20:15+08:00 ERR 查询短信退订状态失败 phone=13812345678: sql: database is closed component=user-server
--- PASS: TestSmsService_ResendSms (0.42s)
=== RUN   TestSmsService_ResendSms_TransportFailureRecordsReason
2026-09-23T14:20:15+08:00 ERR 查询短信退订状态失败 phone=13812345679: sql: database is closed component=user-server
--- PASS: TestSmsService_ResendSms_TransportFailureRecordsReason (1.25s)
=== RUN   TestSmsService_SendSms_UnknownProviderRecordsReason
2026-09-23T14:20:16+08:00 ERR 查询短信退订状态失败 phone=13812345684: sql: database is closed component=user-server
--- PASS: TestSmsService_SendSms_UnknownProviderRecordsReason (0.24s)
=== RUN   TestNewSmsServiceDefaultsToOfficialGatewayURLs
--- PASS: TestNewSmsServiceDefaultsToOfficialGatewayURLs (0.22s)
=== RUN   TestSmsService_SendDraft
2026-09-23T14:20:18+08:00 ERR 查询短信退订状态失败 phone=13812345678: sql: database is closed component=user-server
--- PASS: TestSmsService_SendDraft (1.25s)
FAIL
FAIL	hivemtk-user/internal/service	13.001s
FAIL

===== CONNECT =====
14:20:11 CONNECT sms.tencentcloudapi.com:443
14:20:14 CONNECT sms.tencentcloudapi.com:443