2026-09-23T14:21:02+08:00 WRN [SECURITY][WARN] USER_JWT_SECRET/JWT_SECRET 未配置，go test 进程使用固定测试密钥（仅用于单元测试） component=user-server
=== RUN   TestSmsService_ResendSms_SuccessClearsFailureAndMarksSent
2026-09-23T14:21:06+08:00 ERR 查询短信退订状态失败 phone=13812345690: ERROR: relation "sms_unsubscribes" does not exist (SQLSTATE 42P01) component=user-server
--- PASS: TestSmsService_ResendSms_SuccessClearsFailureAndMarksSent (3.41s)
=== RUN   TestSmsService_SendSms_AliyunSuccess
2026-09-23T14:21:06+08:00 ERR 查询短信退订状态失败 phone=13812345687: sql: database is closed component=user-server
--- PASS: TestSmsService_SendSms_AliyunSuccess (0.09s)
=== RUN   TestSmsService_SendSms_TencentSuccess
2026-09-23T14:21:06+08:00 ERR 查询短信退订状态失败 phone=13812345688: sql: database is closed component=user-server
    sms_success_test.go:134: 官方回「已受理」时 SendSms 不该上抛：send sms failed: Post "https://dysmsapi.aliyuncs.com/": Bad Gateway
--- FAIL: TestSmsService_SendSms_TencentSuccess (0.13s)
=== RUN   TestSmsService_SendSms_HuaweiSuccess
2026-09-23T14:21:06+08:00 ERR 查询短信退订状态失败 phone=13812345689: sql: database is closed component=user-server
--- PASS: TestSmsService_SendSms_HuaweiSuccess (0.16s)
=== RUN   TestSmsService_SendSms
2026-09-23T14:21:06+08:00 ERR 查询短信退订状态失败 phone=13812345678: sql: database is closed component=user-server
--- PASS: TestSmsService_SendSms (0.18s)
=== RUN   TestSmsService_SendSms_TencentOfficialError
2026-09-23T14:21:06+08:00 ERR 查询短信退订状态失败 phone=13812345681: sql: database is closed component=user-server
    sms_test.go:259: 失败原因没落账：code="unspecified_error" msg="Post \"https://dysmsapi.aliyuncs.com/\": Bad Gateway"
--- FAIL: TestSmsService_SendSms_TencentOfficialError (0.16s)
=== RUN   TestSmsService_SendSms_HuaweiOfficialError
2026-09-23T14:21:06+08:00 ERR 查询短信退订状态失败 phone=13812345682: sql: database is closed component=user-server
--- PASS: TestSmsService_SendSms_HuaweiOfficialError (0.13s)
=== RUN   TestSmsService_ResendSms
2026-09-23T14:21:07+08:00 ERR 查询短信退订状态失败 phone=13812345678: sql: database is closed component=user-server
--- PASS: TestSmsService_ResendSms (0.13s)
=== RUN   TestSmsService_ResendSms_TransportFailureRecordsReason
2026-09-23T14:21:07+08:00 ERR 查询短信退订状态失败 phone=13812345679: sql: database is closed component=user-server
--- PASS: TestSmsService_ResendSms_TransportFailureRecordsReason (1.03s)
=== RUN   TestSmsService_SendSms_UnknownProviderRecordsReason
2026-09-23T14:21:08+08:00 ERR 查询短信退订状态失败 phone=13812345684: sql: database is closed component=user-server
--- PASS: TestSmsService_SendSms_UnknownProviderRecordsReason (0.15s)
=== RUN   TestNewSmsServiceDefaultsToOfficialGatewayURLs
--- PASS: TestNewSmsServiceDefaultsToOfficialGatewayURLs (0.12s)
=== RUN   TestSmsService_SendDraft
2026-09-23T14:21:08+08:00 ERR 查询短信退订状态失败 phone=13812345678: sql: database is closed component=user-server
--- PASS: TestSmsService_SendDraft (0.13s)
FAIL
FAIL	hivemtk-user/internal/service	7.495s
FAIL

===== CONNECT =====
14:21:06 CONNECT dysmsapi.aliyuncs.com:443
14:21:06 CONNECT dysmsapi.aliyuncs.com:443