2026-09-23T14:21:29+08:00 WRN [SECURITY][WARN] USER_JWT_SECRET/JWT_SECRET 未配置，go test 进程使用固定测试密钥（仅用于单元测试） component=user-server
=== RUN   TestSmsService_ResendSms_SuccessClearsFailureAndMarksSent
2026-09-23T14:21:31+08:00 ERR 查询短信退订状态失败 phone=13812345690: ERROR: relation "sms_unsubscribes" does not exist (SQLSTATE 42P01) component=user-server
--- PASS: TestSmsService_ResendSms_SuccessClearsFailureAndMarksSent (2.41s)
=== RUN   TestSmsService_SendSms_AliyunSuccess
2026-09-23T14:21:31+08:00 ERR 查询短信退订状态失败 phone=13812345687: sql: database is closed component=user-server
--- PASS: TestSmsService_SendSms_AliyunSuccess (0.17s)
=== RUN   TestSmsService_SendSms_TencentSuccess
2026-09-23T14:21:31+08:00 ERR 查询短信退订状态失败 phone=13812345688: sql: database is closed component=user-server
--- PASS: TestSmsService_SendSms_TencentSuccess (0.20s)
=== RUN   TestSmsService_SendSms_HuaweiSuccess
2026-09-23T14:21:32+08:00 ERR 查询短信退订状态失败 phone=13812345689: sql: database is closed component=user-server
    sms_success_test.go:143: 官方回「已受理」时 SendSms 不该上抛：send sms failed: Post "https://sms.tencentcloudapi.com/": Bad Gateway
--- FAIL: TestSmsService_SendSms_HuaweiSuccess (0.15s)
=== RUN   TestSmsService_SendSms
2026-09-23T14:21:32+08:00 ERR 查询短信退订状态失败 phone=13812345678: sql: database is closed component=user-server
--- PASS: TestSmsService_SendSms (0.15s)
=== RUN   TestSmsService_SendSms_TencentOfficialError
2026-09-23T14:21:32+08:00 ERR 查询短信退订状态失败 phone=13812345681: sql: database is closed component=user-server
--- PASS: TestSmsService_SendSms_TencentOfficialError (0.14s)
=== RUN   TestSmsService_SendSms_HuaweiOfficialError
2026-09-23T14:21:32+08:00 ERR 查询短信退订状态失败 phone=13812345682: sql: database is closed component=user-server
    sms_test.go:304: 失败原因没落账：code="unspecified_error" msg="Post \"https://sms.tencentcloudapi.com/\": Bad Gateway"
--- FAIL: TestSmsService_SendSms_HuaweiOfficialError (0.13s)
=== RUN   TestSmsService_ResendSms
2026-09-23T14:21:32+08:00 ERR 查询短信退订状态失败 phone=13812345678: sql: database is closed component=user-server
--- PASS: TestSmsService_ResendSms (0.18s)
=== RUN   TestSmsService_ResendSms_TransportFailureRecordsReason
2026-09-23T14:21:32+08:00 ERR 查询短信退订状态失败 phone=13812345679: sql: database is closed component=user-server
--- PASS: TestSmsService_ResendSms_TransportFailureRecordsReason (1.06s)
=== RUN   TestSmsService_SendSms_UnknownProviderRecordsReason
2026-09-23T14:21:33+08:00 ERR 查询短信退订状态失败 phone=13812345684: sql: database is closed component=user-server
--- PASS: TestSmsService_SendSms_UnknownProviderRecordsReason (0.17s)
=== RUN   TestNewSmsServiceDefaultsToOfficialGatewayURLs
--- PASS: TestNewSmsServiceDefaultsToOfficialGatewayURLs (0.16s)
=== RUN   TestSmsService_SendDraft
2026-09-23T14:21:34+08:00 ERR 查询短信退订状态失败 phone=13812345678: sql: database is closed component=user-server
--- PASS: TestSmsService_SendDraft (0.17s)
FAIL
FAIL	hivemtk-user/internal/service	5.757s
FAIL

===== CONNECT =====
14:21:32 CONNECT sms.tencentcloudapi.com:443
14:21:32 CONNECT sms.tencentcloudapi.com:443