2026-09-23T14:22:30+08:00 WRN [SECURITY][WARN] USER_JWT_SECRET/JWT_SECRET 未配置，go test 进程使用固定测试密钥（仅用于单元测试） component=user-server
=== RUN   TestSmsService_ResendSms_SuccessClearsFailureAndMarksSent
2026-09-23T14:22:37+08:00 ERR 查询短信退订状态失败 phone=13812345690: ERROR: relation "sms_unsubscribes" does not exist (SQLSTATE 42P01) component=user-server
--- PASS: TestSmsService_ResendSms_SuccessClearsFailureAndMarksSent (6.83s)
=== RUN   TestSmsService_SendSms_AliyunSuccess
2026-09-23T14:22:37+08:00 ERR 查询短信退订状态失败 phone=13812345687: sql: database is closed component=user-server
--- PASS: TestSmsService_SendSms_AliyunSuccess (0.24s)
=== RUN   TestSmsService_SendSms_TencentSuccess
2026-09-23T14:22:37+08:00 ERR 查询短信退订状态失败 phone=13812345688: sql: database is closed component=user-server
--- PASS: TestSmsService_SendSms_TencentSuccess (0.27s)
=== RUN   TestSmsService_SendSms_HuaweiSuccess
2026-09-23T14:22:37+08:00 ERR 查询短信退订状态失败 phone=13812345689: sql: database is closed component=user-server
--- PASS: TestSmsService_SendSms_HuaweiSuccess (0.22s)
=== RUN   TestSmsService_SendSms
2026-09-23T14:22:37+08:00 ERR 查询短信退订状态失败 phone=13812345678: sql: database is closed component=user-server
--- PASS: TestSmsService_SendSms (0.20s)
=== RUN   TestSmsService_SendSms_TencentOfficialError
2026-09-23T14:22:38+08:00 ERR 查询短信退订状态失败 phone=13812345681: sql: database is closed component=user-server
--- PASS: TestSmsService_SendSms_TencentOfficialError (0.53s)
=== RUN   TestSmsService_SendSms_HuaweiOfficialError
2026-09-23T14:22:38+08:00 ERR 查询短信退订状态失败 phone=13812345682: sql: database is closed component=user-server
--- PASS: TestSmsService_SendSms_HuaweiOfficialError (0.35s)
=== RUN   TestSmsService_ResendSms
2026-09-23T14:22:39+08:00 ERR 查询短信退订状态失败 phone=13812345678: sql: database is closed component=user-server
--- PASS: TestSmsService_ResendSms (0.24s)
=== RUN   TestSmsService_ResendSms_TransportFailureRecordsReason
2026-09-23T14:22:39+08:00 ERR 查询短信退订状态失败 phone=13812345679: sql: database is closed component=user-server
    sms_test.go:392: 传输层失败也要留下错误码（供重试归类与看板聚合）
--- FAIL: TestSmsService_ResendSms_TransportFailureRecordsReason (1.07s)
=== RUN   TestSmsService_SendSms_UnknownProviderRecordsReason
2026-09-23T14:22:40+08:00 ERR 查询短信退订状态失败 phone=13812345684: sql: database is closed component=user-server
    sms_test.go:429: 占位错误码 = "", want unspecified_error
--- FAIL: TestSmsService_SendSms_UnknownProviderRecordsReason (0.14s)
=== RUN   TestNewSmsServiceDefaultsToOfficialGatewayURLs
--- PASS: TestNewSmsServiceDefaultsToOfficialGatewayURLs (0.12s)
=== RUN   TestSmsService_SendDraft
2026-09-23T14:22:40+08:00 ERR 查询短信退订状态失败 phone=13812345678: sql: database is closed component=user-server
--- PASS: TestSmsService_SendDraft (0.14s)
FAIL
FAIL	hivemtk-user/internal/service	11.459s
FAIL

===== CONNECT =====
