=== RUN   TestBillStatusVocabulary
--- PASS: TestBillStatusVocabulary (0.00s)
=== RUN   TestBillSchemaShape
--- PASS: TestBillSchemaShape (0.00s)
=== RUN   TestBillKeyedToExactlyOneQuoteVersion
    bill_test.go:121: quote_row_id 没有命名的唯一索引：同一版报价可以被派生出第二张账单而库里插得进去（AC① 失守）
--- FAIL: TestBillKeyedToExactlyOneQuoteVersion (0.00s)
=== RUN   TestBillCarriesNoPaymentTotals
--- PASS: TestBillCarriesNoPaymentTotals (0.00s)
=== RUN   TestBillCarriesNoApprovalState
--- PASS: TestBillCarriesNoApprovalState (0.00s)
=== RUN   TestBillHasNoTenantColumn
--- PASS: TestBillHasNoTenantColumn (0.00s)
=== RUN   TestBillKeyColumnWidths
--- PASS: TestBillKeyColumnWidths (0.00s)
=== RUN   TestBillJSONNamesMatchColumns
--- PASS: TestBillJSONNamesMatchColumns (0.00s)
=== RUN   TestBillStatusTransitionsAreDeclared
--- PASS: TestBillStatusTransitionsAreDeclared (0.00s)
FAIL
FAIL	hivemtk-user/internal/model	0.348s
FAIL
