2026-09-23T15:13:00+08:00 WRN [SECURITY][WARN] USER_JWT_SECRET/JWT_SECRET 未配置，go test 进程使用固定测试密钥（仅用于单元测试） component=user-server
=== RUN   TestBillRepository_CreateRejectsMissingIdentity
--- PASS: TestBillRepository_CreateRejectsMissingIdentity (0.18s)
=== RUN   TestBillRepository_DuplicateQuoteRowIsItsOwnError
--- PASS: TestBillRepository_DuplicateQuoteRowIsItsOwnError (0.05s)
=== RUN   TestBillRepository_StatusMustBeInTheDomain
--- PASS: TestBillRepository_StatusMustBeInTheDomain (0.06s)
=== RUN   TestBillRepository_ReadsDistinguishMissingFromFailure
--- PASS: TestBillRepository_ReadsDistinguishMissingFromFailure (0.05s)
=== RUN   TestBillRepository_ReadFailureIsNotMissingRead
--- PASS: TestBillRepository_ReadFailureIsNotMissingRead (0.04s)
=== RUN   TestBillRepository_UpdateStatusIsCompareAndSet
    bill_test.go:299: 过期起点报的不是 ErrBillStatusConflict：<nil>
    bill_test.go:313: 状态 "partial"，期望 voided
--- FAIL: TestBillRepository_UpdateStatusIsCompareAndSet (0.06s)
=== RUN   TestBillRepository_MethodSetIsExactlyTheDocumentedSix
--- PASS: TestBillRepository_MethodSetIsExactlyTheDocumentedSix (0.00s)
=== RUN   TestBillRepository_ListByQuoteID
--- PASS: TestBillRepository_ListByQuoteID (0.05s)
=== RUN   TestBillRepository_ListByQuoteIDStableOrderTiesCreatedAt
--- PASS: TestBillRepository_ListByQuoteIDStableOrderTiesCreatedAt (0.05s)
=== RUN   TestBillRepository_NilHandleFailsLoudly
--- PASS: TestBillRepository_NilHandleFailsLoudly (0.00s)
=== RUN   TestBillRepository_ConstraintNameIsTheOneOnTheModel
--- PASS: TestBillRepository_ConstraintNameIsTheOneOnTheModel (0.08s)
FAIL
FAIL	hivemtk-user/internal/repository	1.076s
FAIL
