2026-09-23T15:24:46+08:00 WRN [SECURITY][WARN] USER_JWT_SECRET/JWT_SECRET 未配置，go test 进程使用固定测试密钥（仅用于单元测试） component=user-server
=== RUN   TestB14_TypeAndClickNearRecordChannel
2026-09-23T15:24:46+08:00 INF [BrowserHost] Host 已注册 user=9301 version=1.5.0-e2e pid=1215 component=user-server
2026-09-23T15:24:46+08:00 INF [BrowserHost] 注册探针通过（应用面可服务）user=9301 pid=1215 component=user-server
2026-09-23T15:24:47+08:00 WRN [BrowserHost] 连接读失败 user=9301: websocket: close 1006 (abnormal closure): unexpected EOF component=user-server
--- PASS: TestB14_TypeAndClickNearRecordChannel (1.41s)
=== RUN   TestWriteClickFrameRequestsIdentityRecheck
2026-09-23T15:24:47+08:00 INF [BrowserHost] Host 已注册 user=9301 version=1.5.0-e2e pid=1215 component=user-server
2026-09-23T15:24:47+08:00 INF [BrowserHost] 注册探针通过（应用面可服务）user=9301 pid=1215 component=user-server
2026-09-23T15:24:48+08:00 WRN [BrowserHost] 连接读失败 user=9301: websocket: close 1006 (abnormal closure): unexpected EOF component=user-server
--- PASS: TestWriteClickFrameRequestsIdentityRecheck (0.99s)
=== RUN   TestReadClickFrameDoesNotRequestIdentityRecheck
2026-09-23T15:24:48+08:00 INF [BrowserHost] Host 已注册 user=9301 version=1.5.0-e2e pid=1215 component=user-server
2026-09-23T15:24:48+08:00 INF [BrowserHost] 注册探针通过（应用面可服务）user=9301 pid=1215 component=user-server
2026-09-23T15:24:49+08:00 WRN [BrowserHost] 连接读失败 user=9301: websocket: close 1006 (abnormal closure): unexpected EOF component=user-server
--- PASS: TestReadClickFrameDoesNotRequestIdentityRecheck (1.17s)
=== RUN   TestClickNearIdentityRecheckFollowsWriteGate
=== RUN   TestClickNearIdentityRecheckFollowsWriteGate/带平台发送文案=写步要复核
2026-09-23T15:24:50+08:00 INF [BrowserHost] Host 已注册 user=9301 version=1.5.0-e2e pid=1215 component=user-server
2026-09-23T15:24:50+08:00 INF [BrowserHost] 注册探针通过（应用面可服务）user=9301 pid=1215 component=user-server
2026-09-23T15:24:51+08:00 WRN [BrowserHost] 连接读失败 user=9301: websocket: close 1006 (abnormal closure): unexpected EOF component=user-server
=== RUN   TestClickNearIdentityRecheckFollowsWriteGate/无文案=只读步不复核
2026-09-23T15:24:51+08:00 INF [BrowserHost] Host 已注册 user=9301 version=1.5.0-e2e pid=1215 component=user-server
2026-09-23T15:24:51+08:00 INF [BrowserHost] 注册探针通过（应用面可服务）user=9301 pid=1215 component=user-server
2026-09-23T15:24:52+08:00 WRN [BrowserHost] 连接读失败 user=9301: websocket: close 1006 (abnormal closure): unexpected EOF component=user-server
--- PASS: TestClickNearIdentityRecheckFollowsWriteGate (2.62s)
    --- PASS: TestClickNearIdentityRecheckFollowsWriteGate/带平台发送文案=写步要复核 (1.12s)
    --- PASS: TestClickNearIdentityRecheckFollowsWriteGate/无文案=只读步不复核 (1.50s)
=== RUN   TestClickResultRecordsIdentityChecked
=== RUN   TestClickResultRecordsIdentityChecked/扩展报复核过
2026-09-23T15:24:52+08:00 INF [BrowserHost] Host 已注册 user=9301 version=1.5.0-e2e pid=1215 component=user-server
2026-09-23T15:24:52+08:00 INF [BrowserHost] 注册探针通过（应用面可服务）user=9301 pid=1215 component=user-server
=== RUN   TestClickResultRecordsIdentityChecked/旧扩展没这个字段
2026-09-23T15:24:53+08:00 WRN [BrowserHost] 连接读失败 user=9301: websocket: close 1006 (abnormal closure): unexpected EOF component=user-server
2026-09-23T15:24:53+08:00 INF [BrowserHost] Host 已注册 user=9301 version=1.5.0-e2e pid=1215 component=user-server
2026-09-23T15:24:53+08:00 INF [BrowserHost] 注册探针通过（应用面可服务）user=9301 pid=1215 component=user-server
2026-09-23T15:24:54+08:00 WRN [BrowserHost] 连接读失败 user=9301: websocket: close 1006 (abnormal closure): unexpected EOF component=user-server
--- PASS: TestClickResultRecordsIdentityChecked (2.38s)
    --- PASS: TestClickResultRecordsIdentityChecked/扩展报复核过 (1.14s)
    --- PASS: TestClickResultRecordsIdentityChecked/旧扩展没这个字段 (1.24s)
=== RUN   TestElementMovedWriteClickRecordsAttempt
2026-09-23T15:24:55+08:00 INF [BrowserHost] Host 已注册 user=9301 version=1.5.0-e2e pid=1215 component=user-server
2026-09-23T15:24:55+08:00 INF [BrowserHost] 注册探针通过（应用面可服务）user=9301 pid=1215 component=user-server
2026-09-23T15:24:56+08:00 WRN [BrowserExec] step 失败 session=1 idx=1 action=click attempt=0: element_moved: 中心点从 150,220 挪到 230,220 component=user-server
2026-09-23T15:24:56+08:00 WRN [BrowserHost] 连接读失败 user=9301: websocket: close 1006 (abnormal closure): unexpected EOF component=user-server
--- PASS: TestElementMovedWriteClickRecordsAttempt (1.53s)
=== RUN   TestPreDispatchRefusalRecordsNoAttempt
=== RUN   TestPreDispatchRefusalRecordsNoAttempt/stable_拦下（批17_新增）
2026-09-23T15:24:56+08:00 INF [BrowserHost] Host 已注册 user=9301 version=1.5.0-e2e pid=1215 component=user-server
2026-09-23T15:24:56+08:00 INF [BrowserHost] 注册探针通过（应用面可服务）user=9301 pid=1215 component=user-server
2026-09-23T15:24:57+08:00 WRN [BrowserExec] step 失败 session=1 idx=1 action=click attempt=0: element_not_interactable: unstable component=user-server
2026-09-23T15:24:57+08:00 WRN [BrowserHost] 连接读失败 user=9301: websocket: close 1006 (abnormal closure): unexpected EOF component=user-server
=== RUN   TestPreDispatchRefusalRecordsNoAttempt/浮层遮挡（批14_起就有）
2026-09-23T15:24:58+08:00 INF [BrowserHost] Host 已注册 user=9301 version=1.5.0-e2e pid=1215 component=user-server
2026-09-23T15:24:58+08:00 INF [BrowserHost] 注册探针通过（应用面可服务）user=9301 pid=1215 component=user-server
2026-09-23T15:24:59+08:00 WRN [BrowserExec] step 失败 session=1 idx=1 action=click attempt=0: element_not_interactable: covered component=user-server
2026-09-23T15:24:59+08:00 WRN [BrowserHost] 连接读失败 user=9301: websocket: close 1006 (abnormal closure): unexpected EOF component=user-server
=== RUN   TestPreDispatchRefusalRecordsNoAttempt/发送按钮抖动
2026-09-23T15:24:59+08:00 INF [BrowserHost] Host 已注册 user=9301 version=1.5.0-e2e pid=1215 component=user-server
2026-09-23T15:24:59+08:00 INF [BrowserHost] 注册探针通过（应用面可服务）user=9301 pid=1215 component=user-server
2026-09-23T15:25:00+08:00 WRN [BrowserExec] step 失败 session=1 idx=1 action=click attempt=0: send_button_not_interactable: unstable component=user-server
2026-09-23T15:25:00+08:00 WRN [BrowserHost] 连接读失败 user=9301: websocket: close 1006 (abnormal closure): unexpected EOF component=user-server
--- PASS: TestPreDispatchRefusalRecordsNoAttempt (4.01s)
    --- PASS: TestPreDispatchRefusalRecordsNoAttempt/stable_拦下（批17_新增） (1.47s)
    --- PASS: TestPreDispatchRefusalRecordsNoAttempt/浮层遮挡（批14_起就有） (1.18s)
    --- PASS: TestPreDispatchRefusalRecordsNoAttempt/发送按钮抖动 (1.35s)
=== RUN   TestWSE2E_WriteStepNeverExecutedLeavesNoLedger
2026-09-23T15:25:00+08:00 INF [BrowserHost] Host 已注册 user=9301 version=1.5.0-e2e pid=1215 component=user-server
2026-09-23T15:25:00+08:00 INF [BrowserHost] 注册探针通过（应用面可服务）user=9301 pid=1215 component=user-server
2026-09-23T15:25:01+08:00 WRN [BrowserExec] step 失败 session=1 idx=1 action=type attempt=0: element_not_found: .content-textarea component=user-server
--- PASS: TestWSE2E_WriteStepNeverExecutedLeavesNoLedger (1.34s)
2026-09-23T15:25:01+08:00 WRN [BrowserHost] 连接读失败 user=9301: websocket: close 1006 (abnormal closure): unexpected EOF component=user-server
PASS
ok  	hivemtk-user/internal/browser_automation/service	16.111s
