2026-09-23T15:25:05+08:00 WRN [SECURITY][WARN] USER_JWT_SECRET/JWT_SECRET 未配置，go test 进程使用固定测试密钥（仅用于单元测试） component=user-server
=== RUN   TestB14_TypeAndClickNearRecordChannel
2026-09-23T15:25:05+08:00 INF [BrowserHost] Host 已注册 user=9301 version=1.5.0-e2e pid=1461 component=user-server
2026-09-23T15:25:05+08:00 INF [BrowserHost] 注册探针通过（应用面可服务）user=9301 pid=1461 component=user-server
2026-09-23T15:25:06+08:00 WRN [BrowserHost] 连接读失败 user=9301: websocket: close 1006 (abnormal closure): unexpected EOF component=user-server
--- PASS: TestB14_TypeAndClickNearRecordChannel (1.28s)
=== RUN   TestWriteClickFrameRequestsIdentityRecheck
2026-09-23T15:25:07+08:00 INF [BrowserHost] Host 已注册 user=9301 version=1.5.0-e2e pid=1461 component=user-server
2026-09-23T15:25:07+08:00 INF [BrowserHost] 注册探针通过（应用面可服务）user=9301 pid=1461 component=user-server
    verify_identity_b17_test.go:97: 写步的 click 帧 verify_identity=<nil>（present=false）want true——复核执行侧在扩展，请求侧就是这一个布尔：不发出去，批17(b) 那道闸门在真机上一次都不会跑
2026-09-23T15:25:07+08:00 WRN [BrowserHost] 连接读失败 user=9301: websocket: close 1006 (abnormal closure): unexpected EOF component=user-server
--- FAIL: TestWriteClickFrameRequestsIdentityRecheck (0.97s)
=== RUN   TestReadClickFrameDoesNotRequestIdentityRecheck
2026-09-23T15:25:08+08:00 INF [BrowserHost] Host 已注册 user=9301 version=1.5.0-e2e pid=1461 component=user-server
2026-09-23T15:25:08+08:00 INF [BrowserHost] 注册探针通过（应用面可服务）user=9301 pid=1461 component=user-server
2026-09-23T15:25:08+08:00 WRN [BrowserHost] 连接读失败 user=9301: websocket: close 1006 (abnormal closure): unexpected EOF component=user-server
--- PASS: TestReadClickFrameDoesNotRequestIdentityRecheck (1.10s)
=== RUN   TestClickNearIdentityRecheckFollowsWriteGate
=== RUN   TestClickNearIdentityRecheckFollowsWriteGate/带平台发送文案=写步要复核
2026-09-23T15:25:09+08:00 INF [BrowserHost] Host 已注册 user=9301 version=1.5.0-e2e pid=1461 component=user-server
2026-09-23T15:25:09+08:00 INF [BrowserHost] 注册探针通过（应用面可服务）user=9301 pid=1461 component=user-server
2026-09-23T15:25:10+08:00 WRN [BrowserHost] 连接读失败 user=9301: websocket: close 1006 (abnormal closure): unexpected EOF component=user-server
=== RUN   TestClickNearIdentityRecheckFollowsWriteGate/无文案=只读步不复核
2026-09-23T15:25:10+08:00 INF [BrowserHost] Host 已注册 user=9301 version=1.5.0-e2e pid=1461 component=user-server
2026-09-23T15:25:10+08:00 INF [BrowserHost] 注册探针通过（应用面可服务）user=9301 pid=1461 component=user-server
2026-09-23T15:25:11+08:00 WRN [BrowserHost] 连接读失败 user=9301: websocket: close 1006 (abnormal closure): unexpected EOF component=user-server
--- PASS: TestClickNearIdentityRecheckFollowsWriteGate (2.64s)
    --- PASS: TestClickNearIdentityRecheckFollowsWriteGate/带平台发送文案=写步要复核 (1.57s)
    --- PASS: TestClickNearIdentityRecheckFollowsWriteGate/无文案=只读步不复核 (1.07s)
=== RUN   TestClickResultRecordsIdentityChecked
=== RUN   TestClickResultRecordsIdentityChecked/扩展报复核过
2026-09-23T15:25:11+08:00 INF [BrowserHost] Host 已注册 user=9301 version=1.5.0-e2e pid=1461 component=user-server
2026-09-23T15:25:11+08:00 INF [BrowserHost] 注册探针通过（应用面可服务）user=9301 pid=1461 component=user-server
2026-09-23T15:25:12+08:00 WRN [BrowserHost] 连接读失败 user=9301: websocket: close 1006 (abnormal closure): unexpected EOF component=user-server
=== RUN   TestClickResultRecordsIdentityChecked/旧扩展没这个字段
2026-09-23T15:25:12+08:00 INF [BrowserHost] Host 已注册 user=9301 version=1.5.0-e2e pid=1461 component=user-server
2026-09-23T15:25:12+08:00 INF [BrowserHost] 注册探针通过（应用面可服务）user=9301 pid=1461 component=user-server
2026-09-23T15:25:14+08:00 WRN [BrowserHost] 连接读失败 user=9301: websocket: close 1006 (abnormal closure): unexpected EOF component=user-server
--- PASS: TestClickResultRecordsIdentityChecked (2.47s)
    --- PASS: TestClickResultRecordsIdentityChecked/扩展报复核过 (1.08s)
    --- PASS: TestClickResultRecordsIdentityChecked/旧扩展没这个字段 (1.39s)
=== RUN   TestElementMovedWriteClickRecordsAttempt
2026-09-23T15:25:14+08:00 INF [BrowserHost] Host 已注册 user=9301 version=1.5.0-e2e pid=1461 component=user-server
2026-09-23T15:25:14+08:00 INF [BrowserHost] 注册探针通过（应用面可服务）user=9301 pid=1461 component=user-server
2026-09-23T15:25:15+08:00 WRN [BrowserExec] step 失败 session=1 idx=1 action=click attempt=0: element_moved: 中心点从 150,220 挪到 230,220 component=user-server
2026-09-23T15:25:15+08:00 WRN [BrowserHost] 连接读失败 user=9301: websocket: close 1006 (abnormal closure): unexpected EOF component=user-server
--- PASS: TestElementMovedWriteClickRecordsAttempt (1.12s)
=== RUN   TestPreDispatchRefusalRecordsNoAttempt
=== RUN   TestPreDispatchRefusalRecordsNoAttempt/stable_拦下（批17_新增）
2026-09-23T15:25:15+08:00 INF [BrowserHost] Host 已注册 user=9301 version=1.5.0-e2e pid=1461 component=user-server
2026-09-23T15:25:15+08:00 INF [BrowserHost] 注册探针通过（应用面可服务）user=9301 pid=1461 component=user-server
2026-09-23T15:25:16+08:00 WRN [BrowserExec] step 失败 session=1 idx=1 action=click attempt=0: element_not_interactable: unstable component=user-server
2026-09-23T15:25:16+08:00 WRN [BrowserHost] 连接读失败 user=9301: websocket: close 1006 (abnormal closure): unexpected EOF component=user-server
=== RUN   TestPreDispatchRefusalRecordsNoAttempt/浮层遮挡（批14_起就有）
2026-09-23T15:25:16+08:00 INF [BrowserHost] Host 已注册 user=9301 version=1.5.0-e2e pid=1461 component=user-server
2026-09-23T15:25:16+08:00 INF [BrowserHost] 注册探针通过（应用面可服务）user=9301 pid=1461 component=user-server
2026-09-23T15:25:17+08:00 WRN [BrowserExec] step 失败 session=1 idx=1 action=click attempt=0: element_not_interactable: covered component=user-server
2026-09-23T15:25:17+08:00 WRN [BrowserHost] 连接读失败 user=9301: websocket: close 1006 (abnormal closure): unexpected EOF component=user-server
=== RUN   TestPreDispatchRefusalRecordsNoAttempt/发送按钮抖动
2026-09-23T15:25:17+08:00 INF [BrowserHost] Host 已注册 user=9301 version=1.5.0-e2e pid=1461 component=user-server
2026-09-23T15:25:17+08:00 INF [BrowserHost] 注册探针通过（应用面可服务）user=9301 pid=1461 component=user-server
2026-09-23T15:25:18+08:00 WRN [BrowserExec] step 失败 session=1 idx=1 action=click attempt=0: send_button_not_interactable: unstable component=user-server
--- PASS: TestPreDispatchRefusalRecordsNoAttempt (3.48s)
    --- PASS: TestPreDispatchRefusalRecordsNoAttempt/stable_拦下（批17_新增） (1.10s)
    --- PASS: TestPreDispatchRefusalRecordsNoAttempt/浮层遮挡（批14_起就有） (0.98s)
    --- PASS: TestPreDispatchRefusalRecordsNoAttempt/发送按钮抖动 (1.39s)
=== RUN   TestWSE2E_WriteStepNeverExecutedLeavesNoLedger
2026-09-23T15:25:18+08:00 WRN [BrowserHost] 连接读失败 user=9301: websocket: close 1006 (abnormal closure): unexpected EOF component=user-server
2026-09-23T15:25:18+08:00 INF [BrowserHost] Host 已注册 user=9301 version=1.5.0-e2e pid=1461 component=user-server
2026-09-23T15:25:18+08:00 INF [BrowserHost] 注册探针通过（应用面可服务）user=9301 pid=1461 component=user-server
2026-09-23T15:25:19+08:00 WRN [BrowserExec] step 失败 session=1 idx=1 action=type attempt=0: element_not_found: .content-textarea component=user-server
2026-09-23T15:25:19+08:00 WRN [BrowserHost] 连接读失败 user=9301: websocket: close 1006 (abnormal closure): unexpected EOF component=user-server
--- PASS: TestWSE2E_WriteStepNeverExecutedLeavesNoLedger (1.19s)
FAIL
FAIL	hivemtk-user/internal/browser_automation/service	14.892s
FAIL
