2026-09-23T15:25:41+08:00 WRN [SECURITY][WARN] USER_JWT_SECRET/JWT_SECRET 未配置，go test 进程使用固定测试密钥（仅用于单元测试） component=user-server
=== RUN   TestB14_TypeAndClickNearRecordChannel
2026-09-23T15:25:42+08:00 INF [BrowserHost] Host 已注册 user=9301 version=1.5.0-e2e pid=1997 component=user-server
2026-09-23T15:25:42+08:00 INF [BrowserHost] 注册探针通过（应用面可服务）user=9301 pid=1997 component=user-server
2026-09-23T15:25:43+08:00 WRN [BrowserHost] 连接读失败 user=9301: websocket: close 1006 (abnormal closure): unexpected EOF component=user-server
--- PASS: TestB14_TypeAndClickNearRecordChannel (1.65s)
=== RUN   TestWriteClickFrameRequestsIdentityRecheck
2026-09-23T15:25:43+08:00 INF [BrowserHost] Host 已注册 user=9301 version=1.5.0-e2e pid=1997 component=user-server
2026-09-23T15:25:43+08:00 INF [BrowserHost] 注册探针通过（应用面可服务）user=9301 pid=1997 component=user-server
2026-09-23T15:25:44+08:00 WRN [BrowserHost] 连接读失败 user=9301: websocket: close 1006 (abnormal closure): unexpected EOF component=user-server
--- PASS: TestWriteClickFrameRequestsIdentityRecheck (1.11s)
=== RUN   TestReadClickFrameDoesNotRequestIdentityRecheck
2026-09-23T15:25:44+08:00 INF [BrowserHost] Host 已注册 user=9301 version=1.5.0-e2e pid=1997 component=user-server
2026-09-23T15:25:44+08:00 INF [BrowserHost] 注册探针通过（应用面可服务）user=9301 pid=1997 component=user-server
2026-09-23T15:25:45+08:00 WRN [BrowserHost] 连接读失败 user=9301: websocket: close 1006 (abnormal closure): unexpected EOF component=user-server
--- PASS: TestReadClickFrameDoesNotRequestIdentityRecheck (1.17s)
=== RUN   TestClickNearIdentityRecheckFollowsWriteGate
=== RUN   TestClickNearIdentityRecheckFollowsWriteGate/带平台发送文案=写步要复核
2026-09-23T15:25:46+08:00 INF [BrowserHost] Host 已注册 user=9301 version=1.5.0-e2e pid=1997 component=user-server
2026-09-23T15:25:46+08:00 INF [BrowserHost] 注册探针通过（应用面可服务）user=9301 pid=1997 component=user-server
2026-09-23T15:25:47+08:00 WRN [BrowserHost] 连接读失败 user=9301: websocket: close 1006 (abnormal closure): unexpected EOF component=user-server
=== RUN   TestClickNearIdentityRecheckFollowsWriteGate/无文案=只读步不复核
2026-09-23T15:25:47+08:00 INF [BrowserHost] Host 已注册 user=9301 version=1.5.0-e2e pid=1997 component=user-server
2026-09-23T15:25:47+08:00 INF [BrowserHost] 注册探针通过（应用面可服务）user=9301 pid=1997 component=user-server
2026-09-23T15:25:48+08:00 WRN [BrowserHost] 连接读失败 user=9301: websocket: close 1006 (abnormal closure): unexpected EOF component=user-server
--- PASS: TestClickNearIdentityRecheckFollowsWriteGate (2.27s)
    --- PASS: TestClickNearIdentityRecheckFollowsWriteGate/带平台发送文案=写步要复核 (1.18s)
    --- PASS: TestClickNearIdentityRecheckFollowsWriteGate/无文案=只读步不复核 (1.09s)
=== RUN   TestClickResultRecordsIdentityChecked
=== RUN   TestClickResultRecordsIdentityChecked/扩展报复核过
2026-09-23T15:25:48+08:00 INF [BrowserHost] Host 已注册 user=9301 version=1.5.0-e2e pid=1997 component=user-server
2026-09-23T15:25:48+08:00 INF [BrowserHost] 注册探针通过（应用面可服务）user=9301 pid=1997 component=user-server
    verify_identity_b17_test.go:213: result 里没有 identity_checked 这一列——复核跑没跑过在库里无从分辨
2026-09-23T15:25:49+08:00 WRN [BrowserHost] 连接读失败 user=9301: websocket: close 1006 (abnormal closure): unexpected EOF component=user-server
=== RUN   TestClickResultRecordsIdentityChecked/旧扩展没这个字段
2026-09-23T15:25:49+08:00 INF [BrowserHost] Host 已注册 user=9301 version=1.5.0-e2e pid=1997 component=user-server
2026-09-23T15:25:49+08:00 INF [BrowserHost] 注册探针通过（应用面可服务）user=9301 pid=1997 component=user-server
    verify_identity_b17_test.go:213: result 里没有 identity_checked 这一列——复核跑没跑过在库里无从分辨
2026-09-23T15:25:50+08:00 WRN [BrowserHost] 连接读失败 user=9301: websocket: close 1006 (abnormal closure): unexpected EOF component=user-server
--- FAIL: TestClickResultRecordsIdentityChecked (2.71s)
    --- FAIL: TestClickResultRecordsIdentityChecked/扩展报复核过 (1.50s)
    --- FAIL: TestClickResultRecordsIdentityChecked/旧扩展没这个字段 (1.21s)
=== RUN   TestElementMovedWriteClickRecordsAttempt
2026-09-23T15:25:51+08:00 INF [BrowserHost] Host 已注册 user=9301 version=1.5.0-e2e pid=1997 component=user-server
2026-09-23T15:25:51+08:00 INF [BrowserHost] 注册探针通过（应用面可服务）user=9301 pid=1997 component=user-server
2026-09-23T15:25:52+08:00 WRN [BrowserExec] step 失败 session=1 idx=1 action=click attempt=0: element_moved: 中心点从 150,220 挪到 230,220 component=user-server
2026-09-23T15:25:52+08:00 WRN [BrowserHost] 连接读失败 user=9301: websocket: close 1006 (abnormal closure): unexpected EOF component=user-server
--- PASS: TestElementMovedWriteClickRecordsAttempt (1.52s)
=== RUN   TestPreDispatchRefusalRecordsNoAttempt
=== RUN   TestPreDispatchRefusalRecordsNoAttempt/stable_拦下（批17_新增）
2026-09-23T15:25:52+08:00 INF [BrowserHost] Host 已注册 user=9301 version=1.5.0-e2e pid=1997 component=user-server
2026-09-23T15:25:52+08:00 INF [BrowserHost] 注册探针通过（应用面可服务）user=9301 pid=1997 component=user-server
2026-09-23T15:25:53+08:00 WRN [BrowserExec] step 失败 session=1 idx=1 action=click attempt=0: element_not_interactable: unstable component=user-server
2026-09-23T15:25:53+08:00 WRN [BrowserHost] 连接读失败 user=9301: websocket: close 1006 (abnormal closure): unexpected EOF component=user-server
=== RUN   TestPreDispatchRefusalRecordsNoAttempt/浮层遮挡（批14_起就有）
2026-09-23T15:25:53+08:00 INF [BrowserHost] Host 已注册 user=9301 version=1.5.0-e2e pid=1997 component=user-server
2026-09-23T15:25:53+08:00 INF [BrowserHost] 注册探针通过（应用面可服务）user=9301 pid=1997 component=user-server
2026-09-23T15:25:55+08:00 WRN [BrowserExec] step 失败 session=1 idx=1 action=click attempt=0: element_not_interactable: covered component=user-server
2026-09-23T15:25:55+08:00 WRN [BrowserHost] 连接读失败 user=9301: websocket: close 1006 (abnormal closure): unexpected EOF component=user-server
=== RUN   TestPreDispatchRefusalRecordsNoAttempt/发送按钮抖动
2026-09-23T15:25:55+08:00 INF [BrowserHost] Host 已注册 user=9301 version=1.5.0-e2e pid=1997 component=user-server
2026-09-23T15:25:55+08:00 INF [BrowserHost] 注册探针通过（应用面可服务）user=9301 pid=1997 component=user-server
2026-09-23T15:25:56+08:00 WRN [BrowserExec] step 失败 session=1 idx=1 action=click attempt=0: send_button_not_interactable: unstable component=user-server
2026-09-23T15:25:56+08:00 WRN [BrowserHost] 连接读失败 user=9301: websocket: close 1006 (abnormal closure): unexpected EOF component=user-server
--- PASS: TestPreDispatchRefusalRecordsNoAttempt (4.20s)
    --- PASS: TestPreDispatchRefusalRecordsNoAttempt/stable_拦下（批17_新增） (1.35s)
    --- PASS: TestPreDispatchRefusalRecordsNoAttempt/浮层遮挡（批14_起就有） (1.50s)
    --- PASS: TestPreDispatchRefusalRecordsNoAttempt/发送按钮抖动 (1.35s)
=== RUN   TestWSE2E_WriteStepNeverExecutedLeavesNoLedger
2026-09-23T15:25:56+08:00 INF [BrowserHost] Host 已注册 user=9301 version=1.5.0-e2e pid=1997 component=user-server
2026-09-23T15:25:56+08:00 INF [BrowserHost] 注册探针通过（应用面可服务）user=9301 pid=1997 component=user-server
2026-09-23T15:25:58+08:00 WRN [BrowserExec] step 失败 session=1 idx=1 action=type attempt=0: element_not_found: .content-textarea component=user-server
2026-09-23T15:25:58+08:00 WRN [BrowserHost] 连接读失败 user=9301: websocket: close 1006 (abnormal closure): unexpected EOF component=user-server
--- PASS: TestWSE2E_WriteStepNeverExecutedLeavesNoLedger (1.57s)
FAIL
FAIL	hivemtk-user/internal/browser_automation/service	16.706s
FAIL
