2026-09-23T15:26:37+08:00 WRN [SECURITY][WARN] USER_JWT_SECRET/JWT_SECRET 未配置，go test 进程使用固定测试密钥（仅用于单元测试） component=user-server
=== RUN   TestB14_TypeAndClickNearRecordChannel
2026-09-23T15:26:37+08:00 INF [BrowserHost] Host 已注册 user=9301 version=1.5.0-e2e pid=2213 component=user-server
2026-09-23T15:26:37+08:00 INF [BrowserHost] 注册探针通过（应用面可服务）user=9301 pid=2213 component=user-server
2026-09-23T15:26:38+08:00 WRN [BrowserHost] 连接读失败 user=9301: websocket: close 1006 (abnormal closure): unexpected EOF component=user-server
--- PASS: TestB14_TypeAndClickNearRecordChannel (1.67s)
=== RUN   TestWriteClickFrameRequestsIdentityRecheck
2026-09-23T15:26:39+08:00 INF [BrowserHost] Host 已注册 user=9301 version=1.5.0-e2e pid=2213 component=user-server
2026-09-23T15:26:39+08:00 INF [BrowserHost] 注册探针通过（应用面可服务）user=9301 pid=2213 component=user-server
2026-09-23T15:26:40+08:00 WRN [BrowserHost] 连接读失败 user=9301: websocket: close 1006 (abnormal closure): unexpected EOF component=user-server
--- PASS: TestWriteClickFrameRequestsIdentityRecheck (1.24s)
=== RUN   TestReadClickFrameDoesNotRequestIdentityRecheck
2026-09-23T15:26:40+08:00 INF [BrowserHost] Host 已注册 user=9301 version=1.5.0-e2e pid=2213 component=user-server
2026-09-23T15:26:40+08:00 INF [BrowserHost] 注册探针通过（应用面可服务）user=9301 pid=2213 component=user-server
2026-09-23T15:26:41+08:00 WRN [BrowserHost] 连接读失败 user=9301: websocket: close 1006 (abnormal closure): unexpected EOF component=user-server
--- PASS: TestReadClickFrameDoesNotRequestIdentityRecheck (1.27s)
=== RUN   TestClickNearIdentityRecheckFollowsWriteGate
=== RUN   TestClickNearIdentityRecheckFollowsWriteGate/带平台发送文案=写步要复核
2026-09-23T15:26:41+08:00 INF [BrowserHost] Host 已注册 user=9301 version=1.5.0-e2e pid=2213 component=user-server
2026-09-23T15:26:41+08:00 INF [BrowserHost] 注册探针通过（应用面可服务）user=9301 pid=2213 component=user-server
    verify_identity_b17_test.go:170: click_near 帧 verify_identity=false present=true want true
2026-09-23T15:26:42+08:00 WRN [BrowserHost] 连接读失败 user=9301: websocket: close 1006 (abnormal closure): unexpected EOF component=user-server
=== RUN   TestClickNearIdentityRecheckFollowsWriteGate/无文案=只读步不复核
2026-09-23T15:26:43+08:00 INF [BrowserHost] Host 已注册 user=9301 version=1.5.0-e2e pid=2213 component=user-server
2026-09-23T15:26:43+08:00 INF [BrowserHost] 注册探针通过（应用面可服务）user=9301 pid=2213 component=user-server
--- FAIL: TestClickNearIdentityRecheckFollowsWriteGate (3.02s)
    --- FAIL: TestClickNearIdentityRecheckFollowsWriteGate/带平台发送文案=写步要复核 (1.47s)
    --- PASS: TestClickNearIdentityRecheckFollowsWriteGate/无文案=只读步不复核 (1.55s)
=== RUN   TestClickResultRecordsIdentityChecked
=== RUN   TestClickResultRecordsIdentityChecked/扩展报复核过
2026-09-23T15:26:44+08:00 WRN [BrowserHost] 连接读失败 user=9301: websocket: close 1006 (abnormal closure): unexpected EOF component=user-server
2026-09-23T15:26:44+08:00 INF [BrowserHost] Host 已注册 user=9301 version=1.5.0-e2e pid=2213 component=user-server
2026-09-23T15:26:44+08:00 INF [BrowserHost] 注册探针通过（应用面可服务）user=9301 pid=2213 component=user-server
2026-09-23T15:26:45+08:00 WRN [BrowserHost] 连接读失败 user=9301: websocket: close 1006 (abnormal closure): unexpected EOF component=user-server
=== RUN   TestClickResultRecordsIdentityChecked/旧扩展没这个字段
2026-09-23T15:26:46+08:00 INF [BrowserHost] Host 已注册 user=9301 version=1.5.0-e2e pid=2213 component=user-server
2026-09-23T15:26:46+08:00 INF [BrowserHost] 注册探针通过（应用面可服务）user=9301 pid=2213 component=user-server
2026-09-23T15:26:47+08:00 WRN [BrowserHost] 连接读失败 user=9301: websocket: close 1006 (abnormal closure): unexpected EOF component=user-server
--- PASS: TestClickResultRecordsIdentityChecked (2.98s)
    --- PASS: TestClickResultRecordsIdentityChecked/扩展报复核过 (1.52s)
    --- PASS: TestClickResultRecordsIdentityChecked/旧扩展没这个字段 (1.46s)
=== RUN   TestElementMovedWriteClickRecordsAttempt
2026-09-23T15:26:47+08:00 INF [BrowserHost] Host 已注册 user=9301 version=1.5.0-e2e pid=2213 component=user-server
2026-09-23T15:26:47+08:00 INF [BrowserHost] 注册探针通过（应用面可服务）user=9301 pid=2213 component=user-server
2026-09-23T15:26:48+08:00 WRN [BrowserExec] step 失败 session=1 idx=1 action=click attempt=0: element_moved: 中心点从 150,220 挪到 230,220 component=user-server
--- PASS: TestElementMovedWriteClickRecordsAttempt (1.22s)
2026-09-23T15:26:48+08:00 WRN [BrowserHost] 连接读失败 user=9301: websocket: close 1006 (abnormal closure): unexpected EOF component=user-server
=== RUN   TestPreDispatchRefusalRecordsNoAttempt
=== RUN   TestPreDispatchRefusalRecordsNoAttempt/stable_拦下（批17_新增）
2026-09-23T15:26:48+08:00 INF [BrowserHost] Host 已注册 user=9301 version=1.5.0-e2e pid=2213 component=user-server
2026-09-23T15:26:48+08:00 INF [BrowserHost] 注册探针通过（应用面可服务）user=9301 pid=2213 component=user-server
2026-09-23T15:26:49+08:00 WRN [BrowserExec] step 失败 session=1 idx=1 action=click attempt=0: element_not_interactable: unstable component=user-server
2026-09-23T15:26:49+08:00 WRN [BrowserHost] 连接读失败 user=9301: websocket: close 1006 (abnormal closure): unexpected EOF component=user-server
=== RUN   TestPreDispatchRefusalRecordsNoAttempt/浮层遮挡（批14_起就有）
2026-09-23T15:26:49+08:00 INF [BrowserHost] Host 已注册 user=9301 version=1.5.0-e2e pid=2213 component=user-server
2026-09-23T15:26:49+08:00 INF [BrowserHost] 注册探针通过（应用面可服务）user=9301 pid=2213 component=user-server
2026-09-23T15:26:50+08:00 WRN [BrowserExec] step 失败 session=1 idx=1 action=click attempt=0: element_not_interactable: covered component=user-server
2026-09-23T15:26:50+08:00 WRN [BrowserHost] 连接读失败 user=9301: websocket: close 1006 (abnormal closure): unexpected EOF component=user-server
=== RUN   TestPreDispatchRefusalRecordsNoAttempt/发送按钮抖动
2026-09-23T15:26:51+08:00 INF [BrowserHost] Host 已注册 user=9301 version=1.5.0-e2e pid=2213 component=user-server
2026-09-23T15:26:51+08:00 INF [BrowserHost] 注册探针通过（应用面可服务）user=9301 pid=2213 component=user-server
2026-09-23T15:26:51+08:00 WRN [BrowserExec] step 失败 session=1 idx=1 action=click attempt=0: send_button_not_interactable: unstable component=user-server
2026-09-23T15:26:51+08:00 WRN [BrowserHost] 连接读失败 user=9301: websocket: close 1006 (abnormal closure): unexpected EOF component=user-server
--- PASS: TestPreDispatchRefusalRecordsNoAttempt (3.33s)
    --- PASS: TestPreDispatchRefusalRecordsNoAttempt/stable_拦下（批17_新增） (1.13s)
    --- PASS: TestPreDispatchRefusalRecordsNoAttempt/浮层遮挡（批14_起就有） (1.13s)
    --- PASS: TestPreDispatchRefusalRecordsNoAttempt/发送按钮抖动 (1.07s)
=== RUN   TestWSE2E_WriteStepNeverExecutedLeavesNoLedger
2026-09-23T15:26:52+08:00 INF [BrowserHost] Host 已注册 user=9301 version=1.5.0-e2e pid=2213 component=user-server
2026-09-23T15:26:52+08:00 INF [BrowserHost] 注册探针通过（应用面可服务）user=9301 pid=2213 component=user-server
2026-09-23T15:26:53+08:00 WRN [BrowserExec] step 失败 session=1 idx=1 action=type attempt=0: element_not_found: .content-textarea component=user-server
2026-09-23T15:26:53+08:00 WRN [BrowserHost] 连接读失败 user=9301: websocket: close 1006 (abnormal closure): unexpected EOF component=user-server
--- PASS: TestWSE2E_WriteStepNeverExecutedLeavesNoLedger (1.27s)
FAIL
FAIL	hivemtk-user/internal/browser_automation/service	16.555s
FAIL
