
 RUN  v4.1.11 /private/var/folders/xw/pd_rr_z54w38gq41yfm8h7sm0000gn/T/b17mut-ci1_e4v1/web

 ❯ test/batch17-actionability.test.js (18 tests | 2 failed) 5104ms
     ✓ 对照腿：box 静止时 stable 不许把可点步判死（channel=cdp、只点一次）  349ms
     ✓ 永远在动的元素：一帧坐标都不许下发，红因点名 unstable  511ms
     ✓ 落位中的元素：点的是**结算后**那一帧的中心，不是第一帧的  342ms
     ✓ click_near 的 probe 同样有牙（第二份内联检查，不许只补 injClick）  519ms
     ✓ comment_send 的发送按钮 probe 同样有牙（第三份内联检查：提交点比一次点击更该严）  521ms
     ✓ stable 必须在远小于 15s 注入竞速窗的时间内给出结论  514ms
     ✓ 点完之后中心点被别人接管 → 报 element_moved，且**不再点第二次**  325ms
     ✓ 点完之后目标消失（selector 解析不到）→ element_moved  323ms
     ✓ 点完之后中心点挪出容差 → element_moved（不许"大概没动"就放行）  326ms
     ✓ 身份未变 → ok，且回包明说这次复核过（identity_checked=true）  341ms
     ✓ 复核自己跑不动（注入没回包）不能变成静默 ok：未知态点名 identity  327ms
     ✓ 读步（不带 verify_identity）不付这次额外注入  320ms
     ✓ 页面已经跳走（navigated）时不做中心点判据：那是跳转，不是移动  324ms
     × click_near 的写步同样复核（第二个消费点：锚点+文本现算的定位也要能再解析回去） 31ms
     ✓ DOM 兜底路径不做点后复核（兜底点的就是元素本身，复核只会把真动作误判成移动） 19ms
     ✓ unstable 判据在三处 probe 里各出现一次 0ms
     × SW 侧 dispatch 一段里不许出现 *_not_interactable（Go 判「从未派发」的前提） 1ms
     ✓ injClickIdentityCheck 恰有一处定义、两处消费（click 与 click_near 的 CDP 分支） 0ms

 Test Files  1 failed (1)
      Tests  2 failed | 16 passed (18)
   Start at  15:24:10
   Duration  5.55s (transform 72ms, setup 0ms, import 90ms, tests 5.10s, environment 239ms)


⎯⎯⎯⎯⎯⎯⎯ Failed Tests 2 ⎯⎯⎯⎯⎯⎯⎯

 FAIL  test/batch17-actionability.test.js > 批17(b) 点后身份复核：写步不许静默 ok > click_near 的写步同样复核（第二个消费点：锚点+文本现算的定位也要能再解析回去）
AssertionError: expected [Function] to throw error matching /element_moved/ but got 'send_button_not_interactable: SW 侧改写了…'

- Expected:
/element_moved/

+ Received:
"send_button_not_interactable: SW 侧改写了复核结论"

 ❯ test/batch17-actionability.test.js:262:6
    260|     await expect(
    261|       dispatch({ action: 'click_near', tab_id: 42, anchor: 'textarea',…
    262|     ).rejects.toThrow(/element_moved/);
       |      ^
    263|     expect(cdp.clickAt).toHaveBeenCalledTimes(1);
    264|   });

⎯⎯⎯⎯⎯⎯⎯⎯⎯⎯⎯⎯⎯⎯⎯⎯⎯⎯⎯⎯⎯⎯⎯⎯[1/2]⎯

 FAIL  test/batch17-actionability.test.js > 批17 静态锁：三份内联 probe 与两处复核挂点必须一起长牙 > SW 侧 dispatch 一段里不许出现 *_not_interactable（Go 判「从未派发」的前提）
AssertionError: dispatch 之后出现 1 处 not_interactable want 0: expected 1 to be +0 // Object.is equality

- Expected
+ Received

- 0
+ 1

 ❯ test/batch17-actionability.test.js:298:69
    296|     const tail = primitivesSrc.slice(i);
    297|     const hits = (tail.match(/not_interactable/g) || []).length;
    298|     expect(hits, `dispatch 之后出现 ${hits} 处 not_interactable want 0`).to…
       |                                                                     ^
    299|     // 反向自证：整文件里它确实存在，否则上面那条 0 是"没人产出这个文案"的假绿
    300|     expect((primitivesSrc.match(/not_interactable/g) || []).length).to…

⎯⎯⎯⎯⎯⎯⎯⎯⎯⎯⎯⎯⎯⎯⎯⎯⎯⎯⎯⎯⎯⎯⎯⎯[2/2]⎯

