$ bash scripts/check-doc-consistency.sh
(cwd=.)
rc=0  0.1s

============================================================
  文档一致性检查（OPT-DOC-15）
  项目根: /Users/xiaofang/Documents/www/go/hivemtk
  模式: normal
============================================================

[1/6] README 引用检查...
[0;32m✅ marketing-features/README.md 全部链接有效[0m
[0;32m✅ platform-features/README.md 全部链接有效[0m

[2/6] ADR 编号连续性...
[0;32m✅ ADR-003 已在 adr/README.md 登记为作废（有意缺号，不回填）[0m
[0;32m✅ ADR 编号连续或断档均已登记（末号 ADR-015）[0m

[3/6] Feature Doc 8 节结构...
[0;32m✅ 所有 feature doc 含 §一 §二 必填节（共检查 1 个）[0m

[4/6] CODEOWNERS 路径检查...
[0;32m✅ CODEOWNERS 路径引用全部有效[0m

[5/6] 顶层架构文档 vs 营销文档一致性...
[0;32m✅ ARCHITECTURE_OVERVIEW.md 营销文档引用全部有效[0m

[6/6] 关键文件存在性...
[0;32m✅ 所有 27 个关键文件存在（跳过 0 个工作区级条目）[0m

============================================================
  总结
============================================================
[0;32m✅ 全部检查通过[0m

