
[1m[30m[46m RUN [49m[39m[22m [36mv4.1.11 [39m[90m/Users/xiaofang/Documents/www/go/hivemtk/hivemtk/user-web/bridge[39m

[90mstdout[2m | test/adapter-b24-send-verify.test.js[2m > [22m[2m§8.3-8 出站后回 DOM 复核自己的气泡（批24）[2m > [22m[2m气泡真的出现 → sendVerified=true，且 AGENT 回声帧带 extra.send_verified=true
[22m[39m[bridge:douyin_web] 回填会话 conv-b24: 1 条消息（新增 ...

 [32m✓[39m test/batch3-hygiene.test.js[2m > [22mB4 humanSendTimeoutMs（长度感知超时预算）[2m > [22m空文本=基础值；线性 +250ms/码点；封顶 120s；emoji 按码点计[32m 1[2mms[22m[39m
 [32m✓[39m test/batch3-hygiene.test.js[2m > [22mB4 humanSendTimeoutMs（长度感知超时预算）[2m > [22m静态契约：发送全链三处均走长度感知超时，无裸 await[32m 1[2mms[22m[39m
 [32m✓[39m test/batch3-hygiene.test.js[2m > [22mB4 humanSendTimeoutMs（长度感知超时预算）[2m > [22m静态契约：uplink 吞错已接日志并回插 buffer[32m 0[2mms[22m[39m
 [32m✓[39m test/batch3-hygiene.test.js[2m > [22mB5 stop() 全清 timer（行为）[2m > [22mstop 后 _mutationTimer 不再触发 _flushMutations，且所有 timer 置 null[32m 161[2mms[22m[39m
 [32m✓[39m test/batch3-hygiene.test.js[2m > [22mB5 stop() 全清 timer（行为）[2m > [22m静态契约：activate 监听器自我摘除；SSE stop 走 key 级 abort + 唤醒退避[32m 1[2mms[22m[39m
 [32m✓[39m test/batch3-hygiene.test.js[2m > [22mB6 跨上下文全局发送闸[2m > [22m无 chrome.storage → 0ms 降级（不阻塞发送）[32m 0[2mms[22m[39m
 [32m✓[39m test/batch3-hygiene.test.js[2m > [22mB6 跨上下文全局发送闸[2m > [22mstamp 后按剩余间隔返回等待；旧时间戳返回 0[32m 0[2mms[22m[39m
 [32m✓[39m test/batch3-hygiene.test.js[2m > [22mB6 跨上下文全局发送闸[2m > [22m未来时间戳（时钟漂移）判无效防自锁；minInterval<=0 直接 0[32m 0[2mms[22m[39m
 [32m✓[39m test/batch3-hygiene.test.js[2m > [22mB6 跨上下文全局发送闸[2m > [22m静态契约：fillAndSend 在 rawSendText 前过闸、成功后盖章[32m 1[2mms[22m[39m
[90mstdout[2m | test/downlink-b24-step-timeout.test.js[2m > [22m[2m批24：下发外层超时预算必须覆盖回查切片[2m > [22m[2m发送耗时越过 sendText 预算、但落在回查切片内 → 仍算已发并 ack（不得重推）
[22m[39m[bridge:downlink] 下行完成: b24a 共 1 条已 ack { convs: [33m1[39m }

 [32m✓[39m test/downlink-b24-step-timeout.test.js[2m > [22m批24：下发外层超时预算必须覆盖回查切片[2m > [22m发送耗时越过 sendText 预算、但落在回查切片内 → 仍算已发并 ack（不得重推）[33m 708[2mms[22m[39m
[90mstdout[2m | test/adapter-b24-send-verify.test.js[2m > [22m[2m§8.3-8 出站后回 DOM 复核自己的气泡（批24）[2m > [22m[2m气泡真的出现 → sendVerified=true，且 AGENT 回声帧带 extra.send_verified=true
[22m[39m[bridge:douyin_web] 上行消息: 在的

 [32m✓[39m test/adapter-b24-send-verify.test.js[2m > [22m§8.3-8 出站后回 DOM 复核自己的气泡（批24）[2m > [22m气泡真的出现 → sendVerified=true，且 AGENT 回声帧带 extra.send_verified=true[33m 1462[2mms[22m[39m
[90mstdout[2m | test/adapter-b24-send-verify.test.js[2m > [22m[2m§8.3-8 出站后回 DOM 复核自己的气泡（批24）[2m > [22m[2m反向半边：平台静默吞（气泡始终不出现）→ 照常 ack 语义不变，但结论位必须是 false
[22m[39m[bridge:douyin_web] 回填会话 conv-b24: 1 条消息（新增 ...

[90mstdout[2m | test/adapter-b24-send-verify.test.js[2m > [22m[2m§8.3-8 出站后回 DOM 复核自己的气泡（批24）[2m > [22m[2m反向半边：平台静默吞（气泡始终不出现）→ 照常 ack 语义不变，但结论位必须是 false
[22m[39m[bridge:douyin_web] 上行消息: 在的

 [32m✓[39m test/adapter-b24-send-verify.test.js[2m > [22m§8.3-8 出站后回 DOM 复核自己的气泡（批24）[2m > [22m反向半边：平台静默吞（气泡始终不出现）→ 照常 ack 语义不变，但结论位必须是 false[33m 2200[2mms[22m[39m
[90mstdout[2m | test/adapter-b24-send-verify.test.js[2m > [22m[2m§8.3-8 出站后回 DOM 复核自己的气泡（批24）[2m > [22m[2m基线判据：发送前窗口里就有一条同文本（客户先说过）→ 只"存在"不算数
[22m[39m[bridge:douyin_web] 回填会话 conv-b24: 1 条消息（新增 ...

 [32m✓[39m test/downlink-b24-step-timeout.test.js[2m > [22m批24：下发外层超时预算必须覆盖回查切片[2m > [22m预算仍是上界：永远不回包的发送要在「sendText 预算 + 回查切片」内被切掉并留 pending[33m 3059[2mms[22m[39m
 [32m✓[39m test/downlink-b24-step-timeout.test.js[2m > [22m批24：下发外层超时预算必须覆盖回查切片[2m > [22m静态锁：结果日志原样透传 sendVerified（三态不许被 `!!` 洗成二态）[32m 1[2mms[22m[39m
[90mstdout[2m | test/adapter-b24-send-verify.test.js[2m > [22m[2m§8.3-8 出站后回 DOM 复核自己的气泡（批24）[2m > [22m[2m基线判据：发送前窗口里就有一条同文本（客户先说过）→ 只"存在"不算数
[22m[39m[bridge:douyin_web] 上行消息: 在的

 [32m✓[39m test/adapter-b24-send-verify.test.js[2m > [22m§8.3-8 出站后回 DOM 复核自己的气泡（批24）[2m > [22m基线判据：发送前窗口里就有一条同文本（客户先说过）→ 只"存在"不算数[33m 2516[2mms[22m[39m
[90mstdout[2m | test/adapter-b24-send-verify.test.js[2m > [22m[2m§8.3-8 出站后回 DOM 复核自己的气泡（批24）[2m > [22m[2m渲染滞后容得下：气泡在 150ms 后才挂上 → 回查轮询要等到它
[22m[39m[bridge:douyin_web] 回填会话 conv-b24: 1 条消息（新增 ...

[90mstdout[2m | test/adapter-b24-send-verify.test.js[2m > [22m[2m§8.3-8 出站后回 DOM 复核自己的气泡（批24）[2m > [22m[2m渲染滞后容得下：气泡在 150ms 后才挂上 → 回查轮询要等到它
[22m[39m[bridge:douyin_web] 上行消息: 在的

 [32m✓[39m test/adapter-b24-send-verify.test.js[2m > [22m§8.3-8 出站后回 DOM 复核自己的气泡（批24）[2m > [22m渲染滞后容得下：气泡在 150ms 后才挂上 → 回查轮询要等到它[33m 1973[2mms[22m[39m
[90mstdout[2m | test/adapter-b24-send-verify.test.js[2m > [22m[2m§8.3-8 出站后回 DOM 复核自己的气泡（批24）[2m > [22m[2m跨会话残留节点不计入：点击之后才挂进 items 的上一会话同文本气泡，不算这次发出去了
[22m[39m[bridge:douyin_web] 回填会话 conv-b24: 1 条消息（新增 ...

[90mstdout[2m | test/adapter-b24-send-verify.test.js[2m > [22m[2m§8.3-8 出站后回 DOM 复核自己的气泡（批24）[2m > [22m[2m跨会话残留节点不计入：点击之后才挂进 items 的上一会话同文本气泡，不算这次发出去了
[22m[39m[bridge:douyin_web] 上行消息: 在的

 [32m✓[39m test/adapter-b24-send-verify.test.js[2m > [22m§8.3-8 出站后回 DOM 复核自己的气泡（批24）[2m > [22m跨会话残留节点不计入：点击之后才挂进 items 的上一会话同文本气泡，不算这次发出去了[33m 2863[2mms[22m[39m
[90mstdout[2m | test/adapter-b24-send-verify.test.js[2m > [22m[2m§8.3-8 出站后回 DOM 复核自己的气泡（批24）[2m > [22m[2m红线②：回查是只读 —— 不写去重容器，之后正常扫描仍能报出这些气泡
[22m[39m[bridge:douyin_web] 回填会话 conv-b24: 1 条消息（新增 ...

[90mstdout[2m | test/adapter-b24-send-verify.test.js[2m > [22m[2m§8.3-8 出站后回 DOM 复核自己的气泡（批24）[2m > [22m[2m红线②：回查是只读 —— 不写去重容器，之后正常扫描仍能报出这些气泡
[22m[39m[bridge:douyin_web] 上行消息: 在的

 [32m✓[39m test/adapter-b24-send-verify.test.js[2m > [22m§8.3-8 出站后回 DOM 复核自己的气泡（批24）[2m > [22m红线②：回查是只读 —— 不写去重容器，之后正常扫描仍能报出这些气泡[33m 916[2mms[22m[39m
[90mstdout[2m | test/adapter-b24-send-verify.test.js[2m > [22m[2m§8.3-8 出站后回 DOM 复核自己的气泡（批24）[2m > [22m[2m三态：没走到回查的出路（目标会话打不开）不带结论位，既不是 true 也不是 false
[22m[39m[bridge:douyin_web] 回填会话 conv-b24: 1 条消息（新增 ...

 [32m✓[39m test/adapter-b24-send-verify.test.js[2m > [22m§8.3-8 出站后回 DOM 复核自己的气泡（批24）[2m > [22m三态：没走到回查的出路（目标会话打不开）不带结论位，既不是 true 也不是 false[32m 9[2mms[22m[39m

[2m Test Files [22m [1m[32m3 passed[39m[22m[90m (3)[39m
[2m      Tests [22m [1m[32m19 passed[39m[22m[90m (19)[39m
[2m   Start at [22m 19:42:27
[2m   Duration [22m 12.82s[2m (transform 295ms, setup 0ms, import 416ms, tests 15.88s, environment 1.46s)[22m

(node:83645) ExperimentalWarning: CommonJS module /Users/xiaofang/Documents/www/go/hivemtk/hivemtk/user-web/bridge/src/core/selector-engine.js is loading ES Module /Users/xiaofang/Documents/www/go/hivemtk/hivemtk/user-web/bridge/src/core/logger.js using require().
Support for loading ES Module in require() is an experimental feature and might change at any time
(Use `node --trace-warnings ...` to show where the warning was created)
[90mstderr[2m | test/adapter-b24-send-verify.test.js[2m > [22m[2m§8.3-8 出站后回 DOM 复核自己的气泡（批24）[2m > [22m[2m反向半边：平台静默吞（气泡始终不出现）→ 照常 ack 语义不变，但结论位必须是 false
[22m[39m[bridge:douyin_web] 出站已提交但窗口内未见自己的气泡（仅记结论位，不... { channel: [32m'douyin_web'[39m, conv_id: [32m'conv-b24'[39m, verify_ms: [33m300[39m }

[90mstderr[2m | test/adapter-b24-send-verify.test.js[2m > [22m[2m§8.3-8 出站后回 DOM 复核自己的气泡（批24）[2m > [22m[2m基线判据：发送前窗口里就有一条同文本（客户先说过）→ 只"存在"不算数
[22m[39m[bridge:douyin_web] 出站已提交但窗口内未见自己的气泡（仅记结论位，不... { channel: [32m'douyin_web'[39m, conv_id: [32m'conv-b24'[39m, verify_ms: [33m300[39m }

[90mstderr[2m | test/adapter-b24-send-verify.test.js[2m > [22m[2m§8.3-8 出站后回 DOM 复核自己的气泡（批24）[2m > [22m[2m跨会话残留节点不计入：点击之后才挂进 items 的上一会话同文本气泡，不算这次发出去了
[22m[39m[bridge:douyin_web] 出站已提交但窗口内未见自己的气泡（仅记结论位，不... { channel: [32m'douyin_web'[39m, conv_id: [32m'conv-b24'[39m, verify_ms: [33m300[39m }

[90mstderr[2m | test/adapter-b24-send-verify.test.js[2m > [22m[2m§8.3-8 出站后回 DOM 复核自己的气泡（批24）[2m > [22m[2m三态：没走到回查的出路（目标会话打不开）不带结论位，既不是 true 也不是 false
[22m[39m[bridge:douyin_web] 左侧列表未找到目标会话 ghost-conv

[90mstderr[2m | test/adapter-b24-send-verify.test.js[2m > [22m[2m§8.3-8 出站后回 DOM 复核自己的气泡（批24）[2m > [22m[2m三态：没走到回查的出路（目标会话打不开）不带结论位，既不是 true 也不是 false
[22m[39m[bridge:douyin_web] 下行目标会话 ghost-conv 未打开，放弃... { current: [32m'conv-b24'[39m }

