2026-09-22T12:49:19+08:00 WRN [SECURITY][WARN] USER_JWT_SECRET/JWT_SECRET 未配置，go test 进程使用固定测试密钥（仅用于单元测试） component=user-server
=== RUN   TestM01_DingTalkMediaIsStoredAndBackfilled
2026-09-22T12:49:21+08:00 WRN [feedback] UpdateCustomerAcceptBySession failed session=dt-1-cid-f4dts1790052561843337000: ERROR: relation "feedback_records" does not exist (SQLSTATE 42P01) component=user-server
2026-09-22T12:49:21+08:00 ERR [Inbox] aiTrigger 未配置 — 桥接入站消息不会创建 customer_sessions / 不会生成 AI 回复。请检查 router.Setup() 中 bridgeIngressSvc.SetAITrigger(webhookSvc) 是否在 bridge WS 注册前调用。 account_id=1 channel=dingtalk component=user-server session_id=dt-1-cid-f4dts1790052561843337000
2026-09-22T12:49:21+08:00 INF [DingTalk] 入站媒体已转存 account_id=1 component=user-server msg_id=dt-1-p-f4dts1790052561843337000 urls=["/files/dingtalk/dc-f4dts1790052561843337000-pic"]
--- PASS: TestM01_DingTalkMediaIsStoredAndBackfilled (2.72s)
=== RUN   TestM01_DingTalkRichTextStoresEveryPicture
2026-09-22T12:49:22+08:00 WRN [feedback] UpdateCustomerAcceptBySession failed session=dt-1-cid-f4dtrt1790052562177728000: ERROR: relation "feedback_records" does not exist (SQLSTATE 42P01) component=user-server
2026-09-22T12:49:22+08:00 ERR [Inbox] aiTrigger 未配置 — 桥接入站消息不会创建 customer_sessions / 不会生成 AI 回复。请检查 router.Setup() 中 bridgeIngressSvc.SetAITrigger(webhookSvc) 是否在 bridge WS 注册前调用。 account_id=1 channel=dingtalk component=user-server session_id=dt-1-cid-f4dtrt1790052562177728000
2026-09-22T12:49:22+08:00 INF [DingTalk] 入站媒体已转存 account_id=1 component=user-server msg_id=dt-1-rt-f4dtrt1790052562177728000 urls=["/files/dingtalk/dc-f4dtrt1790052562177728000-a","/files/dingtalk/dc-f4dtrt1790052562177728000-b"]
--- PASS: TestM01_DingTalkRichTextStoresEveryPicture (0.33s)
=== RUN   TestM01_DingTalkMediaSurvivesRequestCancel
2026-09-22T12:49:22+08:00 WRN [feedback] UpdateCustomerAcceptBySession failed session=dt-1-cid-f4dtcx1790052562544183000: ERROR: relation "feedback_records" does not exist (SQLSTATE 42P01) component=user-server
2026-09-22T12:49:22+08:00 ERR [Inbox] aiTrigger 未配置 — 桥接入站消息不会创建 customer_sessions / 不会生成 AI 回复。请检查 router.Setup() 中 bridgeIngressSvc.SetAITrigger(webhookSvc) 是否在 bridge WS 注册前调用。 account_id=1 channel=dingtalk component=user-server session_id=dt-1-cid-f4dtcx1790052562544183000
2026-09-22T12:49:22+08:00 INF [DingTalk] 入站媒体已转存 account_id=1 component=user-server msg_id=dt-1-cx-f4dtcx1790052562544183000 urls=["/files/dingtalk/dc-f4dtcx1790052562544183000-cx"]
--- PASS: TestM01_DingTalkMediaSurvivesRequestCancel (0.62s)
=== RUN   TestM01_DingTalkMediaSkippedWithoutRobotCode
2026-09-22T12:49:23+08:00 WRN [feedback] UpdateCustomerAcceptBySession failed session=dt-1-cid-f4dtnc1790052563105017000: ERROR: relation "feedback_records" does not exist (SQLSTATE 42P01) component=user-server
2026-09-22T12:49:23+08:00 ERR [Inbox] aiTrigger 未配置 — 桥接入站消息不会创建 customer_sessions / 不会生成 AI 回复。请检查 router.Setup() 中 bridgeIngressSvc.SetAITrigger(webhookSvc) 是否在 bridge WS 注册前调用。 account_id=1 channel=dingtalk component=user-server session_id=dt-1-cid-f4dtnc1790052563105017000
2026-09-22T12:49:23+08:00 WRN [DingTalk] 媒体转存跳过：回调未携带 robotCode（换取下载链接的必填项） account_id=1 component=user-server msg_id=dt-1-nr-f4dtnc1790052563105017000
--- PASS: TestM01_DingTalkMediaSkippedWithoutRobotCode (0.75s)
=== RUN   TestM01_DingTalkPartialTransferFailureKeepsSuccessfulPicture
2026-09-22T12:49:23+08:00 WRN [feedback] UpdateCustomerAcceptBySession failed session=dt-1-cid-f4dtpf1790052563855598000: ERROR: relation "feedback_records" does not exist (SQLSTATE 42P01) component=user-server
2026-09-22T12:49:23+08:00 ERR [Inbox] aiTrigger 未配置 — 桥接入站消息不会创建 customer_sessions / 不会生成 AI 回复。请检查 router.Setup() 中 bridgeIngressSvc.SetAITrigger(webhookSvc) 是否在 bridge WS 注册前调用。 account_id=1 channel=dingtalk component=user-server session_id=dt-1-cid-f4dtpf1790052563855598000
2026-09-22T12:49:23+08:00 WRN [DingTalk] 媒体下载失败（占位符保留） error="stub: 下载码有误或者已经过期" component=user-server media_code=dc-f4dtpf1790052563855598000-a
2026-09-22T12:49:23+08:00 INF [DingTalk] 入站媒体已转存 account_id=1 component=user-server msg_id=dt-1-pf-f4dtpf1790052563855598000 urls=["/files/dingtalk/dc-f4dtpf1790052563855598000-b"]
--- PASS: TestM01_DingTalkPartialTransferFailureKeepsSuccessfulPicture (0.30s)
=== RUN   TestM01_DingTalkPartialStoreFailureKeepsSuccessfulPicture
2026-09-22T12:49:24+08:00 WRN [feedback] UpdateCustomerAcceptBySession failed session=dt-1-cid-f4dtst1790052564162361000: ERROR: relation "feedback_records" does not exist (SQLSTATE 42P01) component=user-server
2026-09-22T12:49:24+08:00 ERR [Inbox] aiTrigger 未配置 — 桥接入站消息不会创建 customer_sessions / 不会生成 AI 回复。请检查 router.Setup() 中 bridgeIngressSvc.SetAITrigger(webhookSvc) 是否在 bridge WS 注册前调用。 account_id=1 channel=dingtalk component=user-server session_id=dt-1-cid-f4dtst1790052564162361000
2026-09-22T12:49:24+08:00 WRN [DingTalk] 媒体转存失败 error="stub: 长期存储写入失败" component=user-server media_code=dc-f4dtst1790052564162361000-a
2026-09-22T12:49:24+08:00 INF [DingTalk] 入站媒体已转存 account_id=1 component=user-server msg_id=dt-1-st-f4dtst1790052564162361000 urls=["/files/dingtalk/dc-f4dtst1790052564162361000-b"]
--- PASS: TestM01_DingTalkPartialStoreFailureKeepsSuccessfulPicture (0.31s)
=== RUN   TestM01_DingTalkAllTransfersFailedWriteNoMedia
2026-09-22T12:49:24+08:00 WRN [feedback] UpdateCustomerAcceptBySession failed session=dt-1-cid-f4dtaf1790052564495675000: ERROR: relation "feedback_records" does not exist (SQLSTATE 42P01) component=user-server
2026-09-22T12:49:24+08:00 ERR [Inbox] aiTrigger 未配置 — 桥接入站消息不会创建 customer_sessions / 不会生成 AI 回复。请检查 router.Setup() 中 bridgeIngressSvc.SetAITrigger(webhookSvc) 是否在 bridge WS 注册前调用。 account_id=1 channel=dingtalk component=user-server session_id=dt-1-cid-f4dtaf1790052564495675000
2026-09-22T12:49:24+08:00 WRN [DingTalk] 媒体下载失败（占位符保留） error="stub: 下载码有误或者已经过期" component=user-server media_code=dc-f4dtaf1790052564495675000-a
2026-09-22T12:49:24+08:00 WRN [DingTalk] 媒体下载失败（占位符保留） error="stub: 下载码有误或者已经过期" component=user-server media_code=dc-f4dtaf1790052564495675000-b
--- PASS: TestM01_DingTalkAllTransfersFailedWriteNoMedia (0.79s)
=== RUN   TestM01_DingTalkSameDownloadCodeTransfersOnce
2026-09-22T12:49:25+08:00 WRN [feedback] UpdateCustomerAcceptBySession failed session=dt-1-cid-f4dtdp1790052565352250000: ERROR: relation "feedback_records" does not exist (SQLSTATE 42P01) component=user-server
2026-09-22T12:49:25+08:00 ERR [Inbox] aiTrigger 未配置 — 桥接入站消息不会创建 customer_sessions / 不会生成 AI 回复。请检查 router.Setup() 中 bridgeIngressSvc.SetAITrigger(webhookSvc) 是否在 bridge WS 注册前调用。 account_id=1 channel=dingtalk component=user-server session_id=dt-1-cid-f4dtdp1790052565352250000
2026-09-22T12:49:25+08:00 INF [DingTalk] 入站媒体已转存 account_id=1 component=user-server msg_id=dt-1-dp-f4dtdp1790052565352250000 urls=["/files/dingtalk/dc-f4dtdp1790052565352250000-same"]
--- PASS: TestM01_DingTalkSameDownloadCodeTransfersOnce (0.39s)
=== RUN   TestM01_DingTalkInboundMediaKeepsTypeAndDownloadCode
2026-09-22T12:49:25+08:00 WRN [feedback] UpdateCustomerAcceptBySession failed session=dt-1-cid-f4dt1790052565681015000: ERROR: relation "feedback_records" does not exist (SQLSTATE 42P01) component=user-server
2026-09-22T12:49:25+08:00 ERR [Inbox] aiTrigger 未配置 — 桥接入站消息不会创建 customer_sessions / 不会生成 AI 回复。请检查 router.Setup() 中 bridgeIngressSvc.SetAITrigger(webhookSvc) 是否在 bridge WS 注册前调用。 account_id=1 channel=dingtalk component=user-server session_id=dt-1-cid-f4dt1790052565681015000
2026-09-22T12:49:25+08:00 WRN [DingTalk] 媒体下载失败（占位符保留） error="f4dt: 承载用例不发起真实下载" component=user-server media_code=dc-f4dt1790052565681015000-pic
2026-09-22T12:49:25+08:00 WRN [feedback] UpdateCustomerAcceptBySession failed session=dt-1-cid-f4dt1790052565681015000: ERROR: relation "feedback_records" does not exist (SQLSTATE 42P01) component=user-server
2026-09-22T12:49:25+08:00 ERR [Inbox] aiTrigger 未配置 — 桥接入站消息不会创建 customer_sessions / 不会生成 AI 回复。请检查 router.Setup() 中 bridgeIngressSvc.SetAITrigger(webhookSvc) 是否在 bridge WS 注册前调用。 account_id=1 channel=dingtalk component=user-server session_id=dt-1-cid-f4dt1790052565681015000
2026-09-22T12:49:25+08:00 WRN [DingTalk] 媒体下载失败（占位符保留） error="f4dt: 承载用例不发起真实下载" component=user-server media_code=dc-f4dt1790052565681015000-aud
2026-09-22T12:49:25+08:00 WRN [feedback] UpdateCustomerAcceptBySession failed session=dt-1-cid-f4dt1790052565681015000: ERROR: relation "feedback_records" does not exist (SQLSTATE 42P01) component=user-server
2026-09-22T12:49:25+08:00 ERR [Inbox] aiTrigger 未配置 — 桥接入站消息不会创建 customer_sessions / 不会生成 AI 回复。请检查 router.Setup() 中 bridgeIngressSvc.SetAITrigger(webhookSvc) 是否在 bridge WS 注册前调用。 account_id=1 channel=dingtalk component=user-server session_id=dt-1-cid-f4dt1790052565681015000
2026-09-22T12:49:25+08:00 WRN [DingTalk] 媒体下载失败（占位符保留） error="f4dt: 承载用例不发起真实下载" component=user-server media_code=dc-f4dt1790052565681015000-file
2026-09-22T12:49:25+08:00 WRN [feedback] UpdateCustomerAcceptBySession failed session=dt-1-cid-f4dt1790052565681015000: ERROR: relation "feedback_records" does not exist (SQLSTATE 42P01) component=user-server
2026-09-22T12:49:25+08:00 ERR [Inbox] aiTrigger 未配置 — 桥接入站消息不会创建 customer_sessions / 不会生成 AI 回复。请检查 router.Setup() 中 bridgeIngressSvc.SetAITrigger(webhookSvc) 是否在 bridge WS 注册前调用。 account_id=1 channel=dingtalk component=user-server session_id=dt-1-cid-f4dt1790052565681015000
2026-09-22T12:49:25+08:00 WRN [DingTalk] 媒体下载失败（占位符保留） error="f4dt: 承载用例不发起真实下载" component=user-server media_code=dc-f4dt1790052565681015000-vid
2026-09-22T12:49:25+08:00 WRN [feedback] UpdateCustomerAcceptBySession failed session=dt-1-cid-f4dt1790052565681015000: ERROR: relation "feedback_records" does not exist (SQLSTATE 42P01) component=user-server
2026-09-22T12:49:25+08:00 ERR [Inbox] aiTrigger 未配置 — 桥接入站消息不会创建 customer_sessions / 不会生成 AI 回复。请检查 router.Setup() 中 bridgeIngressSvc.SetAITrigger(webhookSvc) 是否在 bridge WS 注册前调用。 account_id=1 channel=dingtalk component=user-server session_id=dt-1-cid-f4dt1790052565681015000
2026-09-22T12:49:25+08:00 WRN [DingTalk] 媒体下载失败（占位符保留） error="f4dt: 承载用例不发起真实下载" component=user-server media_code=dc-f4dt1790052565681015000-rt1
2026-09-22T12:49:25+08:00 WRN [DingTalk] 媒体下载失败（占位符保留） error="f4dt: 承载用例不发起真实下载" component=user-server media_code=dc-f4dt1790052565681015000-rt2
--- PASS: TestM01_DingTalkInboundMediaKeepsTypeAndDownloadCode (0.31s)
=== RUN   TestM01_DingTalkKeepsOfficialCreateAt
2026-09-22T12:49:25+08:00 WRN [feedback] UpdateCustomerAcceptBySession failed session=dt-1-cid-f4dtc1790052565958184000: ERROR: relation "feedback_records" does not exist (SQLSTATE 42P01) component=user-server
2026-09-22T12:49:25+08:00 INF [Inbox] 钩子3：最后一条 inbound 超过 5 分钟，历史消息不触发 AI channel=dingtalk component=user-server conv_id=cid-f4dtc1790052565958184000 event_id=dt-1-tsq-f4dtc1790052565958184000
2026-09-22T12:49:25+08:00 WRN [feedback] UpdateCustomerAcceptBySession failed session=dt-1-cid-f4dtc1790052565958184000: ERROR: relation "feedback_records" does not exist (SQLSTATE 42P01) component=user-server
2026-09-22T12:49:25+08:00 INF [Inbox] 钩子3：最后一条 inbound 超过 5 分钟，历史消息不触发 AI channel=dingtalk component=user-server conv_id=cid-f4dtc1790052565958184000 event_id=dt-1-tsb-f4dtc1790052565958184000
2026-09-22T12:49:25+08:00 INF [Inbox] 时序锚点：消息 timestamp 早于锚点，标记为 backfill 历史堆积 anchor_timestamp=2026-09-22T09:49:25+08:00 channel=dingtalk component=user-server conv_id=cid-f4dtc1790052565958184000 event_id=dt-1-tss-f4dtc1790052565958184000 msg_timestamp=2026-09-22T09:49:25+08:00
2026-09-22T12:49:25+08:00 WRN [feedback] UpdateCustomerAcceptBySession failed session=dt-1-cid-f4dtc1790052565958184000: ERROR: relation "feedback_records" does not exist (SQLSTATE 42P01) component=user-server
2026-09-22T12:49:25+08:00 INF [Inbox] 钩子3：最后一条 inbound 超过 5 分钟，历史消息不触发 AI channel=dingtalk component=user-server conv_id=cid-f4dtc1790052565958184000 event_id=dt-1-tss-f4dtc1790052565958184000
2026-09-22T12:49:25+08:00 WRN [feedback] UpdateCustomerAcceptBySession failed session=dt-1-cid-f4dtc1790052565958184000: ERROR: relation "feedback_records" does not exist (SQLSTATE 42P01) component=user-server
2026-09-22T12:49:25+08:00 ERR [Inbox] aiTrigger 未配置 — 桥接入站消息不会创建 customer_sessions / 不会生成 AI 回复。请检查 router.Setup() 中 bridgeIngressSvc.SetAITrigger(webhookSvc) 是否在 bridge WS 注册前调用。 account_id=1 channel=dingtalk component=user-server session_id=dt-1-cid-f4dtc1790052565958184000
2026-09-22T12:49:26+08:00 WRN [feedback] UpdateCustomerAcceptBySession failed session=dt-1-cid-f4dtc1790052565958184000: ERROR: relation "feedback_records" does not exist (SQLSTATE 42P01) component=user-server
2026-09-22T12:49:26+08:00 ERR [Inbox] aiTrigger 未配置 — 桥接入站消息不会创建 customer_sessions / 不会生成 AI 回复。请检查 router.Setup() 中 bridgeIngressSvc.SetAITrigger(webhookSvc) 是否在 bridge WS 注册前调用。 account_id=1 channel=dingtalk component=user-server session_id=dt-1-cid-f4dtc1790052565958184000
--- PASS: TestM01_DingTalkKeepsOfficialCreateAt (0.28s)
=== RUN   TestM01_DingTalkTextUnchanged
2026-09-22T12:49:26+08:00 WRN [feedback] UpdateCustomerAcceptBySession failed session=dt-1-cid-f4dtt1790052566275757000: ERROR: relation "feedback_records" does not exist (SQLSTATE 42P01) component=user-server
2026-09-22T12:49:26+08:00 ERR [Inbox] aiTrigger 未配置 — 桥接入站消息不会创建 customer_sessions / 不会生成 AI 回复。请检查 router.Setup() 中 bridgeIngressSvc.SetAITrigger(webhookSvc) 是否在 bridge WS 注册前调用。 account_id=1 channel=dingtalk component=user-server session_id=dt-1-cid-f4dtt1790052566275757000
--- PASS: TestM01_DingTalkTextUnchanged (0.28s)
=== RUN   TestBatchJ_DingTalkTokenLegShapes
=== RUN   TestBatchJ_DingTalkTokenLegShapes/200-空accessToken
=== RUN   TestBatchJ_DingTalkTokenLegShapes/200-非JSON应答
=== RUN   TestBatchJ_DingTalkTokenLegShapes/403-空accessToken
=== RUN   TestBatchJ_DingTalkTokenLegShapes/200-拿到凭证
--- PASS: TestBatchJ_DingTalkTokenLegShapes (0.00s)
    --- PASS: TestBatchJ_DingTalkTokenLegShapes/200-空accessToken (0.00s)
    --- PASS: TestBatchJ_DingTalkTokenLegShapes/200-非JSON应答 (0.00s)
    --- PASS: TestBatchJ_DingTalkTokenLegShapes/403-空accessToken (0.00s)
    --- PASS: TestBatchJ_DingTalkTokenLegShapes/200-拿到凭证 (0.00s)
=== RUN   TestBatchJ_DingTalkTokenErrorIsNotRetryable
--- PASS: TestBatchJ_DingTalkTokenErrorIsNotRetryable (0.00s)
=== RUN   TestBatchJ_DingTalkPresignedURLQueryNeverReachesError
--- PASS: TestBatchJ_DingTalkPresignedURLQueryNeverReachesError (0.00s)
=== RUN   TestBatchJ_DingTalkAccessTokenNeverReachesParseError
--- PASS: TestBatchJ_DingTalkAccessTokenNeverReachesParseError (0.00s)
PASS
ok  	hivemtk-user/internal/service	8.018s
