私有作业目录：/var/folders/xw/pd_rr_z54w38gq41yfm8h7sm0000gn/T/p803mut-88vmt9nm
逐格日志目录：/Users/xiaofang/Documents/www/go/hivemtk/hivemtk/docs/superpowers/specs/ledger/logs/P803/20260925-122510
取证基线：HEAD=0787e406 工作树=/Users/xiaofang/Documents/www/go/hivemtk/hivemtk 12:25  up 2 days,  2:13, 2 users, load averages: 3.03 3.11 3.31 日志 tag=20260925-122510
覆盖 19 个脏文件、同步 0 个删除进克隆
测试库：127.0.0.1:8232 可达（口令不回显）
本轮基线字节（注码前 == 还原后 才算干净）：
  41fee4212dda74817756fb62289dd3cc  user-server/internal/app/bad_case_wiring.go
  7dee73cc4df03bdb0cbd9f15b33439b9  user-server/internal/controller/bad_case.go
  a65d72f2c122a297e6e2d8f644331cf5  user-server/internal/model/bad_case.go
  338e02f679ece0d7e753c264ce8e5c5c  user-server/internal/repository/bad_case.go
  3714a4413bc596e56a65ee3889c0ebe3  user-server/internal/service/bad_case.go
  94ee1778a6a367aa9ebe433bebb62a5c  user-server/internal/service/smart_cs_orchestrator.go
[控制组 ./internal/model/] rc=0 settled=6 skip=0 红名=—
[控制组 ./internal/repository/] rc=0 settled=14 skip=0 红名=—
[控制组 ./internal/service/] rc=0 settled=27 skip=0 红名=—
[控制组 ./internal/router/] rc=0 settled=11 skip=0 红名=—
[控制组 ./internal/app/] rc=0 settled=5 skip=0 红名=—
M1   exported 不再是终态（判完的样本能回炉）                       杀掉                           红=TestBadCase_Transitions settled=6/6
M2   dismissed 可重开（同一现场判两次）                         杀掉                           红=TestBadCase_Transitions settled=6/6
M3   类目接错责任层（intent 接到 knowledge）                   杀掉                           红=TestBadCase_EveryLabelHasAFixLayerAndEveryLayerIsReachable settled=6/6
M4   类目没有责任层（少一条映射）                                 杀掉                           红=TestBadCase_EveryLabelHasAFixLayerAndEveryLayerIsReachable settled=6/6
M5   自动来源缺 message_id 的键守卫反向                        杀掉                           红=TestBadCaseDedupKey settled=6/6
M6   幂等键里不含来源（两判据抢同一条键）                             杀掉                           红=TestBadCaseDedupKey settled=6/6
M7   值域外的状态被判成已知                                    杀掉                           红=TestBadCase_StatusesAreClosed settled=6/6
R1   冲突识别不认约束名（主键冲突读成已存在）                           杀掉                           红=TestBadCaseRepo_ConflictIdentityIsExact settled=14/14
R2   写回白名单少一列（判定依据落不了地）                             BROKEN=红集合不符：期望=['TestBadCaseRepo_ApplyActionWriteWhitelist'] 实际=['TestBadCaseRepo_ApplyActionExpectsStatus', 'TestBadCaseRepo_ApplyActionWriteWhitelist'] 红=TestBadCaseRepo_ApplyActionExpectsStatus,TestBadCaseRepo_ApplyActionWriteWhitelist settled=14/14
      红因: bad_case_test.go:340: 判定结论没落库："kb_missing"/"op-1"/""
      红因: bad_case_test.go:389: 写入与 applied 不自洽：applied=true label_note=""
R3   写回白名单多了现场列（判完还能改现场）                            杀掉                           红=TestBadCaseRepo_ApplyActionWriteWhitelist settled=14/14
R4   值域外的状态过滤器不再报错（空列表冒充业务结论）                       杀掉                           红=TestBadCaseRepo_ListFilters settled=14/14
R5   默认视图从只列 pending 放开                             杀掉                           红=TestBadCaseRepo_ListFilters settled=14/14
R6   单页上限的夹住失效                                      杀掉                           红=TestBadCaseRepo_ClampsAreExact settled=14/14
R7   单次导出上限的夹住失效                                    杀掉                           红=TestBadCaseRepo_ClampsAreExact settled=14/14
R8   导出条件丢了「必须已打标」（pending 被灌进评测集）                  BROKEN=红因而非预期：红名对了但没有任何一行同时含 '被导走了' 红=TestBadCaseRepo_ClaimForExport settled=14/14
      红因: bad_case_test.go:920: 第二次导出失败：bad_case repository: 导出取走 3 行却只盖上 1 行，整笔回滚
R9   空批不报 AlreadyClaimed（静默空集）                      杀掉                           红=TestBadCaseRepo_ClaimForExport settled=14/14
R10  聚合读数少键（前端的 0 变 undefined）                      BROKEN=红因而非预期：红名对了但没有任何一行同时含 '键缺失会读成 undefined' 红=TestBadCaseRepo_CountByStatusKeysAreAlwaysPresent settled=14/14
      红因: bad_case_test.go:724: 空表时键数应为 4，实际 0
R11  值域外的脏 label 被悄悄丢行                              杀掉                           红=TestBadCaseRepo_CountByFixLayer settled=14/14
S1   零命中判据失效（无本之木不再被记）                              BROKEN=红集合不符：期望=['TestBadCaseMarkBadCase_Gates', 'TestBadCaseMarkBadCase_PregateMatchesServiceGate', 'TestBadCaseMarkBadCase_SourceComesFromServiceGate', 'TestBadCaseShouldMark'] 实际=['TestBadCaseMarkBadCase_Gates', 'TestBadCaseMarkBadCase_SourceComesFromServiceGate', 'TestBadCaseService_MarkAuto', 'TestBadCaseShouldMark'] 红=TestBadCaseMarkBadCase_Gates,TestBadCaseMarkBadCase_SourceComesFromServiceGate,TestBadCaseService_MarkAuto,TestBadCaseShouldMark settled=27/27
      红因: bad_case_marker_test.go:132: 该留痕的一轮没有交出去
      红因: bad_case_marker_test.go:403: 该留痕的一轮没有交出去
      红因: bad_case_test.go:92: source="low_confidence" want="zero_hit"
      红因: bad_case_test.go:89: ok=false want=true（reason=""）
      红因: bad_case_test.go:178: 起始全局实例为 nil（未装配）
      红因: bad_case_test.go:287: 回读失败：record not found
S2   门槛边界改成 <=（等于阈值也算低质）                            BROKEN=红集合不符：期望=['TestBadCaseMarkBadCase_Gates', 'TestBadCaseShouldMark'] 实际=['TestBadCaseMarkBadCase_Gates', 'TestBadCaseMarkBadCase_UsesEffectiveConfidence', 'TestBadCaseShouldMark'] 红=TestBadCaseMarkBadCase_Gates,TestBadCaseMarkBadCase_UsesEffectiveConfidence,TestBadCaseShouldMark settled=27/27
      红因: bad_case_marker_test.go:129: 不该留痕却交了 1 条：[{SessionID:sess_gate MessageID:msg_gate SignalID: IntentType: QueryText:问句 AnswerText:答 Confidence:0.7 Threshold:0.7 RetrievedCount:2 MarkReason:}]
      红因: bad_case_marker_test.go:213: 不该留痕却交了 1 条：[{SessionID:sess_eff MessageID:msg_eff SignalID: IntentType: QueryText: AnswerText:带卡片的答案 Confidence:0.7 Threshold:0.7 RetrievedCount:1 MarkReason:}]
      红因: bad_case_test.go:89: ok=true want=false（reason="置信度 0.7000 低于本轮生效阈值 0.7000"）
      红因: bad_case_test.go:178: 起始全局实例为 nil（未装配）
S3   阈值缺位时的兜底撤掉（整条自动标记静默停摆）                         BROKEN=红集合不符：期望=['TestBadCaseShouldMark_ZeroThresholdNeverDisablesMarking'] 实际=['TestBadCaseMarker_NilWhenUnavailableAndSwallowsMarkError', 'TestBadCaseService_MarkAuto', 'TestBadCaseService_MarkRequiresMessageID', 'TestBadCaseShouldMark', 'TestBadCaseShouldMark_ZeroThresholdNeverDisablesMarking'] 红=TestBadCaseMarker_NilWhenUnavailableAndSwallowsMarkError,TestBadCaseService_MarkAuto,TestBadCaseService_MarkRequiresMessageID,TestBadCaseShouldMark,TestBadCaseShouldMark_ZeroThresholdNeverDisablesMarking settled=27/27
      红因: bad_case_marker_test.go:325: 补齐现场后应落 1 行，实际 0（标记器把成功也吞掉了？）
      红因: bad_case_test.go:89: ok=false want=true（reason=""）
      红因: bad_case_test.go:89: ok=false want=true（reason=""）
      红因: bad_case_test.go:118: 阈值缺位 + 置信度 0 竟然不记：说明兜底没生效
      红因: bad_case_test.go:178: 起始全局实例为 nil（未装配）
      红因: bad_case_test.go:269: 阈值缺位也要标：(false,<nil>)
      红因: bad_case_test.go:317: 缺 message_id：应判入参非法，实际 <nil>
      红因: bad_case_test.go:317: message_id 全空白：应判入参非法，实际 <nil>
S4   负 limit 又当成「没给」（静默导出默认档那一批）                    杀掉                           红=TestBadCaseService_ExportEvalSet settled=27/27
S5   打标可以不给依据                                       杀掉                           红=TestBadCaseService_Label settled=27/27
S6   未知类目悄悄归进某一层                                    BROKEN=红因而非预期：红名对了但没有任何一行同时含 '未知类目|@未知归因类目' 红=TestBadCaseService_Label settled=27/27
      红因: bad_case_test.go:178: 起始全局实例为 nil（未装配）
      红因: bad_case_test.go:419: 责任层没派生："knowledge"
S7   撤销可以不给理由                                       BROKEN=红因而非预期：红名对了但没有任何一行同时含 '空理由|@撤销必须写明理由' 红=TestBadCaseService_Dismiss settled=27/27
      红因: bad_case_test.go:178: 起始全局实例为 nil（未装配）
      红因: bad_case_test.go:539: 空理由：应判入参非法，实际 &{bc_ds_bad_空理由 manual dismissed sess_bc_ds_bad_空理由 msg_bc_ds_bad_空理由 sig_bc_ds_bad_空理由 price_inquiry 问句 bc_ds_bad_空理由 答句 bc_ds_bad_空理由 0.4 0.7 0 夹具   op-3 2026-09-25 12:28:10.451053 +0800 CST  <nil>   bc
      红因: bad_case_test.go:546: 空理由：被拒的撤销仍改写了库里的行（dismissed）
S8   CAS 落败被当成成功（重复打标静默覆盖）                          BROKEN=红集合不符：期望=['TestBadCaseService_Dismiss', 'TestBadCaseService_Label'] 实际=['TestBadCaseService_Label'] 红=TestBadCaseService_Label settled=27/27
      红因: bad_case_test.go:178: 起始全局实例为 nil（未装配）
      红因: bad_case_test.go:434: 重复打标应判 Transition，实际 &{bc_lb_1 low_confidence labeled sess_bc_lb_1 msg_bc_lb_1 sig_bc_lb_1 price_inquiry 问句 bc_lb_1 答句 bc_lb_1 0.4 0.7 0 夹具 retrieve_miss 库里有条但检索没召回 op-9 2026-09-25 12:28:22.412145 +0800 CST  <nil> retr
      红因: bad_case_test.go:441: 不存在的行应判 NotFound，实际 <nil>/<nil>
S9   底座未装配也造出标记器（关闸失效）                              BROKEN=红集合不符：期望=['TestBadCaseMarker_NilWhenUnavailableAndSwallowsMarkError'] 实际=['TestBadCaseMarker_NilWhenUnavailableAndSwallowsMarkError', 'TestBadCaseService_UnavailableRejectsEveryEntry'] 红=TestBadCaseMarker_NilWhenUnavailableAndSwallowsMarkError,TestBadCaseService_UnavailableRejectsEveryEntry settled=27/27
      红因: bad_case_marker_test.go:296: 底座不可用时应回 nil —— 装配点那句 Warn 才有对应的事实
      红因: bad_case_marker_test.go:299: 空壳服务应回 nil
      红因: bad_case_test.go:166: 底座不可用却挂上了标记器
      红因: bad_case_test.go:166: 底座不可用却挂上了标记器
      红因: bad_case_test.go:166: 底座不可用却挂上了标记器
      红因: bad_case_test.go:178: 起始全局实例为 nil（未装配）
S10  已判率分母口径写歪（闭环转没转看不出来）                           杀掉                           红=TestBadCaseService_ListAndStats settled=27/27
S11  自动标记缺 message_id 变成静默跳过                        杀掉                           红=TestBadCaseService_MarkRequiresMessageID settled=27/27
O1   先判门槛再起协程这道预筛撤掉（每轮白起一条协程）                       BROKEN=红集合不符：期望=['TestBadCaseMarkBadCase_Gates', 'TestBadCaseMarkBadCase_PregateMatchesServiceGate'] 实际=['TestBadCaseMarkBadCase_Gates', 'TestBadCaseMarkBadCase_PregateMatchesServiceGate', 'TestBadCaseMarkBadCase_UsesEffectiveConfidence'] 红=TestBadCaseMarkBadCase_Gates,TestBadCaseMarkBadCase_PregateMatchesServiceGate,TestBadCaseMarkBadCase_UsesEffectiveConfidence settled=27/27
      红因: bad_case_marker_test.go:129: 不该留痕却交了 1 条：[{SessionID:sess_gate MessageID:msg_gate SignalID: IntentType: QueryText:问句 AnswerText:答 Confidence:0.95 Threshold:0.7 RetrievedCount:2 MarkReason:}]
      红因: bad_case_marker_test.go:129: 不该留痕却交了 1 条：[{SessionID:sess_gate MessageID:msg_gate SignalID: IntentType: QueryText:问句 AnswerText:答 Confidence:0.7 Threshold:0.7 RetrievedCount:2 MarkReason:}]
      红因: bad_case_marker_test.go:213: 不该留痕却交了 1 条：[{SessionID:sess_eff MessageID:msg_eff SignalID: IntentType: QueryText: AnswerText:带卡片的答案 Confidence:0.7 Threshold:0.7 RetrievedCount:1 MarkReason:}]
      红因: bad_case_marker_test.go:349: 不该留痕却交了 1 条：[{SessionID:s_pre MessageID:m_pre SignalID: IntentType: QueryText: AnswerText:答 Confidence:0.95 Threshold:0.7 RetrievedCount:3 MarkReason:}]
      红因: bad_case_marker_test.go:349: 不该留痕却交了 1 条：[{SessionID:s_pre MessageID:m_pre SignalID: IntentType: QueryText: AnswerText:答 Confidence:0.9 Threshold:0 RetrievedCount:1 MarkReason:}]
      红因: bad_case_test.go:178: 起始全局实例为 nil（未装配）
O2   留痕沿用请求 ctx（请求一返回就写不进库）                         杀掉                           红=TestBadCaseMarkBadCase_UsesFreshContextNotRequestContext settled=27/27
O3   留痕超时与草稿超时不同源                                   杀掉                           红=TestBadCaseMarkTimeoutSharesOneSource settled=27/27
O4   留痕的 recover 撤掉（panic 逃逸到主链路）                   杀掉（panic 族）                  红=— settled=7/27
A1   无 DB 句柄时不清空全局（路由对着未装配回 200）                    杀掉                           红=TestBadCaseMarkerFor_BoundAtAttachTimeNotPerCall,TestInitBadCaseRuntime_NilDBClearsGlobal settled=5/5
A2   attach 在未装配时谎报成功                               杀掉                           红=TestBadCaseMarkerFor_NilWhenNotAssembled settled=5/5
A3   标记器不取全局那份（装配与使用两套状态）                           杀掉                           红=TestBadCaseMarkerFor_BoundAtAttachTimeNotPerCall,TestBadCaseMarkerFor_WritesThroughProductionClosure settled=5/5
C1   底座不可用回 500 而不是 503                             BROKEN=红集合不符：期望=['TestBadCaseRoutes_UnavailableIs503WithDataless'] 实际=['TestBadCaseRoutes_SetupUsesGlobalRegistry', 'TestBadCaseRoutes_UnavailableIs503WithDataless'] 红=TestBadCaseRoutes_SetupUsesGlobalRegistry,TestBadCaseRoutes_UnavailableIs503WithDataless settled=11/11
      红因: bad_case_routes_test.go:160: GET /api/bad-cases 应 503，实际 500：{"code":"INTERNAL_ERROR_6002","message":"Bad Case 底座不可用（未装配或缺少 DB 句柄），本次未读到任何计数"}
      红因: bad_case_routes_test.go:160: GET /api/bad-cases/stats 应 503，实际 500：{"code":"INTERNAL_ERROR_6002","message":"Bad Case 底座不可用（未装配或缺少 DB 句柄），本次未读到任何计数"}
      红因: bad_case_routes_test.go:160: POST /api/bad-cases 应 503，实际 500：{"code":"INTERNAL_ERROR_6002","message":"Bad Case 底座不可用（未装配或缺少 DB 句柄），本次未读到任何计数"}
      红因: bad_case_routes_test.go:160: POST /api/bad-cases/bc_x/label 应 503，实际 500：{"code":"INTERNAL_ERROR_6002","message":"Bad Case 底座不可用（未装配或缺少 DB 句柄），本次未读到任何计数"}
      红因: bad_case_routes_test.go:160: POST /api/bad-cases/bc_x/dismiss 应 503，实际 500：{"code":"INTERNAL_ERROR_6002","message":"Bad Case 底座不可用（未装配或缺少 DB 句柄），本次未读到任何计数"}
      红因: bad_case_routes_test.go:160: POST /api/bad-cases/export 应 503，实际 500：{"code":"INTERNAL_ERROR_6002","message":"Bad Case 底座不可用（未装配或缺少 DB 句柄），本次未读到任何计数"}
      红因: bad_case_routes_test.go:187: 未装配时列表应 503，实际 500：{"code":"INTERNAL_ERROR_6002","message":"Bad Case 底座不可用（未装配或缺少 DB 句柄），本次未读到任何计数"}
      红因: bad_case_routes_test.go:208: 撤掉全局后应回 503，实际 500：{"code":"INTERNAL_ERROR_6002","message":"Bad Case 底座不可用（未装配或缺少 DB 句柄），本次未读到任何计数"}
C2   缺身份回 403 而不是 401                               杀掉                           红=TestBadCaseRoutes_IdentityIsRequiredOnWriteEntries settled=11/11
C3   记录不存在回 500（前端会无限打圈）                            BROKEN=红集合不符：期望=['TestBadCaseRoutes_GetByID', 'TestBadCaseRoutes_LabelAndDismissCodes'] 实际=['TestBadCaseRoutes_LabelAndDismissCodes'] 红=TestBadCaseRoutes_LabelAndDismissCodes settled=11/11
      红因: bad_case_routes_test.go:425: 不存在的行应 404，实际 500：{"code":"INTERNAL_ERROR_6002","message":"bad_case: 记录不存在"}
C4   路径参数长度上限失效（响应体放大器）                             杀掉                           红=TestBadCaseRoutes_GetByID settled=11/11
C5   page=0 被静默纠正成第一页                               SURVIVED=洞：没有用例被打红 ⇒ 这条承诺只有注释在守 红=— settled=11/11
C6   筛选器里的空值被透传（队列打不开）                              杀掉                           红=TestBadCaseRoutes_QueryParams settled=11/11

结果：杀掉 28/42 格 
未杀/坏格清单：
  !! R2 BROKEN=红集合不符：期望=['TestBadCaseRepo_ApplyActionWriteWhitelist'] 实际=['TestBadCaseRepo_ApplyActionExpectsStatus', 'TestBadCaseRepo_ApplyActionWriteWhitelist']：写回白名单少一列（判定依据落不了地）
  !! R8 BROKEN=红因而非预期：红名对了但没有任何一行同时含 '被导走了'：导出条件丢了「必须已打标」（pending 被灌进评测集）
  !! R10 BROKEN=红因而非预期：红名对了但没有任何一行同时含 '键缺失会读成 undefined'：聚合读数少键（前端的 0 变 undefined）
  !! S1 BROKEN=红集合不符：期望=['TestBadCaseMarkBadCase_Gates', 'TestBadCaseMarkBadCase_PregateMatchesServiceGate', 'TestBadCaseMarkBadCase_SourceComesFromServiceGate', 'TestBadCaseShouldMark'] 实际=['TestBadCaseMarkBadCase_Gates', 'TestBadCaseMarkBadCase_SourceComesFromServiceGate', 'TestBadCaseService_MarkAuto', 'TestBadCaseShouldMark']：零命中判据失效（无本之木不再被记）
  !! S2 BROKEN=红集合不符：期望=['TestBadCaseMarkBadCase_Gates', 'TestBadCaseShouldMark'] 实际=['TestBadCaseMarkBadCase_Gates', 'TestBadCaseMarkBadCase_UsesEffectiveConfidence', 'TestBadCaseShouldMark']：门槛边界改成 <=（等于阈值也算低质）
  !! S3 BROKEN=红集合不符：期望=['TestBadCaseShouldMark_ZeroThresholdNeverDisablesMarking'] 实际=['TestBadCaseMarker_NilWhenUnavailableAndSwallowsMarkError', 'TestBadCaseService_MarkAuto', 'TestBadCaseService_MarkRequiresMessageID', 'TestBadCaseShouldMark', 'TestBadCaseShouldMark_ZeroThresholdNeverDisablesMarking']：阈值缺位时的兜底撤掉（整条自动标记静默停摆）
  !! S6 BROKEN=红因而非预期：红名对了但没有任何一行同时含 '未知类目|@未知归因类目'：未知类目悄悄归进某一层
  !! S7 BROKEN=红因而非预期：红名对了但没有任何一行同时含 '空理由|@撤销必须写明理由'：撤销可以不给理由
  !! S8 BROKEN=红集合不符：期望=['TestBadCaseService_Dismiss', 'TestBadCaseService_Label'] 实际=['TestBadCaseService_Label']：CAS 落败被当成成功（重复打标静默覆盖）
  !! S9 BROKEN=红集合不符：期望=['TestBadCaseMarker_NilWhenUnavailableAndSwallowsMarkError'] 实际=['TestBadCaseMarker_NilWhenUnavailableAndSwallowsMarkError', 'TestBadCaseService_UnavailableRejectsEveryEntry']：底座未装配也造出标记器（关闸失效）
  !! O1 BROKEN=红集合不符：期望=['TestBadCaseMarkBadCase_Gates', 'TestBadCaseMarkBadCase_PregateMatchesServiceGate'] 实际=['TestBadCaseMarkBadCase_Gates', 'TestBadCaseMarkBadCase_PregateMatchesServiceGate', 'TestBadCaseMarkBadCase_UsesEffectiveConfidence']：先判门槛再起协程这道预筛撤掉（每轮白起一条协程）
  !! C1 BROKEN=红集合不符：期望=['TestBadCaseRoutes_UnavailableIs503WithDataless'] 实际=['TestBadCaseRoutes_SetupUsesGlobalRegistry', 'TestBadCaseRoutes_UnavailableIs503WithDataless']：底座不可用回 500 而不是 503
  !! C3 BROKEN=红集合不符：期望=['TestBadCaseRoutes_GetByID', 'TestBadCaseRoutes_LabelAndDismissCodes'] 实际=['TestBadCaseRoutes_LabelAndDismissCodes']：记录不存在回 500（前端会无限打圈）
  !! C5 SURVIVED=洞：没有用例被打红 ⇒ 这条承诺只有注释在守：page=0 被静默纠正成第一页
终态：本卡电池**未**全杀——上面每一条要么补腿、要么按'不配格'那一节写明理由。
收尾：带走 /private/var/folders/xw/pd_rr_z54w38gq41yfm8h7sm0000gn/T/p803mut-88vmt9nm/clone、/private/var/folders/xw/pd_rr_z54w38gq41yfm8h7sm0000gn/T/p803mut-88vmt9nm
