2026-09-25T12:29:50+08:00 WRN [SECURITY][WARN] USER_JWT_SECRET/JWT_SECRET 未配置，go test 进程使用固定测试密钥（仅用于单元测试） component=user-server
=== RUN   TestInitBadCaseRuntime_NilDBClearsGlobal
2026-09-25T12:29:50+08:00 INF [bad-case] ✅ Bad Case 底座已装配（表 bad_cases）：两条自动判据（低置信度 / 零命中）+ 人工补录，打标七类目归四层，导出即盖 eval_set_id 防重导 component=user-server
2026-09-25T12:29:50+08:00 WRN [bad-case] ⚠️ 无 DB 句柄 ⇒ Bad Case 底座不装配：/api/bad-cases/* 全部回 503、低质回答不再留痕（回答本身照常发出，本卡不改变那条路径） component=user-server
--- PASS: TestInitBadCaseRuntime_NilDBClearsGlobal (0.18s)
=== RUN   TestInitBadCaseRuntime_RegistersUsableGlobal
2026-09-25T12:29:50+08:00 INF [bad-case] ✅ Bad Case 底座已装配（表 bad_cases）：两条自动判据（低置信度 / 零命中）+ 人工补录，打标七类目归四层，导出即盖 eval_set_id 防重导 component=user-server
2026-09-25T12:29:50+08:00 INF [bad-case] ✅ Bad Case 底座已装配（表 bad_cases）：两条自动判据（低置信度 / 零命中）+ 人工补录，打标七类目归四层，导出即盖 eval_set_id 防重导 component=user-server
--- PASS: TestInitBadCaseRuntime_RegistersUsableGlobal (0.05s)
=== RUN   TestBadCaseMarkerFor_NilWhenNotAssembled
2026-09-25T12:29:50+08:00 INF [bad-case] 编排器未挂自动标记器（全局底座为 nil）⇒ 低质回答不留痕，只照常回答 component=user-server
--- PASS: TestBadCaseMarkerFor_NilWhenNotAssembled (0.00s)
=== RUN   TestBadCaseMarkerFor_WritesThroughProductionClosure
2026-09-25T12:29:50+08:00 INF [bad-case] ✅ Bad Case 底座已装配（表 bad_cases）：两条自动判据（低置信度 / 零命中）+ 人工补录，打标七类目归四层，导出即盖 eval_set_id 防重导 component=user-server
2026-09-25T12:29:50+08:00 INF [bad-case] 编排器未挂自动标记器（全局底座为 nil）⇒ 低质回答不留痕，只照常回答 component=user-server
    bad_case_wiring_test.go:115: 已装配时 attach 应成功
--- FAIL: TestBadCaseMarkerFor_WritesThroughProductionClosure (0.05s)
=== RUN   TestBadCaseMarkerFor_BoundAtAttachTimeNotPerCall
2026-09-25T12:29:50+08:00 INF [bad-case] ✅ Bad Case 底座已装配（表 bad_cases）：两条自动判据（低置信度 / 零命中）+ 人工补录，打标七类目归四层，导出即盖 eval_set_id 防重导 component=user-server
    bad_case_wiring_test.go:188: 已装配时标记器不该为 nil
--- FAIL: TestBadCaseMarkerFor_BoundAtAttachTimeNotPerCall (0.05s)
FAIL
FAIL	hivemtk-user/internal/app	0.927s
FAIL
