私有作业目录：/tmp/r23full

[Go] 注码前置：22 格锚点各命中一次 + 注码后语法可解析
[Go] 控制组 rc=0 total=23 passed=23 skip=0 FAIL=[]
D1   摘要根本不落库（裁剪退回成纯删除，凭据整份消失）                                     杀掉      total=23 fail=9 skip=0 ｜ TestA6BatchDigestSensitiveToPayload | TestA6ChainLinksAcrossRuns | TestA6DigestClosesOverRunRow
D2   摘要挪出事务旁路补记、写不上也不管（fail-close 折成 fail-open）                   杀掉      total=23 fail=1 skip=0 ｜ TestA6PruneFailsCloseWhenDigestWriteBlocked
D3   链哈希不看前一条（补一段假历史零代价）                                          杀掉      total=23 fail=2 skip=0 ｜ TestA6ChainLinksAcrossRuns | TestA6DigestSplitsWithDeleteBatches
D4   prev_seq 不接上一条的尾巴（seq 区间首尾不接，中间那段无从交代）                       杀掉      total=23 fail=2 skip=0 ｜ TestA6ChainLinksAcrossRuns | TestA6DigestSplitsWithDeleteBatches
D5   批序永远写 1（重放同一次裁剪不再撞约束，而是并行出第二条历史）                             杀掉      total=23 fail=5 skip=0 ｜ TestA6BatchDigestSensitiveToPayload | TestA6ChainLinksAcrossRuns | TestA6DigestSeparatesUnackedFromFailedFrame
D15  摘要表的 (session, ordinal) 唯一索引退回普通索引                           杀掉      total=23 fail=1 skip=0 ｜ TestA6DigestChainIdempotentAtStorage
D9   payload 不进逐行哈希（摘要证不了删掉的是哪些内容）                                杀掉      total=23 fail=1 skip=0 ｜ TestA6BatchDigestSensitiveToPayload
D10  created_at 按会话时区渲染（同一批行在 UTC 主库与异地副本上折出不同指纹）                 杀掉      total=23 fail=1 skip=0 ｜ TestA6DigestReproducibleFromRowContent
D11  ok 的三态折成两态（无回执被说成回执为否）                                       杀掉      total=23 fail=1 skip=0 ｜ TestA6DigestSeparatesUnackedFromFailedFrame
D8   分批上界形同虚设（一条 DELETE 吃全表：收回 b19g 的分批承诺）                        杀掉      total=23 fail=2 skip=0 ｜ TestA6DigestSplitsWithDeleteBatches | TestB19GCommandLogPruneIsBatched
D16  入口行数不记（RowsBefore 恒 0：闭合算术失去分母）                              杀掉      total=23 fail=1 skip=0 ｜ TestA6DigestClosesOverRunRow
D17  留痕按批计数而不是按摘要行（凭条数查账会少一半）                                     杀掉      total=23 fail=1 skip=0 ｜ TestA6DigestClosesOverRunRow
D7   扫描不留痕（0 行的那次扫描再也自证不了「该界内无到期行」）                               杀掉      total=23 fail=4 skip=0 ｜ TestA6DigestClosesOverRunRow | TestA6DigestSplitsWithDeleteBatches | TestA6EmptyWindowStillWritesRunRow
D14  读侧按入库序返回（链序丢失，离线包得自己重排才能接链）                                  杀掉      total=23 fail=1 skip=0 ｜ TestA6ExportPayloadCarriesAuditDigests
D12  服务层不去读摘要（导出包对「被裁掉的那段」彻底沉默）                                   杀掉      total=23 fail=3 skip=0 ｜ TestA6ExportDistinguishesUnwiredFromNothingPruned | TestA6ExportPayloadCarriesAuditDigests | TestSessionExportAggregates
D13  控制器换了个键名（最后一跳丢契约，前端按 audit_digests 读永远读不到）                   杀掉      total=23 fail=2 skip=0 ｜ TestA6ExportDistinguishesUnwiredFromNothingPruned | TestA6ExportPayloadCarriesAuditDigests
V1   空来源不再拒绝（缺来源的裁剪照跑，库里多一条说不清从哪来的界）                              杀掉      total=23 fail=1 skip=0 ｜ TestR23PruneRefusesEmptyCutoffSource
V2   留痕行的来源列写成空串（参数接住了却不落库＝这一列永远查不出东西）                            杀掉      total=23 fail=1 skip=0 ｜ TestR23PruneRunRecordsCutoffSource
V3   扫描入口传死值而不是现算的来源（改了 env，库里仍写着第一天那个界从哪来）                       杀掉      total=23 fail=1 skip=0 ｜ TestR23PruneOncePassesSourceToRepo
V4   扫描不看禁用开关（0=禁用折成「界=今天」的全量裁剪）                                  杀掉      total=23 fail=1 skip=0 ｜ TestR23PruneOnceDisabledByZero
V5   来源截断的列宽放开（超长 env 值让留痕 INSERT 失败，裁剪被一个记账字段堵死）                 杀掉      total=23 fail=1 skip=0 ｜ TestR23RetentionCutoffSourceShape
V6   启动门不看仓储是否装配齐（nil 仓储起 goroutine，一小时后后台 panic 带走进程）            杀掉      total=23 fail=1 skip=0 ｜ TestR23RetentionBootGate
[Go] 同族（同一批用例被多格杀掉，判据可能重叠）：D3≈D4 → TestA6ChainLinksAcrossRuns TestA6DigestSplitsWithDeleteBatches
[Go] 同族（同一批用例被多格杀掉，判据可能重叠）：D16≈D17 → TestA6DigestClosesOverRunRow
[Go] 已全量还原（md5 一致）

===== 电池判定：Go 22 格逐格被杀，无存活（全电池） =====
FULL_RC=0
