2026-09-28T18:38:25+08:00 WRN [SECURITY][WARN] USER_JWT_SECRET/JWT_SECRET 未配置，go test 进程使用固定测试密钥（仅用于单元测试） component=user-server
=== RUN   TestBillRepository_ScanOverdueSelectsByCutoffAndStatus
--- PASS: TestBillRepository_ScanOverdueSelectsByCutoffAndStatus (1.11s)
=== RUN   TestBillRepository_ScanOverdueOrdersOldestFirst
--- PASS: TestBillRepository_ScanOverdueOrdersOldestFirst (0.11s)
=== RUN   TestBillRepository_ScanOverdueRejectsNonPositiveLimit
--- PASS: TestBillRepository_ScanOverdueRejectsNonPositiveLimit (0.06s)
=== RUN   TestBillRepository_ScanOverdueFailureIsNotEmptyResult
--- FAIL: TestBillRepository_ScanOverdueFailureIsNotEmptyResult (0.07s)
panic: runtime error: invalid memory address or nil pointer dereference [recovered, repanicked]
[signal SIGSEGV: segmentation violation code=0x2 addr=0x0 pc=0x10517c2f8]

goroutine 65 [running]:
testing.tRunner.func1.2({0x105d77340, 0x105f65fa0})
	/Users/xiaofang/go/pkg/mod/golang.org/toolchain@v0.0.1-go1.26.6.darwin-arm64/src/testing/testing.go:1974 +0x1a0
testing.tRunner.func1()
	/Users/xiaofang/go/pkg/mod/golang.org/toolchain@v0.0.1-go1.26.6.darwin-arm64/src/testing/testing.go:1977 +0x318
panic({0x105d77340?, 0x105f65fa0?})
	/Users/xiaofang/go/pkg/mod/golang.org/toolchain@v0.0.1-go1.26.6.darwin-arm64/src/runtime/panic.go:860 +0x12c
gorm.io/gorm.(*DB).Session(0x0, 0x7e20fac33e58)
	/Users/xiaofang/go/pkg/mod/gorm.io/gorm@v1.30.0/gorm.go:243 +0x38
gorm.io/gorm.(*DB).WithContext(...)
	/Users/xiaofang/go/pkg/mod/gorm.io/gorm@v1.30.0/gorm.go:344
hivemtk-user/internal/repository.(*billRepo).ScanOverdue(0x7e20fac33f18, {0x105ebb9c8, 0x105fb3420}, {0xc2a6aec8d24e4780, 0x51008387, 0x105f8a920}, 0xa)
	/private/tmp/r76p701m/run.BjVcBv/clone/user-server/internal/repository/bill.go:279 +0xcc
hivemtk-user/internal/repository.TestBillRepository_ScanOverdueFailureIsNotEmptyResult(0x7e20fb1e86c8)
	/private/tmp/r76p701m/run.BjVcBv/clone/user-server/internal/repository/bill_overdue_scan_test.go:194 +0x150
testing.tRunner(0x7e20fb1e86c8, 0x105ea63a8)
	/Users/xiaofang/go/pkg/mod/golang.org/toolchain@v0.0.1-go1.26.6.darwin-arm64/src/testing/testing.go:2036 +0xc4
created by testing.(*T).Run in goroutine 1
	/Users/xiaofang/go/pkg/mod/golang.org/toolchain@v0.0.1-go1.26.6.darwin-arm64/src/testing/testing.go:2101 +0x3a8
FAIL	hivemtk-user/internal/repository	1.822s
FAIL
