2026-09-28T18:39:20+08:00 WRN [SECURITY][WARN] USER_JWT_SECRET/JWT_SECRET 未配置，go test 进程使用固定测试密钥（仅用于单元测试） component=user-server
=== RUN   TestBillRepository_ScanOverdueSelectsByCutoffAndStatus
--- PASS: TestBillRepository_ScanOverdueSelectsByCutoffAndStatus (3.52s)
=== RUN   TestBillRepository_ScanOverdueOrdersOldestFirst
--- PASS: TestBillRepository_ScanOverdueOrdersOldestFirst (0.14s)
=== RUN   TestBillRepository_ScanOverdueRejectsNonPositiveLimit
--- PASS: TestBillRepository_ScanOverdueRejectsNonPositiveLimit (0.07s)
=== RUN   TestBillRepository_ScanOverdueFailureIsNotEmptyResult
--- PASS: TestBillRepository_ScanOverdueFailureIsNotEmptyResult (0.07s)
=== RUN   TestBillRepository_ScanOverdueFollowsTheChasedDomain
--- PASS: TestBillRepository_ScanOverdueFollowsTheChasedDomain (0.10s)
=== RUN   TestBillRepository_CreateRejectsMissingIdentity
--- PASS: TestBillRepository_CreateRejectsMissingIdentity (0.07s)
=== RUN   TestBillRepository_DuplicateQuoteRowIsItsOwnError
--- PASS: TestBillRepository_DuplicateQuoteRowIsItsOwnError (0.10s)
=== RUN   TestBillRepository_StatusMustBeInTheDomain
--- PASS: TestBillRepository_StatusMustBeInTheDomain (0.10s)
=== RUN   TestBillRepository_ReadsDistinguishMissingFromFailure
    bill_test.go:217: 不存在的行应回 (nil, nil)，实际 got=<nil> err=record not found
    bill_test.go:225: 不存在的报价行应回 (nil, nil)，实际 got=<nil> err=record not found
--- FAIL: TestBillRepository_ReadsDistinguishMissingFromFailure (0.08s)
=== RUN   TestBillRepository_ReadFailureIsNotMissingRead
--- PASS: TestBillRepository_ReadFailureIsNotMissingRead (0.08s)
=== RUN   TestBillRepository_UpdateStatusIsCompareAndSet
--- PASS: TestBillRepository_UpdateStatusIsCompareAndSet (0.08s)
=== RUN   TestBillRepository_MethodSetIsExactlyTheDocumentedSeven
--- PASS: TestBillRepository_MethodSetIsExactlyTheDocumentedSeven (0.00s)
=== RUN   TestBillRepository_ListByQuoteID
--- PASS: TestBillRepository_ListByQuoteID (0.10s)
=== RUN   TestBillRepository_ListByQuoteIDStableOrderTiesCreatedAt
--- PASS: TestBillRepository_ListByQuoteIDStableOrderTiesCreatedAt (0.11s)
=== RUN   TestBillRepository_NilHandleFailsLoudly
--- PASS: TestBillRepository_NilHandleFailsLoudly (0.00s)
=== RUN   TestBillRepository_ConstraintNameIsTheOneOnTheModel
--- PASS: TestBillRepository_ConstraintNameIsTheOneOnTheModel (0.13s)
FAIL
FAIL	hivemtk-user/internal/repository	5.201s
FAIL
