2026-09-28T18:42:15+08:00 WRN [SECURITY][WARN] USER_JWT_SECRET/JWT_SECRET 未配置，go test 进程使用固定测试密钥（仅用于单元测试） component=user-server
=== RUN   TestBillDeriveFromSentQuoteWritesOneRow
--- PASS: TestBillDeriveFromSentQuoteWritesOneRow (6.68s)
=== RUN   TestBillAmountEqualsHandComputedTotal
--- PASS: TestBillAmountEqualsHandComputedTotal (0.24s)
=== RUN   TestBillDeriveIsIdempotentAcrossCalls
--- PASS: TestBillDeriveIsIdempotentAcrossCalls (0.29s)
=== RUN   TestBillDeriveCurrencyFollowsQuote
--- PASS: TestBillDeriveCurrencyFollowsQuote (0.35s)
=== RUN   TestBillDeriveLeavesDueAtNull
--- PASS: TestBillDeriveLeavesDueAtNull (0.55s)
=== RUN   TestBillDeriveStoresTheDueAtTheCallerGave
--- PASS: TestBillDeriveStoresTheDueAtTheCallerGave (0.37s)
=== RUN   TestBillDeriveRequiresSentVersion
--- PASS: TestBillDeriveRequiresSentVersion (0.23s)
=== RUN   TestBillDeriveAcceptsAlreadyAcceptedRowAgain
--- PASS: TestBillDeriveAcceptsAlreadyAcceptedRowAgain (0.22s)
=== RUN   TestBillDeriveRejectsSupersededVersion
    bill_test.go:529: 按被取代的旧版确认成交没报 ErrBillNotLatestVersion：<nil>
    bill_test.go:532: 被拒的确认还是开出了 1 张账单
    bill_test.go:536: 确认链上最新那一版被挡了：bill: 该报价链已有被接受的版本，请先处置原账单再重新成交: 链 QT-SUP 上的 v1（q_sup）已被接受过
--- FAIL: TestBillDeriveRejectsSupersededVersion (0.24s)
=== RUN   TestBillDeriveRejectsSecondAcceptedVersionInChain
--- PASS: TestBillDeriveRejectsSecondAcceptedVersionInChain (0.28s)
=== RUN   TestBillDeriveNeedsLines
--- PASS: TestBillDeriveNeedsLines (0.19s)
=== RUN   TestBillDeriveCASFailureLeavesNoBill
--- PASS: TestBillDeriveCASFailureLeavesNoBill (0.22s)
=== RUN   TestBillDeriveRacesIntoExisting
--- PASS: TestBillDeriveRacesIntoExisting (0.18s)
=== RUN   TestBillDeriveReportsReadBackFailure
--- PASS: TestBillDeriveReportsReadBackFailure (0.21s)
=== RUN   TestBillDeriveQuoteNotFound
--- PASS: TestBillDeriveQuoteNotFound (0.21s)
=== RUN   TestBillDeriveInputCarriesRowKeyAndOptionalTerm
--- PASS: TestBillDeriveInputCarriesRowKeyAndOptionalTerm (0.00s)
=== RUN   TestBillServicePortSurfacesAreNarrow
--- PASS: TestBillServicePortSurfacesAreNarrow (0.00s)
=== RUN   TestBillKeyGeneratorIsDeterministic
--- PASS: TestBillKeyGeneratorIsDeterministic (0.00s)
=== RUN   TestBillServiceAvailabilityAndNilSafety
--- PASS: TestBillServiceAvailabilityAndNilSafety (0.20s)
FAIL
FAIL	hivemtk-user/internal/service	11.329s
FAIL
