2026-09-28T18:43:23+08:00 WRN [SECURITY][WARN] USER_JWT_SECRET/JWT_SECRET 未配置，go test 进程使用固定测试密钥（仅用于单元测试） component=user-server
=== RUN   TestBillDeriveFromSentQuoteWritesOneRow
--- PASS: TestBillDeriveFromSentQuoteWritesOneRow (10.35s)
=== RUN   TestBillAmountEqualsHandComputedTotal
--- PASS: TestBillAmountEqualsHandComputedTotal (0.22s)
=== RUN   TestBillDeriveIsIdempotentAcrossCalls
--- PASS: TestBillDeriveIsIdempotentAcrossCalls (0.23s)
=== RUN   TestBillDeriveCurrencyFollowsQuote
--- PASS: TestBillDeriveCurrencyFollowsQuote (0.25s)
=== RUN   TestBillDeriveLeavesDueAtNull
--- PASS: TestBillDeriveLeavesDueAtNull (0.30s)
=== RUN   TestBillDeriveStoresTheDueAtTheCallerGave
--- PASS: TestBillDeriveStoresTheDueAtTheCallerGave (0.58s)
=== RUN   TestBillDeriveRequiresSentVersion
--- PASS: TestBillDeriveRequiresSentVersion (0.38s)
=== RUN   TestBillDeriveAcceptsAlreadyAcceptedRowAgain
--- PASS: TestBillDeriveAcceptsAlreadyAcceptedRowAgain (0.21s)
=== RUN   TestBillDeriveRejectsSupersededVersion
--- PASS: TestBillDeriveRejectsSupersededVersion (0.26s)
=== RUN   TestBillDeriveRejectsSecondAcceptedVersionInChain
--- PASS: TestBillDeriveRejectsSecondAcceptedVersionInChain (0.72s)
=== RUN   TestBillDeriveNeedsLines
    bill_test.go:597: 没有行项目的版本没报 ErrBillLinesMissing：<nil>
    bill_test.go:600: 只读判据失败前已经尝试了 1 次状态跃迁：所有只读检查必须在第一次写之前
    bill_test.go:607: 报价被推成了 "accepted"：行项目缺失的版不该留下成交现场
    bill_test.go:610: 库里多出 1 张账单
--- FAIL: TestBillDeriveNeedsLines (0.46s)
=== RUN   TestBillDeriveCASFailureLeavesNoBill
--- PASS: TestBillDeriveCASFailureLeavesNoBill (0.32s)
=== RUN   TestBillDeriveRacesIntoExisting
--- PASS: TestBillDeriveRacesIntoExisting (0.59s)
=== RUN   TestBillDeriveReportsReadBackFailure
--- PASS: TestBillDeriveReportsReadBackFailure (0.38s)
=== RUN   TestBillDeriveQuoteNotFound
--- PASS: TestBillDeriveQuoteNotFound (0.21s)
=== RUN   TestBillDeriveInputCarriesRowKeyAndOptionalTerm
--- PASS: TestBillDeriveInputCarriesRowKeyAndOptionalTerm (0.00s)
=== RUN   TestBillServicePortSurfacesAreNarrow
--- PASS: TestBillServicePortSurfacesAreNarrow (0.00s)
=== RUN   TestBillKeyGeneratorIsDeterministic
--- PASS: TestBillKeyGeneratorIsDeterministic (0.00s)
=== RUN   TestBillServiceAvailabilityAndNilSafety
--- PASS: TestBillServiceAvailabilityAndNilSafety (0.53s)
FAIL
FAIL	hivemtk-user/internal/service	16.723s
FAIL
