M01 KILLED killed=TestTelegramMember_ListStalledRestricted extra=TestTelegramMember_ListStalledRestrictedIdleWindow restored=True log=/Users/xiaofang/Documents/www/go/hivemtk/hivemtk/docs/superpowers/specs/ledger/logs/TGGATE/20260929-142030/M01.log
M02 DECLARED-SURVIVOR killed=- extra=- restored=True log=/Users/xiaofang/Documents/www/go/hivemtk/hivemtk/docs/superpowers/specs/ledger/logs/TGGATE/20260929-142030/M02.log
M03 KILLED killed=TestRecoverStalledCountsFailedAttemptsAndStopsAtCap extra=TestRecoverStalledResendsOnlyWhenNeverDelivered restored=True log=/Users/xiaofang/Documents/www/go/hivemtk/hivemtk/docs/superpowers/specs/ledger/logs/TGGATE/20260929-142030/M03.log
M04 KILLED-PANIC killed=TestSweepExpiredLeavesNeverNotifiedMember extra=- restored=True log=/Users/xiaofang/Documents/www/go/hivemtk/hivemtk/docs/superpowers/specs/ledger/logs/TGGATE/20260929-142030/M04.log
M05 KILLED killed=TestSweepExpiredGivesOneTTLGrace extra=- restored=True log=/Users/xiaofang/Documents/www/go/hivemtk/hivemtk/docs/superpowers/specs/ledger/logs/TGGATE/20260929-142030/M05.log
M06 KILLED killed=TestSweepExpiredKeepsRetryWhenBanFails extra=- restored=True log=/Users/xiaofang/Documents/www/go/hivemtk/hivemtk/docs/superpowers/specs/ledger/logs/TGGATE/20260929-142030/M06.log
M07 KILLED killed=TestTelegramMember_WelcomeStateGuards extra=- restored=True log=/Users/xiaofang/Documents/www/go/hivemtk/hivemtk/docs/superpowers/specs/ledger/logs/TGGATE/20260929-142030/M07.log
M08 KILLED killed=TestHandleNewMembersFailedSendStaysUndelivered extra=TestHandleNewMembersReJoinResetsWelcomeState restored=True log=/Users/xiaofang/Documents/www/go/hivemtk/hivemtk/docs/superpowers/specs/ledger/logs/TGGATE/20260929-142030/M08.log
M09 KILLED killed=TestSweepOnceRunsOnlyForLeaseHolder extra=- restored=True log=/Users/xiaofang/Documents/www/go/hivemtk/hivemtk/docs/superpowers/specs/ledger/logs/TGGATE/20260929-142030/M09.log
M10 KILLED killed=TestGateSweeperTickLoopTakesAndReleasesLease extra=- restored=True log=/Users/xiaofang/Documents/www/go/hivemtk/hivemtk/docs/superpowers/specs/ledger/logs/TGGATE/20260929-142030/M10.log
M11 KILLED killed=TestCronJobLease_HoldAndRelease extra=- restored=True log=/Users/xiaofang/Documents/www/go/hivemtk/hivemtk/docs/superpowers/specs/ledger/logs/TGGATE/20260929-142030/M11.log
M12 KILLED killed=TestStartGateSweeperIdempotentAndStopSafe extra=- restored=True log=/Users/xiaofang/Documents/www/go/hivemtk/hivemtk/docs/superpowers/specs/ledger/logs/TGGATE/20260929-142030/M12.log
M13 KILLED killed=TestCronJobLease_RejectsEmptyArgs extra=- restored=True log=/Users/xiaofang/Documents/www/go/hivemtk/hivemtk/docs/superpowers/specs/ledger/logs/TGGATE/20260929-142030/M13.log
M14 KILLED killed=TestGateSweeperPairedOnShutdown extra=- restored=True log=/Users/xiaofang/Documents/www/go/hivemtk/hivemtk/docs/superpowers/specs/ledger/logs/TGGATE/20260929-142030/M14.log
M15 KILLED killed=TestGateSweeperSelfHealsAfterTickPanic extra=- restored=True log=/Users/xiaofang/Documents/www/go/hivemtk/hivemtk/docs/superpowers/specs/ledger/logs/TGGATE/20260929-142030/M15.log
M16 KILLED killed=TestSweeperPanicRestartSkippedDuringShutdown extra=- restored=True log=/Users/xiaofang/Documents/www/go/hivemtk/hivemtk/docs/superpowers/specs/ledger/logs/TGGATE/20260929-142030/M16.log
M17 KILLED killed=TestHandleNewMembersReJoinResetsWelcomeState,TestTelegramMember_UpsertResetsWelcomeState extra=- restored=True log=/Users/xiaofang/Documents/www/go/hivemtk/hivemtk/docs/superpowers/specs/ledger/logs/TGGATE/20260929-142030/M17.log
M18 DECLARED-SURVIVOR killed=- extra=- restored=True log=/Users/xiaofang/Documents/www/go/hivemtk/hivemtk/docs/superpowers/specs/ledger/logs/TGGATE/20260929-142030/M18.log
M19 KILLED killed=TestSweepExpiredFilter extra=- restored=True log=/Users/xiaofang/Documents/www/go/hivemtk/hivemtk/docs/superpowers/specs/ledger/logs/TGGATE/20260929-142030/M19.log
M20 KILLED killed=TestTelegramMember_ClaimStalledResend extra=- restored=True log=/Users/xiaofang/Documents/www/go/hivemtk/hivemtk/docs/superpowers/specs/ledger/logs/TGGATE/20260929-142030/M20.log
M21 KILLED killed=TestTelegramMember_ClaimStalledResend extra=- restored=True log=/Users/xiaofang/Documents/www/go/hivemtk/hivemtk/docs/superpowers/specs/ledger/logs/TGGATE/20260929-142030/M21.log
M22 KILLED killed=TestTelegramMember_ClaimStalledResend extra=- restored=True log=/Users/xiaofang/Documents/www/go/hivemtk/hivemtk/docs/superpowers/specs/ledger/logs/TGGATE/20260929-142030/M22.log
M23 KILLED killed=TestRecoverStalledResendsImmediatelyAfterRequestPathHandedOff,TestTelegramMember_ListStalledRestrictedIdleWindow extra=TestHandleNewMembersFailedSendStaysUndelivered restored=True log=/Users/xiaofang/Documents/www/go/hivemtk/hivemtk/docs/superpowers/specs/ledger/logs/TGGATE/20260929-142030/M23.log
M24 KILLED killed=TestRecoverStalledStillPicksRowsWithoutUpdatedAt,TestTelegramMember_ListStalledRestrictedIdleWindow extra=- restored=True log=/Users/xiaofang/Documents/www/go/hivemtk/hivemtk/docs/superpowers/specs/ledger/logs/TGGATE/20260929-142030/M24.log
M25 KILLED killed=TestRecoverStalledResendsAfterInRequestWindowPasses,TestRecoverStalledSkipsRowStillInsideInRequestWindow,TestTelegramMember_ListStalledRestrictedIdleWindow extra=TestRecoverStalledCountsFailedAttemptsAndStopsAtCap,TestRecoverStalledResendsOnlyWhenNeverDelivered,TestTelegramMember_ListStalledRestricted restored=True log=/Users/xiaofang/Documents/www/go/hivemtk/hivemtk/docs/superpowers/specs/ledger/logs/TGGATE/20260929-142030/M25.log
M26 KILLED killed=TestRecoverStalledSkipsRowStillInsideInRequestWindow extra=TestRecoverStalledResendsAfterInRequestWindowPasses restored=True log=/Users/xiaofang/Documents/www/go/hivemtk/hivemtk/docs/superpowers/specs/ledger/logs/TGGATE/20260929-142030/M26.log
