$ bash /tmp/r65.sh go test -v -count=1 -run TestSweepOnceRunsOnlyForLeaseHolder|TestGateSweeperTickLoopTakesAndReleasesLease|TestStartGateSweeperIdempotentAndStopSafe|TestGateSweeperSelfHealsAfterTickPanic|TestSweeperPanicRestartSkippedDuringShutdown|TestRecoverStalledNeverRebroadcastsDeliveredWelcome|TestRecoverStalledResendsOnlyWhenNeverDelivered|TestRecoverStalledCountsFailedAttemptsAndStopsAtCap|TestRecoverStalledSkipsRowStillInsideInRequestWindow|TestRecoverStalledResendsAfterInRequestWindowPasses|TestRecoverStalledResendsImmediatelyAfterRequestPathHandedOff|TestRecoverStalledStillPicksRowsWithoutUpdatedAt|TestHandleNewMembersRecordsDeliveryOutcome|TestHandleNewMembersReJoinResetsWelcomeState|TestHandleNewMembersFailedSendStaysUndelivered|TestSweepExpiredLeavesNeverNotifiedMember|TestSweepExpiredGivesOneTTLGrace|TestSweepExpiredRemovesAfterGraceAndKeepsRejoinOpen|TestSweepExpiredDeclinesJoinRequest|TestSweepExpiredKeepsRetryWhenBanFails|TestSweepExpiredSkipsAuthorizedMember|TestSweepExpiredFilter|TestCronJobLease_HoldAndRelease|TestCronJobLease_RejectsEmptyArgs|TestTelegramMember_ListStalledRestricted|TestTelegramMember_ListStalledRestrictedIdleWindow|TestTelegramMember_UpsertResetsWelcomeState|TestTelegramMember_WelcomeStateGuards|TestTelegramMember_ClaimStalledResend|TestGateSweeperPairedOnShutdown ./internal/service/ ./internal/repository/ ./cmd/api/
[rc=0] [214.1s]

[90m2026-09-29T14:23:05+08:00[0m [33mWRN[0m [1m[SECURITY][WARN] USER_JWT_SECRET/JWT_SECRET 未配置，go test 进程使用固定测试密钥（仅用于单元测试）[0m [36mcomponent=[0muser-server
=== RUN   TestRecoverStalledSkipsRowStillInsideInRequestWindow
--- PASS: TestRecoverStalledSkipsRowStillInsideInRequestWindow (32.06s)
=== RUN   TestRecoverStalledResendsAfterInRequestWindowPasses
[90m2026-09-29T14:23:48+08:00[0m [32mINF[0m [1m[TG-Gate] 补偿完成：已补禁言+补发提示 chat=-10099887766 user=8002[0m [36mcomponent=[0muser-server
--- PASS: TestRecoverStalledResendsAfterInRequestWindowPasses (5.36s)
=== RUN   TestRecoverStalledResendsImmediatelyAfterRequestPathHandedOff
[90m2026-09-29T14:23:50+08:00[0m [32mINF[0m [1m[TG-Gate] 补偿完成：已补禁言+补发提示 chat=-10099887766 user=8003[0m [36mcomponent=[0muser-server
--- PASS: TestRecoverStalledResendsImmediatelyAfterRequestPathHandedOff (2.25s)
=== RUN   TestRecoverStalledStillPicksRowsWithoutUpdatedAt
[90m2026-09-29T14:23:52+08:00[0m [32mINF[0m [1m[TG-Gate] 补偿完成：已补禁言+补发提示 chat=-10099887766 user=8004[0m [36mcomponent=[0muser-server
--- PASS: TestRecoverStalledStillPicksRowsWithoutUpdatedAt (1.74s)
=== RUN   TestSweepOnceRunsOnlyForLeaseHolder
[90m2026-09-29T14:23:53+08:00[0m [32mINF[0m [1m[TG-Gate] 超时未验证已移出（可重新入群）chat=-10099887766 user=8001 提示送达于=2026-09-29 13:58:53[0m [36mcomponent=[0muser-server
--- PASS: TestSweepOnceRunsOnlyForLeaseHolder (1.09s)
=== RUN   TestGateSweeperTickLoopTakesAndReleasesLease
[90m2026-09-29T14:23:54+08:00[0m [32mINF[0m [1m[TG-Gate] 超时未验证已移出（可重新入群）chat=-10099887766 user=8101 提示送达于=2026-09-29 13:58:54[0m [36mcomponent=[0muser-server
[90m2026-09-29T14:23:54+08:00[0m [32mINF[0m [1m[TG-Gate] TTL 清扫完成，处理 1 个超时成员[0m [36mcomponent=[0muser-server
[90m2026-09-29T14:23:54+08:00[0m [31mERR[0m [1m[TG-Gate] TTL 清扫失败: context canceled; sql: transaction has already been committed or rolled back[0m [36mcomponent=[0muser-server
[90m2026-09-29T14:23:55+08:00[0m [32mINF[0m [1m[TG-Gate] TTL 清扫器已停止 worker=worker-tick[0m [36mcomponent=[0muser-server
--- PASS: TestGateSweeperTickLoopTakesAndReleasesLease (1.44s)
=== RUN   TestStartGateSweeperIdempotentAndStopSafe
[90m2026-09-29T14:23:57+08:00[0m [32mINF[0m [1m[TG-Gate] TTL 清扫器已停止 worker=worker-first[0m [36mcomponent=[0muser-server
--- PASS: TestStartGateSweeperIdempotentAndStopSafe (2.06s)
=== RUN   TestGateSweeperSelfHealsAfterTickPanic
[90m2026-09-29T14:23:59+08:00[0m [31mERR[0m [1m[TG-Gate] TTL 清扫协程 panic 重启: runtime error: invalid memory address or nil pointer dereference[0m [36mcomponent=[0muser-server
[90m2026-09-29T14:23:59+08:00[0m [32mINF[0m [1m[TG-Gate] TTL 清扫器已停止 worker=worker-panic[0m [36mcomponent=[0muser-server
--- PASS: TestGateSweeperSelfHealsAfterTickPanic (1.88s)
=== RUN   TestSweeperPanicRestartSkippedDuringShutdown
[90m2026-09-29T14:23:59+08:00[0m [32mINF[0m [1m[TG-Gate] TTL 清扫器已停止 worker=worker-shutdown[0m [36mcomponent=[0muser-server
--- PASS: TestSweeperPanicRestartSkippedDuringShutdown (0.53s)
=== RUN   TestRecoverStalledNeverRebroadcastsDeliveredWelcome
--- PASS: TestRecoverStalledNeverRebroadcastsDeliveredWelcome (0.79s)
=== RUN   TestRecoverStalledResendsOnlyWhenNeverDelivered
[90m2026-09-29T14:24:00+08:00[0m [32mINF[0m [1m[TG-Gate] 补偿完成：已补禁言+补发提示 chat=-10099887766 user=2001[0m [36mcomponent=[0muser-server
[90m2026-09-29T14:24:00+08:00[0m [33mWRN[0m [1m[TG-Gate] 提示补发已到上限（3 次）：停止播报 chat=-10099887766 user=2003[0m [36mcomponent=[0muser-server
[90m2026-09-29T14:24:00+08:00[0m [33mWRN[0m [1m[TG-Gate] 提示补发已到上限（3 次）：停止播报 chat=-10099887766 user=2003[0m [36mcomponent=[0muser-server
--- PASS: TestRecoverStalledResendsOnlyWhenNeverDelivered (0.52s)
=== RUN   TestRecoverStalledCountsFailedAttemptsAndStopsAtCap
=== RUN   TestRecoverStalledCountsFailedAttemptsAndStopsAtCap/禁言失败
[90m2026-09-29T14:24:01+08:00[0m [33mWRN[0m [1m[TG-Gate] 补偿禁言失败 chat=-10099887766 user=3001: tg restrictChatMember status 400: {"ok":false,"error_code":400,"description":"Bad Request: chat not found"}[0m [36mcomponent=[0muser-server
[90m2026-09-29T14:24:01+08:00[0m [33mWRN[0m [1m[TG-Gate] 提示补发已到上限（3 次）：停止播报 chat=-10099887766 user=3001[0m [36mcomponent=[0muser-server
=== RUN   TestRecoverStalledCountsFailedAttemptsAndStopsAtCap/提示发送失败
[90m2026-09-29T14:24:02+08:00[0m [33mWRN[0m [1m[TG-Gate] 补偿提示发送失败 chat=-10099887766 user=3001: tg send chunk 1/1 failed: tg send status 400: {"ok":false,"error_code":400,"description":"Bad Request: chat not found"}[0m [36mcomponent=[0muser-server
[90m2026-09-29T14:24:02+08:00[0m [33mWRN[0m [1m[TG-Gate] 提示补发已到上限（3 次）：停止播报 chat=-10099887766 user=3001[0m [36mcomponent=[0muser-server
--- PASS: TestRecoverStalledCountsFailedAttemptsAndStopsAtCap (1.38s)
    --- PASS: TestRecoverStalledCountsFailedAttemptsAndStopsAtCap/禁言失败 (0.76s)
    --- PASS: TestRecoverStalledCountsFailedAttemptsAndStopsAtCap/提示发送失败 (0.62s)
=== RUN   TestHandleNewMembersRecordsDeliveryOutcome
--- PASS: TestHandleNewMembersRecordsDeliveryOutcome (0.43s)
=== RUN   TestHandleNewMembersReJoinResetsWelcomeState
[90m2026-09-29T14:24:03+08:00[0m [31mERR[0m [1m[TG-Gate] 群内验证提示发送失败（已入补偿队列，清扫器将补发）account=1 chat=-10099887766: tg send chunk 1/1 failed: tg send status 400: {"ok":false,"error_code":400,"description":"Bad Request: chat not found"}[0m [36mcomponent=[0muser-server
--- PASS: TestHandleNewMembersReJoinResetsWelcomeState (0.54s)
=== RUN   TestHandleNewMembersFailedSendStaysUndelivered
[90m2026-09-29T14:24:03+08:00[0m [31mERR[0m [1m[TG-Gate] 群内验证提示发送失败（已入补偿队列，清扫器将补发）account=1 chat=-10099887766: tg send chunk 1/1 failed: tg send status 400: {"ok":false,"error_code":400,"description":"Bad Request: chat not found"}[0m [36mcomponent=[0muser-server
[90m2026-09-29T14:24:03+08:00[0m [32mINF[0m [1m[TG-Gate] 补偿完成：已补禁言+补发提示 chat=-10099887766 user=6001[0m [36mcomponent=[0muser-server
--- PASS: TestHandleNewMembersFailedSendStaysUndelivered (0.55s)
=== RUN   TestSweepExpiredLeavesNeverNotifiedMember
--- PASS: TestSweepExpiredLeavesNeverNotifiedMember (0.54s)
=== RUN   TestSweepExpiredGivesOneTTLGrace
--- PASS: TestSweepExpiredGivesOneTTLGrace (0.54s)
=== RUN   TestSweepExpiredRemovesAfterGraceAndKeepsRejoinOpen
[90m2026-09-29T14:24:05+08:00[0m [32mINF[0m [1m[TG-Gate] 超时未验证已移出（可重新入群）chat=-10099887766 user=7003 提示送达于=2026-09-29 13:59:05[0m [36mcomponent=[0muser-server
--- PASS: TestSweepExpiredRemovesAfterGraceAndKeepsRejoinOpen (0.73s)
=== RUN   TestSweepExpiredDeclinesJoinRequest
--- PASS: TestSweepExpiredDeclinesJoinRequest (0.57s)
=== RUN   TestSweepExpiredKeepsRetryWhenBanFails
[90m2026-09-29T14:24:06+08:00[0m [33mWRN[0m [1m[TG-Gate] 踢出超时成员失败 chat=-10099887766 user=7005: tg banChatMember status 400: {"ok":false,"error_code":400,"description":"Bad Request: chat not found"}[0m [36mcomponent=[0muser-server
--- PASS: TestSweepExpiredKeepsRetryWhenBanFails (0.38s)
=== RUN   TestSweepExpiredSkipsAuthorizedMember
--- PASS: TestSweepExpiredSkipsAuthorizedMember (0.34s)
=== RUN   TestSweepExpiredFilter
--- PASS: TestSweepExpiredFilter (0.23s)
PASS
ok  	hivemtk-user/internal/service	62.648s
[90m2026-09-29T14:23:05+08:00[0m [33mWRN[0m [1m[SECURITY][WARN] USER_JWT_SECRET/JWT_SECRET 未配置，go test 进程使用固定测试密钥（仅用于单元测试）[0m [36mcomponent=[0muser-server
=== RUN   TestCronJobLease_HoldAndRelease
--- PASS: TestCronJobLease_HoldAndRelease (30.44s)
=== RUN   TestCronJobLease_RejectsEmptyArgs
--- PASS: TestCronJobLease_RejectsEmptyArgs (0.38s)
=== RUN   TestTelegramMember_ListStalledRestricted
--- PASS: TestTelegramMember_ListStalledRestricted (2.39s)
=== RUN   TestTelegramMember_UpsertResetsWelcomeState
--- PASS: TestTelegramMember_UpsertResetsWelcomeState (0.72s)
=== RUN   TestTelegramMember_WelcomeStateGuards
--- PASS: TestTelegramMember_WelcomeStateGuards (1.37s)
=== RUN   TestTelegramMember_ClaimStalledResend
--- PASS: TestTelegramMember_ClaimStalledResend (0.93s)
=== RUN   TestTelegramMember_ListStalledRestrictedIdleWindow
--- PASS: TestTelegramMember_ListStalledRestrictedIdleWindow (4.22s)
PASS
ok  	hivemtk-user/internal/repository	43.092s
[90m2026-09-29T14:23:05+08:00[0m [33mWRN[0m [1m[SECURITY][WARN] USER_JWT_SECRET/JWT_SECRET 未配置，go test 进程使用固定测试密钥（仅用于单元测试）[0m [36mcomponent=[0muser-server
=== RUN   TestGateSweeperPairedOnShutdown
--- PASS: TestGateSweeperPairedOnShutdown (0.00s)
PASS
ok  	hivemtk-user/cmd/api	1.418s
