$ bash /tmp/r65.sh go test -v -count=1 -run TestSweepOnceRunsOnlyForLeaseHolder|TestGateSweeperTickLoopTakesAndReleasesLease|TestStartGateSweeperIdempotentAndStopSafe|TestGateSweeperSelfHealsAfterTickPanic|TestSweeperPanicRestartSkippedDuringShutdown|TestRecoverStalledNeverRebroadcastsDeliveredWelcome|TestRecoverStalledResendsOnlyWhenNeverDelivered|TestRecoverStalledCountsFailedAttemptsAndStopsAtCap|TestRecoverStalledSkipsRowStillInsideInRequestWindow|TestRecoverStalledResendsAfterInRequestWindowPasses|TestRecoverStalledResendsImmediatelyAfterRequestPathHandedOff|TestRecoverStalledStillPicksRowsWithoutUpdatedAt|TestHandleNewMembersRecordsDeliveryOutcome|TestHandleNewMembersReJoinResetsWelcomeState|TestHandleNewMembersFailedSendStaysUndelivered|TestSweepExpiredLeavesNeverNotifiedMember|TestSweepExpiredGivesOneTTLGrace|TestSweepExpiredRemovesAfterGraceAndKeepsRejoinOpen|TestSweepExpiredDeclinesJoinRequest|TestSweepExpiredKeepsRetryWhenBanFails|TestSweepExpiredSkipsAuthorizedMember|TestSweepExpiredFilter|TestCronJobLease_HoldAndRelease|TestCronJobLease_RejectsEmptyArgs|TestTelegramMember_ListStalledRestricted|TestTelegramMember_ListStalledRestrictedIdleWindow|TestTelegramMember_UpsertResetsWelcomeState|TestTelegramMember_WelcomeStateGuards|TestTelegramMember_ClaimStalledResend|TestGateSweeperPairedOnShutdown ./internal/service/ ./internal/repository/ ./cmd/api/
[rc=1] [105.8s]

[90m2026-09-29T14:50:12+08:00[0m [33mWRN[0m [1m[SECURITY][WARN] USER_JWT_SECRET/JWT_SECRET 未配置，go test 进程使用固定测试密钥（仅用于单元测试）[0m [36mcomponent=[0muser-server
=== RUN   TestRecoverStalledSkipsRowStillInsideInRequestWindow
--- PASS: TestRecoverStalledSkipsRowStillInsideInRequestWindow (1.61s)
=== RUN   TestRecoverStalledResendsAfterInRequestWindowPasses
[90m2026-09-29T14:50:15+08:00[0m [32mINF[0m [1m[TG-Gate] 补偿完成：已补禁言+补发提示 chat=-10099887766 user=8002[0m [36mcomponent=[0muser-server
--- PASS: TestRecoverStalledResendsAfterInRequestWindowPasses (0.50s)
=== RUN   TestRecoverStalledResendsImmediatelyAfterRequestPathHandedOff
[90m2026-09-29T14:50:16+08:00[0m [32mINF[0m [1m[TG-Gate] 补偿完成：已补禁言+补发提示 chat=-10099887766 user=8003[0m [36mcomponent=[0muser-server
--- PASS: TestRecoverStalledResendsImmediatelyAfterRequestPathHandedOff (1.12s)
=== RUN   TestRecoverStalledStillPicksRowsWithoutUpdatedAt
[90m2026-09-29T14:50:17+08:00[0m [32mINF[0m [1m[TG-Gate] 补偿完成：已补禁言+补发提示 chat=-10099887766 user=8004[0m [36mcomponent=[0muser-server
--- PASS: TestRecoverStalledStillPicksRowsWithoutUpdatedAt (1.22s)
=== RUN   TestSweepOnceRunsOnlyForLeaseHolder
[90m2026-09-29T14:50:18+08:00[0m [32mINF[0m [1m[TG-Gate] 超时未验证已移出（可重新入群）chat=-10099887766 user=8001 提示送达于=2026-09-29 14:25:18[0m [36mcomponent=[0muser-server
--- PASS: TestSweepOnceRunsOnlyForLeaseHolder (0.68s)
=== RUN   TestGateSweeperTickLoopTakesAndReleasesLease
[90m2026-09-29T14:50:19+08:00[0m [32mINF[0m [1m[TG-Gate] 超时未验证已移出（可重新入群）chat=-10099887766 user=8101 提示送达于=2026-09-29 14:25:19[0m [36mcomponent=[0muser-server
[90m2026-09-29T14:50:19+08:00[0m [32mINF[0m [1m[TG-Gate] TTL 清扫完成，处理 1 个超时成员[0m [36mcomponent=[0muser-server
[90m2026-09-29T14:50:19+08:00[0m [31mERR[0m [1m[TG-Gate] TTL 清扫失败: context canceled; timeout: context already done: context canceled[0m [36mcomponent=[0muser-server
[90m2026-09-29T14:50:19+08:00[0m [32mINF[0m [1m[TG-Gate] TTL 清扫器已停止 worker=worker-tick[0m [36mcomponent=[0muser-server
--- PASS: TestGateSweeperTickLoopTakesAndReleasesLease (0.94s)
=== RUN   TestStartGateSweeperIdempotentAndStopSafe
[90m2026-09-29T14:50:19+08:00[0m [32mINF[0m [1m[TG-Gate] TTL 清扫器已停止 worker=worker-first[0m [36mcomponent=[0muser-server
--- PASS: TestStartGateSweeperIdempotentAndStopSafe (0.51s)
=== RUN   TestGateSweeperSelfHealsAfterTickPanic
[90m2026-09-29T14:50:20+08:00[0m [31mERR[0m [1m[TG-Gate] TTL 清扫协程 panic 重启: runtime error: invalid memory address or nil pointer dereference[0m [36mcomponent=[0muser-server
[90m2026-09-29T14:50:20+08:00[0m [32mINF[0m [1m[TG-Gate] TTL 清扫器已停止 worker=worker-panic[0m [36mcomponent=[0muser-server
--- PASS: TestGateSweeperSelfHealsAfterTickPanic (0.47s)
=== RUN   TestSweeperPanicRestartSkippedDuringShutdown
[90m2026-09-29T14:50:20+08:00[0m [32mINF[0m [1m[TG-Gate] TTL 清扫器已停止 worker=worker-shutdown[0m [36mcomponent=[0muser-server
--- PASS: TestSweeperPanicRestartSkippedDuringShutdown (0.28s)
=== RUN   TestRecoverStalledNeverRebroadcastsDeliveredWelcome
--- PASS: TestRecoverStalledNeverRebroadcastsDeliveredWelcome (0.22s)
=== RUN   TestRecoverStalledResendsOnlyWhenNeverDelivered
[90m2026-09-29T14:50:21+08:00[0m [32mINF[0m [1m[TG-Gate] 补偿完成：已补禁言+补发提示 chat=-10099887766 user=2001[0m [36mcomponent=[0muser-server
[90m2026-09-29T14:50:21+08:00[0m [33mWRN[0m [1m[TG-Gate] 提示补发已到上限（3 次）：停止播报 chat=-10099887766 user=2003[0m [36mcomponent=[0muser-server
[90m2026-09-29T14:50:21+08:00[0m [33mWRN[0m [1m[TG-Gate] 提示补发已到上限（3 次）：停止播报 chat=-10099887766 user=2003[0m [36mcomponent=[0muser-server
--- PASS: TestRecoverStalledResendsOnlyWhenNeverDelivered (0.43s)
=== RUN   TestRecoverStalledCountsFailedAttemptsAndStopsAtCap
=== RUN   TestRecoverStalledCountsFailedAttemptsAndStopsAtCap/禁言失败
[90m2026-09-29T14:50:21+08:00[0m [33mWRN[0m [1m[TG-Gate] 补偿禁言失败 chat=-10099887766 user=3001: tg restrictChatMember status 400: {"ok":false,"error_code":400,"description":"Bad Request: chat not found"}[0m [36mcomponent=[0muser-server
[90m2026-09-29T14:50:21+08:00[0m [33mWRN[0m [1m[TG-Gate] 提示补发已到上限（3 次）：停止播报 chat=-10099887766 user=3001[0m [36mcomponent=[0muser-server
=== RUN   TestRecoverStalledCountsFailedAttemptsAndStopsAtCap/提示发送失败
[90m2026-09-29T14:50:21+08:00[0m [33mWRN[0m [1m[TG-Gate] 补偿提示发送失败 chat=-10099887766 user=3001: tg send chunk 1/1 failed: tg send status 400: {"ok":false,"error_code":400,"description":"Bad Request: chat not found"}[0m [36mcomponent=[0muser-server
[90m2026-09-29T14:50:21+08:00[0m [33mWRN[0m [1m[TG-Gate] 提示补发已到上限（3 次）：停止播报 chat=-10099887766 user=3001[0m [36mcomponent=[0muser-server
--- PASS: TestRecoverStalledCountsFailedAttemptsAndStopsAtCap (0.71s)
    --- PASS: TestRecoverStalledCountsFailedAttemptsAndStopsAtCap/禁言失败 (0.39s)
    --- PASS: TestRecoverStalledCountsFailedAttemptsAndStopsAtCap/提示发送失败 (0.31s)
=== RUN   TestHandleNewMembersRecordsDeliveryOutcome
--- PASS: TestHandleNewMembersRecordsDeliveryOutcome (0.49s)
=== RUN   TestHandleNewMembersReJoinResetsWelcomeState
[90m2026-09-29T14:50:23+08:00[0m [31mERR[0m [1m[TG-Gate] 群内验证提示发送失败（已入补偿队列，清扫器将补发）account=1 chat=-10099887766: tg send chunk 1/1 failed: tg send status 400: {"ok":false,"error_code":400,"description":"Bad Request: chat not found"}[0m [36mcomponent=[0muser-server
--- PASS: TestHandleNewMembersReJoinResetsWelcomeState (0.86s)
=== RUN   TestHandleNewMembersFailedSendStaysUndelivered
[90m2026-09-29T14:50:23+08:00[0m [31mERR[0m [1m[TG-Gate] 群内验证提示发送失败（已入补偿队列，清扫器将补发）account=1 chat=-10099887766: tg send chunk 1/1 failed: tg send status 400: {"ok":false,"error_code":400,"description":"Bad Request: chat not found"}[0m [36mcomponent=[0muser-server
[90m2026-09-29T14:50:23+08:00[0m [32mINF[0m [1m[TG-Gate] 补偿完成：已补禁言+补发提示 chat=-10099887766 user=6001[0m [36mcomponent=[0muser-server
--- PASS: TestHandleNewMembersFailedSendStaysUndelivered (0.57s)
=== RUN   TestSweepExpiredLeavesNeverNotifiedMember
--- PASS: TestSweepExpiredLeavesNeverNotifiedMember (0.47s)
=== RUN   TestSweepExpiredGivesOneTTLGrace
--- PASS: TestSweepExpiredGivesOneTTLGrace (0.38s)
=== RUN   TestSweepExpiredRemovesAfterGraceAndKeepsRejoinOpen
[90m2026-09-29T14:50:25+08:00[0m [32mINF[0m [1m[TG-Gate] 超时未验证已移出（可重新入群）chat=-10099887766 user=7003 提示送达于=2026-09-29 14:25:25[0m [36mcomponent=[0muser-server
--- PASS: TestSweepExpiredRemovesAfterGraceAndKeepsRejoinOpen (0.42s)
=== RUN   TestSweepExpiredDeclinesJoinRequest
--- PASS: TestSweepExpiredDeclinesJoinRequest (0.43s)
=== RUN   TestSweepExpiredKeepsRetryWhenBanFails
[90m2026-09-29T14:50:26+08:00[0m [33mWRN[0m [1m[TG-Gate] 踢出超时成员失败 chat=-10099887766 user=7005: tg banChatMember status 400: {"ok":false,"error_code":400,"description":"Bad Request: chat not found"}[0m [36mcomponent=[0muser-server
--- PASS: TestSweepExpiredKeepsRetryWhenBanFails (0.60s)
=== RUN   TestSweepExpiredSkipsAuthorizedMember
--- PASS: TestSweepExpiredSkipsAuthorizedMember (0.45s)
=== RUN   TestSweepExpiredFilter
--- PASS: TestSweepExpiredFilter (0.23s)
PASS
ok  	hivemtk-user/internal/service	15.580s
[90m2026-09-29T14:50:11+08:00[0m [33mWRN[0m [1m[SECURITY][WARN] USER_JWT_SECRET/JWT_SECRET 未配置，go test 进程使用固定测试密钥（仅用于单元测试）[0m [36mcomponent=[0muser-server
=== RUN   TestCronJobLease_HoldAndRelease
--- PASS: TestCronJobLease_HoldAndRelease (2.58s)
=== RUN   TestCronJobLease_RejectsEmptyArgs
--- PASS: TestCronJobLease_RejectsEmptyArgs (0.18s)
=== RUN   TestTelegramMember_ListStalledRestricted
--- PASS: TestTelegramMember_ListStalledRestricted (0.47s)
=== RUN   TestTelegramMember_UpsertResetsWelcomeState
--- PASS: TestTelegramMember_UpsertResetsWelcomeState (0.19s)
=== RUN   TestTelegramMember_WelcomeStateGuards
    telegram_gate_repo_test.go:225: 已过审成员不该被落成 kicked, 实际=kicked
--- FAIL: TestTelegramMember_WelcomeStateGuards (0.82s)
=== RUN   TestTelegramMember_ClaimStalledResend
--- PASS: TestTelegramMember_ClaimStalledResend (0.26s)
=== RUN   TestTelegramMember_ListStalledRestrictedIdleWindow
--- PASS: TestTelegramMember_ListStalledRestrictedIdleWindow (0.70s)
FAIL
FAIL	hivemtk-user/internal/repository	5.783s
[90m2026-09-29T14:50:12+08:00[0m [33mWRN[0m [1m[SECURITY][WARN] USER_JWT_SECRET/JWT_SECRET 未配置，go test 进程使用固定测试密钥（仅用于单元测试）[0m [36mcomponent=[0muser-server
=== RUN   TestGateSweeperPairedOnShutdown
--- PASS: TestGateSweeperPairedOnShutdown (0.00s)
PASS
ok  	hivemtk-user/cmd/api	0.555s
FAIL
