$ bash /tmp/r65.sh go test -v -count=1 -run TestSweepOnceRunsOnlyForLeaseHolder|TestGateSweeperTickLoopTakesAndReleasesLease|TestStartGateSweeperIdempotentAndStopSafe|TestGateSweeperSelfHealsAfterTickPanic|TestSweeperPanicRestartSkippedDuringShutdown|TestRecoverStalledNeverRebroadcastsDeliveredWelcome|TestRecoverStalledResendsOnlyWhenNeverDelivered|TestRecoverStalledCountsFailedAttemptsAndStopsAtCap|TestRecoverStalledSkipsRowStillInsideInRequestWindow|TestRecoverStalledResendsAfterInRequestWindowPasses|TestRecoverStalledResendsImmediatelyAfterRequestPathHandedOff|TestRecoverStalledStillPicksRowsWithoutUpdatedAt|TestHandleNewMembersRecordsDeliveryOutcome|TestHandleNewMembersReJoinResetsWelcomeState|TestHandleNewMembersFailedSendStaysUndelivered|TestSweepExpiredLeavesNeverNotifiedMember|TestSweepExpiredGivesOneTTLGrace|TestSweepExpiredRemovesAfterGraceAndKeepsRejoinOpen|TestSweepExpiredDeclinesJoinRequest|TestSweepExpiredKeepsRetryWhenBanFails|TestSweepExpiredSkipsAuthorizedMember|TestSweepExpiredFilter|TestCronJobLease_HoldAndRelease|TestCronJobLease_RejectsEmptyArgs|TestTelegramMember_ListStalledRestricted|TestTelegramMember_ListStalledRestrictedIdleWindow|TestTelegramMember_UpsertResetsWelcomeState|TestTelegramMember_WelcomeStateGuards|TestTelegramMember_ClaimStalledResend|TestGateSweeperPairedOnShutdown ./internal/service/ ./internal/repository/ ./cmd/api/
[rc=1] [80.0s]

[90m2026-09-29T14:51:25+08:00[0m [33mWRN[0m [1m[SECURITY][WARN] USER_JWT_SECRET/JWT_SECRET 未配置，go test 进程使用固定测试密钥（仅用于单元测试）[0m [36mcomponent=[0muser-server
=== RUN   TestRecoverStalledSkipsRowStillInsideInRequestWindow
--- PASS: TestRecoverStalledSkipsRowStillInsideInRequestWindow (5.26s)
=== RUN   TestRecoverStalledResendsAfterInRequestWindowPasses
[90m2026-09-29T14:51:34+08:00[0m [32mINF[0m [1m[TG-Gate] 补偿完成：已补禁言+补发提示 chat=-10099887766 user=8002[0m [36mcomponent=[0muser-server
--- PASS: TestRecoverStalledResendsAfterInRequestWindowPasses (0.94s)
=== RUN   TestRecoverStalledResendsImmediatelyAfterRequestPathHandedOff
[90m2026-09-29T14:51:35+08:00[0m [32mINF[0m [1m[TG-Gate] 补偿完成：已补禁言+补发提示 chat=-10099887766 user=8003[0m [36mcomponent=[0muser-server
--- PASS: TestRecoverStalledResendsImmediatelyAfterRequestPathHandedOff (0.73s)
=== RUN   TestRecoverStalledStillPicksRowsWithoutUpdatedAt
[90m2026-09-29T14:51:36+08:00[0m [32mINF[0m [1m[TG-Gate] 补偿完成：已补禁言+补发提示 chat=-10099887766 user=8004[0m [36mcomponent=[0muser-server
--- PASS: TestRecoverStalledStillPicksRowsWithoutUpdatedAt (1.38s)
=== RUN   TestSweepOnceRunsOnlyForLeaseHolder
[90m2026-09-29T14:51:37+08:00[0m [32mINF[0m [1m[TG-Gate] 超时未验证已移出（可重新入群）chat=-10099887766 user=8001 提示送达于=2026-09-29 14:26:36[0m [36mcomponent=[0muser-server
--- PASS: TestSweepOnceRunsOnlyForLeaseHolder (0.54s)
=== RUN   TestGateSweeperTickLoopTakesAndReleasesLease
[90m2026-09-29T14:51:37+08:00[0m [32mINF[0m [1m[TG-Gate] 超时未验证已移出（可重新入群）chat=-10099887766 user=8101 提示送达于=2026-09-29 14:26:37[0m [36mcomponent=[0muser-server
[90m2026-09-29T14:51:37+08:00[0m [32mINF[0m [1m[TG-Gate] TTL 清扫完成，处理 1 个超时成员[0m [36mcomponent=[0muser-server
[90m2026-09-29T14:51:37+08:00[0m [31mERR[0m [1m[TG-Gate] TTL 清扫失败: context canceled[0m [36mcomponent=[0muser-server
[90m2026-09-29T14:51:37+08:00[0m [32mINF[0m [1m[TG-Gate] TTL 清扫器已停止 worker=worker-tick[0m [36mcomponent=[0muser-server
--- PASS: TestGateSweeperTickLoopTakesAndReleasesLease (0.61s)
=== RUN   TestStartGateSweeperIdempotentAndStopSafe
[90m2026-09-29T14:51:38+08:00[0m [32mINF[0m [1m[TG-Gate] TTL 清扫器已停止 worker=worker-first[0m [36mcomponent=[0muser-server
--- PASS: TestStartGateSweeperIdempotentAndStopSafe (0.65s)
=== RUN   TestGateSweeperSelfHealsAfterTickPanic
[90m2026-09-29T14:51:38+08:00[0m [31mERR[0m [1m[TG-Gate] TTL 清扫协程 panic 重启: runtime error: invalid memory address or nil pointer dereference[0m [36mcomponent=[0muser-server
[90m2026-09-29T14:51:38+08:00[0m [32mINF[0m [1m[TG-Gate] TTL 清扫器已停止 worker=worker-panic[0m [36mcomponent=[0muser-server
--- PASS: TestGateSweeperSelfHealsAfterTickPanic (0.49s)
=== RUN   TestSweeperPanicRestartSkippedDuringShutdown
[90m2026-09-29T14:51:39+08:00[0m [32mINF[0m [1m[TG-Gate] TTL 清扫器已停止 worker=worker-shutdown[0m [36mcomponent=[0muser-server
--- PASS: TestSweeperPanicRestartSkippedDuringShutdown (0.62s)
=== RUN   TestRecoverStalledNeverRebroadcastsDeliveredWelcome
--- PASS: TestRecoverStalledNeverRebroadcastsDeliveredWelcome (0.62s)
=== RUN   TestRecoverStalledResendsOnlyWhenNeverDelivered
[90m2026-09-29T14:51:41+08:00[0m [32mINF[0m [1m[TG-Gate] 补偿完成：已补禁言+补发提示 chat=-10099887766 user=2001[0m [36mcomponent=[0muser-server
[90m2026-09-29T14:51:41+08:00[0m [33mWRN[0m [1m[TG-Gate] 提示补发已到上限（3 次）：停止播报 chat=-10099887766 user=2003[0m [36mcomponent=[0muser-server
[90m2026-09-29T14:51:41+08:00[0m [33mWRN[0m [1m[TG-Gate] 提示补发已到上限（3 次）：停止播报 chat=-10099887766 user=2003[0m [36mcomponent=[0muser-server
--- PASS: TestRecoverStalledResendsOnlyWhenNeverDelivered (1.14s)
=== RUN   TestRecoverStalledCountsFailedAttemptsAndStopsAtCap
=== RUN   TestRecoverStalledCountsFailedAttemptsAndStopsAtCap/禁言失败
[90m2026-09-29T14:51:41+08:00[0m [33mWRN[0m [1m[TG-Gate] 补偿禁言失败 chat=-10099887766 user=3001: tg restrictChatMember status 400: {"ok":false,"error_code":400,"description":"Bad Request: chat not found"}[0m [36mcomponent=[0muser-server
[90m2026-09-29T14:51:41+08:00[0m [33mWRN[0m [1m[TG-Gate] 提示补发已到上限（3 次）：停止播报 chat=-10099887766 user=3001[0m [36mcomponent=[0muser-server
=== RUN   TestRecoverStalledCountsFailedAttemptsAndStopsAtCap/提示发送失败
[90m2026-09-29T14:51:42+08:00[0m [33mWRN[0m [1m[TG-Gate] 补偿提示发送失败 chat=-10099887766 user=3001: tg send chunk 1/1 failed: tg send status 400: {"ok":false,"error_code":400,"description":"Bad Request: chat not found"}[0m [36mcomponent=[0muser-server
[90m2026-09-29T14:51:42+08:00[0m [33mWRN[0m [1m[TG-Gate] 提示补发已到上限（3 次）：停止播报 chat=-10099887766 user=3001[0m [36mcomponent=[0muser-server
--- PASS: TestRecoverStalledCountsFailedAttemptsAndStopsAtCap (0.79s)
    --- PASS: TestRecoverStalledCountsFailedAttemptsAndStopsAtCap/禁言失败 (0.43s)
    --- PASS: TestRecoverStalledCountsFailedAttemptsAndStopsAtCap/提示发送失败 (0.36s)
=== RUN   TestHandleNewMembersRecordsDeliveryOutcome
--- PASS: TestHandleNewMembersRecordsDeliveryOutcome (0.42s)
=== RUN   TestHandleNewMembersReJoinResetsWelcomeState
[90m2026-09-29T14:51:43+08:00[0m [31mERR[0m [1m[TG-Gate] 群内验证提示发送失败（已入补偿队列，清扫器将补发）account=1 chat=-10099887766: tg send chunk 1/1 failed: tg send status 400: {"ok":false,"error_code":400,"description":"Bad Request: chat not found"}[0m [36mcomponent=[0muser-server
    telegram_gate_recover_stalled_test.go:375: 重新入群且本次发送失败时，送达状态应回到未送达，实际还挂着上一段的 2026-09-29 14:51:43.315217 +0800 CST
--- FAIL: TestHandleNewMembersReJoinResetsWelcomeState (0.88s)
=== RUN   TestHandleNewMembersFailedSendStaysUndelivered
[90m2026-09-29T14:51:43+08:00[0m [31mERR[0m [1m[TG-Gate] 群内验证提示发送失败（已入补偿队列，清扫器将补发）account=1 chat=-10099887766: tg send chunk 1/1 failed: tg send status 400: {"ok":false,"error_code":400,"description":"Bad Request: chat not found"}[0m [36mcomponent=[0muser-server
    telegram_gate_recover_stalled_test.go:396: 发送失败却登记了送达时间（补偿循环就此再不会补发）, 实际=2026-09-29 14:51:43.830792 +0800 CST
--- FAIL: TestHandleNewMembersFailedSendStaysUndelivered (0.51s)
=== RUN   TestSweepExpiredLeavesNeverNotifiedMember
--- PASS: TestSweepExpiredLeavesNeverNotifiedMember (0.57s)
=== RUN   TestSweepExpiredGivesOneTTLGrace
--- PASS: TestSweepExpiredGivesOneTTLGrace (0.31s)
=== RUN   TestSweepExpiredRemovesAfterGraceAndKeepsRejoinOpen
[90m2026-09-29T14:51:45+08:00[0m [32mINF[0m [1m[TG-Gate] 超时未验证已移出（可重新入群）chat=-10099887766 user=7003 提示送达于=2026-09-29 14:26:45[0m [36mcomponent=[0muser-server
--- PASS: TestSweepExpiredRemovesAfterGraceAndKeepsRejoinOpen (0.47s)
=== RUN   TestSweepExpiredDeclinesJoinRequest
--- PASS: TestSweepExpiredDeclinesJoinRequest (0.34s)
=== RUN   TestSweepExpiredKeepsRetryWhenBanFails
[90m2026-09-29T14:51:46+08:00[0m [33mWRN[0m [1m[TG-Gate] 踢出超时成员失败 chat=-10099887766 user=7005: tg banChatMember status 400: {"ok":false,"error_code":400,"description":"Bad Request: chat not found"}[0m [36mcomponent=[0muser-server
--- PASS: TestSweepExpiredKeepsRetryWhenBanFails (0.54s)
=== RUN   TestSweepExpiredSkipsAuthorizedMember
--- PASS: TestSweepExpiredSkipsAuthorizedMember (0.56s)
=== RUN   TestSweepExpiredFilter
--- PASS: TestSweepExpiredFilter (0.33s)
FAIL
FAIL	hivemtk-user/internal/service	21.982s
[90m2026-09-29T14:51:25+08:00[0m [33mWRN[0m [1m[SECURITY][WARN] USER_JWT_SECRET/JWT_SECRET 未配置，go test 进程使用固定测试密钥（仅用于单元测试）[0m [36mcomponent=[0muser-server
=== RUN   TestCronJobLease_HoldAndRelease
--- PASS: TestCronJobLease_HoldAndRelease (7.20s)
=== RUN   TestCronJobLease_RejectsEmptyArgs
--- PASS: TestCronJobLease_RejectsEmptyArgs (0.31s)
=== RUN   TestTelegramMember_ListStalledRestricted
--- PASS: TestTelegramMember_ListStalledRestricted (0.32s)
=== RUN   TestTelegramMember_UpsertResetsWelcomeState
--- PASS: TestTelegramMember_UpsertResetsWelcomeState (0.53s)
=== RUN   TestTelegramMember_WelcomeStateGuards
--- PASS: TestTelegramMember_WelcomeStateGuards (0.54s)
=== RUN   TestTelegramMember_ClaimStalledResend
--- PASS: TestTelegramMember_ClaimStalledResend (0.40s)
=== RUN   TestTelegramMember_ListStalledRestrictedIdleWindow
--- PASS: TestTelegramMember_ListStalledRestrictedIdleWindow (1.24s)
PASS
ok  	hivemtk-user/internal/repository	11.351s
[90m2026-09-29T14:51:25+08:00[0m [33mWRN[0m [1m[SECURITY][WARN] USER_JWT_SECRET/JWT_SECRET 未配置，go test 进程使用固定测试密钥（仅用于单元测试）[0m [36mcomponent=[0muser-server
=== RUN   TestGateSweeperPairedOnShutdown
--- PASS: TestGateSweeperPairedOnShutdown (0.00s)
PASS
ok  	hivemtk-user/cmd/api	0.626s
FAIL
