$ bash /tmp/r65.sh go test -v -count=1 -run TestSweepOnceRunsOnlyForLeaseHolder|TestGateSweeperTickLoopTakesAndReleasesLease|TestStartGateSweeperIdempotentAndStopSafe|TestGateSweeperSelfHealsAfterTickPanic|TestSweeperPanicRestartSkippedDuringShutdown|TestRecoverStalledNeverRebroadcastsDeliveredWelcome|TestRecoverStalledResendsOnlyWhenNeverDelivered|TestRecoverStalledCountsFailedAttemptsAndStopsAtCap|TestRecoverStalledSkipsRowStillInsideInRequestWindow|TestRecoverStalledResendsAfterInRequestWindowPasses|TestRecoverStalledResendsImmediatelyAfterRequestPathHandedOff|TestRecoverStalledStillPicksRowsWithoutUpdatedAt|TestHandleNewMembersRecordsDeliveryOutcome|TestHandleNewMembersReJoinResetsWelcomeState|TestHandleNewMembersFailedSendStaysUndelivered|TestSweepExpiredLeavesNeverNotifiedMember|TestSweepExpiredGivesOneTTLGrace|TestSweepExpiredRemovesAfterGraceAndKeepsRejoinOpen|TestSweepExpiredDeclinesJoinRequest|TestSweepExpiredKeepsRetryWhenBanFails|TestSweepExpiredSkipsAuthorizedMember|TestSweepExpiredFilter|TestCronJobLease_HoldAndRelease|TestCronJobLease_RejectsEmptyArgs|TestTelegramMember_ListStalledRestricted|TestTelegramMember_ListStalledRestrictedIdleWindow|TestTelegramMember_UpsertResetsWelcomeState|TestTelegramMember_WelcomeStateGuards|TestTelegramMember_ClaimStalledResend|TestGateSweeperPairedOnShutdown ./internal/service/ ./internal/repository/ ./cmd/api/
[rc=1] [132.5s]

[90m2026-09-29T14:57:55+08:00[0m [33mWRN[0m [1m[SECURITY][WARN] USER_JWT_SECRET/JWT_SECRET 未配置，go test 进程使用固定测试密钥（仅用于单元测试）[0m [36mcomponent=[0muser-server
=== RUN   TestRecoverStalledSkipsRowStillInsideInRequestWindow
--- PASS: TestRecoverStalledSkipsRowStillInsideInRequestWindow (1.83s)
=== RUN   TestRecoverStalledResendsAfterInRequestWindowPasses
[90m2026-09-29T14:57:59+08:00[0m [32mINF[0m [1m[TG-Gate] 补偿完成：已补禁言+补发提示 chat=-10099887766 user=8002[0m [36mcomponent=[0muser-server
--- PASS: TestRecoverStalledResendsAfterInRequestWindowPasses (0.47s)
=== RUN   TestRecoverStalledResendsImmediatelyAfterRequestPathHandedOff
[90m2026-09-29T14:58:00+08:00[0m [32mINF[0m [1m[TG-Gate] 补偿完成：已补禁言+补发提示 chat=-10099887766 user=8003[0m [36mcomponent=[0muser-server
--- PASS: TestRecoverStalledResendsImmediatelyAfterRequestPathHandedOff (0.84s)
=== RUN   TestRecoverStalledStillPicksRowsWithoutUpdatedAt
[90m2026-09-29T14:58:01+08:00[0m [32mINF[0m [1m[TG-Gate] 补偿完成：已补禁言+补发提示 chat=-10099887766 user=8004[0m [36mcomponent=[0muser-server
--- PASS: TestRecoverStalledStillPicksRowsWithoutUpdatedAt (0.81s)
=== RUN   TestSweepOnceRunsOnlyForLeaseHolder
[90m2026-09-29T14:58:03+08:00[0m [32mINF[0m [1m[TG-Gate] 超时未验证已移出（可重新入群）chat=-10099887766 user=8001 提示送达于=2026-09-29 14:33:03[0m [36mcomponent=[0muser-server
--- PASS: TestSweepOnceRunsOnlyForLeaseHolder (2.58s)
=== RUN   TestGateSweeperTickLoopTakesAndReleasesLease
[90m2026-09-29T14:58:05+08:00[0m [32mINF[0m [1m[TG-Gate] 超时未验证已移出（可重新入群）chat=-10099887766 user=8101 提示送达于=2026-09-29 14:33:04[0m [36mcomponent=[0muser-server
[90m2026-09-29T14:58:05+08:00[0m [32mINF[0m [1m[TG-Gate] TTL 清扫完成，处理 1 个超时成员[0m [36mcomponent=[0muser-server
[90m2026-09-29T14:58:05+08:00[0m [31mERR[0m [1m[TG-Gate] TTL 清扫失败: context canceled; sql: transaction has already been committed or rolled back[0m [36mcomponent=[0muser-server
[90m2026-09-29T14:58:05+08:00[0m [31mERR[0m [1m[TG-Gate] TTL 清扫失败: context canceled[0m [36mcomponent=[0muser-server
[90m2026-09-29T14:58:05+08:00[0m [32mINF[0m [1m[TG-Gate] TTL 清扫器已停止 worker=worker-tick[0m [36mcomponent=[0muser-server
    telegram_gate_lease_test.go:151: 退出必须交回租约（否则下一个实例最多等 3 分钟才接手）, 实际仍为 "worker-tick"
--- FAIL: TestGateSweeperTickLoopTakesAndReleasesLease (2.02s)
=== RUN   TestStartGateSweeperIdempotentAndStopSafe
[90m2026-09-29T14:58:06+08:00[0m [32mINF[0m [1m[TG-Gate] TTL 清扫器已停止 worker=worker-first[0m [36mcomponent=[0muser-server
--- PASS: TestStartGateSweeperIdempotentAndStopSafe (0.89s)
=== RUN   TestGateSweeperSelfHealsAfterTickPanic
[90m2026-09-29T14:58:07+08:00[0m [31mERR[0m [1m[TG-Gate] TTL 清扫协程 panic 重启: runtime error: invalid memory address or nil pointer dereference[0m [36mcomponent=[0muser-server
[90m2026-09-29T14:58:07+08:00[0m [32mINF[0m [1m[TG-Gate] TTL 清扫器已停止 worker=worker-panic[0m [36mcomponent=[0muser-server
--- PASS: TestGateSweeperSelfHealsAfterTickPanic (0.80s)
=== RUN   TestSweeperPanicRestartSkippedDuringShutdown
[90m2026-09-29T14:58:07+08:00[0m [32mINF[0m [1m[TG-Gate] TTL 清扫器已停止 worker=worker-shutdown[0m [36mcomponent=[0muser-server
--- PASS: TestSweeperPanicRestartSkippedDuringShutdown (0.32s)
=== RUN   TestRecoverStalledNeverRebroadcastsDeliveredWelcome
--- PASS: TestRecoverStalledNeverRebroadcastsDeliveredWelcome (0.30s)
=== RUN   TestRecoverStalledResendsOnlyWhenNeverDelivered
[90m2026-09-29T14:58:08+08:00[0m [32mINF[0m [1m[TG-Gate] 补偿完成：已补禁言+补发提示 chat=-10099887766 user=2001[0m [36mcomponent=[0muser-server
[90m2026-09-29T14:58:08+08:00[0m [33mWRN[0m [1m[TG-Gate] 提示补发已到上限（3 次）：停止播报 chat=-10099887766 user=2003[0m [36mcomponent=[0muser-server
[90m2026-09-29T14:58:08+08:00[0m [33mWRN[0m [1m[TG-Gate] 提示补发已到上限（3 次）：停止播报 chat=-10099887766 user=2003[0m [36mcomponent=[0muser-server
--- PASS: TestRecoverStalledResendsOnlyWhenNeverDelivered (0.54s)
=== RUN   TestRecoverStalledCountsFailedAttemptsAndStopsAtCap
=== RUN   TestRecoverStalledCountsFailedAttemptsAndStopsAtCap/禁言失败
[90m2026-09-29T14:58:09+08:00[0m [33mWRN[0m [1m[TG-Gate] 补偿禁言失败 chat=-10099887766 user=3001: tg restrictChatMember status 400: {"ok":false,"error_code":400,"description":"Bad Request: chat not found"}[0m [36mcomponent=[0muser-server
[90m2026-09-29T14:58:09+08:00[0m [33mWRN[0m [1m[TG-Gate] 提示补发已到上限（3 次）：停止播报 chat=-10099887766 user=3001[0m [36mcomponent=[0muser-server
=== RUN   TestRecoverStalledCountsFailedAttemptsAndStopsAtCap/提示发送失败
[90m2026-09-29T14:58:09+08:00[0m [33mWRN[0m [1m[TG-Gate] 补偿提示发送失败 chat=-10099887766 user=3001: tg send chunk 1/1 failed: tg send status 400: {"ok":false,"error_code":400,"description":"Bad Request: chat not found"}[0m [36mcomponent=[0muser-server
[90m2026-09-29T14:58:09+08:00[0m [33mWRN[0m [1m[TG-Gate] 提示补发已到上限（3 次）：停止播报 chat=-10099887766 user=3001[0m [36mcomponent=[0muser-server
--- PASS: TestRecoverStalledCountsFailedAttemptsAndStopsAtCap (1.00s)
    --- PASS: TestRecoverStalledCountsFailedAttemptsAndStopsAtCap/禁言失败 (0.50s)
    --- PASS: TestRecoverStalledCountsFailedAttemptsAndStopsAtCap/提示发送失败 (0.50s)
=== RUN   TestHandleNewMembersRecordsDeliveryOutcome
--- PASS: TestHandleNewMembersRecordsDeliveryOutcome (0.53s)
=== RUN   TestHandleNewMembersReJoinResetsWelcomeState
[90m2026-09-29T14:58:10+08:00[0m [31mERR[0m [1m[TG-Gate] 群内验证提示发送失败（已入补偿队列，清扫器将补发）account=1 chat=-10099887766: tg send chunk 1/1 failed: tg send status 400: {"ok":false,"error_code":400,"description":"Bad Request: chat not found"}[0m [36mcomponent=[0muser-server
--- PASS: TestHandleNewMembersReJoinResetsWelcomeState (0.75s)
=== RUN   TestHandleNewMembersFailedSendStaysUndelivered
[90m2026-09-29T14:58:11+08:00[0m [31mERR[0m [1m[TG-Gate] 群内验证提示发送失败（已入补偿队列，清扫器将补发）account=1 chat=-10099887766: tg send chunk 1/1 failed: tg send status 400: {"ok":false,"error_code":400,"description":"Bad Request: chat not found"}[0m [36mcomponent=[0muser-server
[90m2026-09-29T14:58:11+08:00[0m [32mINF[0m [1m[TG-Gate] 补偿完成：已补禁言+补发提示 chat=-10099887766 user=6001[0m [36mcomponent=[0muser-server
--- PASS: TestHandleNewMembersFailedSendStaysUndelivered (0.64s)
=== RUN   TestSweepExpiredLeavesNeverNotifiedMember
--- PASS: TestSweepExpiredLeavesNeverNotifiedMember (0.41s)
=== RUN   TestSweepExpiredGivesOneTTLGrace
--- PASS: TestSweepExpiredGivesOneTTLGrace (0.65s)
=== RUN   TestSweepExpiredRemovesAfterGraceAndKeepsRejoinOpen
[90m2026-09-29T14:58:13+08:00[0m [32mINF[0m [1m[TG-Gate] 超时未验证已移出（可重新入群）chat=-10099887766 user=7003 提示送达于=2026-09-29 14:33:13[0m [36mcomponent=[0muser-server
--- PASS: TestSweepExpiredRemovesAfterGraceAndKeepsRejoinOpen (0.88s)
=== RUN   TestSweepExpiredDeclinesJoinRequest
--- PASS: TestSweepExpiredDeclinesJoinRequest (0.71s)
=== RUN   TestSweepExpiredKeepsRetryWhenBanFails
[90m2026-09-29T14:58:14+08:00[0m [33mWRN[0m [1m[TG-Gate] 踢出超时成员失败 chat=-10099887766 user=7005: tg banChatMember status 400: {"ok":false,"error_code":400,"description":"Bad Request: chat not found"}[0m [36mcomponent=[0muser-server
--- PASS: TestSweepExpiredKeepsRetryWhenBanFails (0.80s)
=== RUN   TestSweepExpiredSkipsAuthorizedMember
--- PASS: TestSweepExpiredSkipsAuthorizedMember (0.98s)
=== RUN   TestSweepExpiredFilter
--- PASS: TestSweepExpiredFilter (0.31s)
FAIL
FAIL	hivemtk-user/internal/service	21.099s
[90m2026-09-29T14:57:55+08:00[0m [33mWRN[0m [1m[SECURITY][WARN] USER_JWT_SECRET/JWT_SECRET 未配置，go test 进程使用固定测试密钥（仅用于单元测试）[0m [36mcomponent=[0muser-server
=== RUN   TestCronJobLease_HoldAndRelease
--- PASS: TestCronJobLease_HoldAndRelease (3.05s)
=== RUN   TestCronJobLease_RejectsEmptyArgs
--- PASS: TestCronJobLease_RejectsEmptyArgs (0.08s)
=== RUN   TestTelegramMember_ListStalledRestricted
--- PASS: TestTelegramMember_ListStalledRestricted (0.28s)
=== RUN   TestTelegramMember_UpsertResetsWelcomeState
--- PASS: TestTelegramMember_UpsertResetsWelcomeState (0.16s)
=== RUN   TestTelegramMember_WelcomeStateGuards
--- PASS: TestTelegramMember_WelcomeStateGuards (0.63s)
=== RUN   TestTelegramMember_ClaimStalledResend
--- PASS: TestTelegramMember_ClaimStalledResend (0.33s)
=== RUN   TestTelegramMember_ListStalledRestrictedIdleWindow
--- PASS: TestTelegramMember_ListStalledRestrictedIdleWindow (0.43s)
PASS
ok  	hivemtk-user/internal/repository	5.677s
[90m2026-09-29T14:57:55+08:00[0m [33mWRN[0m [1m[SECURITY][WARN] USER_JWT_SECRET/JWT_SECRET 未配置，go test 进程使用固定测试密钥（仅用于单元测试）[0m [36mcomponent=[0muser-server
=== RUN   TestGateSweeperPairedOnShutdown
--- PASS: TestGateSweeperPairedOnShutdown (0.00s)
PASS
ok  	hivemtk-user/cmd/api	0.602s
FAIL
