$ bash /tmp/r65.sh go test -v -count=1 -run TestSweepOnceRunsOnlyForLeaseHolder|TestGateSweeperTickLoopTakesAndReleasesLease|TestStartGateSweeperIdempotentAndStopSafe|TestGateSweeperSelfHealsAfterTickPanic|TestSweeperPanicRestartSkippedDuringShutdown|TestRecoverStalledNeverRebroadcastsDeliveredWelcome|TestRecoverStalledResendsOnlyWhenNeverDelivered|TestRecoverStalledCountsFailedAttemptsAndStopsAtCap|TestRecoverStalledSkipsRowStillInsideInRequestWindow|TestRecoverStalledResendsAfterInRequestWindowPasses|TestRecoverStalledResendsImmediatelyAfterRequestPathHandedOff|TestRecoverStalledStillPicksRowsWithoutUpdatedAt|TestHandleNewMembersRecordsDeliveryOutcome|TestHandleNewMembersReJoinResetsWelcomeState|TestHandleNewMembersFailedSendStaysUndelivered|TestSweepExpiredLeavesNeverNotifiedMember|TestSweepExpiredGivesOneTTLGrace|TestSweepExpiredRemovesAfterGraceAndKeepsRejoinOpen|TestSweepExpiredDeclinesJoinRequest|TestSweepExpiredKeepsRetryWhenBanFails|TestSweepExpiredSkipsAuthorizedMember|TestSweepExpiredFilter|TestCronJobLease_HoldAndRelease|TestCronJobLease_RejectsEmptyArgs|TestTelegramMember_ListStalledRestricted|TestTelegramMember_ListStalledRestrictedIdleWindow|TestTelegramMember_UpsertResetsWelcomeState|TestTelegramMember_WelcomeStateGuards|TestTelegramMember_ClaimStalledResend|TestGateSweeperPairedOnShutdown ./internal/service/ ./internal/repository/ ./cmd/api/
[rc=1] [40.9s]

[90m2026-09-29T15:07:03+08:00[0m [33mWRN[0m [1m[SECURITY][WARN] USER_JWT_SECRET/JWT_SECRET 未配置，go test 进程使用固定测试密钥（仅用于单元测试）[0m [36mcomponent=[0muser-server
=== RUN   TestRecoverStalledSkipsRowStillInsideInRequestWindow
[90m2026-09-29T15:07:06+08:00[0m [32mINF[0m [1m[TG-Gate] 补偿完成：已补禁言+补发提示 chat=-10099887766 user=8001[0m [36mcomponent=[0muser-server
    telegram_gate_in_flight_test.go:61: 请求内路径还握着这一行时，补偿循环一次 TG 调用都不许发, 实际=[restrictChatMember sendMessage]
--- FAIL: TestRecoverStalledSkipsRowStillInsideInRequestWindow (0.75s)
=== RUN   TestRecoverStalledResendsAfterInRequestWindowPasses
[90m2026-09-29T15:07:06+08:00[0m [32mINF[0m [1m[TG-Gate] 补偿完成：已补禁言+补发提示 chat=-10099887766 user=8002[0m [36mcomponent=[0muser-server
    telegram_gate_in_flight_test.go:88: 安静窗口内不该有 TG 调用, 实际=[restrictChatMember sendMessage]
--- FAIL: TestRecoverStalledResendsAfterInRequestWindowPasses (0.18s)
=== RUN   TestRecoverStalledResendsImmediatelyAfterRequestPathHandedOff
[90m2026-09-29T15:07:06+08:00[0m [32mINF[0m [1m[TG-Gate] 补偿完成：已补禁言+补发提示 chat=-10099887766 user=8003[0m [36mcomponent=[0muser-server
--- PASS: TestRecoverStalledResendsImmediatelyAfterRequestPathHandedOff (0.16s)
=== RUN   TestRecoverStalledStillPicksRowsWithoutUpdatedAt
[90m2026-09-29T15:07:06+08:00[0m [32mINF[0m [1m[TG-Gate] 补偿完成：已补禁言+补发提示 chat=-10099887766 user=8004[0m [36mcomponent=[0muser-server
--- PASS: TestRecoverStalledStillPicksRowsWithoutUpdatedAt (0.23s)
=== RUN   TestSweepOnceRunsOnlyForLeaseHolder
[90m2026-09-29T15:07:06+08:00[0m [32mINF[0m [1m[TG-Gate] 超时未验证已移出（可重新入群）chat=-10099887766 user=8001 提示送达于=2026-09-29 14:42:06[0m [36mcomponent=[0muser-server
--- PASS: TestSweepOnceRunsOnlyForLeaseHolder (0.41s)
=== RUN   TestGateSweeperTickLoopTakesAndReleasesLease
[90m2026-09-29T15:07:07+08:00[0m [32mINF[0m [1m[TG-Gate] 超时未验证已移出（可重新入群）chat=-10099887766 user=8101 提示送达于=2026-09-29 14:42:07[0m [36mcomponent=[0muser-server
[90m2026-09-29T15:07:07+08:00[0m [32mINF[0m [1m[TG-Gate] TTL 清扫完成，处理 1 个超时成员[0m [36mcomponent=[0muser-server
[90m2026-09-29T15:07:07+08:00[0m [31mERR[0m [1m[TG-Gate] TTL 清扫失败: context canceled[0m [36mcomponent=[0muser-server
[90m2026-09-29T15:07:07+08:00[0m [32mINF[0m [1m[TG-Gate] TTL 清扫器已停止 worker=worker-tick[0m [36mcomponent=[0muser-server
--- PASS: TestGateSweeperTickLoopTakesAndReleasesLease (0.24s)
=== RUN   TestStartGateSweeperIdempotentAndStopSafe
[90m2026-09-29T15:07:07+08:00[0m [32mINF[0m [1m[TG-Gate] TTL 清扫器已停止 worker=worker-first[0m [36mcomponent=[0muser-server
--- PASS: TestStartGateSweeperIdempotentAndStopSafe (0.15s)
=== RUN   TestGateSweeperSelfHealsAfterTickPanic
[90m2026-09-29T15:07:07+08:00[0m [31mERR[0m [1m[TG-Gate] TTL 清扫协程 panic 重启: runtime error: invalid memory address or nil pointer dereference[0m [36mcomponent=[0muser-server
[90m2026-09-29T15:07:07+08:00[0m [31mERR[0m [1m[TG-Gate] TTL 清扫协程 panic 重启: runtime error: invalid memory address or nil pointer dereference[0m [36mcomponent=[0muser-server
[90m2026-09-29T15:07:07+08:00[0m [32mINF[0m [1m[TG-Gate] TTL 清扫器已停止 worker=worker-panic[0m [36mcomponent=[0muser-server
--- PASS: TestGateSweeperSelfHealsAfterTickPanic (0.17s)
=== RUN   TestSweeperPanicRestartSkippedDuringShutdown
[90m2026-09-29T15:07:07+08:00[0m [32mINF[0m [1m[TG-Gate] TTL 清扫器已停止 worker=worker-shutdown[0m [36mcomponent=[0muser-server
--- PASS: TestSweeperPanicRestartSkippedDuringShutdown (0.13s)
=== RUN   TestRecoverStalledNeverRebroadcastsDeliveredWelcome
--- PASS: TestRecoverStalledNeverRebroadcastsDeliveredWelcome (0.12s)
=== RUN   TestRecoverStalledResendsOnlyWhenNeverDelivered
[90m2026-09-29T15:07:08+08:00[0m [33mWRN[0m [1m[TG-Gate] 提示补发已到上限（3 次）：停止播报 chat=-10099887766 user=2003[0m [36mcomponent=[0muser-server
    telegram_gate_recover_stalled_test.go:226: 一轮清扫应只补发 1 条提示（给 2001）, 实际=0, 全部调用=[]
--- FAIL: TestRecoverStalledResendsOnlyWhenNeverDelivered (0.35s)
=== RUN   TestRecoverStalledCountsFailedAttemptsAndStopsAtCap
=== RUN   TestRecoverStalledCountsFailedAttemptsAndStopsAtCap/禁言失败
    telegram_gate_recover_stalled_test.go:277: 失败一次应计数 +1（起点 0）, 实际=0
=== RUN   TestRecoverStalledCountsFailedAttemptsAndStopsAtCap/提示发送失败
    telegram_gate_recover_stalled_test.go:277: 失败一次应计数 +1（起点 0）, 实际=0
--- FAIL: TestRecoverStalledCountsFailedAttemptsAndStopsAtCap (0.44s)
    --- FAIL: TestRecoverStalledCountsFailedAttemptsAndStopsAtCap/禁言失败 (0.18s)
    --- FAIL: TestRecoverStalledCountsFailedAttemptsAndStopsAtCap/提示发送失败 (0.26s)
=== RUN   TestHandleNewMembersRecordsDeliveryOutcome
--- PASS: TestHandleNewMembersRecordsDeliveryOutcome (0.15s)
=== RUN   TestHandleNewMembersReJoinResetsWelcomeState
[90m2026-09-29T15:07:08+08:00[0m [31mERR[0m [1m[TG-Gate] 群内验证提示发送失败（已入补偿队列，清扫器将补发）account=1 chat=-10099887766: tg send chunk 1/1 failed: tg send status 400: {"ok":false,"error_code":400,"description":"Bad Request: chat not found"}[0m [36mcomponent=[0muser-server
--- PASS: TestHandleNewMembersReJoinResetsWelcomeState (0.26s)
=== RUN   TestHandleNewMembersFailedSendStaysUndelivered
[90m2026-09-29T15:07:09+08:00[0m [31mERR[0m [1m[TG-Gate] 群内验证提示发送失败（已入补偿队列，清扫器将补发）account=1 chat=-10099887766: tg send chunk 1/1 failed: tg send status 400: {"ok":false,"error_code":400,"description":"Bad Request: chat not found"}[0m [36mcomponent=[0muser-server
[90m2026-09-29T15:07:09+08:00[0m [32mINF[0m [1m[TG-Gate] 补偿完成：已补禁言+补发提示 chat=-10099887766 user=6001[0m [36mcomponent=[0muser-server
--- PASS: TestHandleNewMembersFailedSendStaysUndelivered (0.32s)
=== RUN   TestSweepExpiredLeavesNeverNotifiedMember
--- PASS: TestSweepExpiredLeavesNeverNotifiedMember (0.14s)
=== RUN   TestSweepExpiredGivesOneTTLGrace
--- PASS: TestSweepExpiredGivesOneTTLGrace (0.14s)
=== RUN   TestSweepExpiredRemovesAfterGraceAndKeepsRejoinOpen
[90m2026-09-29T15:07:09+08:00[0m [32mINF[0m [1m[TG-Gate] 超时未验证已移出（可重新入群）chat=-10099887766 user=7003 提示送达于=2026-09-29 14:42:09[0m [36mcomponent=[0muser-server
--- PASS: TestSweepExpiredRemovesAfterGraceAndKeepsRejoinOpen (0.12s)
=== RUN   TestSweepExpiredDeclinesJoinRequest
--- PASS: TestSweepExpiredDeclinesJoinRequest (0.22s)
=== RUN   TestSweepExpiredKeepsRetryWhenBanFails
[90m2026-09-29T15:07:10+08:00[0m [33mWRN[0m [1m[TG-Gate] 踢出超时成员失败 chat=-10099887766 user=7005: tg banChatMember status 400: {"ok":false,"error_code":400,"description":"Bad Request: chat not found"}[0m [36mcomponent=[0muser-server
--- PASS: TestSweepExpiredKeepsRetryWhenBanFails (0.15s)
=== RUN   TestSweepExpiredSkipsAuthorizedMember
--- PASS: TestSweepExpiredSkipsAuthorizedMember (0.16s)
=== RUN   TestSweepExpiredFilter
--- PASS: TestSweepExpiredFilter (0.10s)
FAIL
FAIL	hivemtk-user/internal/service	10.378s
[90m2026-09-29T15:07:03+08:00[0m [33mWRN[0m [1m[SECURITY][WARN] USER_JWT_SECRET/JWT_SECRET 未配置，go test 进程使用固定测试密钥（仅用于单元测试）[0m [36mcomponent=[0muser-server
=== RUN   TestCronJobLease_HoldAndRelease
--- PASS: TestCronJobLease_HoldAndRelease (1.88s)
=== RUN   TestCronJobLease_RejectsEmptyArgs
--- PASS: TestCronJobLease_RejectsEmptyArgs (0.09s)
=== RUN   TestTelegramMember_ListStalledRestricted
    telegram_gate_repo_test.go:70: 命中集合应={u5,u6}, 实际=map[]
--- FAIL: TestTelegramMember_ListStalledRestricted (0.12s)
=== RUN   TestTelegramMember_UpsertResetsWelcomeState
--- PASS: TestTelegramMember_UpsertResetsWelcomeState (0.07s)
=== RUN   TestTelegramMember_WelcomeStateGuards
--- PASS: TestTelegramMember_WelcomeStateGuards (0.14s)
=== RUN   TestTelegramMember_ClaimStalledResend
--- PASS: TestTelegramMember_ClaimStalledResend (0.09s)
=== RUN   TestTelegramMember_ListStalledRestrictedIdleWindow
    telegram_gate_stalled_idle_test.go:82: 命中集合应=map[handed-off:true idle:true no-stamp:true], 实际=map[handed-off:true in-flight:true in-flight-old:true no-stamp:true]
--- FAIL: TestTelegramMember_ListStalledRestrictedIdleWindow (0.16s)
FAIL
FAIL	hivemtk-user/internal/repository	6.521s
[90m2026-09-29T15:07:03+08:00[0m [33mWRN[0m [1m[SECURITY][WARN] USER_JWT_SECRET/JWT_SECRET 未配置，go test 进程使用固定测试密钥（仅用于单元测试）[0m [36mcomponent=[0muser-server
=== RUN   TestGateSweeperPairedOnShutdown
--- PASS: TestGateSweeperPairedOnShutdown (0.00s)
PASS
ok  	hivemtk-user/cmd/api	3.707s
FAIL
