[90m2026-09-23T15:00:52+08:00[0m [33mWRN[0m [1m[SECURITY][WARN] USER_JWT_SECRET/JWT_SECRET 未配置，go test 进程使用固定测试密钥（仅用于单元测试）[0m [36mcomponent=[0muser-server
=== RUN   TestUnknownEffectStepHoldsDoubleSendGate
[90m2026-09-23T15:00:59+08:00[0m [32mINF[0m [1m[BrowserHost] Host 已注册 user=9301 version=1.5.0-e2e pid=30719[0m [36mcomponent=[0muser-server
[90m2026-09-23T15:00:59+08:00[0m [32mINF[0m [1m[BrowserHost] 注册探针通过（应用面可服务）user=9301 pid=30719[0m [36mcomponent=[0muser-server
[90m2026-09-23T15:01:01+08:00[0m [33mWRN[0m [1m[BrowserHost] 连接读失败 user=9301: websocket: close 1006 (abnormal closure): unexpected EOF[0m [36mcomponent=[0muser-server
--- PASS: TestUnknownEffectStepHoldsDoubleSendGate (8.26s)
=== RUN   TestUnknownEffectStepRefusedAfterLedgerDegrade
[90m2026-09-23T15:01:01+08:00[0m [32mINF[0m [1m[BrowserHost] Host 已注册 user=9301 version=1.5.0-e2e pid=30719[0m [36mcomponent=[0muser-server
[90m2026-09-23T15:01:01+08:00[0m [32mINF[0m [1m[BrowserHost] 注册探针通过（应用面可服务）user=9301 pid=30719[0m [36mcomponent=[0muser-server
[90m2026-09-23T15:01:02+08:00[0m [33mWRN[0m [1m[BrowserExec] 写台账落库失败 step=2 state=sent（含重试共 3 次）: dial tcp 127.0.0.1:8232: connect: connection refused[0m [36mcomponent=[0muser-server
[90m2026-09-23T15:01:02+08:00[0m [33mWRN[0m [1m[BrowserExec] 写步已下发但台账未落（写台账落库失败（dial tcp 127.0.0.1:8232: connect: connection refused）: 台账未落，本会话写能力已降级）——本轮判红：命令可能已生效，重发即双发，请人工核对该步结果 session=1 idx=1 action=click[0m [36mcomponent=[0muser-server
[90m2026-09-23T15:01:04+08:00[0m [33mWRN[0m [1m[BrowserExec] 写步拒绝下发（unknown=平台定位表不可得(平台 not_registered_platform_zz 未注册（可用: [xiaohongshu douyin xianyu]）)）：sent 未落账（重试 3 次）: dial tcp 127.0.0.1:8232: connect: connection refused——台账未落，本会话写能力已降级，请人工核对已下发的步后重跑 session=1 idx=2[0m [36mcomponent=[0muser-server
[90m2026-09-23T15:01:05+08:00[0m [33mWRN[0m [1m[BrowserExec] 写步拒绝下发（unknown=平台定位表不可得(平台 not_registered_platform_zz 未注册（可用: [xiaohongshu douyin xianyu]）)）：sent 未落账（重试 3 次）: dial tcp 127.0.0.1:8232: connect: connection refused——台账未落，本会话写能力已降级，请人工核对已下发的步后重跑 session=1 idx=3[0m [36mcomponent=[0muser-server
--- PASS: TestUnknownEffectStepRefusedAfterLedgerDegrade (3.91s)
=== RUN   TestUnknownEffectStepHoldsConfirmGate
[90m2026-09-23T15:01:05+08:00[0m [33mWRN[0m [1m[BrowserHost] 连接读失败 user=9301: websocket: close 1006 (abnormal closure): unexpected EOF[0m [36mcomponent=[0muser-server
[90m2026-09-23T15:01:05+08:00[0m [32mINF[0m [1m[BrowserHost] Host 已注册 user=9301 version=1.5.0-e2e pid=30719[0m [36mcomponent=[0muser-server
[90m2026-09-23T15:01:05+08:00[0m [32mINF[0m [1m[BrowserHost] 注册探针通过（应用面可服务）user=9301 pid=30719[0m [36mcomponent=[0muser-server
    ledger_b16c_test.go:145: ConfirmPending 未变为 true
--- FAIL: TestUnknownEffectStepHoldsConfirmGate (40.22s)
[90m2026-09-23T15:01:45+08:00[0m [33mWRN[0m [1m[BrowserHost] 连接读失败 user=9301: websocket: close 1006 (abnormal closure): unexpected EOF[0m [36mcomponent=[0muser-server
=== RUN   TestLedgerDegradeClearedWhenSessionEnds
[90m2026-09-23T15:01:45+08:00[0m [32mINF[0m [1m[BrowserHost] Host 已注册 user=9301 version=1.5.0-e2e pid=30719[0m [36mcomponent=[0muser-server
[90m2026-09-23T15:01:45+08:00[0m [32mINF[0m [1m[BrowserHost] 注册探针通过（应用面可服务）user=9301 pid=30719[0m [36mcomponent=[0muser-server
[90m2026-09-23T15:01:46+08:00[0m [33mWRN[0m [1m[BrowserExec] 写台账落库失败 step=2 state=prepared（含重试共 3 次）: dial tcp 127.0.0.1:8232: connect: connection refused[0m [36mcomponent=[0muser-server
[90m2026-09-23T15:01:46+08:00[0m [33mWRN[0m [1m[BrowserExec] step 失败 session=1 idx=1 action=post_comment attempt=0: post_comment 未提交（prepared 台账未落，点击从未发生，本会话写能力已降级）: 写台账落库失败（dial tcp 127.0.0.1:8232: connect: connection refused）: 台账未落，本会话写能力已降级[0m [36mcomponent=[0muser-server
[90m2026-09-23T15:01:46+08:00[0m [33mWRN[0m [1m[BrowserHost] 连接读失败 user=9301: websocket: close 1006 (abnormal closure): unexpected EOF[0m [36mcomponent=[0muser-server
--- PASS: TestLedgerDegradeClearedWhenSessionEnds (1.55s)
=== RUN   TestInjectTimeoutStepStaysReDispatchable
[90m2026-09-23T15:01:47+08:00[0m [32mINF[0m [1m[BrowserHost] Host 已注册 user=9301 version=1.5.0-e2e pid=30719[0m [36mcomponent=[0muser-server
[90m2026-09-23T15:01:47+08:00[0m [32mINF[0m [1m[BrowserHost] 注册探针通过（应用面可服务）user=9301 pid=30719[0m [36mcomponent=[0muser-server
[90m2026-09-23T15:01:47+08:00[0m [33mWRN[0m [1m[BrowserExec] step 失败 session=1 idx=1 action=click attempt=0: click_inject_timeout_15000ms[0m [36mcomponent=[0muser-server
[90m2026-09-23T15:01:48+08:00[0m [33mWRN[0m [1m[BrowserExec] step 失败 session=2 idx=1 action=click attempt=0: click_inject_timeout_15000ms[0m [36mcomponent=[0muser-server
[90m2026-09-23T15:01:48+08:00[0m [33mWRN[0m [1m[BrowserHost] 连接读失败 user=9301: websocket: close 1006 (abnormal closure): unexpected EOF[0m [36mcomponent=[0muser-server
--- PASS: TestInjectTimeoutStepStaysReDispatchable (1.78s)
=== RUN   TestRetryBackoffGrowsExponentially
--- PASS: TestRetryBackoffGrowsExponentially (0.00s)
=== RUN   TestFindSubmitAttemptReturnsEarliestAttempt
[90m2026-09-23T15:01:48+08:00[0m [32mINF[0m [1m[BrowserHost] Host 已注册 user=9301 version=1.5.0-e2e pid=30719[0m [36mcomponent=[0muser-server
[90m2026-09-23T15:01:48+08:00[0m [32mINF[0m [1m[BrowserHost] 注册探针通过（应用面可服务）user=9301 pid=30719[0m [36mcomponent=[0muser-server
--- PASS: TestFindSubmitAttemptReturnsEarliestAttempt (0.17s)
[90m2026-09-23T15:01:48+08:00[0m [33mWRN[0m [1m[BrowserHost] 连接读失败 user=9301: websocket: close 1006 (abnormal closure): unexpected EOF[0m [36mcomponent=[0muser-server
=== RUN   TestWriteStepKeyDistinguishesLocatorFacets
--- PASS: TestWriteStepKeyDistinguishesLocatorFacets (0.00s)
=== RUN   TestSentToFinalLedgerWritePathHasNoEarlyReturn
--- PASS: TestSentToFinalLedgerWritePathHasNoEarlyReturn (0.00s)
=== RUN   TestWSE2E_UnknownLocatorTableTreatedAsWrite
[90m2026-09-23T15:01:48+08:00[0m [32mINF[0m [1m[BrowserHost] Host 已注册 user=9301 version=1.5.0-e2e pid=30719[0m [36mcomponent=[0muser-server
[90m2026-09-23T15:01:48+08:00[0m [32mINF[0m [1m[BrowserHost] 注册探针通过（应用面可服务）user=9301 pid=30719[0m [36mcomponent=[0muser-server
[90m2026-09-23T15:01:50+08:00[0m [33mWRN[0m [1m[BrowserExec] step 失败 session=1 idx=1 action=click attempt=0: click_timeout_waiting_ack[0m [36mcomponent=[0muser-server
--- PASS: TestWSE2E_UnknownLocatorTableTreatedAsWrite (1.39s)
=== RUN   TestWSE2E_RegisteredPlatformNonMatchingStepStaysReadOnly
[90m2026-09-23T15:01:50+08:00[0m [33mWRN[0m [1m[BrowserHost] 连接读失败 user=9301: websocket: close 1006 (abnormal closure): unexpected EOF[0m [36mcomponent=[0muser-server
[90m2026-09-23T15:01:50+08:00[0m [32mINF[0m [1m[BrowserHost] Host 已注册 user=9301 version=1.5.0-e2e pid=30719[0m [36mcomponent=[0muser-server
[90m2026-09-23T15:01:50+08:00[0m [32mINF[0m [1m[BrowserHost] 注册探针通过（应用面可服务）user=9301 pid=30719[0m [36mcomponent=[0muser-server
[90m2026-09-23T15:01:51+08:00[0m [33mWRN[0m [1m[BrowserExec] step 失败 session=1 idx=1 action=click attempt=0: click_timeout_waiting_ack[0m [36mcomponent=[0muser-server
[90m2026-09-23T15:01:51+08:00[0m [33mWRN[0m [1m[BrowserExec] step 失败 session=1 idx=1 action=click attempt=1: click_timeout_waiting_ack[0m [36mcomponent=[0muser-server
[90m2026-09-23T15:01:51+08:00[0m [33mWRN[0m [1m[BrowserHost] 连接读失败 user=9301: websocket: close 1006 (abnormal closure): unexpected EOF[0m [36mcomponent=[0muser-server
--- PASS: TestWSE2E_RegisteredPlatformNonMatchingStepStaysReadOnly (1.62s)
FAIL
FAIL	hivemtk-user/internal/browser_automation/service	59.416s
FAIL
