2026-09-22T11:01:11+08:00 WRN [SECURITY][WARN] USER_JWT_SECRET/JWT_SECRET 未配置，go test 进程使用固定测试密钥（仅用于单元测试） component=user-server
=== RUN   TestSetInboundMediaURLsWritesFirstAndAll
--- PASS: TestSetInboundMediaURLsWritesFirstAndAll (0.34s)
=== RUN   TestSetInboundMediaURLsScopesByAccount
--- PASS: TestSetInboundMediaURLsScopesByAccount (0.09s)
=== RUN   TestSetInboundMediaURLsMissingRowIsNotFoundNotError
--- PASS: TestSetInboundMediaURLsMissingRowIsNotFoundNotError (0.09s)
=== RUN   TestSetInboundMediaURLsReadFailureIsNotReportedAsNotFound
--- PASS: TestSetInboundMediaURLsReadFailureIsNotReportedAsNotFound (0.09s)
=== RUN   TestSetInboundMediaURLsEmptyURLsWriteNothing
    message_hub_inbox_media_test.go:168: 空 urls 本应被守卫挡在写库之前，却走到了崩溃：runtime error: index out of range [0] with length 0
--- FAIL: TestSetInboundMediaURLsEmptyURLsWriteNothing (0.07s)
=== RUN   TestSetInboundMediaURLsNilHandleIsErrorNotNotFound
--- PASS: TestSetInboundMediaURLsNilHandleIsErrorNotNotFound (0.00s)
=== RUN   TestSetInboundMediaURLsScopesByConversation
--- PASS: TestSetInboundMediaURLsScopesByConversation (0.06s)
FAIL
FAIL	hivemtk-user/internal/repository	1.060s
FAIL

2026-09-22T11:01:31+08:00 WRN [SECURITY][WARN] USER_JWT_SECRET/JWT_SECRET 未配置，go test 进程使用固定测试密钥（仅用于单元测试） component=user-server
=== RUN   TestM01_DingTalkMediaIsStoredAndBackfilled
2026-09-22T11:01:32+08:00 WRN [feedback] UpdateCustomerAcceptBySession failed session=dt-1-cid-f4dts1790046092702662000: ERROR: relation "feedback_records" does not exist (SQLSTATE 42P01) component=user-server
2026-09-22T11:01:32+08:00 ERR [Inbox] aiTrigger 未配置 — 桥接入站消息不会创建 customer_sessions / 不会生成 AI 回复。请检查 router.Setup() 中 bridgeIngressSvc.SetAITrigger(webhookSvc) 是否在 bridge WS 注册前调用。 account_id=1 channel=dingtalk component=user-server session_id=dt-1-cid-f4dts1790046092702662000
2026-09-22T11:01:32+08:00 INF [DingTalk] 入站媒体已转存 account_id=1 component=user-server msg_id=dt-1-p-f4dts1790046092702662000 urls=["/files/dingtalk/dc-f4dts1790046092702662000-pic"]
--- PASS: TestM01_DingTalkMediaIsStoredAndBackfilled (0.89s)
=== RUN   TestM01_DingTalkRichTextStoresEveryPicture
2026-09-22T11:01:33+08:00 WRN [feedback] UpdateCustomerAcceptBySession failed session=dt-1-cid-f4dtrt1790046093106965000: ERROR: relation "feedback_records" does not exist (SQLSTATE 42P01) component=user-server
2026-09-22T11:01:33+08:00 ERR [Inbox] aiTrigger 未配置 — 桥接入站消息不会创建 customer_sessions / 不会生成 AI 回复。请检查 router.Setup() 中 bridgeIngressSvc.SetAITrigger(webhookSvc) 是否在 bridge WS 注册前调用。 account_id=1 channel=dingtalk component=user-server session_id=dt-1-cid-f4dtrt1790046093106965000
2026-09-22T11:01:33+08:00 INF [DingTalk] 入站媒体已转存 account_id=1 component=user-server msg_id=dt-1-rt-f4dtrt1790046093106965000 urls=["/files/dingtalk/dc-f4dtrt1790046093106965000-a","/files/dingtalk/dc-f4dtrt1790046093106965000-b"]
--- PASS: TestM01_DingTalkRichTextStoresEveryPicture (0.30s)
=== RUN   TestM01_DingTalkMediaSurvivesRequestCancel
2026-09-22T11:01:33+08:00 WRN [feedback] UpdateCustomerAcceptBySession failed session=dt-1-cid-f4dtcx1790046093347639000: ERROR: relation "feedback_records" does not exist (SQLSTATE 42P01) component=user-server
2026-09-22T11:01:33+08:00 ERR [Inbox] aiTrigger 未配置 — 桥接入站消息不会创建 customer_sessions / 不会生成 AI 回复。请检查 router.Setup() 中 bridgeIngressSvc.SetAITrigger(webhookSvc) 是否在 bridge WS 注册前调用。 account_id=1 channel=dingtalk component=user-server session_id=dt-1-cid-f4dtcx1790046093347639000
2026-09-22T11:01:33+08:00 INF [DingTalk] 入站媒体已转存 account_id=1 component=user-server msg_id=dt-1-cx-f4dtcx1790046093347639000 urls=["/files/dingtalk/dc-f4dtcx1790046093347639000-cx"]
--- PASS: TestM01_DingTalkMediaSurvivesRequestCancel (0.55s)
=== RUN   TestM01_DingTalkMediaSkippedWithoutRobotCode
2026-09-22T11:01:34+08:00 WRN [feedback] UpdateCustomerAcceptBySession failed session=dt-1-cid-f4dtnc1790046094317355000: ERROR: relation "feedback_records" does not exist (SQLSTATE 42P01) component=user-server
2026-09-22T11:01:34+08:00 ERR [Inbox] aiTrigger 未配置 — 桥接入站消息不会创建 customer_sessions / 不会生成 AI 回复。请检查 router.Setup() 中 bridgeIngressSvc.SetAITrigger(webhookSvc) 是否在 bridge WS 注册前调用。 account_id=1 channel=dingtalk component=user-server session_id=dt-1-cid-f4dtnc1790046094317355000
2026-09-22T11:01:34+08:00 WRN [DingTalk] 媒体转存跳过：回调未携带 robotCode（换取下载链接的必填项） account_id=1 component=user-server msg_id=dt-1-nr-f4dtnc1790046094317355000
--- PASS: TestM01_DingTalkMediaSkippedWithoutRobotCode (1.17s)
=== RUN   TestM01_DingTalkPartialTransferFailureKeepsSuccessfulPicture
2026-09-22T11:01:35+08:00 WRN [feedback] UpdateCustomerAcceptBySession failed session=dt-1-cid-f4dtpf1790046095100751000: ERROR: relation "feedback_records" does not exist (SQLSTATE 42P01) component=user-server
2026-09-22T11:01:35+08:00 ERR [Inbox] aiTrigger 未配置 — 桥接入站消息不会创建 customer_sessions / 不会生成 AI 回复。请检查 router.Setup() 中 bridgeIngressSvc.SetAITrigger(webhookSvc) 是否在 bridge WS 注册前调用。 account_id=1 channel=dingtalk component=user-server session_id=dt-1-cid-f4dtpf1790046095100751000
2026-09-22T11:01:35+08:00 WRN [DingTalk] 媒体下载失败（占位符保留） error="stub: 下载码有误或者已经过期" component=user-server media_code=dc-f4dtpf1790046095100751000-a
2026-09-22T11:01:35+08:00 INF [DingTalk] 入站媒体已转存 account_id=1 component=user-server msg_id=dt-1-pf-f4dtpf1790046095100751000 urls=["/files/dingtalk/dc-f4dtpf1790046095100751000-b"]
--- PASS: TestM01_DingTalkPartialTransferFailureKeepsSuccessfulPicture (0.32s)
=== RUN   TestM01_DingTalkPartialStoreFailureKeepsSuccessfulPicture
2026-09-22T11:01:35+08:00 WRN [feedback] UpdateCustomerAcceptBySession failed session=dt-1-cid-f4dtst1790046095396656000: ERROR: relation "feedback_records" does not exist (SQLSTATE 42P01) component=user-server
2026-09-22T11:01:35+08:00 ERR [Inbox] aiTrigger 未配置 — 桥接入站消息不会创建 customer_sessions / 不会生成 AI 回复。请检查 router.Setup() 中 bridgeIngressSvc.SetAITrigger(webhookSvc) 是否在 bridge WS 注册前调用。 account_id=1 channel=dingtalk component=user-server session_id=dt-1-cid-f4dtst1790046095396656000
2026-09-22T11:01:35+08:00 WRN [DingTalk] 媒体转存失败 error="stub: 长期存储写入失败" component=user-server media_code=dc-f4dtst1790046095396656000-a
2026-09-22T11:01:35+08:00 INF [DingTalk] 入站媒体已转存 account_id=1 component=user-server msg_id=dt-1-st-f4dtst1790046095396656000 urls=["/files/dingtalk/dc-f4dtst1790046095396656000-b"]
--- PASS: TestM01_DingTalkPartialStoreFailureKeepsSuccessfulPicture (0.30s)
=== RUN   TestM01_DingTalkAllTransfersFailedWriteNoMedia
2026-09-22T11:01:35+08:00 WRN [feedback] UpdateCustomerAcceptBySession failed session=dt-1-cid-f4dtaf1790046095705345000: ERROR: relation "feedback_records" does not exist (SQLSTATE 42P01) component=user-server
2026-09-22T11:01:35+08:00 ERR [Inbox] aiTrigger 未配置 — 桥接入站消息不会创建 customer_sessions / 不会生成 AI 回复。请检查 router.Setup() 中 bridgeIngressSvc.SetAITrigger(webhookSvc) 是否在 bridge WS 注册前调用。 account_id=1 channel=dingtalk component=user-server session_id=dt-1-cid-f4dtaf1790046095705345000
2026-09-22T11:01:35+08:00 WRN [DingTalk] 媒体下载失败（占位符保留） error="stub: 下载码有误或者已经过期" component=user-server media_code=dc-f4dtaf1790046095705345000-a
2026-09-22T11:01:35+08:00 WRN [DingTalk] 媒体下载失败（占位符保留） error="stub: 下载码有误或者已经过期" component=user-server media_code=dc-f4dtaf1790046095705345000-b
--- PASS: TestM01_DingTalkAllTransfersFailedWriteNoMedia (0.76s)
=== RUN   TestM01_DingTalkSameDownloadCodeTransfersOnce
2026-09-22T11:01:36+08:00 WRN [feedback] UpdateCustomerAcceptBySession failed session=dt-1-cid-f4dtdp1790046096601683000: ERROR: relation "feedback_records" does not exist (SQLSTATE 42P01) component=user-server
2026-09-22T11:01:36+08:00 ERR [Inbox] aiTrigger 未配置 — 桥接入站消息不会创建 customer_sessions / 不会生成 AI 回复。请检查 router.Setup() 中 bridgeIngressSvc.SetAITrigger(webhookSvc) 是否在 bridge WS 注册前调用。 account_id=1 channel=dingtalk component=user-server session_id=dt-1-cid-f4dtdp1790046096601683000
2026-09-22T11:01:36+08:00 INF [DingTalk] 入站媒体已转存 account_id=1 component=user-server msg_id=dt-1-dp-f4dtdp1790046096601683000 urls=["/files/dingtalk/dc-f4dtdp1790046096601683000-same"]
--- PASS: TestM01_DingTalkSameDownloadCodeTransfersOnce (0.44s)
=== RUN   TestM01_DingTalkInboundMediaKeepsTypeAndDownloadCode
2026-09-22T11:01:36+08:00 WRN [feedback] UpdateCustomerAcceptBySession failed session=dt-1-cid-f4dt1790046096848160000: ERROR: relation "feedback_records" does not exist (SQLSTATE 42P01) component=user-server
2026-09-22T11:01:36+08:00 ERR [Inbox] aiTrigger 未配置 — 桥接入站消息不会创建 customer_sessions / 不会生成 AI 回复。请检查 router.Setup() 中 bridgeIngressSvc.SetAITrigger(webhookSvc) 是否在 bridge WS 注册前调用。 account_id=1 channel=dingtalk component=user-server session_id=dt-1-cid-f4dt1790046096848160000
2026-09-22T11:01:36+08:00 WRN [DingTalk] 媒体下载失败（占位符保留） error="f4dt: 承载用例不发起真实下载" component=user-server media_code=dc-f4dt1790046096848160000-pic
2026-09-22T11:01:36+08:00 WRN [feedback] UpdateCustomerAcceptBySession failed session=dt-1-cid-f4dt1790046096848160000: ERROR: relation "feedback_records" does not exist (SQLSTATE 42P01) component=user-server
2026-09-22T11:01:36+08:00 ERR [Inbox] aiTrigger 未配置 — 桥接入站消息不会创建 customer_sessions / 不会生成 AI 回复。请检查 router.Setup() 中 bridgeIngressSvc.SetAITrigger(webhookSvc) 是否在 bridge WS 注册前调用。 account_id=1 channel=dingtalk component=user-server session_id=dt-1-cid-f4dt1790046096848160000
2026-09-22T11:01:36+08:00 WRN [DingTalk] 媒体下载失败（占位符保留） error="f4dt: 承载用例不发起真实下载" component=user-server media_code=dc-f4dt1790046096848160000-aud
2026-09-22T11:01:36+08:00 WRN [feedback] UpdateCustomerAcceptBySession failed session=dt-1-cid-f4dt1790046096848160000: ERROR: relation "feedback_records" does not exist (SQLSTATE 42P01) component=user-server
2026-09-22T11:01:36+08:00 ERR [Inbox] aiTrigger 未配置 — 桥接入站消息不会创建 customer_sessions / 不会生成 AI 回复。请检查 router.Setup() 中 bridgeIngressSvc.SetAITrigger(webhookSvc) 是否在 bridge WS 注册前调用。 account_id=1 channel=dingtalk component=user-server session_id=dt-1-cid-f4dt1790046096848160000
2026-09-22T11:01:36+08:00 WRN [DingTalk] 媒体下载失败（占位符保留） error="f4dt: 承载用例不发起真实下载" component=user-server media_code=dc-f4dt1790046096848160000-file
2026-09-22T11:01:36+08:00 WRN [feedback] UpdateCustomerAcceptBySession failed session=dt-1-cid-f4dt1790046096848160000: ERROR: relation "feedback_records" does not exist (SQLSTATE 42P01) component=user-server
2026-09-22T11:01:36+08:00 ERR [Inbox] aiTrigger 未配置 — 桥接入站消息不会创建 customer_sessions / 不会生成 AI 回复。请检查 router.Setup() 中 bridgeIngressSvc.SetAITrigger(webhookSvc) 是否在 bridge WS 注册前调用。 account_id=1 channel=dingtalk component=user-server session_id=dt-1-cid-f4dt1790046096848160000
2026-09-22T11:01:36+08:00 WRN [DingTalk] 媒体下载失败（占位符保留） error="f4dt: 承载用例不发起真实下载" component=user-server media_code=dc-f4dt1790046096848160000-vid
2026-09-22T11:01:36+08:00 WRN [feedback] UpdateCustomerAcceptBySession failed session=dt-1-cid-f4dt1790046096848160000: ERROR: relation "feedback_records" does not exist (SQLSTATE 42P01) component=user-server
2026-09-22T11:01:36+08:00 ERR [Inbox] aiTrigger 未配置 — 桥接入站消息不会创建 customer_sessions / 不会生成 AI 回复。请检查 router.Setup() 中 bridgeIngressSvc.SetAITrigger(webhookSvc) 是否在 bridge WS 注册前调用。 account_id=1 channel=dingtalk component=user-server session_id=dt-1-cid-f4dt1790046096848160000
2026-09-22T11:01:36+08:00 WRN [DingTalk] 媒体下载失败（占位符保留） error="f4dt: 承载用例不发起真实下载" component=user-server media_code=dc-f4dt1790046096848160000-rt1
2026-09-22T11:01:36+08:00 WRN [DingTalk] 媒体下载失败（占位符保留） error="f4dt: 承载用例不发起真实下载" component=user-server media_code=dc-f4dt1790046096848160000-rt2
--- PASS: TestM01_DingTalkInboundMediaKeepsTypeAndDownloadCode (0.28s)
=== RUN   TestM01_DingTalkKeepsOfficialCreateAt
2026-09-22T11:01:37+08:00 WRN [feedback] UpdateCustomerAcceptBySession failed session=dt-1-cid-f4dtc1790046097150379000: ERROR: relation "feedback_records" does not exist (SQLSTATE 42P01) component=user-server
2026-09-22T11:01:37+08:00 INF [Inbox] 钩子3：最后一条 inbound 超过 5 分钟，历史消息不触发 AI channel=dingtalk component=user-server conv_id=cid-f4dtc1790046097150379000 event_id=dt-1-tsq-f4dtc1790046097150379000
2026-09-22T11:01:37+08:00 WRN [feedback] UpdateCustomerAcceptBySession failed session=dt-1-cid-f4dtc1790046097150379000: ERROR: relation "feedback_records" does not exist (SQLSTATE 42P01) component=user-server
2026-09-22T11:01:37+08:00 INF [Inbox] 钩子3：最后一条 inbound 超过 5 分钟，历史消息不触发 AI channel=dingtalk component=user-server conv_id=cid-f4dtc1790046097150379000 event_id=dt-1-tsb-f4dtc1790046097150379000
2026-09-22T11:01:37+08:00 INF [Inbox] 时序锚点：消息 timestamp 早于锚点，标记为 backfill 历史堆积 anchor_timestamp=2026-09-22T08:01:37+08:00 channel=dingtalk component=user-server conv_id=cid-f4dtc1790046097150379000 event_id=dt-1-tss-f4dtc1790046097150379000 msg_timestamp=2026-09-22T08:01:37+08:00
2026-09-22T11:01:37+08:00 WRN [feedback] UpdateCustomerAcceptBySession failed session=dt-1-cid-f4dtc1790046097150379000: ERROR: relation "feedback_records" does not exist (SQLSTATE 42P01) component=user-server
2026-09-22T11:01:37+08:00 INF [Inbox] 钩子3：最后一条 inbound 超过 5 分钟，历史消息不触发 AI channel=dingtalk component=user-server conv_id=cid-f4dtc1790046097150379000 event_id=dt-1-tss-f4dtc1790046097150379000
2026-09-22T11:01:37+08:00 WRN [feedback] UpdateCustomerAcceptBySession failed session=dt-1-cid-f4dtc1790046097150379000: ERROR: relation "feedback_records" does not exist (SQLSTATE 42P01) component=user-server
2026-09-22T11:01:37+08:00 ERR [Inbox] aiTrigger 未配置 — 桥接入站消息不会创建 customer_sessions / 不会生成 AI 回复。请检查 router.Setup() 中 bridgeIngressSvc.SetAITrigger(webhookSvc) 是否在 bridge WS 注册前调用。 account_id=1 channel=dingtalk component=user-server session_id=dt-1-cid-f4dtc1790046097150379000
2026-09-22T11:01:37+08:00 WRN [feedback] UpdateCustomerAcceptBySession failed session=dt-1-cid-f4dtc1790046097150379000: ERROR: relation "feedback_records" does not exist (SQLSTATE 42P01) component=user-server
2026-09-22T11:01:37+08:00 ERR [Inbox] aiTrigger 未配置 — 桥接入站消息不会创建 customer_sessions / 不会生成 AI 回复。请检查 router.Setup() 中 bridgeIngressSvc.SetAITrigger(webhookSvc) 是否在 bridge WS 注册前调用。 account_id=1 channel=dingtalk component=user-server session_id=dt-1-cid-f4dtc1790046097150379000
--- PASS: TestM01_DingTalkKeepsOfficialCreateAt (0.25s)
=== RUN   TestM01_DingTalkTextUnchanged
2026-09-22T11:01:37+08:00 WRN [feedback] UpdateCustomerAcceptBySession failed session=dt-1-cid-f4dtt1790046097465811000: ERROR: relation "feedback_records" does not exist (SQLSTATE 42P01) component=user-server
2026-09-22T11:01:37+08:00 ERR [Inbox] aiTrigger 未配置 — 桥接入站消息不会创建 customer_sessions / 不会生成 AI 回复。请检查 router.Setup() 中 bridgeIngressSvc.SetAITrigger(webhookSvc) 是否在 bridge WS 注册前调用。 account_id=1 channel=dingtalk component=user-server session_id=dt-1-cid-f4dtt1790046097465811000
--- PASS: TestM01_DingTalkTextUnchanged (0.29s)
=== RUN   TestBatchJ_DingTalkTokenLegShapes
=== RUN   TestBatchJ_DingTalkTokenLegShapes/200-空accessToken
=== RUN   TestBatchJ_DingTalkTokenLegShapes/200-非JSON应答
=== RUN   TestBatchJ_DingTalkTokenLegShapes/403-空accessToken
=== RUN   TestBatchJ_DingTalkTokenLegShapes/200-拿到凭证
--- PASS: TestBatchJ_DingTalkTokenLegShapes (0.00s)
    --- PASS: TestBatchJ_DingTalkTokenLegShapes/200-空accessToken (0.00s)
    --- PASS: TestBatchJ_DingTalkTokenLegShapes/200-非JSON应答 (0.00s)
    --- PASS: TestBatchJ_DingTalkTokenLegShapes/403-空accessToken (0.00s)
    --- PASS: TestBatchJ_DingTalkTokenLegShapes/200-拿到凭证 (0.00s)
=== RUN   TestBatchJ_DingTalkTokenErrorIsNotRetryable
--- PASS: TestBatchJ_DingTalkTokenErrorIsNotRetryable (0.00s)
=== RUN   TestBatchJ_DingTalkPresignedURLQueryNeverReachesError
--- PASS: TestBatchJ_DingTalkPresignedURLQueryNeverReachesError (0.00s)
=== RUN   TestBatchJ_DingTalkAccessTokenNeverReachesParseError
--- PASS: TestBatchJ_DingTalkAccessTokenNeverReachesParseError (0.00s)
PASS
ok  	hivemtk-user/internal/service	6.383s
