2026-09-22T10:57:15+08:00 WRN [SECURITY][WARN] USER_JWT_SECRET/JWT_SECRET 未配置，go test 进程使用固定测试密钥（仅用于单元测试） component=user-server
=== RUN   TestSetInboundMediaURLsWritesFirstAndAll
--- PASS: TestSetInboundMediaURLsWritesFirstAndAll (0.32s)
=== RUN   TestSetInboundMediaURLsScopesByAccount
--- PASS: TestSetInboundMediaURLsScopesByAccount (0.09s)
=== RUN   TestSetInboundMediaURLsMissingRowIsNotFoundNotError
--- PASS: TestSetInboundMediaURLsMissingRowIsNotFoundNotError (0.13s)
=== RUN   TestSetInboundMediaURLsReadFailureIsNotReportedAsNotFound
--- PASS: TestSetInboundMediaURLsReadFailureIsNotReportedAsNotFound (0.09s)
=== RUN   TestSetInboundMediaURLsEmptyURLsWriteNothing
--- PASS: TestSetInboundMediaURLsEmptyURLsWriteNothing (0.11s)
=== RUN   TestSetInboundMediaURLsNilHandleIsErrorNotNotFound
--- PASS: TestSetInboundMediaURLsNilHandleIsErrorNotNotFound (0.00s)
=== RUN   TestSetInboundMediaURLsScopesByConversation
    message_hub_inbox_media_test.go:229: 目标行 media_url = "", want "/files/dingtalk/right.png"
    message_hub_inbox_media_test.go:236: 另一会话的 media_url 被写成 "/files/dingtalk/right.png", want 空（回填按 msg_id 命中了 id 更小的那行）
    message_hub_inbox_media_test.go:239: 另一会话的 Extra.media_urls 被写成 [/files/dingtalk/right.png], want 不存在
--- FAIL: TestSetInboundMediaURLsScopesByConversation (0.08s)
FAIL
FAIL	hivemtk-user/internal/repository	1.461s
FAIL

2026-09-22T10:57:48+08:00 WRN [SECURITY][WARN] USER_JWT_SECRET/JWT_SECRET 未配置，go test 进程使用固定测试密钥（仅用于单元测试） component=user-server
=== RUN   TestM01_DingTalkMediaIsStoredAndBackfilled
2026-09-22T10:57:49+08:00 WRN [feedback] UpdateCustomerAcceptBySession failed session=dt-1-cid-f4dts1790045869390214000: ERROR: relation "feedback_records" does not exist (SQLSTATE 42P01) component=user-server
2026-09-22T10:57:49+08:00 ERR [Inbox] aiTrigger 未配置 — 桥接入站消息不会创建 customer_sessions / 不会生成 AI 回复。请检查 router.Setup() 中 bridgeIngressSvc.SetAITrigger(webhookSvc) 是否在 bridge WS 注册前调用。 account_id=1 channel=dingtalk component=user-server session_id=dt-1-cid-f4dts1790045869390214000
2026-09-22T10:57:49+08:00 INF [DingTalk] 入站媒体已转存 account_id=1 component=user-server msg_id=dt-1-p-f4dts1790045869390214000 urls=["/files/dingtalk/dc-f4dts1790045869390214000-pic"]
--- PASS: TestM01_DingTalkMediaIsStoredAndBackfilled (0.94s)
=== RUN   TestM01_DingTalkRichTextStoresEveryPicture
2026-09-22T10:57:49+08:00 WRN [feedback] UpdateCustomerAcceptBySession failed session=dt-1-cid-f4dtrt1790045869973123000: ERROR: relation "feedback_records" does not exist (SQLSTATE 42P01) component=user-server
2026-09-22T10:57:49+08:00 ERR [Inbox] aiTrigger 未配置 — 桥接入站消息不会创建 customer_sessions / 不会生成 AI 回复。请检查 router.Setup() 中 bridgeIngressSvc.SetAITrigger(webhookSvc) 是否在 bridge WS 注册前调用。 account_id=1 channel=dingtalk component=user-server session_id=dt-1-cid-f4dtrt1790045869973123000
2026-09-22T10:57:50+08:00 INF [DingTalk] 入站媒体已转存 account_id=1 component=user-server msg_id=dt-1-rt-f4dtrt1790045869973123000 urls=["/files/dingtalk/dc-f4dtrt1790045869973123000-a","/files/dingtalk/dc-f4dtrt1790045869973123000-b"]
--- PASS: TestM01_DingTalkRichTextStoresEveryPicture (0.54s)
=== RUN   TestM01_DingTalkMediaSurvivesRequestCancel
2026-09-22T10:57:50+08:00 WRN [feedback] UpdateCustomerAcceptBySession failed session=dt-1-cid-f4dtcx1790045870315631000: ERROR: relation "feedback_records" does not exist (SQLSTATE 42P01) component=user-server
2026-09-22T10:57:50+08:00 ERR [Inbox] aiTrigger 未配置 — 桥接入站消息不会创建 customer_sessions / 不会生成 AI 回复。请检查 router.Setup() 中 bridgeIngressSvc.SetAITrigger(webhookSvc) 是否在 bridge WS 注册前调用。 account_id=1 channel=dingtalk component=user-server session_id=dt-1-cid-f4dtcx1790045870315631000
2026-09-22T10:57:51+08:00 INF [DingTalk] 入站媒体已转存 account_id=1 component=user-server msg_id=dt-1-cx-f4dtcx1790045870315631000 urls=["/files/dingtalk/dc-f4dtcx1790045870315631000-cx"]
--- PASS: TestM01_DingTalkMediaSurvivesRequestCancel (1.07s)
=== RUN   TestM01_DingTalkMediaSkippedWithoutRobotCode
2026-09-22T10:57:51+08:00 WRN [feedback] UpdateCustomerAcceptBySession failed session=dt-1-cid-f4dtnc1790045871475867000: ERROR: relation "feedback_records" does not exist (SQLSTATE 42P01) component=user-server
2026-09-22T10:57:51+08:00 ERR [Inbox] aiTrigger 未配置 — 桥接入站消息不会创建 customer_sessions / 不会生成 AI 回复。请检查 router.Setup() 中 bridgeIngressSvc.SetAITrigger(webhookSvc) 是否在 bridge WS 注册前调用。 account_id=1 channel=dingtalk component=user-server session_id=dt-1-cid-f4dtnc1790045871475867000
2026-09-22T10:57:51+08:00 WRN [DingTalk] 媒体转存跳过：回调未携带 robotCode（换取下载链接的必填项） account_id=1 component=user-server msg_id=dt-1-nr-f4dtnc1790045871475867000
--- PASS: TestM01_DingTalkMediaSkippedWithoutRobotCode (0.93s)
=== RUN   TestM01_DingTalkPartialTransferFailureKeepsSuccessfulPicture
2026-09-22T10:57:52+08:00 WRN [feedback] UpdateCustomerAcceptBySession failed session=dt-1-cid-f4dtpf1790045872432489000: ERROR: relation "feedback_records" does not exist (SQLSTATE 42P01) component=user-server
2026-09-22T10:57:52+08:00 ERR [Inbox] aiTrigger 未配置 — 桥接入站消息不会创建 customer_sessions / 不会生成 AI 回复。请检查 router.Setup() 中 bridgeIngressSvc.SetAITrigger(webhookSvc) 是否在 bridge WS 注册前调用。 account_id=1 channel=dingtalk component=user-server session_id=dt-1-cid-f4dtpf1790045872432489000
2026-09-22T10:57:52+08:00 WRN [DingTalk] 媒体下载失败（占位符保留） error="stub: 下载码有误或者已经过期" component=user-server media_code=dc-f4dtpf1790045872432489000-a
2026-09-22T10:57:52+08:00 INF [DingTalk] 入站媒体已转存 account_id=1 component=user-server msg_id=dt-1-pf-f4dtpf1790045872432489000 urls=["/files/dingtalk/dc-f4dtpf1790045872432489000-b"]
--- PASS: TestM01_DingTalkPartialTransferFailureKeepsSuccessfulPicture (0.51s)
=== RUN   TestM01_DingTalkPartialStoreFailureKeepsSuccessfulPicture
2026-09-22T10:57:53+08:00 WRN [feedback] UpdateCustomerAcceptBySession failed session=dt-1-cid-f4dtst1790045873036471000: ERROR: relation "feedback_records" does not exist (SQLSTATE 42P01) component=user-server
2026-09-22T10:57:53+08:00 ERR [Inbox] aiTrigger 未配置 — 桥接入站消息不会创建 customer_sessions / 不会生成 AI 回复。请检查 router.Setup() 中 bridgeIngressSvc.SetAITrigger(webhookSvc) 是否在 bridge WS 注册前调用。 account_id=1 channel=dingtalk component=user-server session_id=dt-1-cid-f4dtst1790045873036471000
2026-09-22T10:57:53+08:00 WRN [DingTalk] 媒体转存失败 error="stub: 长期存储写入失败" component=user-server media_code=dc-f4dtst1790045873036471000-a
2026-09-22T10:57:53+08:00 INF [DingTalk] 入站媒体已转存 account_id=1 component=user-server msg_id=dt-1-st-f4dtst1790045873036471000 urls=["/files/dingtalk/dc-f4dtst1790045873036471000-b"]
--- PASS: TestM01_DingTalkPartialStoreFailureKeepsSuccessfulPicture (0.61s)
=== RUN   TestM01_DingTalkAllTransfersFailedWriteNoMedia
2026-09-22T10:57:53+08:00 WRN [feedback] UpdateCustomerAcceptBySession failed session=dt-1-cid-f4dtaf1790045873707558000: ERROR: relation "feedback_records" does not exist (SQLSTATE 42P01) component=user-server
2026-09-22T10:57:53+08:00 ERR [Inbox] aiTrigger 未配置 — 桥接入站消息不会创建 customer_sessions / 不会生成 AI 回复。请检查 router.Setup() 中 bridgeIngressSvc.SetAITrigger(webhookSvc) 是否在 bridge WS 注册前调用。 account_id=1 channel=dingtalk component=user-server session_id=dt-1-cid-f4dtaf1790045873707558000
2026-09-22T10:57:53+08:00 WRN [DingTalk] 媒体下载失败（占位符保留） error="stub: 下载码有误或者已经过期" component=user-server media_code=dc-f4dtaf1790045873707558000-a
2026-09-22T10:57:53+08:00 WRN [DingTalk] 媒体下载失败（占位符保留） error="stub: 下载码有误或者已经过期" component=user-server media_code=dc-f4dtaf1790045873707558000-b
--- PASS: TestM01_DingTalkAllTransfersFailedWriteNoMedia (1.11s)
=== RUN   TestM01_DingTalkSameDownloadCodeTransfersOnce
2026-09-22T10:57:54+08:00 WRN [feedback] UpdateCustomerAcceptBySession failed session=dt-1-cid-f4dtdp1790045874748136000: ERROR: relation "feedback_records" does not exist (SQLSTATE 42P01) component=user-server
2026-09-22T10:57:54+08:00 ERR [Inbox] aiTrigger 未配置 — 桥接入站消息不会创建 customer_sessions / 不会生成 AI 回复。请检查 router.Setup() 中 bridgeIngressSvc.SetAITrigger(webhookSvc) 是否在 bridge WS 注册前调用。 account_id=1 channel=dingtalk component=user-server session_id=dt-1-cid-f4dtdp1790045874748136000
2026-09-22T10:57:54+08:00 INF [DingTalk] 入站媒体已转存 account_id=1 component=user-server msg_id=dt-1-dp-f4dtdp1790045874748136000 urls=["/files/dingtalk/dc-f4dtdp1790045874748136000-same"]
--- PASS: TestM01_DingTalkSameDownloadCodeTransfersOnce (0.62s)
=== RUN   TestM01_DingTalkInboundMediaKeepsTypeAndDownloadCode
2026-09-22T10:57:55+08:00 WRN [feedback] UpdateCustomerAcceptBySession failed session=dt-1-cid-f4dt1790045875730766000: ERROR: relation "feedback_records" does not exist (SQLSTATE 42P01) component=user-server
2026-09-22T10:57:55+08:00 ERR [Inbox] aiTrigger 未配置 — 桥接入站消息不会创建 customer_sessions / 不会生成 AI 回复。请检查 router.Setup() 中 bridgeIngressSvc.SetAITrigger(webhookSvc) 是否在 bridge WS 注册前调用。 account_id=1 channel=dingtalk component=user-server session_id=dt-1-cid-f4dt1790045875730766000
2026-09-22T10:57:55+08:00 WRN [DingTalk] 媒体下载失败（占位符保留） error="f4dt: 承载用例不发起真实下载" component=user-server media_code=dc-f4dt1790045875730766000-pic
2026-09-22T10:57:55+08:00 WRN [feedback] UpdateCustomerAcceptBySession failed session=dt-1-cid-f4dt1790045875730766000: ERROR: relation "feedback_records" does not exist (SQLSTATE 42P01) component=user-server
2026-09-22T10:57:55+08:00 ERR [Inbox] aiTrigger 未配置 — 桥接入站消息不会创建 customer_sessions / 不会生成 AI 回复。请检查 router.Setup() 中 bridgeIngressSvc.SetAITrigger(webhookSvc) 是否在 bridge WS 注册前调用。 account_id=1 channel=dingtalk component=user-server session_id=dt-1-cid-f4dt1790045875730766000
2026-09-22T10:57:55+08:00 WRN [DingTalk] 媒体下载失败（占位符保留） error="f4dt: 承载用例不发起真实下载" component=user-server media_code=dc-f4dt1790045875730766000-aud
2026-09-22T10:57:55+08:00 WRN [feedback] UpdateCustomerAcceptBySession failed session=dt-1-cid-f4dt1790045875730766000: ERROR: relation "feedback_records" does not exist (SQLSTATE 42P01) component=user-server
2026-09-22T10:57:55+08:00 ERR [Inbox] aiTrigger 未配置 — 桥接入站消息不会创建 customer_sessions / 不会生成 AI 回复。请检查 router.Setup() 中 bridgeIngressSvc.SetAITrigger(webhookSvc) 是否在 bridge WS 注册前调用。 account_id=1 channel=dingtalk component=user-server session_id=dt-1-cid-f4dt1790045875730766000
2026-09-22T10:57:55+08:00 WRN [DingTalk] 媒体下载失败（占位符保留） error="f4dt: 承载用例不发起真实下载" component=user-server media_code=dc-f4dt1790045875730766000-file
2026-09-22T10:57:55+08:00 WRN [feedback] UpdateCustomerAcceptBySession failed session=dt-1-cid-f4dt1790045875730766000: ERROR: relation "feedback_records" does not exist (SQLSTATE 42P01) component=user-server
2026-09-22T10:57:55+08:00 ERR [Inbox] aiTrigger 未配置 — 桥接入站消息不会创建 customer_sessions / 不会生成 AI 回复。请检查 router.Setup() 中 bridgeIngressSvc.SetAITrigger(webhookSvc) 是否在 bridge WS 注册前调用。 account_id=1 channel=dingtalk component=user-server session_id=dt-1-cid-f4dt1790045875730766000
2026-09-22T10:57:55+08:00 WRN [DingTalk] 媒体下载失败（占位符保留） error="f4dt: 承载用例不发起真实下载" component=user-server media_code=dc-f4dt1790045875730766000-vid
2026-09-22T10:57:55+08:00 WRN [feedback] UpdateCustomerAcceptBySession failed session=dt-1-cid-f4dt1790045875730766000: ERROR: relation "feedback_records" does not exist (SQLSTATE 42P01) component=user-server
2026-09-22T10:57:55+08:00 ERR [Inbox] aiTrigger 未配置 — 桥接入站消息不会创建 customer_sessions / 不会生成 AI 回复。请检查 router.Setup() 中 bridgeIngressSvc.SetAITrigger(webhookSvc) 是否在 bridge WS 注册前调用。 account_id=1 channel=dingtalk component=user-server session_id=dt-1-cid-f4dt1790045875730766000
2026-09-22T10:57:55+08:00 WRN [DingTalk] 媒体下载失败（占位符保留） error="f4dt: 承载用例不发起真实下载" component=user-server media_code=dc-f4dt1790045875730766000-rt1
2026-09-22T10:57:55+08:00 WRN [DingTalk] 媒体下载失败（占位符保留） error="f4dt: 承载用例不发起真实下载" component=user-server media_code=dc-f4dt1790045875730766000-rt2
--- PASS: TestM01_DingTalkInboundMediaKeepsTypeAndDownloadCode (1.00s)
=== RUN   TestM01_DingTalkKeepsOfficialCreateAt
2026-09-22T10:57:56+08:00 WRN [feedback] UpdateCustomerAcceptBySession failed session=dt-1-cid-f4dtc1790045876403350000: ERROR: relation "feedback_records" does not exist (SQLSTATE 42P01) component=user-server
2026-09-22T10:57:56+08:00 INF [Inbox] 钩子3：最后一条 inbound 超过 5 分钟，历史消息不触发 AI channel=dingtalk component=user-server conv_id=cid-f4dtc1790045876403350000 event_id=dt-1-tsq-f4dtc1790045876403350000
2026-09-22T10:57:56+08:00 WRN [feedback] UpdateCustomerAcceptBySession failed session=dt-1-cid-f4dtc1790045876403350000: ERROR: relation "feedback_records" does not exist (SQLSTATE 42P01) component=user-server
2026-09-22T10:57:56+08:00 INF [Inbox] 钩子3：最后一条 inbound 超过 5 分钟，历史消息不触发 AI channel=dingtalk component=user-server conv_id=cid-f4dtc1790045876403350000 event_id=dt-1-tsb-f4dtc1790045876403350000
2026-09-22T10:57:56+08:00 INF [Inbox] 时序锚点：消息 timestamp 早于锚点，标记为 backfill 历史堆积 anchor_timestamp=2026-09-22T07:57:56+08:00 channel=dingtalk component=user-server conv_id=cid-f4dtc1790045876403350000 event_id=dt-1-tss-f4dtc1790045876403350000 msg_timestamp=2026-09-22T07:57:56+08:00
2026-09-22T10:57:56+08:00 WRN [feedback] UpdateCustomerAcceptBySession failed session=dt-1-cid-f4dtc1790045876403350000: ERROR: relation "feedback_records" does not exist (SQLSTATE 42P01) component=user-server
2026-09-22T10:57:56+08:00 INF [Inbox] 钩子3：最后一条 inbound 超过 5 分钟，历史消息不触发 AI channel=dingtalk component=user-server conv_id=cid-f4dtc1790045876403350000 event_id=dt-1-tss-f4dtc1790045876403350000
2026-09-22T10:57:56+08:00 WRN [feedback] UpdateCustomerAcceptBySession failed session=dt-1-cid-f4dtc1790045876403350000: ERROR: relation "feedback_records" does not exist (SQLSTATE 42P01) component=user-server
2026-09-22T10:57:56+08:00 ERR [Inbox] aiTrigger 未配置 — 桥接入站消息不会创建 customer_sessions / 不会生成 AI 回复。请检查 router.Setup() 中 bridgeIngressSvc.SetAITrigger(webhookSvc) 是否在 bridge WS 注册前调用。 account_id=1 channel=dingtalk component=user-server session_id=dt-1-cid-f4dtc1790045876403350000
2026-09-22T10:57:56+08:00 WRN [feedback] UpdateCustomerAcceptBySession failed session=dt-1-cid-f4dtc1790045876403350000: ERROR: relation "feedback_records" does not exist (SQLSTATE 42P01) component=user-server
2026-09-22T10:57:56+08:00 ERR [Inbox] aiTrigger 未配置 — 桥接入站消息不会创建 customer_sessions / 不会生成 AI 回复。请检查 router.Setup() 中 bridgeIngressSvc.SetAITrigger(webhookSvc) 是否在 bridge WS 注册前调用。 account_id=1 channel=dingtalk component=user-server session_id=dt-1-cid-f4dtc1790045876403350000
--- PASS: TestM01_DingTalkKeepsOfficialCreateAt (0.61s)
=== RUN   TestM01_DingTalkTextUnchanged
2026-09-22T10:57:56+08:00 WRN [feedback] UpdateCustomerAcceptBySession failed session=dt-1-cid-f4dtt1790045876769018000: ERROR: relation "feedback_records" does not exist (SQLSTATE 42P01) component=user-server
2026-09-22T10:57:56+08:00 ERR [Inbox] aiTrigger 未配置 — 桥接入站消息不会创建 customer_sessions / 不会生成 AI 回复。请检查 router.Setup() 中 bridgeIngressSvc.SetAITrigger(webhookSvc) 是否在 bridge WS 注册前调用。 account_id=1 channel=dingtalk component=user-server session_id=dt-1-cid-f4dtt1790045876769018000
--- PASS: TestM01_DingTalkTextUnchanged (0.32s)
=== RUN   TestBatchJ_DingTalkTokenLegShapes
=== RUN   TestBatchJ_DingTalkTokenLegShapes/200-空accessToken
=== RUN   TestBatchJ_DingTalkTokenLegShapes/200-非JSON应答
=== RUN   TestBatchJ_DingTalkTokenLegShapes/403-空accessToken
=== RUN   TestBatchJ_DingTalkTokenLegShapes/200-拿到凭证
--- PASS: TestBatchJ_DingTalkTokenLegShapes (0.00s)
    --- PASS: TestBatchJ_DingTalkTokenLegShapes/200-空accessToken (0.00s)
    --- PASS: TestBatchJ_DingTalkTokenLegShapes/200-非JSON应答 (0.00s)
    --- PASS: TestBatchJ_DingTalkTokenLegShapes/403-空accessToken (0.00s)
    --- PASS: TestBatchJ_DingTalkTokenLegShapes/200-拿到凭证 (0.00s)
=== RUN   TestBatchJ_DingTalkTokenErrorIsNotRetryable
--- PASS: TestBatchJ_DingTalkTokenErrorIsNotRetryable (0.00s)
=== RUN   TestBatchJ_DingTalkPresignedURLQueryNeverReachesError
--- PASS: TestBatchJ_DingTalkPresignedURLQueryNeverReachesError (0.00s)
=== RUN   TestBatchJ_DingTalkAccessTokenNeverReachesParseError
--- PASS: TestBatchJ_DingTalkAccessTokenNeverReachesParseError (0.00s)
PASS
ok  	hivemtk-user/internal/service	9.575s
