2026-09-22T11:03:07+08:00 WRN [SECURITY][WARN] USER_JWT_SECRET/JWT_SECRET 未配置，go test 进程使用固定测试密钥（仅用于单元测试） component=user-server
=== RUN   TestSetInboundMediaURLsWritesFirstAndAll
--- PASS: TestSetInboundMediaURLsWritesFirstAndAll (0.40s)
=== RUN   TestSetInboundMediaURLsScopesByAccount
--- PASS: TestSetInboundMediaURLsScopesByAccount (0.09s)
=== RUN   TestSetInboundMediaURLsMissingRowIsNotFoundNotError
--- PASS: TestSetInboundMediaURLsMissingRowIsNotFoundNotError (0.08s)
=== RUN   TestSetInboundMediaURLsReadFailureIsNotReportedAsNotFound
--- PASS: TestSetInboundMediaURLsReadFailureIsNotReportedAsNotFound (0.08s)
=== RUN   TestSetInboundMediaURLsEmptyURLsWriteNothing
--- PASS: TestSetInboundMediaURLsEmptyURLsWriteNothing (0.12s)
=== RUN   TestSetInboundMediaURLsNilHandleIsErrorNotNotFound
--- PASS: TestSetInboundMediaURLsNilHandleIsErrorNotNotFound (0.00s)
=== RUN   TestSetInboundMediaURLsScopesByConversation
--- PASS: TestSetInboundMediaURLsScopesByConversation (0.34s)
PASS
ok  	hivemtk-user/internal/repository	1.562s

2026-09-22T11:03:27+08:00 WRN [SECURITY][WARN] USER_JWT_SECRET/JWT_SECRET 未配置，go test 进程使用固定测试密钥（仅用于单元测试） component=user-server
=== RUN   TestM01_DingTalkMediaIsStoredAndBackfilled
2026-09-22T11:03:28+08:00 WRN [feedback] UpdateCustomerAcceptBySession failed session=dt-1-cid-f4dts1790046208447929000: ERROR: relation "feedback_records" does not exist (SQLSTATE 42P01) component=user-server
2026-09-22T11:03:28+08:00 ERR [Inbox] aiTrigger 未配置 — 桥接入站消息不会创建 customer_sessions / 不会生成 AI 回复。请检查 router.Setup() 中 bridgeIngressSvc.SetAITrigger(webhookSvc) 是否在 bridge WS 注册前调用。 account_id=1 channel=dingtalk component=user-server session_id=dt-1-cid-f4dts1790046208447929000
2026-09-22T11:03:28+08:00 WRN [DingTalk] 媒体回填失败：按 (platform, account_id, conversation_id, msg_id) 找不到 hub 行 component=user-server conv_id=cid-f4dts1790046208447929000 msg_id=dt-1-p-f4dts1790046208447929000
2026-09-22T11:03:28+08:00 INF [DingTalk] 入站媒体已转存 account_id=1 component=user-server msg_id=dt-1-p-f4dts1790046208447929000 urls=["/files/dingtalk/dc-f4dts1790046208447929000-pic"]
    webhook_batchf4_m01_dingtalk_download_test.go:63: M-01 未达成：hub.media_url = ""，want "/files/dingtalk/dc-f4dts1790046208447929000-pic"（Extra=map[account_id:1 channel_msg_id:p-f4dts1790046208447929000 conversation_type:1 media_download_code:dc-f4dts1790046208447929000-pic robot_code:robot-f4 session_webhook: session_webhook_expired_at:0]）
--- FAIL: TestM01_DingTalkMediaIsStoredAndBackfilled (10.52s)
=== RUN   TestM01_DingTalkRichTextStoresEveryPicture
2026-09-22T11:03:40+08:00 WRN [feedback] UpdateCustomerAcceptBySession failed session=dt-1-cid-f4dtrt1790046220279104000: ERROR: relation "feedback_records" does not exist (SQLSTATE 42P01) component=user-server
2026-09-22T11:03:40+08:00 ERR [Inbox] aiTrigger 未配置 — 桥接入站消息不会创建 customer_sessions / 不会生成 AI 回复。请检查 router.Setup() 中 bridgeIngressSvc.SetAITrigger(webhookSvc) 是否在 bridge WS 注册前调用。 account_id=1 channel=dingtalk component=user-server session_id=dt-1-cid-f4dtrt1790046220279104000
2026-09-22T11:03:40+08:00 WRN [DingTalk] 媒体回填失败：按 (platform, account_id, conversation_id, msg_id) 找不到 hub 行 component=user-server conv_id=cid-f4dtrt1790046220279104000 msg_id=dt-1-rt-f4dtrt1790046220279104000
2026-09-22T11:03:40+08:00 INF [DingTalk] 入站媒体已转存 account_id=1 component=user-server msg_id=dt-1-rt-f4dtrt1790046220279104000 urls=["/files/dingtalk/dc-f4dtrt1790046220279104000-a","/files/dingtalk/dc-f4dtrt1790046220279104000-b"]
    webhook_batchf4_m01_dingtalk_download_test.go:121: hub.media_url = ""，want 首张 "/files/dingtalk/dc-f4dtrt1790046220279104000-a"
    webhook_batchf4_m01_dingtalk_download_test.go:124: Extra.media_urls = <nil>，want 两张都在（第二张的长期 URL 不能丢）
--- FAIL: TestM01_DingTalkRichTextStoresEveryPicture (11.87s)
=== RUN   TestM01_DingTalkMediaSurvivesRequestCancel
2026-09-22T11:03:50+08:00 WRN [feedback] UpdateCustomerAcceptBySession failed session=dt-1-cid-f4dtcx1790046230973162000: ERROR: relation "feedback_records" does not exist (SQLSTATE 42P01) component=user-server
2026-09-22T11:03:50+08:00 ERR [Inbox] aiTrigger 未配置 — 桥接入站消息不会创建 customer_sessions / 不会生成 AI 回复。请检查 router.Setup() 中 bridgeIngressSvc.SetAITrigger(webhookSvc) 是否在 bridge WS 注册前调用。 account_id=1 channel=dingtalk component=user-server session_id=dt-1-cid-f4dtcx1790046230973162000
2026-09-22T11:03:51+08:00 WRN [DingTalk] 媒体回填失败：按 (platform, account_id, conversation_id, msg_id) 找不到 hub 行 component=user-server conv_id=cid-f4dtcx1790046230973162000 msg_id=dt-1-cx-f4dtcx1790046230973162000
2026-09-22T11:03:51+08:00 INF [DingTalk] 入站媒体已转存 account_id=1 component=user-server msg_id=dt-1-cx-f4dtcx1790046230973162000 urls=["/files/dingtalk/dc-f4dtcx1790046230973162000-cx"]
    webhook_batchf4_m01_dingtalk_download_test.go:169: M-01 未达成：请求 ctx 取消后 hub.media_url = ""，want "/files/dingtalk/dc-f4dtcx1790046230973162000-cx"（异步转存不该随请求一起死）
--- FAIL: TestM01_DingTalkMediaSurvivesRequestCancel (10.69s)
=== RUN   TestM01_DingTalkMediaSkippedWithoutRobotCode
2026-09-22T11:04:01+08:00 WRN [feedback] UpdateCustomerAcceptBySession failed session=dt-1-cid-f4dtnc1790046241456370000: ERROR: relation "feedback_records" does not exist (SQLSTATE 42P01) component=user-server
2026-09-22T11:04:01+08:00 ERR [Inbox] aiTrigger 未配置 — 桥接入站消息不会创建 customer_sessions / 不会生成 AI 回复。请检查 router.Setup() 中 bridgeIngressSvc.SetAITrigger(webhookSvc) 是否在 bridge WS 注册前调用。 account_id=1 channel=dingtalk component=user-server session_id=dt-1-cid-f4dtnc1790046241456370000
2026-09-22T11:04:01+08:00 WRN [DingTalk] 媒体转存跳过：回调未携带 robotCode（换取下载链接的必填项） account_id=1 component=user-server msg_id=dt-1-nr-f4dtnc1790046241456370000
--- PASS: TestM01_DingTalkMediaSkippedWithoutRobotCode (0.95s)
=== RUN   TestM01_DingTalkPartialTransferFailureKeepsSuccessfulPicture
2026-09-22T11:04:02+08:00 WRN [feedback] UpdateCustomerAcceptBySession failed session=dt-1-cid-f4dtpf1790046242254034000: ERROR: relation "feedback_records" does not exist (SQLSTATE 42P01) component=user-server
2026-09-22T11:04:02+08:00 ERR [Inbox] aiTrigger 未配置 — 桥接入站消息不会创建 customer_sessions / 不会生成 AI 回复。请检查 router.Setup() 中 bridgeIngressSvc.SetAITrigger(webhookSvc) 是否在 bridge WS 注册前调用。 account_id=1 channel=dingtalk component=user-server session_id=dt-1-cid-f4dtpf1790046242254034000
2026-09-22T11:04:02+08:00 WRN [DingTalk] 媒体下载失败（占位符保留） error="stub: 下载码有误或者已经过期" component=user-server media_code=dc-f4dtpf1790046242254034000-a
2026-09-22T11:04:02+08:00 WRN [DingTalk] 媒体回填失败：按 (platform, account_id, conversation_id, msg_id) 找不到 hub 行 component=user-server conv_id=cid-f4dtpf1790046242254034000 msg_id=dt-1-pf-f4dtpf1790046242254034000
2026-09-22T11:04:02+08:00 INF [DingTalk] 入站媒体已转存 account_id=1 component=user-server msg_id=dt-1-pf-f4dtpf1790046242254034000 urls=["/files/dingtalk/dc-f4dtpf1790046242254034000-b"]
    webhook_batchf4_m01_dingtalk_download_test.go:261: hub.media_url = "", want 首个成功转存 "/files/dingtalk/dc-f4dtpf1790046242254034000-b"
    webhook_batchf4_m01_dingtalk_download_test.go:264: Extra.media_urls = <nil>, want 只含成功那张（失败的不占位、不留 downloadCode）
--- FAIL: TestM01_DingTalkPartialTransferFailureKeepsSuccessfulPicture (10.31s)
=== RUN   TestM01_DingTalkPartialStoreFailureKeepsSuccessfulPicture
2026-09-22T11:04:12+08:00 WRN [feedback] UpdateCustomerAcceptBySession failed session=dt-1-cid-f4dtst1790046252736829000: ERROR: relation "feedback_records" does not exist (SQLSTATE 42P01) component=user-server
2026-09-22T11:04:12+08:00 ERR [Inbox] aiTrigger 未配置 — 桥接入站消息不会创建 customer_sessions / 不会生成 AI 回复。请检查 router.Setup() 中 bridgeIngressSvc.SetAITrigger(webhookSvc) 是否在 bridge WS 注册前调用。 account_id=1 channel=dingtalk component=user-server session_id=dt-1-cid-f4dtst1790046252736829000
2026-09-22T11:04:12+08:00 WRN [DingTalk] 媒体转存失败 error="stub: 长期存储写入失败" component=user-server media_code=dc-f4dtst1790046252736829000-a
2026-09-22T11:04:12+08:00 WRN [DingTalk] 媒体回填失败：按 (platform, account_id, conversation_id, msg_id) 找不到 hub 行 component=user-server conv_id=cid-f4dtst1790046252736829000 msg_id=dt-1-st-f4dtst1790046252736829000
2026-09-22T11:04:12+08:00 INF [DingTalk] 入站媒体已转存 account_id=1 component=user-server msg_id=dt-1-st-f4dtst1790046252736829000 urls=["/files/dingtalk/dc-f4dtst1790046252736829000-b"]
    webhook_batchf4_m01_dingtalk_download_test.go:304: hub.media_url = "", want 首个成功转存 "/files/dingtalk/dc-f4dtst1790046252736829000-b"
    webhook_batchf4_m01_dingtalk_download_test.go:307: Extra.media_urls = <nil>, want 只含转存成功那张
--- FAIL: TestM01_DingTalkPartialStoreFailureKeepsSuccessfulPicture (10.49s)
=== RUN   TestM01_DingTalkAllTransfersFailedWriteNoMedia
2026-09-22T11:04:23+08:00 WRN [feedback] UpdateCustomerAcceptBySession failed session=dt-1-cid-f4dtaf1790046262999186000: ERROR: relation "feedback_records" does not exist (SQLSTATE 42P01) component=user-server
2026-09-22T11:04:23+08:00 ERR [Inbox] aiTrigger 未配置 — 桥接入站消息不会创建 customer_sessions / 不会生成 AI 回复。请检查 router.Setup() 中 bridgeIngressSvc.SetAITrigger(webhookSvc) 是否在 bridge WS 注册前调用。 account_id=1 channel=dingtalk component=user-server session_id=dt-1-cid-f4dtaf1790046262999186000
2026-09-22T11:04:23+08:00 WRN [DingTalk] 媒体下载失败（占位符保留） error="stub: 下载码有误或者已经过期" component=user-server media_code=dc-f4dtaf1790046262999186000-a
2026-09-22T11:04:23+08:00 WRN [DingTalk] 媒体下载失败（占位符保留） error="stub: 下载码有误或者已经过期" component=user-server media_code=dc-f4dtaf1790046262999186000-b
--- PASS: TestM01_DingTalkAllTransfersFailedWriteNoMedia (0.73s)
=== RUN   TestM01_DingTalkSameDownloadCodeTransfersOnce
2026-09-22T11:04:23+08:00 WRN [feedback] UpdateCustomerAcceptBySession failed session=dt-1-cid-f4dtdp1790046263758146000: ERROR: relation "feedback_records" does not exist (SQLSTATE 42P01) component=user-server
2026-09-22T11:04:23+08:00 ERR [Inbox] aiTrigger 未配置 — 桥接入站消息不会创建 customer_sessions / 不会生成 AI 回复。请检查 router.Setup() 中 bridgeIngressSvc.SetAITrigger(webhookSvc) 是否在 bridge WS 注册前调用。 account_id=1 channel=dingtalk component=user-server session_id=dt-1-cid-f4dtdp1790046263758146000
2026-09-22T11:04:23+08:00 WRN [DingTalk] 媒体回填失败：按 (platform, account_id, conversation_id, msg_id) 找不到 hub 行 component=user-server conv_id=cid-f4dtdp1790046263758146000 msg_id=dt-1-dp-f4dtdp1790046263758146000
2026-09-22T11:04:23+08:00 INF [DingTalk] 入站媒体已转存 account_id=1 component=user-server msg_id=dt-1-dp-f4dtdp1790046263758146000 urls=["/files/dingtalk/dc-f4dtdp1790046263758146000-same"]
    webhook_batchf4_m01_dingtalk_download_test.go:396: Extra.media_urls = <nil>, want 一条不重复的 URL
--- FAIL: TestM01_DingTalkSameDownloadCodeTransfersOnce (10.29s)
=== RUN   TestM01_DingTalkInboundMediaKeepsTypeAndDownloadCode
2026-09-22T11:04:34+08:00 WRN [feedback] UpdateCustomerAcceptBySession failed session=dt-1-cid-f4dt1790046274049932000: ERROR: relation "feedback_records" does not exist (SQLSTATE 42P01) component=user-server
2026-09-22T11:04:34+08:00 ERR [Inbox] aiTrigger 未配置 — 桥接入站消息不会创建 customer_sessions / 不会生成 AI 回复。请检查 router.Setup() 中 bridgeIngressSvc.SetAITrigger(webhookSvc) 是否在 bridge WS 注册前调用。 account_id=1 channel=dingtalk component=user-server session_id=dt-1-cid-f4dt1790046274049932000
2026-09-22T11:04:34+08:00 WRN [DingTalk] 媒体下载失败（占位符保留） error="f4dt: 承载用例不发起真实下载" component=user-server media_code=dc-f4dt1790046274049932000-pic
2026-09-22T11:04:34+08:00 WRN [feedback] UpdateCustomerAcceptBySession failed session=dt-1-cid-f4dt1790046274049932000: ERROR: relation "feedback_records" does not exist (SQLSTATE 42P01) component=user-server
2026-09-22T11:04:34+08:00 ERR [Inbox] aiTrigger 未配置 — 桥接入站消息不会创建 customer_sessions / 不会生成 AI 回复。请检查 router.Setup() 中 bridgeIngressSvc.SetAITrigger(webhookSvc) 是否在 bridge WS 注册前调用。 account_id=1 channel=dingtalk component=user-server session_id=dt-1-cid-f4dt1790046274049932000
2026-09-22T11:04:34+08:00 WRN [DingTalk] 媒体下载失败（占位符保留） error="f4dt: 承载用例不发起真实下载" component=user-server media_code=dc-f4dt1790046274049932000-aud
2026-09-22T11:04:34+08:00 WRN [feedback] UpdateCustomerAcceptBySession failed session=dt-1-cid-f4dt1790046274049932000: ERROR: relation "feedback_records" does not exist (SQLSTATE 42P01) component=user-server
2026-09-22T11:04:34+08:00 ERR [Inbox] aiTrigger 未配置 — 桥接入站消息不会创建 customer_sessions / 不会生成 AI 回复。请检查 router.Setup() 中 bridgeIngressSvc.SetAITrigger(webhookSvc) 是否在 bridge WS 注册前调用。 account_id=1 channel=dingtalk component=user-server session_id=dt-1-cid-f4dt1790046274049932000
2026-09-22T11:04:34+08:00 WRN [DingTalk] 媒体下载失败（占位符保留） error="f4dt: 承载用例不发起真实下载" component=user-server media_code=dc-f4dt1790046274049932000-file
2026-09-22T11:04:34+08:00 WRN [feedback] UpdateCustomerAcceptBySession failed session=dt-1-cid-f4dt1790046274049932000: ERROR: relation "feedback_records" does not exist (SQLSTATE 42P01) component=user-server
2026-09-22T11:04:34+08:00 ERR [Inbox] aiTrigger 未配置 — 桥接入站消息不会创建 customer_sessions / 不会生成 AI 回复。请检查 router.Setup() 中 bridgeIngressSvc.SetAITrigger(webhookSvc) 是否在 bridge WS 注册前调用。 account_id=1 channel=dingtalk component=user-server session_id=dt-1-cid-f4dt1790046274049932000
2026-09-22T11:04:34+08:00 WRN [DingTalk] 媒体下载失败（占位符保留） error="f4dt: 承载用例不发起真实下载" component=user-server media_code=dc-f4dt1790046274049932000-vid
2026-09-22T11:04:34+08:00 WRN [feedback] UpdateCustomerAcceptBySession failed session=dt-1-cid-f4dt1790046274049932000: ERROR: relation "feedback_records" does not exist (SQLSTATE 42P01) component=user-server
2026-09-22T11:04:34+08:00 ERR [Inbox] aiTrigger 未配置 — 桥接入站消息不会创建 customer_sessions / 不会生成 AI 回复。请检查 router.Setup() 中 bridgeIngressSvc.SetAITrigger(webhookSvc) 是否在 bridge WS 注册前调用。 account_id=1 channel=dingtalk component=user-server session_id=dt-1-cid-f4dt1790046274049932000
2026-09-22T11:04:34+08:00 WRN [DingTalk] 媒体下载失败（占位符保留） error="f4dt: 承载用例不发起真实下载" component=user-server media_code=dc-f4dt1790046274049932000-rt1
2026-09-22T11:04:34+08:00 WRN [DingTalk] 媒体下载失败（占位符保留） error="f4dt: 承载用例不发起真实下载" component=user-server media_code=dc-f4dt1790046274049932000-rt2
--- PASS: TestM01_DingTalkInboundMediaKeepsTypeAndDownloadCode (0.29s)
=== RUN   TestM01_DingTalkKeepsOfficialCreateAt
2026-09-22T11:04:34+08:00 WRN [feedback] UpdateCustomerAcceptBySession failed session=dt-1-cid-f4dtc1790046274293800000: ERROR: relation "feedback_records" does not exist (SQLSTATE 42P01) component=user-server
2026-09-22T11:04:34+08:00 INF [Inbox] 钩子3：最后一条 inbound 超过 5 分钟，历史消息不触发 AI channel=dingtalk component=user-server conv_id=cid-f4dtc1790046274293800000 event_id=dt-1-tsq-f4dtc1790046274293800000
2026-09-22T11:04:34+08:00 WRN [feedback] UpdateCustomerAcceptBySession failed session=dt-1-cid-f4dtc1790046274293800000: ERROR: relation "feedback_records" does not exist (SQLSTATE 42P01) component=user-server
2026-09-22T11:04:34+08:00 INF [Inbox] 钩子3：最后一条 inbound 超过 5 分钟，历史消息不触发 AI channel=dingtalk component=user-server conv_id=cid-f4dtc1790046274293800000 event_id=dt-1-tsb-f4dtc1790046274293800000
2026-09-22T11:04:34+08:00 INF [Inbox] 时序锚点：消息 timestamp 早于锚点，标记为 backfill 历史堆积 anchor_timestamp=2026-09-22T08:04:34+08:00 channel=dingtalk component=user-server conv_id=cid-f4dtc1790046274293800000 event_id=dt-1-tss-f4dtc1790046274293800000 msg_timestamp=2026-09-22T08:04:34+08:00
2026-09-22T11:04:34+08:00 WRN [feedback] UpdateCustomerAcceptBySession failed session=dt-1-cid-f4dtc1790046274293800000: ERROR: relation "feedback_records" does not exist (SQLSTATE 42P01) component=user-server
2026-09-22T11:04:34+08:00 INF [Inbox] 钩子3：最后一条 inbound 超过 5 分钟，历史消息不触发 AI channel=dingtalk component=user-server conv_id=cid-f4dtc1790046274293800000 event_id=dt-1-tss-f4dtc1790046274293800000
2026-09-22T11:04:34+08:00 WRN [feedback] UpdateCustomerAcceptBySession failed session=dt-1-cid-f4dtc1790046274293800000: ERROR: relation "feedback_records" does not exist (SQLSTATE 42P01) component=user-server
2026-09-22T11:04:34+08:00 ERR [Inbox] aiTrigger 未配置 — 桥接入站消息不会创建 customer_sessions / 不会生成 AI 回复。请检查 router.Setup() 中 bridgeIngressSvc.SetAITrigger(webhookSvc) 是否在 bridge WS 注册前调用。 account_id=1 channel=dingtalk component=user-server session_id=dt-1-cid-f4dtc1790046274293800000
2026-09-22T11:04:34+08:00 WRN [feedback] UpdateCustomerAcceptBySession failed session=dt-1-cid-f4dtc1790046274293800000: ERROR: relation "feedback_records" does not exist (SQLSTATE 42P01) component=user-server
2026-09-22T11:04:34+08:00 ERR [Inbox] aiTrigger 未配置 — 桥接入站消息不会创建 customer_sessions / 不会生成 AI 回复。请检查 router.Setup() 中 bridgeIngressSvc.SetAITrigger(webhookSvc) 是否在 bridge WS 注册前调用。 account_id=1 channel=dingtalk component=user-server session_id=dt-1-cid-f4dtc1790046274293800000
--- PASS: TestM01_DingTalkKeepsOfficialCreateAt (0.24s)
=== RUN   TestM01_DingTalkTextUnchanged
2026-09-22T11:04:34+08:00 WRN [feedback] UpdateCustomerAcceptBySession failed session=dt-1-cid-f4dtt1790046274523921000: ERROR: relation "feedback_records" does not exist (SQLSTATE 42P01) component=user-server
2026-09-22T11:04:34+08:00 ERR [Inbox] aiTrigger 未配置 — 桥接入站消息不会创建 customer_sessions / 不会生成 AI 回复。请检查 router.Setup() 中 bridgeIngressSvc.SetAITrigger(webhookSvc) 是否在 bridge WS 注册前调用。 account_id=1 channel=dingtalk component=user-server session_id=dt-1-cid-f4dtt1790046274523921000
--- PASS: TestM01_DingTalkTextUnchanged (0.20s)
=== RUN   TestBatchJ_DingTalkTokenLegShapes
=== RUN   TestBatchJ_DingTalkTokenLegShapes/200-空accessToken
=== RUN   TestBatchJ_DingTalkTokenLegShapes/200-非JSON应答
=== RUN   TestBatchJ_DingTalkTokenLegShapes/403-空accessToken
=== RUN   TestBatchJ_DingTalkTokenLegShapes/200-拿到凭证
--- PASS: TestBatchJ_DingTalkTokenLegShapes (0.01s)
    --- PASS: TestBatchJ_DingTalkTokenLegShapes/200-空accessToken (0.00s)
    --- PASS: TestBatchJ_DingTalkTokenLegShapes/200-非JSON应答 (0.00s)
    --- PASS: TestBatchJ_DingTalkTokenLegShapes/403-空accessToken (0.00s)
    --- PASS: TestBatchJ_DingTalkTokenLegShapes/200-拿到凭证 (0.00s)
=== RUN   TestBatchJ_DingTalkTokenErrorIsNotRetryable
--- PASS: TestBatchJ_DingTalkTokenErrorIsNotRetryable (0.00s)
=== RUN   TestBatchJ_DingTalkPresignedURLQueryNeverReachesError
--- PASS: TestBatchJ_DingTalkPresignedURLQueryNeverReachesError (0.00s)
=== RUN   TestBatchJ_DingTalkAccessTokenNeverReachesParseError
--- PASS: TestBatchJ_DingTalkAccessTokenNeverReachesParseError (0.00s)
FAIL
FAIL	hivemtk-user/internal/service	70.308s
FAIL
