# 「$VAR 紧跟中文」闸的存量残留基线
#
# 事实源：scripts/check-shell-cjk-expansion.sh（判据、修法、覆盖面盲区都在那里）。
# 每行格式：文件<TAB>命中数。归零后请把该行删掉（门会提示）。
#
# 这 2 处属别的泳道在改的热文件（scripts/check-architecture.sh、
# scripts/check-unwired-assets.sh 本批未动，避免撞车），
# 修法同其余 54 处：$FOO 后跟中文 ⇒ ${FOO} 后跟中文。
scripts/check-architecture.sh	1
scripts/check-unwired-assets.sh	1
