# 本文件记一次**读数**，不是判据输出。取证对象：装架之后那条没接显式收尾的退出路，私有克隆是否留在盘上。
#
# 这一轮（`私有作业目录：/private/tmp/r75leak2.YtAbKh`，见同目录 `00-run.log` 第一行）是"兜底闸还没接上"
# 那一侧的 A；接上之后的两趟是 `logs/P503/20260928-165402`（第一版措辞）与 `logs/P503/20260928-165513`
# （成文措辞，末两行印"兜底闸回收"+"收尾：带走 …/clone"）。三趟的中止点、控制组红因逐字相同，
# 差的就是收尾那一步做没做——所以 A/B 的对照面只有"盘上剩不剩东西"这一条。
#
# 复现（在 hivemtk 仓库根、**同一条 shell** 里 export 测试库口令后跑；口令值不入屏不入档）：
#   python3 scripts/mut_reach_p503.py --clone $(mktemp -d /tmp/r75leak2.XXXXXX)
# 中止发生在 `控制组[service] 不干净——…` 那一句（这一句只在驱动 stdout 上，
# tee 落盘的本目录 `00-run.log` 止于 `FAIL hivemtk-user/internal/service 1.087s`，
# 差 52−51=1 行；两处判读都得留，故本节写明取自哪一份）。
#
# 现场计数（`du -sk` 取分配量；测于 2026-09-28 17:50:05，本机 load 65，
# 距那一趟 16:18 已过 1h32m——没人回收它，所以它一直在）：
#   75196	/tmp/r75leak2.YtAbKh/clone	= 73.43 MiB
# 一句话：一趟这种中止留 73M，而这一族有 26 枚电池共用这条形状。
#
# 归属：本文件不作为任何门的判据（门是 scripts/mut-dispose-guard.test.sh 的 G10–G12b 行为面
# 加 REAL 静态面）。它只回答"文档里那个 73M 是哪来的"。
