=== RUN   TestBillChasedStatusesCoverUnsettledOnly
--- PASS: TestBillChasedStatusesCoverUnsettledOnly (0.00s)
=== RUN   TestBillChasedStatusesAreInBillDomain
--- PASS: TestBillChasedStatusesAreInBillDomain (0.00s)
=== RUN   TestBillChasedStatusesAreNotMutatedInThisPackage
--- PASS: TestBillChasedStatusesAreNotMutatedInThisPackage (0.00s)
=== RUN   TestBillChasedStatusKnownRejectsUnknown
--- PASS: TestBillChasedStatusKnownRejectsUnknown (0.00s)
=== RUN   TestBillStatusVocabulary
--- PASS: TestBillStatusVocabulary (0.00s)
=== RUN   TestBillSchemaShape
    bill_test.go:92: amount 应为 numeric(14,2)（与 quote_line_items.amount 同型）：type:numeric(12,2)
--- FAIL: TestBillSchemaShape (0.00s)
=== RUN   TestBillKeyedToExactlyOneQuoteVersion
--- PASS: TestBillKeyedToExactlyOneQuoteVersion (0.00s)
=== RUN   TestBillCarriesNoPaymentTotals
--- PASS: TestBillCarriesNoPaymentTotals (0.00s)
=== RUN   TestBillCarriesNoApprovalState
--- PASS: TestBillCarriesNoApprovalState (0.00s)
=== RUN   TestBillHasNoTenantColumn
--- PASS: TestBillHasNoTenantColumn (0.00s)
=== RUN   TestBillKeyColumnWidths
--- PASS: TestBillKeyColumnWidths (0.00s)
=== RUN   TestBillJSONNamesMatchColumns
--- PASS: TestBillJSONNamesMatchColumns (0.00s)
=== RUN   TestBillStatusTransitionsAreDeclared
--- PASS: TestBillStatusTransitionsAreDeclared (0.00s)
FAIL
FAIL	hivemtk-user/internal/model	0.335s
FAIL
