=== RUN   TestBillChasedStatusesCoverUnsettledOnly
--- PASS: TestBillChasedStatusesCoverUnsettledOnly (0.00s)
=== RUN   TestBillChasedStatusesAreInBillDomain
--- PASS: TestBillChasedStatusesAreInBillDomain (0.00s)
=== RUN   TestBillChasedStatusesAreNotMutatedInThisPackage
--- PASS: TestBillChasedStatusesAreNotMutatedInThisPackage (0.00s)
=== RUN   TestBillChasedStatusKnownRejectsUnknown
--- PASS: TestBillChasedStatusKnownRejectsUnknown (0.00s)
=== RUN   TestBillStatusVocabulary
--- PASS: TestBillStatusVocabulary (0.00s)
=== RUN   TestBillSchemaShape
    bill_test.go:101: DueAt 应可空：零值时间(0001-01-01) 会被逾期扫描读成「早就过期了几千年」
--- FAIL: TestBillSchemaShape (0.00s)
=== RUN   TestBillKeyedToExactlyOneQuoteVersion
--- PASS: TestBillKeyedToExactlyOneQuoteVersion (0.00s)
=== RUN   TestBillCarriesNoPaymentTotals
--- PASS: TestBillCarriesNoPaymentTotals (0.00s)
=== RUN   TestBillCarriesNoApprovalState
--- PASS: TestBillCarriesNoApprovalState (0.00s)
=== RUN   TestBillHasNoTenantColumn
--- PASS: TestBillHasNoTenantColumn (0.00s)
=== RUN   TestBillKeyColumnWidths
--- PASS: TestBillKeyColumnWidths (0.00s)
=== RUN   TestBillJSONNamesMatchColumns
--- PASS: TestBillJSONNamesMatchColumns (0.00s)
=== RUN   TestBillStatusTransitionsAreDeclared
--- PASS: TestBillStatusTransitionsAreDeclared (0.00s)
FAIL
FAIL	hivemtk-user/internal/model	0.329s
FAIL
