2026-09-23T16:10:16+08:00 WRN [SECURITY][WARN] USER_JWT_SECRET/JWT_SECRET 未配置，go test 进程使用固定测试密钥（仅用于单元测试） component=user-server
=== RUN   TestBillRepository_ScanOverdueSelectsByCutoffAndStatus
--- PASS: TestBillRepository_ScanOverdueSelectsByCutoffAndStatus (0.14s)
=== RUN   TestBillRepository_ScanOverdueOrdersOldestFirst
--- PASS: TestBillRepository_ScanOverdueOrdersOldestFirst (0.05s)
=== RUN   TestBillRepository_ScanOverdueRejectsNonPositiveLimit
--- PASS: TestBillRepository_ScanOverdueRejectsNonPositiveLimit (0.03s)
=== RUN   TestBillRepository_ScanOverdueFailureIsNotEmptyResult
--- PASS: TestBillRepository_ScanOverdueFailureIsNotEmptyResult (0.03s)
=== RUN   TestBillRepository_ScanOverdueFollowsTheChasedDomain
--- PASS: TestBillRepository_ScanOverdueFollowsTheChasedDomain (0.04s)
=== RUN   TestBillRepository_CreateRejectsMissingIdentity
--- PASS: TestBillRepository_CreateRejectsMissingIdentity (0.04s)
=== RUN   TestBillRepository_DuplicateQuoteRowIsItsOwnError
--- PASS: TestBillRepository_DuplicateQuoteRowIsItsOwnError (0.05s)
=== RUN   TestBillRepository_StatusMustBeInTheDomain
    bill_test.go:157: 派生时状态 "" 落库成功了：它从此既扫不到也改不动
    bill_test.go:157: 派生时状态 "OPEN" 落库成功了：它从此既扫不到也改不动
    bill_test.go:157: 派生时状态 "open " 落库成功了：它从此既扫不到也改不动
    bill_test.go:157: 派生时状态 "overdue" 落库成功了：它从此既扫不到也改不动
    bill_test.go:157: 派生时状态 "sent" 落库成功了：它从此既扫不到也改不动
    bill_test.go:157: 派生时状态 "unpaid" 落库成功了：它从此既扫不到也改不动
    bill_test.go:169: 六笔状态非法的派生之后库里应有 0 行，实际 6
--- FAIL: TestBillRepository_StatusMustBeInTheDomain (0.05s)
=== RUN   TestBillRepository_ReadsDistinguishMissingFromFailure
--- PASS: TestBillRepository_ReadsDistinguishMissingFromFailure (0.39s)
=== RUN   TestBillRepository_ReadFailureIsNotMissingRead
--- PASS: TestBillRepository_ReadFailureIsNotMissingRead (0.08s)
=== RUN   TestBillRepository_UpdateStatusIsCompareAndSet
--- PASS: TestBillRepository_UpdateStatusIsCompareAndSet (0.07s)
=== RUN   TestBillRepository_MethodSetIsExactlyTheDocumentedSeven
--- PASS: TestBillRepository_MethodSetIsExactlyTheDocumentedSeven (0.00s)
=== RUN   TestBillRepository_ListByQuoteID
--- PASS: TestBillRepository_ListByQuoteID (0.06s)
=== RUN   TestBillRepository_ListByQuoteIDStableOrderTiesCreatedAt
--- PASS: TestBillRepository_ListByQuoteIDStableOrderTiesCreatedAt (0.04s)
=== RUN   TestBillRepository_NilHandleFailsLoudly
--- PASS: TestBillRepository_NilHandleFailsLoudly (0.00s)
=== RUN   TestBillRepository_ConstraintNameIsTheOneOnTheModel
--- PASS: TestBillRepository_ConstraintNameIsTheOneOnTheModel (0.11s)
FAIL
FAIL	hivemtk-user/internal/repository	1.633s
FAIL
