2026-09-28T17:47:08+08:00 WRN [SECURITY][WARN] USER_JWT_SECRET/JWT_SECRET 未配置，go test 进程使用固定测试密钥（仅用于单元测试） component=user-server
=== RUN   TestKbGate_RetrievalSitesHideUnpublished
=== RUN   TestKbGate_RetrievalSitesHideUnpublished/hybrid.vectorSearchPG/按库过滤/off
=== RUN   TestKbGate_RetrievalSitesHideUnpublished/hybrid.vectorSearchPG/按库过滤/shadow
=== RUN   TestKbGate_RetrievalSitesHideUnpublished/hybrid.vectorSearchPG/按库过滤/on
=== RUN   TestKbGate_RetrievalSitesHideUnpublished/hybrid.vectorSearchPG/跨库全量/off
=== RUN   TestKbGate_RetrievalSitesHideUnpublished/hybrid.vectorSearchPG/跨库全量/shadow
=== RUN   TestKbGate_RetrievalSitesHideUnpublished/hybrid.vectorSearchPG/跨库全量/on
=== RUN   TestKbGate_RetrievalSitesHideUnpublished/hybrid.tsvectorSearch/按库过滤/off
=== RUN   TestKbGate_RetrievalSitesHideUnpublished/hybrid.tsvectorSearch/按库过滤/shadow
=== RUN   TestKbGate_RetrievalSitesHideUnpublished/hybrid.tsvectorSearch/按库过滤/on
=== RUN   TestKbGate_RetrievalSitesHideUnpublished/hybrid.tsvectorSearch/跨库全量/off
=== RUN   TestKbGate_RetrievalSitesHideUnpublished/hybrid.tsvectorSearch/跨库全量/shadow
=== RUN   TestKbGate_RetrievalSitesHideUnpublished/hybrid.tsvectorSearch/跨库全量/on
=== RUN   TestKbGate_RetrievalSitesHideUnpublished/hybrid.keywordSearchPGFallback/按库过滤/off
=== RUN   TestKbGate_RetrievalSitesHideUnpublished/hybrid.keywordSearchPGFallback/按库过滤/shadow
=== RUN   TestKbGate_RetrievalSitesHideUnpublished/hybrid.keywordSearchPGFallback/按库过滤/on
=== RUN   TestKbGate_RetrievalSitesHideUnpublished/hybrid.keywordSearchPGFallback/跨库全量/off
=== RUN   TestKbGate_RetrievalSitesHideUnpublished/hybrid.keywordSearchPGFallback/跨库全量/shadow
=== RUN   TestKbGate_RetrievalSitesHideUnpublished/hybrid.keywordSearchPGFallback/跨库全量/on
=== RUN   TestKbGate_RetrievalSitesHideUnpublished/lexical.tryTSQuery/按库过滤/off
=== RUN   TestKbGate_RetrievalSitesHideUnpublished/lexical.tryTSQuery/按库过滤/shadow
=== RUN   TestKbGate_RetrievalSitesHideUnpublished/lexical.tryTSQuery/按库过滤/on
=== RUN   TestKbGate_RetrievalSitesHideUnpublished/lexical.tryTSQuery/跨库全量/off
=== RUN   TestKbGate_RetrievalSitesHideUnpublished/lexical.tryTSQuery/跨库全量/shadow
=== RUN   TestKbGate_RetrievalSitesHideUnpublished/lexical.tryTSQuery/跨库全量/on
=== RUN   TestKbGate_RetrievalSitesHideUnpublished/lexical.ilikeFallback/按库过滤/off
=== RUN   TestKbGate_RetrievalSitesHideUnpublished/lexical.ilikeFallback/按库过滤/shadow
=== RUN   TestKbGate_RetrievalSitesHideUnpublished/lexical.ilikeFallback/按库过滤/on
=== RUN   TestKbGate_RetrievalSitesHideUnpublished/lexical.ilikeFallback/跨库全量/off
=== RUN   TestKbGate_RetrievalSitesHideUnpublished/lexical.ilikeFallback/跨库全量/shadow
=== RUN   TestKbGate_RetrievalSitesHideUnpublished/lexical.ilikeFallback/跨库全量/on
=== RUN   TestKbGate_RetrievalSitesHideUnpublished/vector.SearchVector/按库过滤/off
=== RUN   TestKbGate_RetrievalSitesHideUnpublished/vector.SearchVector/按库过滤/shadow
=== RUN   TestKbGate_RetrievalSitesHideUnpublished/vector.SearchVector/按库过滤/on
=== RUN   TestKbGate_RetrievalSitesHideUnpublished/vector.SearchVector/跨库全量/off
=== RUN   TestKbGate_RetrievalSitesHideUnpublished/vector.SearchVector/跨库全量/shadow
=== RUN   TestKbGate_RetrievalSitesHideUnpublished/vector.SearchVector/跨库全量/on
=== RUN   TestKbGate_RetrievalSitesHideUnpublished/vector.Retrieve/按库过滤/off
=== RUN   TestKbGate_RetrievalSitesHideUnpublished/vector.Retrieve/按库过滤/shadow
=== RUN   TestKbGate_RetrievalSitesHideUnpublished/vector.Retrieve/按库过滤/on
=== RUN   TestKbGate_RetrievalSitesHideUnpublished/vector.Retrieve/跨库全量/off
=== RUN   TestKbGate_RetrievalSitesHideUnpublished/vector.Retrieve/跨库全量/shadow
=== RUN   TestKbGate_RetrievalSitesHideUnpublished/vector.Retrieve/跨库全量/on
--- PASS: TestKbGate_RetrievalSitesHideUnpublished (27.88s)
    --- PASS: TestKbGate_RetrievalSitesHideUnpublished/hybrid.vectorSearchPG/按库过滤/off (0.41s)
    --- PASS: TestKbGate_RetrievalSitesHideUnpublished/hybrid.vectorSearchPG/按库过滤/shadow (1.43s)
    --- PASS: TestKbGate_RetrievalSitesHideUnpublished/hybrid.vectorSearchPG/按库过滤/on (0.97s)
    --- PASS: TestKbGate_RetrievalSitesHideUnpublished/hybrid.vectorSearchPG/跨库全量/off (0.71s)
    --- PASS: TestKbGate_RetrievalSitesHideUnpublished/hybrid.vectorSearchPG/跨库全量/shadow (1.30s)
    --- PASS: TestKbGate_RetrievalSitesHideUnpublished/hybrid.vectorSearchPG/跨库全量/on (0.44s)
    --- PASS: TestKbGate_RetrievalSitesHideUnpublished/hybrid.tsvectorSearch/按库过滤/off (0.29s)
    --- PASS: TestKbGate_RetrievalSitesHideUnpublished/hybrid.tsvectorSearch/按库过滤/shadow (0.25s)
    --- PASS: TestKbGate_RetrievalSitesHideUnpublished/hybrid.tsvectorSearch/按库过滤/on (0.21s)
    --- PASS: TestKbGate_RetrievalSitesHideUnpublished/hybrid.tsvectorSearch/跨库全量/off (0.14s)
    --- PASS: TestKbGate_RetrievalSitesHideUnpublished/hybrid.tsvectorSearch/跨库全量/shadow (0.20s)
    --- PASS: TestKbGate_RetrievalSitesHideUnpublished/hybrid.tsvectorSearch/跨库全量/on (0.23s)
    --- PASS: TestKbGate_RetrievalSitesHideUnpublished/hybrid.keywordSearchPGFallback/按库过滤/off (0.19s)
    --- PASS: TestKbGate_RetrievalSitesHideUnpublished/hybrid.keywordSearchPGFallback/按库过滤/shadow (0.20s)
    --- PASS: TestKbGate_RetrievalSitesHideUnpublished/hybrid.keywordSearchPGFallback/按库过滤/on (0.37s)
    --- PASS: TestKbGate_RetrievalSitesHideUnpublished/hybrid.keywordSearchPGFallback/跨库全量/off (0.22s)
    --- PASS: TestKbGate_RetrievalSitesHideUnpublished/hybrid.keywordSearchPGFallback/跨库全量/shadow (0.37s)
    --- PASS: TestKbGate_RetrievalSitesHideUnpublished/hybrid.keywordSearchPGFallback/跨库全量/on (0.17s)
    --- PASS: TestKbGate_RetrievalSitesHideUnpublished/lexical.tryTSQuery/按库过滤/off (0.15s)
    --- PASS: TestKbGate_RetrievalSitesHideUnpublished/lexical.tryTSQuery/按库过滤/shadow (0.21s)
    --- PASS: TestKbGate_RetrievalSitesHideUnpublished/lexical.tryTSQuery/按库过滤/on (0.21s)
    --- PASS: TestKbGate_RetrievalSitesHideUnpublished/lexical.tryTSQuery/跨库全量/off (0.49s)
    --- PASS: TestKbGate_RetrievalSitesHideUnpublished/lexical.tryTSQuery/跨库全量/shadow (0.22s)
    --- PASS: TestKbGate_RetrievalSitesHideUnpublished/lexical.tryTSQuery/跨库全量/on (0.19s)
    --- PASS: TestKbGate_RetrievalSitesHideUnpublished/lexical.ilikeFallback/按库过滤/off (0.15s)
    --- PASS: TestKbGate_RetrievalSitesHideUnpublished/lexical.ilikeFallback/按库过滤/shadow (0.16s)
    --- PASS: TestKbGate_RetrievalSitesHideUnpublished/lexical.ilikeFallback/按库过滤/on (0.22s)
    --- PASS: TestKbGate_RetrievalSitesHideUnpublished/lexical.ilikeFallback/跨库全量/off (0.22s)
    --- PASS: TestKbGate_RetrievalSitesHideUnpublished/lexical.ilikeFallback/跨库全量/shadow (0.18s)
    --- PASS: TestKbGate_RetrievalSitesHideUnpublished/lexical.ilikeFallback/跨库全量/on (0.19s)
    --- PASS: TestKbGate_RetrievalSitesHideUnpublished/vector.SearchVector/按库过滤/off (0.70s)
    --- PASS: TestKbGate_RetrievalSitesHideUnpublished/vector.SearchVector/按库过滤/shadow (0.50s)
    --- PASS: TestKbGate_RetrievalSitesHideUnpublished/vector.SearchVector/按库过滤/on (0.64s)
    --- PASS: TestKbGate_RetrievalSitesHideUnpublished/vector.SearchVector/跨库全量/off (0.43s)
    --- PASS: TestKbGate_RetrievalSitesHideUnpublished/vector.SearchVector/跨库全量/shadow (0.62s)
    --- PASS: TestKbGate_RetrievalSitesHideUnpublished/vector.SearchVector/跨库全量/on (0.34s)
    --- PASS: TestKbGate_RetrievalSitesHideUnpublished/vector.Retrieve/按库过滤/off (0.30s)
    --- PASS: TestKbGate_RetrievalSitesHideUnpublished/vector.Retrieve/按库过滤/shadow (0.45s)
    --- PASS: TestKbGate_RetrievalSitesHideUnpublished/vector.Retrieve/按库过滤/on (0.33s)
    --- PASS: TestKbGate_RetrievalSitesHideUnpublished/vector.Retrieve/跨库全量/off (0.64s)
    --- PASS: TestKbGate_RetrievalSitesHideUnpublished/vector.Retrieve/跨库全量/shadow (1.30s)
    --- PASS: TestKbGate_RetrievalSitesHideUnpublished/vector.Retrieve/跨库全量/on (1.29s)
=== RUN   TestKbGate_EmbeddingSourceFilterStillApplies
--- PASS: TestKbGate_EmbeddingSourceFilterStillApplies (0.43s)
=== RUN   TestKbGate_TestSchemaCoversModelColumns
--- PASS: TestKbGate_TestSchemaCoversModelColumns (0.46s)
PASS
ok  	hivemtk-user/internal/aiagent/rag/retrieval	29.226s
