2026-09-28T17:48:36+08:00 WRN [SECURITY][WARN] USER_JWT_SECRET/JWT_SECRET 未配置，go test 进程使用固定测试密钥（仅用于单元测试） component=user-server
=== RUN   TestKBReleaseRepo_LockReleaseEnsuresRow
--- PASS: TestKBReleaseRepo_LockReleaseEnsuresRow (12.07s)
=== RUN   TestKBReleaseRepo_SetGovernedIdempotent
--- PASS: TestKBReleaseRepo_SetGovernedIdempotent (1.45s)
=== RUN   TestKBReleaseRepo_PublishJudgments
=== RUN   TestKBReleaseRepo_PublishJudgments/没进发布制的库拒绝发布
=== RUN   TestKBReleaseRepo_PublishJudgments/既没变更又没待发布桶
=== RUN   TestKBReleaseRepo_PublishJudgments/桶号不高于在服版本就停下
=== RUN   TestKBReleaseRepo_PublishJudgments/跨号发布被禁令挡住
=== RUN   TestKBReleaseRepo_PublishJudgments/缺归属或操作者
=== RUN   TestKBReleaseRepo_PublishJudgments/未装配底座
--- PASS: TestKBReleaseRepo_PublishJudgments (7.09s)
    --- PASS: TestKBReleaseRepo_PublishJudgments/没进发布制的库拒绝发布 (1.17s)
    --- PASS: TestKBReleaseRepo_PublishJudgments/既没变更又没待发布桶 (0.43s)
    --- PASS: TestKBReleaseRepo_PublishJudgments/桶号不高于在服版本就停下 (0.71s)
    --- PASS: TestKBReleaseRepo_PublishJudgments/跨号发布被禁令挡住 (2.25s)
    --- PASS: TestKBReleaseRepo_PublishJudgments/缺归属或操作者 (2.53s)
    --- PASS: TestKBReleaseRepo_PublishJudgments/未装配底座 (0.00s)
=== RUN   TestKBReleaseRepo_PublishRejectsBadChanges
=== RUN   TestKBReleaseRepo_PublishRejectsBadChanges/add_无内容
=== RUN   TestKBReleaseRepo_PublishRejectsBadChanges/add_无文档
=== RUN   TestKBReleaseRepo_PublishRejectsBadChanges/未知动作
=== RUN   TestKBReleaseRepo_PublishRejectsBadChanges/revise_目标不存在
=== RUN   TestKBReleaseRepo_PublishRejectsBadChanges/retire_目标不存在
=== RUN   TestKBReleaseRepo_PublishRejectsBadChanges/retire_目标属于别库
=== RUN   TestKBReleaseRepo_PublishRejectsBadChanges/revise_目标属于别库
--- PASS: TestKBReleaseRepo_PublishRejectsBadChanges (2.43s)
    --- PASS: TestKBReleaseRepo_PublishRejectsBadChanges/add_无内容 (0.01s)
    --- PASS: TestKBReleaseRepo_PublishRejectsBadChanges/add_无文档 (0.00s)
    --- PASS: TestKBReleaseRepo_PublishRejectsBadChanges/未知动作 (0.01s)
    --- PASS: TestKBReleaseRepo_PublishRejectsBadChanges/revise_目标不存在 (0.01s)
    --- PASS: TestKBReleaseRepo_PublishRejectsBadChanges/retire_目标不存在 (0.01s)
    --- PASS: TestKBReleaseRepo_PublishRejectsBadChanges/retire_目标属于别库 (0.01s)
    --- PASS: TestKBReleaseRepo_PublishRejectsBadChanges/revise_目标属于别库 (0.01s)
=== RUN   TestKBReleaseRepo_PublishRolledBackWhenChangeNotPending
--- PASS: TestKBReleaseRepo_PublishRolledBackWhenChangeNotPending (1.34s)
=== RUN   TestKBReleaseRepo_PublishAddStampsAndAdvances
    kb_release_test.go:560: 第 1 条版本戳错：kb=0 retired=0（闸门就按这两列判）
    kb_release_test.go:560: 第 2 条版本戳错：kb=0 retired=0（闸门就按这两列判）
--- FAIL: TestKBReleaseRepo_PublishAddStampsAndAdvances (1.85s)
=== RUN   TestKBReleaseRepo_PublishPublishesDraftBucket
--- PASS: TestKBReleaseRepo_PublishPublishesDraftBucket (2.35s)
=== RUN   TestKBReleaseRepo_ReviseAndRetireShape
    kb_release_test.go:727: 修订新行要落在原位并带生效号：{ID:3 Doc:901400 Idx:7 Content:新正文 KBVersion:0 Retired:0 ChangeName:kbc_rev}
--- FAIL: TestKBReleaseRepo_ReviseAndRetireShape (3.62s)
=== RUN   TestKBReleaseRepo_RollbackTouchesNoCorpus
--- PASS: TestKBReleaseRepo_RollbackTouchesNoCorpus (1.66s)
=== RUN   TestKBReleaseRepo_PointerMovesRefuseCleanRows
--- PASS: TestKBReleaseRepo_PointerMovesRefuseCleanRows (1.67s)
=== RUN   TestKBReleaseRepo_CountChunksInForce
--- PASS: TestKBReleaseRepo_CountChunksInForce (2.94s)
=== RUN   TestKBReleaseRepo_DirectWriteBlockedWithRealRows
=== RUN   TestKBReleaseRepo_DirectWriteBlockedWithRealRows/off_档不拦（即使已治理）
=== RUN   TestKBReleaseRepo_DirectWriteBlockedWithRealRows/shadow_档不拦
=== RUN   TestKBReleaseRepo_DirectWriteBlockedWithRealRows/on_档拦已治理的库
=== RUN   TestKBReleaseRepo_DirectWriteBlockedWithRealRows/on_档放行未治理
=== RUN   TestKBReleaseRepo_DirectWriteBlockedWithRealRows/on_档放行没有行的库
=== RUN   TestKBReleaseRepo_DirectWriteBlockedWithRealRows/空库号不拦
--- PASS: TestKBReleaseRepo_DirectWriteBlockedWithRealRows (1.70s)
    --- PASS: TestKBReleaseRepo_DirectWriteBlockedWithRealRows/off_档不拦（即使已治理） (0.00s)
    --- PASS: TestKBReleaseRepo_DirectWriteBlockedWithRealRows/shadow_档不拦 (0.00s)
    --- PASS: TestKBReleaseRepo_DirectWriteBlockedWithRealRows/on_档拦已治理的库 (0.00s)
    --- PASS: TestKBReleaseRepo_DirectWriteBlockedWithRealRows/on_档放行未治理 (0.00s)
    --- PASS: TestKBReleaseRepo_DirectWriteBlockedWithRealRows/on_档放行没有行的库 (0.00s)
    --- PASS: TestKBReleaseRepo_DirectWriteBlockedWithRealRows/空库号不拦 (0.00s)
=== RUN   TestKBReleaseRepo_StampForWriteRealRows
--- PASS: TestKBReleaseRepo_StampForWriteRealRows (1.58s)
=== RUN   TestKBReleaseRepo_EnsureDraftStampConcurrent
--- PASS: TestKBReleaseRepo_EnsureDraftStampConcurrent (2.09s)
=== RUN   TestKBReleaseRepo_ChangeViews
--- PASS: TestKBReleaseRepo_ChangeViews (2.24s)
=== RUN   TestKBReleaseRepo_ClampsAreExact
--- PASS: TestKBReleaseRepo_ClampsAreExact (8.66s)
=== RUN   TestKBReleaseRepo_WithdrawCAS
--- PASS: TestKBReleaseRepo_WithdrawCAS (1.70s)
=== RUN   TestKBReleaseRepo_AuditShape
--- PASS: TestKBReleaseRepo_AuditShape (0.88s)
=== RUN   TestKBReleaseRepo_UnavailableEveryMethod
--- PASS: TestKBReleaseRepo_UnavailableEveryMethod (0.00s)
FAIL
FAIL	hivemtk-user/internal/repository	57.867s
FAIL
