私有作业目录：/var/folders/xw/pd_rr_z54w38gq41yfm8h7sm0000gn/T/p902mut-_bgm1g9j
逐格日志目录：/Users/xiaofang/Documents/www/go/hivemtk/hivemtk/docs/superpowers/specs/ledger/logs/P902/20260928-chunkB
取证基线：HEAD=dceb8a8f 工作树=/Users/xiaofang/Documents/www/go/hivemtk/hivemtk 18:29  up 5 days,  8:17, 2 users, load averages: 21.01 35.87 53.57 日志 tag=20260928-chunkB
覆盖 91 个脏文件、同步 0 个删除进克隆
测试库：127.0.0.1:8232 可达（口令不回显）
本轮基线字节（注码前 == 还原后 才算干净）：
  3f90c51f9d6ebad665c4f42f7ca4118d  user-server/internal/aiagent/knowledge/controller/knowledge_merchant.go
  87b904a8d78c14eee64a17acc20e6281  user-server/internal/aiagent/knowledge/repository/knowledge_chunk.go
  190c8c0cdd44203b45f84a6f7fa93abc  user-server/internal/aiagent/knowledge/service/rag_searcher.go
  133269c6653d33f7b379c115f58de3d3  user-server/internal/aiagent/knowledge/service/rag_searcher_bm25.go
  47eac23620ef61c682c123d18d8d83ef  user-server/internal/aiagent/knowledge/service/rag_searcher_vector.go
  9ce13662bb7a8e59ea6fa6a3367e7eaa  user-server/internal/aiagent/rag/retrieval/hybrid_searcher.go
  0a1976deca8866b70ec65f5f5499e17d  user-server/internal/aiagent/rag/retrieval/lexical_retriever.go
  bb66b668fbf925eb68baf65bf6bf6f37  user-server/internal/aiagent/rag/retrieval/vector_retriever.go
  74a322de23a08202fcbd4efd046df76c  user-server/internal/app/kb_release_wiring.go
  a1e64ccd7c3433d6bbd5c97993e1d51b  user-server/internal/controller/kb_release.go
  f213d1f505bd940c334ef54350e56b2f  user-server/internal/model/kb_release.go
  1f6615f0bb1d55fddf033c955c99d589  user-server/internal/pkg/kbrelease/kbrelease.go
  dbdb9586968768fc736d853ba2ed6fde  user-server/internal/repository/kb_release.go
  4efed602baf92773aa0d1a2ace2d1553  user-server/internal/router/kb_release_routes.go
  2a84e5e2cb26545d8c69629fa7c4903f  user-server/internal/router/router.go
  87366b222eea4f6c938e11c9c397f4bf  user-server/internal/service/kb_release.go
[控制组 ./internal/model/] rc=0 settled=6 skip=0 红名=—
[控制组 ./internal/repository/] rc=0 settled=19 skip=0 红名=—
[控制组 ./internal/service/] rc=0 settled=22 skip=0 红名=—
[控制组 ./internal/controller/] rc=0 settled=32 skip=0 红名=—
[控制组 ./internal/router/] rc=0 settled=4 skip=0 红名=—
[控制组 ./internal/app/] rc=0 settled=4 skip=0 红名=—
[控制组 ./internal/pkg/kbrelease/] rc=0 settled=14 skip=0 红名=—
[控制组 ./internal/aiagent/knowledge/repository/] rc=0 settled=3 skip=0 红名=—
[控制组 ./internal/aiagent/knowledge/service/] rc=0 settled=3 skip=0 红名=—
[控制组 ./internal/aiagent/knowledge/controller/] rc=0 settled=1 skip=0 红名=—
[控制组 ./internal/aiagent/rag/retrieval/] rc=0 settled=3 skip=0 红名=—
KR1   单条插入不打版本戳（AC① 的无声绕过口）                            杀掉                             红=TestKbRepo_WriteStampingRoutesToDraftBucket settled=3/3
KR2   批量插入不打版本戳                                        杀掉                             红=TestKbRepo_WriteStampingRoutesToDraftBucket settled=3/3
KR3   打戳失败被静默放过（读不到归属就当没进发布制）                          BROKEN=红因而非预期：红名对了但没有任何一行同时含 'Create 仍成功了|失败的写入仍落了库' 红=TestKbRepo_WriteStampingRoutesToDraftBucket settled=3/3
      红因: kb_gate_chunk_write_test.go:254: 归属账读不动时 Create 仍成功了（会静默写 kb_version=0 ⇒ 闸门绕过口）
KR4   就地改写在 shadow 档也被拦（观察期改了写语义）                      SURVIVED=洞：没有用例被打红 ⇒ 这条承诺只有注释在守 红=— settled=3/3
KR5   删除不看闸门（已上线内容被没有留痕的动作撤下）                          BROKEN=红因而非预期：红名对了但没有任何一行同时含 '被拒的 Delete 仍删掉了在服行' 红=TestKbRepo_GuardDirectWrite settled=3/3
      红因: kb_gate_chunk_write_test.go:312: 应回 ErrGovernedDirectWrite，实际 <nil>
KR6   回查归属时把没有这一行当成错误（凭空多一个 404）                       BROKEN=红因而非预期：红名对了但没有任何一行同时含 '不该拦的写被拦了|删不存在的 id 不该报错' 红=TestKbRepo_GuardDirectWrite settled=3/3
      红因: kb_gate_chunk_write_test.go:361: 删不存在的 id 不该报错：record not found
KR7   整批删除的告警数了全部行（把重建也报成丢在服内容）                        杀掉                             红=TestKbRepo_BatchDeleteWarnsOnlyInForceRows settled=3/3
KR8   批量删除的告警撤掉（丢了多少没人知道）                              杀掉                             红=TestKbRepo_BatchDeleteWarnsOnlyInForceRows settled=3/3
KR9   归属账读不动时删除照样执行（拿不准就放行）                            BROKEN=红因而非预期：红名对了但没有任何一行同时含 '归属账读不动时删除仍成功了|报错的删除仍动了行' 红=TestKbRepo_BatchDeleteWarnsOnlyInForceRows settled=3/3
      红因: kb_gate_chunk_write_test.go:448: 归属账读不动时删除仍成功了（应当上抛错误）
      红因: kb_gate_chunk_write_test.go:455: 报错的删除仍动了行（剩 0 行，期望 1）
KS1   bm25 全库召回不挂闸门（未发布内容当场可检）                         杀掉                             红=TestKbGate_RagSearcherSitesHideUnpublished settled=3/3
KS2   bm25 按库召回不挂闸门                                    杀掉                             红=TestKbGate_RagSearcherSitesHideUnpublished settled=3/3
KS3   向量召回（按库）不挂闸门                                     BUILD-BROKEN：编译坏（修变异不修期望）      红=— settled=0/3
KS4   向量召回（全库）不挂闸门                                     BUILD-BROKEN：编译坏（修变异不修期望）      红=— settled=0/3
KS5   通用那一路的影子读数没了                                     BROKEN=红集合不符：期望=['TestKbGate_ShadowLogsWouldHide'] 实际=['TestKbGate_ShadowLogsWouldHide', 'TestKbGate_ShadowSilentWhenNothingWouldHide'] 红=TestKbGate_ShadowLogsWouldHide,TestKbGate_ShadowSilentWhenNothingWouldHide settled=3/3
      红因: kb_gate_rag_searcher_test.go:176: 测试迁移跳过(基础表未创建,与本测试无关): 反馈学习闭环（6 张新表 + 2 张表扩展）: alter sop_agents 失败: exec failed (DO $$
      红因: kb_gate_rag_searcher_test.go:176: 测试迁移跳过(基础表未创建,与本测试无关): 多语言 i18n 方案 - glossaries 表 + 5 张表扩展字段: multilingual_i18n 执行失败 (ALTER TABLE chat_channels ADD COLUMN IF NOT EXISTS target_la...): ERROR: relation "chat_channels" does not exist (SQLSTA
      红因: kb_gate_rag_searcher_test.go:176: 测试迁移跳过(基础表未创建,与本测试无关): 归一化旧 bridge channel 数据: message_hub 归一化 douyin -> douyin_web 失败: ERROR: relation "message_hub" does not exist (SQLSTATE 42P01)
      红因: kb_gate_rag_searcher_test.go:176: 测试迁移跳过(基础表未创建,与本测试无关): 渠道编码统一 v2（*_web/xhs -> 全名）: message_hub 归一化 xianyu_web -> xianyu 失败: ERROR: relation "message_hub" does not exist (SQLSTATE 42P01)
      红因: kb_gate_rag_searcher_test.go:176: 测试迁移跳过(基础表未创建,与本测试无关): 渠道编码统一收尾（彻底清除 *_web / xhs 历史值）: message_hub 收尾归一化 xhs_web -> xiaohongshu 失败: ERROR: relation "message_hub" does not exist (SQLSTATE 42P01)
      红因: kb_gate_rag_searcher_test.go:176: 测试迁移告警(未致命): intent_records 与 intent_logs 整合: intent_records 表不存在，无法合并
      红因: kb_gate_rag_searcher_test.go:176: 测试迁移跳过(基础表未创建,与本测试无关): SOP 热力图复合索引 (sop_id, created_at DESC): create composite index failed: ERROR: relation "sop_executions" does not exist (SQLSTATE 42P01)
      红因: kb_gate_rag_searcher_test.go:176: 测试迁移告警(未致命): email_smtp 存量明文密码一次性 AES-GCM 加密: FIELD_ENCRYPTION_KEY 不可用, 拒绝执行明文密码加密迁移: FIELD_ENCRYPTION_KEY must be >= 32 bytes
KS6   商家那一路的读数被通用那一路顶替（label 写串）                       杀掉                             红=TestKbGate_ShadowLogsWouldHide settled=3/3
KC1   就地改写的拒绝被映成 400（运营照着改请求重试）                        杀掉                             红=TestKM_ChunkWriteErrorMapsGovernedTo409 settled=1/1
KC2   这条出口不再认发布制的拒绝                                    杀掉                             红=TestKM_ChunkWriteErrorMapsGovernedTo409 settled=1/1
RR1   hybrid 向量那一路不挂闸门                                 杀掉                             红=TestKbGate_RetrievalSitesHideUnpublished settled=3/3
RR2   hybrid 词面那一路不挂闸门（带库过滤）                           杀掉                             红=TestKbGate_RetrievalSitesHideUnpublished settled=3/3
RR3   hybrid 兜底那一路不挂闸门                                 杀掉                             红=TestKbGate_RetrievalSitesHideUnpublished settled=3/3
RR4   lexical tsquery 带库过滤不挂闸门                         杀掉                             红=TestKbGate_RetrievalSitesHideUnpublished settled=3/3
RR5   lexical tsquery 全库不挂闸门                           杀掉                             红=TestKbGate_RetrievalSitesHideUnpublished settled=3/3
RR6   lexical 兜底带库过滤不挂闸门                               杀掉                             红=TestKbGate_RetrievalSitesHideUnpublished settled=3/3
RR7   lexical 兜底全库不挂闸门                                 杀掉                             红=TestKbGate_RetrievalSitesHideUnpublished settled=3/3
RR8   vector 检索器 SearchVector 带库过滤不挂闸门                 杀掉                             红=TestKbGate_RetrievalSitesHideUnpublished settled=3/3
RR9   vector 检索器 SearchVector 全库不挂闸门                   杀掉                             红=TestKbGate_RetrievalSitesHideUnpublished settled=3/3
RR10  vector 检索器 Retrieve 带库过滤不挂闸门                     杀掉                             红=TestKbGate_RetrievalSitesHideUnpublished settled=3/3
RR11  vector 检索器 Retrieve 全库不挂闸门                       杀掉                             红=TestKbGate_RetrievalSitesHideUnpublished settled=3/3

结果：杀掉 20/28 格 （本趟只跑了 28/162 格，是子集，**不构成全族读数**）
未杀/坏格清单：
  !! KR3 BROKEN=红因而非预期：红名对了但没有任何一行同时含 'Create 仍成功了|失败的写入仍落了库'：打戳失败被静默放过（读不到归属就当没进发布制）
  !! KR4 SURVIVED=洞：没有用例被打红 ⇒ 这条承诺只有注释在守：就地改写在 shadow 档也被拦（观察期改了写语义）
  !! KR5 BROKEN=红因而非预期：红名对了但没有任何一行同时含 '被拒的 Delete 仍删掉了在服行'：删除不看闸门（已上线内容被没有留痕的动作撤下）
  !! KR6 BROKEN=红因而非预期：红名对了但没有任何一行同时含 '不该拦的写被拦了|删不存在的 id 不该报错'：回查归属时把没有这一行当成错误（凭空多一个 404）
  !! KR9 BROKEN=红因而非预期：红名对了但没有任何一行同时含 '归属账读不动时删除仍成功了|报错的删除仍动了行'：归属账读不动时删除照样执行（拿不准就放行）
  !! KS3 BUILD-BROKEN：编译坏（修变异不修期望）：向量召回（按库）不挂闸门
  !! KS4 BUILD-BROKEN：编译坏（修变异不修期望）：向量召回（全库）不挂闸门
  !! KS5 BROKEN=红集合不符：期望=['TestKbGate_ShadowLogsWouldHide'] 实际=['TestKbGate_ShadowLogsWouldHide', 'TestKbGate_ShadowSilentWhenNothingWouldHide']：通用那一路的影子读数没了
终态：本卡电池**未**全杀——上面每一条要么补腿、要么按'不配格'那一节写明理由。
收尾：带走 /private/var/folders/xw/pd_rr_z54w38gq41yfm8h7sm0000gn/T/p902mut-_bgm1g9j/clone、/private/var/folders/xw/pd_rr_z54w38gq41yfm8h7sm0000gn/T/p902mut-_bgm1g9j
