# 口令形状闸：一次性反向可判版（替代提交前那句被 echo 吞掉的断言）
# 命令：python3 /tmp/pwdshape-174539.py（cwd=泳道树 r45-lane，HEAD 7bb28240）
# 口径：masked=*** placeholder=<...> 配方占位 empty=空值 RAW=其余一切（须 0，非 0 本脚本退 1）
# 注：RAW 命中只印 文件:行＋值长＋md5 前 8，不印值本身——命中可能就是口令，档里不许留字节

[git show HEAD（本笔提交全量差异）] masked=9 placeholder=9 empty=0 RAW=1
  RAW命中 >> git show HEAD（本笔提交全量差异）:124: 值长=1 md5前8=833344d5
[docs/superpowers/specs/ledger/logs/B16ledger/20260923-144419/00-control-open.log] masked=0 placeholder=0 empty=0 RAW=0
[docs/superpowers/specs/ledger/logs/B16ledger/20260923-144419/00-run.log] masked=0 placeholder=0 empty=0 RAW=0
[docs/superpowers/specs/ledger/logs/B16ledger/20260923-144419/99-control-close.log] masked=0 placeholder=0 empty=0 RAW=0
[docs/superpowers/specs/ledger/logs/B16ledger/20260923-144419/M1-prepared-----------send.log] masked=0 placeholder=0 empty=0 RAW=0
[docs/superpowers/specs/ledger/logs/B16ledger/20260923-144419/M2----------.log] masked=0 placeholder=0 empty=0 RAW=0
[docs/superpowers/specs/ledger/logs/B16ledger/20260923-144419/M3---------------.log] masked=0 placeholder=0 empty=0 RAW=0
[docs/superpowers/specs/ledger/logs/B16ledger/20260923-144419/M4-----------fail-open.log] masked=0 placeholder=0 empty=0 RAW=0
[docs/superpowers/specs/ledger/logs/B16ledger/20260923-144419/M5------------.log] masked=0 placeholder=0 empty=0 RAW=0
[docs/superpowers/specs/ledger/logs/B16ledger/20260923-144419/M6-------------.log] masked=0 placeholder=0 empty=0 RAW=0
[docs/superpowers/specs/ledger/logs/B16ledger/20260923-144419/M7-sent----------crossed.log] masked=0 placeholder=0 empty=0 RAW=0
[docs/superpowers/specs/ledger/logs/B16ledger/20260923-144419/M8---------sent---.log] masked=0 placeholder=0 empty=0 RAW=0
[docs/superpowers/specs/ledger/logs/B16ledgerB/20260923-144845/00-control-open.log] masked=0 placeholder=0 empty=0 RAW=0
[docs/superpowers/specs/ledger/logs/B16ledgerB/20260923-144845/00-run.log] masked=0 placeholder=0 empty=0 RAW=0
[docs/superpowers/specs/ledger/logs/B16ledgerB/20260923-144845/99-control-close.log] masked=0 placeholder=0 empty=0 RAW=0
[docs/superpowers/specs/ledger/logs/B16ledgerB/20260923-144845/M10----0--------nil.log] masked=0 placeholder=0 empty=0 RAW=0
[docs/superpowers/specs/ledger/logs/B16ledgerB/20260923-144845/M11------------------.log] masked=0 placeholder=0 empty=0 RAW=0
[docs/superpowers/specs/ledger/logs/B16ledgerB/20260923-144845/M12-OnSessionFinished--------.log] masked=0 placeholder=0 empty=0 RAW=0
[docs/superpowers/specs/ledger/logs/B16ledgerB/20260923-144845/M13-runRetry-------.log] masked=0 placeholder=0 empty=0 RAW=0
[docs/superpowers/specs/ledger/logs/B16ledgerB/20260923-144845/M14---------------.log] masked=0 placeholder=0 empty=0 RAW=0
[docs/superpowers/specs/ledger/logs/B16ledgerB/20260923-144845/M15-----------ctx.log] masked=0 placeholder=0 empty=0 RAW=0
[docs/superpowers/specs/ledger/logs/B16ledgerB/20260923-144845/M16-----------.log] masked=0 placeholder=0 empty=0 RAW=0
[docs/superpowers/specs/ledger/logs/B16ledgerB/20260923-144845/M17---------------.log] masked=0 placeholder=0 empty=0 RAW=0
[docs/superpowers/specs/ledger/logs/B16ledgerB/20260923-144845/M18-----------1------.log] masked=0 placeholder=0 empty=0 RAW=0
[docs/superpowers/specs/ledger/logs/B16ledgerB/20260923-144845/M19-------------------.log] masked=0 placeholder=0 empty=0 RAW=0
[docs/superpowers/specs/ledger/logs/B16ledgerB/20260923-144845/M9-D7-post_comment-------.log] masked=0 placeholder=0 empty=0 RAW=0
[docs/superpowers/specs/ledger/logs/B16ledgerC/20260923-145614/00-control-open.log] masked=0 placeholder=0 empty=0 RAW=0
[docs/superpowers/specs/ledger/logs/B16ledgerC/20260923-145614/00-run.log] masked=0 placeholder=0 empty=0 RAW=0
[docs/superpowers/specs/ledger/logs/B16ledgerC/20260923-145614/99-control-close.log] masked=0 placeholder=0 empty=0 RAW=0
[docs/superpowers/specs/ledger/logs/B16ledgerC/20260923-145614/M20-------effectWrite-unknown-------.log] masked=0 placeholder=0 empty=0 RAW=0
[docs/superpowers/specs/ledger/logs/B16ledgerC/20260923-145614/M21----------.log] masked=0 placeholder=0 empty=0 RAW=0
[docs/superpowers/specs/ledger/logs/B16ledgerC/20260923-145614/M22-isNeverExecuted----inject_timeout---.log] masked=0 placeholder=0 empty=0 RAW=0
[docs/superpowers/specs/ledger/logs/B16ledgerC/20260923-145614/M23---------.log] masked=0 placeholder=0 empty=0 RAW=0
[docs/superpowers/specs/ledger/logs/B16ledgerC/20260923-145614/M24----------.log] masked=0 placeholder=0 empty=0 RAW=0
[docs/superpowers/specs/ledger/logs/B16ledgerC/20260923-145614/M25-------Anchor-ButtonText.log] masked=0 placeholder=0 empty=0 RAW=0
[docs/superpowers/specs/ledger/logs/B16ledgerC/20260923-145614/M26------------.log] masked=0 placeholder=0 empty=0 RAW=0
[docs/superpowers/specs/ledger/logs/B16ledgerC/20260923-145614/M27--------------effectWrite.log] masked=0 placeholder=0 empty=0 RAW=0
[docs/superpowers/specs/ledger/logs/B16ledgerC/20260923-145614/M28-D7--------effectWrite.log] masked=0 placeholder=0 empty=0 RAW=0
[docs/superpowers/specs/ledger/logs/B16ledgerC/20260923-145614/M29--------------.log] masked=0 placeholder=0 empty=0 RAW=0
[docs/superpowers/specs/ledger/logs/B16ledgerC/20260923-145614/M30------retries-----effectWrite.log] masked=0 placeholder=0 empty=0 RAW=0
[docs/superpowers/specs/ledger/logs/B16ledgerC/20260923-145614/M31----------effectWrite--.log] masked=0 placeholder=0 empty=0 RAW=0
[docs/superpowers/specs/ledger/logs/B16ledgerC/20260923-145614/M32--------------M7--------.log] masked=0 placeholder=0 empty=0 RAW=0
[docs/superpowers/specs/ledger/logs/B17action/20260923-152256/00-control-go.log] masked=0 placeholder=0 empty=0 RAW=0
[docs/superpowers/specs/ledger/logs/B17action/20260923-152256/00-control-js.log] masked=0 placeholder=0 empty=0 RAW=0
[docs/superpowers/specs/ledger/logs/B17action/20260923-152256/00-run.log] masked=0 placeholder=0 empty=0 RAW=0
[docs/superpowers/specs/ledger/logs/B17action/20260923-152256/G1.log] masked=0 placeholder=0 empty=0 RAW=0
[docs/superpowers/specs/ledger/logs/B17action/20260923-152256/G2.log] masked=0 placeholder=0 empty=0 RAW=0
[docs/superpowers/specs/ledger/logs/B17action/20260923-152256/G3.log] masked=0 placeholder=0 empty=0 RAW=0
[docs/superpowers/specs/ledger/logs/B17action/20260923-152256/G4.log] masked=0 placeholder=0 empty=0 RAW=0
[docs/superpowers/specs/ledger/logs/B17action/20260923-152256/G5.log] masked=0 placeholder=0 empty=0 RAW=0
[docs/superpowers/specs/ledger/logs/B17action/20260923-152256/G6.log] masked=0 placeholder=0 empty=0 RAW=0
[docs/superpowers/specs/ledger/logs/B17action/20260923-152256/G7.log] masked=0 placeholder=0 empty=0 RAW=0
[docs/superpowers/specs/ledger/logs/B17action/20260923-152256/M1.log] masked=0 placeholder=0 empty=0 RAW=0
[docs/superpowers/specs/ledger/logs/B17action/20260923-152256/M10.log] masked=0 placeholder=0 empty=0 RAW=0
[docs/superpowers/specs/ledger/logs/B17action/20260923-152256/M11.log] masked=0 placeholder=0 empty=0 RAW=0
[docs/superpowers/specs/ledger/logs/B17action/20260923-152256/M2.log] masked=0 placeholder=0 empty=0 RAW=0
[docs/superpowers/specs/ledger/logs/B17action/20260923-152256/M3.log] masked=0 placeholder=0 empty=0 RAW=0
[docs/superpowers/specs/ledger/logs/B17action/20260923-152256/M4.log] masked=0 placeholder=0 empty=0 RAW=0
[docs/superpowers/specs/ledger/logs/B17action/20260923-152256/M5.log] masked=0 placeholder=0 empty=0 RAW=0
[docs/superpowers/specs/ledger/logs/B17action/20260923-152256/M6.log] masked=0 placeholder=0 empty=0 RAW=0
[docs/superpowers/specs/ledger/logs/B17action/20260923-152256/M7.log] masked=0 placeholder=0 empty=0 RAW=0
[docs/superpowers/specs/ledger/logs/B17action/20260923-152256/M8.log] masked=0 placeholder=0 empty=0 RAW=0
[docs/superpowers/specs/ledger/logs/B17action/20260923-152256/M9.log] masked=0 placeholder=0 empty=0 RAW=0
[docs/superpowers/specs/ledger/logs/B17action/20260923-161617/00-precondition-red.log] masked=0 placeholder=0 empty=0 RAW=0
[docs/superpowers/specs/ledger/logs/B17action/20260923-161617/00-run.log] masked=0 placeholder=0 empty=0 RAW=0
[docs/superpowers/specs/ledger/logs/CIwiring/20260923-153119/00-make-audit.log] masked=0 placeholder=0 empty=0 RAW=0
[docs/superpowers/specs/ledger/logs/CIwiring/20260923-153119/10-gate-selftest.log] masked=0 placeholder=0 empty=0 RAW=0
[docs/superpowers/specs/ledger/logs/CIwiring/20260923-153119/20-gitleaks-tipcommit.log] masked=0 placeholder=0 empty=0 RAW=0
[docs/superpowers/specs/ledger/logs/CIwiring/20260923-153119/30-gitleaks-worktree.log] masked=0 placeholder=0 empty=0 RAW=0
[docs/superpowers/specs/ledger/logs/CIwiring/20260923-172115/00-make-audit.log] masked=0 placeholder=0 empty=0 RAW=0
[docs/superpowers/specs/ledger/logs/CIwiring/20260923-172115/10-post9-gates.log] masked=0 placeholder=0 empty=0 RAW=0
[docs/superpowers/specs/ledger/logs/CIwiring/20260923-172115/20-cjk-two-trees.log] masked=0 placeholder=0 empty=0 RAW=0
[docs/superpowers/specs/ledger/logs/CIwiring/20260923-172115/40-gitleaks-final.log] masked=0 placeholder=0 empty=0 RAW=0
[docs/superpowers/specs/ledger/logs/CIwiring/20260923-172115/50-md-links.log] masked=0 placeholder=0 empty=0 RAW=0
[docs/superpowers/specs/ledger/logs/CIwiring/20260923-174539/60-password-shape-gate.log] masked=0 placeholder=0 empty=0 RAW=0
[docs/superpowers/specs/ledger/logs/CapAB/20260923-133538/00-summary.log] masked=0 placeholder=0 empty=0 RAW=0
[docs/superpowers/specs/ledger/logs/CapAB/20260923-133538/A@8234-r1.log] masked=1 placeholder=0 empty=0 RAW=0
[docs/superpowers/specs/ledger/logs/CapAB/20260923-133538/A@8234-r1.samples.log] masked=0 placeholder=0 empty=0 RAW=0
[docs/superpowers/specs/ledger/logs/CapAB/20260923-133538/B@8234-r1.log] masked=0 placeholder=0 empty=0 RAW=0
[docs/superpowers/specs/ledger/logs/CapAB/20260923-133538/B@8234-r1.samples.log] masked=0 placeholder=0 empty=0 RAW=0
[docs/superpowers/specs/ledger/logs/CapAB/20260923-134029/00-summary.log] masked=0 placeholder=0 empty=0 RAW=0
[docs/superpowers/specs/ledger/logs/CapAB/20260923-134029/A@8234-r1.log] masked=1 placeholder=0 empty=0 RAW=0
[docs/superpowers/specs/ledger/logs/CapAB/20260923-134029/A@8234-r1.samples.log] masked=0 placeholder=0 empty=0 RAW=0
[docs/superpowers/specs/ledger/logs/CapAB/20260923-134029/A@8234-r2.log] masked=0 placeholder=0 empty=0 RAW=0
[docs/superpowers/specs/ledger/logs/CapAB/20260923-134029/A@8234-r2.samples.log] masked=0 placeholder=0 empty=0 RAW=0
[docs/superpowers/specs/ledger/logs/CapAB/20260923-134029/A@8234-r3.log] masked=1 placeholder=0 empty=0 RAW=0
[docs/superpowers/specs/ledger/logs/CapAB/20260923-134029/A@8234-r3.samples.log] masked=0 placeholder=0 empty=0 RAW=0
[docs/superpowers/specs/ledger/logs/CapAB/20260923-134029/B@8234-r1.log] masked=0 placeholder=0 empty=0 RAW=0
[docs/superpowers/specs/ledger/logs/CapAB/20260923-134029/B@8234-r1.samples.log] masked=0 placeholder=0 empty=0 RAW=0
[docs/superpowers/specs/ledger/logs/CapAB/20260923-134029/B@8234-r2.log] masked=0 placeholder=0 empty=0 RAW=0
[docs/superpowers/specs/ledger/logs/CapAB/20260923-134029/B@8234-r2.samples.log] masked=0 placeholder=0 empty=0 RAW=0
[docs/superpowers/specs/ledger/logs/CapAB/20260923-134029/B@8234-r3.log] masked=0 placeholder=0 empty=0 RAW=0
[docs/superpowers/specs/ledger/logs/CapAB/20260923-134029/B@8234-r3.samples.log] masked=0 placeholder=0 empty=0 RAW=0
[docs/superpowers/specs/ledger/logs/CapAB/20260923-134115/00-summary.log] masked=0 placeholder=0 empty=0 RAW=0
[docs/superpowers/specs/ledger/logs/CapAB/20260923-134115/A@8232-r1.log] masked=0 placeholder=0 empty=0 RAW=0
[docs/superpowers/specs/ledger/logs/CapAB/20260923-134115/A@8232-r1.samples.log] masked=0 placeholder=0 empty=0 RAW=0
[docs/superpowers/specs/ledger/logs/CapAB/20260923-134129/00-summary.log] masked=0 placeholder=0 empty=0 RAW=0
[docs/superpowers/specs/ledger/logs/CapAB/20260923-134129/A@8201-r1.log] masked=0 placeholder=4 empty=0 RAW=0
[docs/superpowers/specs/ledger/logs/CapAB/20260923-134129/A@8201-r1.samples.log] masked=0 placeholder=0 empty=0 RAW=0
[docs/superpowers/specs/ledger/logs/CapAB/20260923-134129/B@8201-r1.log] masked=0 placeholder=4 empty=0 RAW=0
[docs/superpowers/specs/ledger/logs/CapAB/20260923-134129/B@8201-r1.samples.log] masked=0 placeholder=0 empty=0 RAW=0
[docs/superpowers/specs/ledger/logs/CapAB/20260923-134337/00-summary.log] masked=0 placeholder=0 empty=0 RAW=0
[docs/superpowers/specs/ledger/logs/CapAB/20260923-134337/full-A@8234-r1.log] masked=2 placeholder=0 empty=0 RAW=0
[docs/superpowers/specs/ledger/logs/CapAB/20260923-134337/full-A@8234-r1.samples.log] masked=0 placeholder=0 empty=0 RAW=0
[docs/superpowers/specs/ledger/logs/CapAB/20260923-134337/full-B@8234-r1.log] masked=0 placeholder=0 empty=0 RAW=0
[docs/superpowers/specs/ledger/logs/CapAB/20260923-134337/full-B@8234-r1.samples.log] masked=0 placeholder=0 empty=0 RAW=0
[docs/superpowers/specs/ledger/logs/CapAB/20260923-152743/00-summary.log] masked=0 placeholder=0 empty=0 RAW=0
[docs/superpowers/specs/ledger/logs/CapAB/20260923-152743/A@8234-r1.log] masked=1 placeholder=0 empty=0 RAW=0
[docs/superpowers/specs/ledger/logs/CapAB/20260923-152743/A@8234-r1.samples.log] masked=0 placeholder=0 empty=0 RAW=0
[docs/superpowers/specs/ledger/logs/CapAB/20260923-152743/A@8234-r2.log] masked=1 placeholder=0 empty=0 RAW=0
[docs/superpowers/specs/ledger/logs/CapAB/20260923-152743/A@8234-r2.samples.log] masked=0 placeholder=0 empty=0 RAW=0
[docs/superpowers/specs/ledger/logs/CapAB/20260923-152743/A@8234-r3.log] masked=1 placeholder=0 empty=0 RAW=0
[docs/superpowers/specs/ledger/logs/CapAB/20260923-152743/A@8234-r3.samples.log] masked=0 placeholder=0 empty=0 RAW=0
[docs/superpowers/specs/ledger/logs/CapAB/20260923-152743/B@8234-r1.log] masked=0 placeholder=0 empty=0 RAW=0
[docs/superpowers/specs/ledger/logs/CapAB/20260923-152743/B@8234-r1.samples.log] masked=0 placeholder=0 empty=0 RAW=0
[docs/superpowers/specs/ledger/logs/CapAB/20260923-152743/B@8234-r2.log] masked=0 placeholder=0 empty=0 RAW=0
[docs/superpowers/specs/ledger/logs/CapAB/20260923-152743/B@8234-r2.samples.log] masked=0 placeholder=0 empty=0 RAW=0
[docs/superpowers/specs/ledger/logs/CapAB/20260923-152743/B@8234-r3.log] masked=0 placeholder=0 empty=0 RAW=0
[docs/superpowers/specs/ledger/logs/CapAB/20260923-152743/B@8234-r3.samples.log] masked=0 placeholder=0 empty=0 RAW=0
[docs/superpowers/specs/ledger/logs/P503/20260923-150317/00-control-router.log] masked=0 placeholder=0 empty=0 RAW=0
[docs/superpowers/specs/ledger/logs/P503/20260923-150317/00-control-service.log] masked=0 placeholder=0 empty=0 RAW=0
[docs/superpowers/specs/ledger/logs/P503/20260923-150317/00-run.log] masked=0 placeholder=0 empty=0 RAW=0
[docs/superpowers/specs/ledger/logs/P503/20260923-150317/M1.log] masked=0 placeholder=0 empty=0 RAW=0
[docs/superpowers/specs/ledger/logs/P503/20260923-150317/M10.log] masked=0 placeholder=0 empty=0 RAW=0
[docs/superpowers/specs/ledger/logs/P503/20260923-150317/M11.log] masked=0 placeholder=0 empty=0 RAW=0
[docs/superpowers/specs/ledger/logs/P503/20260923-150317/M12.log] masked=0 placeholder=0 empty=0 RAW=0
[docs/superpowers/specs/ledger/logs/P503/20260923-150317/M13.log] masked=0 placeholder=0 empty=0 RAW=0
[docs/superpowers/specs/ledger/logs/P503/20260923-150317/M14.log] masked=0 placeholder=0 empty=0 RAW=0
[docs/superpowers/specs/ledger/logs/P503/20260923-150317/M15.log] masked=0 placeholder=0 empty=0 RAW=0
[docs/superpowers/specs/ledger/logs/P503/20260923-150317/M16.log] masked=0 placeholder=0 empty=0 RAW=0
[docs/superpowers/specs/ledger/logs/P503/20260923-150317/M17.log] masked=0 placeholder=0 empty=0 RAW=0
[docs/superpowers/specs/ledger/logs/P503/20260923-150317/M18.log] masked=0 placeholder=0 empty=0 RAW=0
[docs/superpowers/specs/ledger/logs/P503/20260923-150317/M19.log] masked=0 placeholder=0 empty=0 RAW=0
[docs/superpowers/specs/ledger/logs/P503/20260923-150317/M2.log] masked=0 placeholder=0 empty=0 RAW=0
[docs/superpowers/specs/ledger/logs/P503/20260923-150317/M20.log] masked=0 placeholder=0 empty=0 RAW=0
[docs/superpowers/specs/ledger/logs/P503/20260923-150317/M3.log] masked=0 placeholder=0 empty=0 RAW=0
[docs/superpowers/specs/ledger/logs/P503/20260923-150317/M3b.log] masked=0 placeholder=0 empty=0 RAW=0
[docs/superpowers/specs/ledger/logs/P503/20260923-150317/M4.log] masked=0 placeholder=0 empty=0 RAW=0
[docs/superpowers/specs/ledger/logs/P503/20260923-150317/M5.log] masked=0 placeholder=0 empty=0 RAW=0
[docs/superpowers/specs/ledger/logs/P503/20260923-150317/M5b.log] masked=0 placeholder=0 empty=0 RAW=0
[docs/superpowers/specs/ledger/logs/P503/20260923-150317/M6.log] masked=0 placeholder=0 empty=0 RAW=0
[docs/superpowers/specs/ledger/logs/P503/20260923-150317/M7.log] masked=0 placeholder=0 empty=0 RAW=0
[docs/superpowers/specs/ledger/logs/P503/20260923-150317/M8.log] masked=0 placeholder=0 empty=0 RAW=0
[docs/superpowers/specs/ledger/logs/P503/20260923-150317/M9.log] masked=0 placeholder=0 empty=0 RAW=0
[docs/superpowers/specs/ledger/logs/P503/20260923-150317/P1.log] masked=0 placeholder=0 empty=0 RAW=0
[docs/superpowers/specs/ledger/logs/P503/20260923-150317/X1.log] masked=0 placeholder=0 empty=0 RAW=0
[docs/superpowers/specs/ledger/logs/P701/20260923-132408/00-run.log] masked=0 placeholder=0 empty=0 RAW=0
[docs/superpowers/specs/ledger/logs/P701/20260923-132515/00-run.log] masked=0 placeholder=0 empty=0 RAW=0
[docs/superpowers/specs/ledger/logs/P701/20260923-151025/00-control-app.log] masked=0 placeholder=0 empty=0 RAW=0
[docs/superpowers/specs/ledger/logs/P701/20260923-151025/00-control-ctrl.log] masked=0 placeholder=0 empty=0 RAW=0
[docs/superpowers/specs/ledger/logs/P701/20260923-151025/00-control-db.log] masked=0 placeholder=0 empty=0 RAW=0
[docs/superpowers/specs/ledger/logs/P701/20260923-151025/00-control-gate.log] masked=0 placeholder=0 empty=0 RAW=0
[docs/superpowers/specs/ledger/logs/P701/20260923-151025/00-control-model.log] masked=0 placeholder=0 empty=0 RAW=0
[docs/superpowers/specs/ledger/logs/P701/20260923-151025/00-control-repo.log] masked=0 placeholder=0 empty=0 RAW=0
[docs/superpowers/specs/ledger/logs/P701/20260923-151025/00-control-route.log] masked=0 placeholder=0 empty=0 RAW=0
[docs/superpowers/specs/ledger/logs/P701/20260923-151025/00-control-svc.log] masked=0 placeholder=0 empty=0 RAW=0
[docs/superpowers/specs/ledger/logs/P701/20260923-151025/00-run.log] masked=0 placeholder=0 empty=0 RAW=0
[docs/superpowers/specs/ledger/logs/P701/20260923-151025/G1.log] masked=0 placeholder=0 empty=0 RAW=0
[docs/superpowers/specs/ledger/logs/P701/20260923-151025/G2.log] masked=0 placeholder=0 empty=0 RAW=0
[docs/superpowers/specs/ledger/logs/P701/20260923-151025/G3.log] masked=0 placeholder=0 empty=0 RAW=0
[docs/superpowers/specs/ledger/logs/P701/20260923-151025/G4.log] masked=0 placeholder=0 empty=0 RAW=0
[docs/superpowers/specs/ledger/logs/P701/20260923-151025/G5.log] masked=0 placeholder=0 empty=0 RAW=0
[docs/superpowers/specs/ledger/logs/P701/20260923-151025/K01.log] masked=0 placeholder=0 empty=0 RAW=0
[docs/superpowers/specs/ledger/logs/P701/20260923-151025/K03.log] masked=0 placeholder=0 empty=0 RAW=0
[docs/superpowers/specs/ledger/logs/P701/20260923-151025/K04.log] masked=0 placeholder=0 empty=0 RAW=0
[docs/superpowers/specs/ledger/logs/P701/20260923-151025/K06.log] masked=0 placeholder=0 empty=0 RAW=0
[docs/superpowers/specs/ledger/logs/P701/20260923-151025/K07.log] masked=0 placeholder=0 empty=0 RAW=0
[docs/superpowers/specs/ledger/logs/P701/20260923-151025/K08.log] masked=0 placeholder=0 empty=0 RAW=0
[docs/superpowers/specs/ledger/logs/P701/20260923-151025/K09.log] masked=0 placeholder=0 empty=0 RAW=0
[docs/superpowers/specs/ledger/logs/P701/20260923-151025/K10.log] masked=0 placeholder=0 empty=0 RAW=0
[docs/superpowers/specs/ledger/logs/P701/20260923-151025/K20.log] masked=0 placeholder=0 empty=0 RAW=0
[docs/superpowers/specs/ledger/logs/P701/20260923-151025/K21.log] masked=0 placeholder=0 empty=0 RAW=0
[docs/superpowers/specs/ledger/logs/P701/20260923-151025/K22.log] masked=0 placeholder=0 empty=0 RAW=0
[docs/superpowers/specs/ledger/logs/P701/20260923-151025/K23.log] masked=0 placeholder=0 empty=0 RAW=0
[docs/superpowers/specs/ledger/logs/P701/20260923-151025/K24.log] masked=0 placeholder=0 empty=0 RAW=0
[docs/superpowers/specs/ledger/logs/P701/20260923-151025/K30.log] masked=0 placeholder=0 empty=0 RAW=0
[docs/superpowers/specs/ledger/logs/P701/20260923-151025/K31.log] masked=0 placeholder=0 empty=0 RAW=0
[docs/superpowers/specs/ledger/logs/P701/20260923-151025/K32.log] masked=0 placeholder=0 empty=0 RAW=0
[docs/superpowers/specs/ledger/logs/P701/20260923-151025/K33.log] masked=0 placeholder=0 empty=0 RAW=0
[docs/superpowers/specs/ledger/logs/P701/20260923-151025/K34.log] masked=0 placeholder=0 empty=0 RAW=0
[docs/superpowers/specs/ledger/logs/P701/20260923-151025/K35.log] masked=0 placeholder=0 empty=0 RAW=0
[docs/superpowers/specs/ledger/logs/P701/20260923-151025/K36.log] masked=0 placeholder=0 empty=0 RAW=0
[docs/superpowers/specs/ledger/logs/P701/20260923-151025/K37.log] masked=0 placeholder=0 empty=0 RAW=0
[docs/superpowers/specs/ledger/logs/P701/20260923-151025/K38.log] masked=0 placeholder=0 empty=0 RAW=0
[docs/superpowers/specs/ledger/logs/P701/20260923-151025/K39.log] masked=0 placeholder=0 empty=0 RAW=0
[docs/superpowers/specs/ledger/logs/P701/20260923-151025/K40a.log] masked=0 placeholder=0 empty=0 RAW=0
[docs/superpowers/specs/ledger/logs/P701/20260923-151025/K40b.log] masked=0 placeholder=0 empty=0 RAW=0
[docs/superpowers/specs/ledger/logs/P701/20260923-151025/K41.log] masked=0 placeholder=0 empty=0 RAW=0
[docs/superpowers/specs/ledger/logs/P701/20260923-151025/K43.log] masked=0 placeholder=0 empty=0 RAW=0
[docs/superpowers/specs/ledger/logs/P701/20260923-151025/K44.log] masked=0 placeholder=0 empty=0 RAW=0
[docs/superpowers/specs/ledger/logs/P701/20260923-151025/K45.log] masked=0 placeholder=0 empty=0 RAW=0
[docs/superpowers/specs/ledger/logs/P701/20260923-151025/K46.log] masked=0 placeholder=0 empty=0 RAW=0
[docs/superpowers/specs/ledger/logs/P701/20260923-151025/K47.log] masked=0 placeholder=0 empty=0 RAW=0
[docs/superpowers/specs/ledger/logs/P701/20260923-151025/K48.log] masked=0 placeholder=0 empty=0 RAW=0
[docs/superpowers/specs/ledger/logs/P701/20260923-151025/K49.log] masked=0 placeholder=0 empty=0 RAW=0
[docs/superpowers/specs/ledger/logs/P701/20260923-151025/K50.log] masked=0 placeholder=0 empty=0 RAW=0
[docs/superpowers/specs/ledger/logs/P701/20260923-151025/K51.log] masked=0 placeholder=0 empty=0 RAW=0
[docs/superpowers/specs/ledger/logs/P701/20260923-151025/K52.log] masked=0 placeholder=0 empty=0 RAW=0
[docs/superpowers/specs/ledger/logs/P701/20260923-151025/K53.log] masked=0 placeholder=0 empty=0 RAW=0
[docs/superpowers/specs/ledger/logs/P701/20260923-151025/K54.log] masked=0 placeholder=0 empty=0 RAW=0
[docs/superpowers/specs/ledger/logs/P701/20260923-151025/K55.log] masked=0 placeholder=0 empty=0 RAW=0
[docs/superpowers/specs/ledger/logs/P701/20260923-151025/K56.log] masked=0 placeholder=0 empty=0 RAW=0
[docs/superpowers/specs/ledger/logs/P701/20260923-151025/K57.log] masked=0 placeholder=0 empty=0 RAW=0
[docs/superpowers/specs/ledger/logs/P701/20260923-151025/K58.log] masked=0 placeholder=0 empty=0 RAW=0
[docs/superpowers/specs/ledger/logs/P701/20260923-151025/K59.log] masked=0 placeholder=0 empty=0 RAW=0
[docs/superpowers/specs/ledger/logs/P701/20260923-151025/K60.log] masked=0 placeholder=0 empty=0 RAW=0
[docs/superpowers/specs/ledger/logs/P701/20260923-151025/K61.log] masked=0 placeholder=0 empty=0 RAW=0
[docs/superpowers/specs/ledger/logs/P701/20260923-151025/K62.log] masked=0 placeholder=0 empty=0 RAW=0
[docs/superpowers/specs/ledger/logs/P701/20260923-151025/K63.log] masked=0 placeholder=0 empty=0 RAW=0
[docs/superpowers/specs/ledger/logs/P701/20260923-151025/K64.log] masked=0 placeholder=0 empty=0 RAW=0
[docs/superpowers/specs/ledger/logs/P701/20260923-151025/K65.log] masked=0 placeholder=0 empty=0 RAW=0
[docs/superpowers/specs/ledger/logs/P701/20260923-151025/K66.log] masked=0 placeholder=0 empty=0 RAW=0
[docs/superpowers/specs/ledger/logs/P701/20260923-151025/K67.log] masked=0 placeholder=0 empty=0 RAW=0
[docs/superpowers/specs/ledger/logs/P701/20260923-151025/K68.log] masked=0 placeholder=0 empty=0 RAW=0
[docs/superpowers/specs/ledger/logs/P701/20260923-151025/K69.log] masked=0 placeholder=0 empty=0 RAW=0
[docs/superpowers/specs/ledger/logs/P701/20260923-151025/K70.log] masked=0 placeholder=0 empty=0 RAW=0
[docs/superpowers/specs/ledger/logs/P701/20260923-151025/K71.log] masked=0 placeholder=0 empty=0 RAW=0
[docs/superpowers/specs/ledger/logs/P701/20260923-151025/K72.log] masked=0 placeholder=0 empty=0 RAW=0
[docs/superpowers/specs/ledger/logs/P701/20260923-151025/K80.log] masked=0 placeholder=0 empty=0 RAW=0
[docs/superpowers/specs/ledger/logs/P701/20260923-151025/K81.log] masked=0 placeholder=0 empty=0 RAW=0
[docs/superpowers/specs/ledger/logs/P701/20260923-151025/K82.log] masked=0 placeholder=0 empty=0 RAW=0
[docs/superpowers/specs/ledger/logs/P701/20260923-151025/K83.log] masked=0 placeholder=0 empty=0 RAW=0
[docs/superpowers/specs/ledger/logs/P701/20260923-151025/K90.log] masked=0 placeholder=0 empty=0 RAW=0
[docs/superpowers/specs/ledger/logs/P701/20260923-151025/K91.log] masked=0 placeholder=0 empty=0 RAW=0
[docs/superpowers/specs/ledger/logs/P701/20260923-151025/K92.log] masked=0 placeholder=0 empty=0 RAW=0
[docs/superpowers/specs/ledger/logs/P701/20260923-151025/K93.log] masked=0 placeholder=0 empty=0 RAW=0
[docs/superpowers/specs/ledger/logs/P701/20260923-151025/K94.log] masked=0 placeholder=0 empty=0 RAW=0
[docs/superpowers/specs/ledger/logs/P701/20260923-151025/K95.log] masked=0 placeholder=0 empty=0 RAW=0
[docs/superpowers/specs/ledger/logs/P701/20260923-153646/00-run.log] masked=0 placeholder=0 empty=0 RAW=0
[docs/superpowers/specs/ledger/logs/P701/20260923-155401/00-run.log] masked=0 placeholder=0 empty=0 RAW=0
[docs/superpowers/specs/ledger/logs/P701/20260923-160203/00-run.log] masked=0 placeholder=0 empty=0 RAW=0
[docs/superpowers/specs/ledger/logs/P701/20260923-160753/00-run.log] masked=0 placeholder=0 empty=0 RAW=0
[docs/superpowers/specs/ledger/logs/P701/20260923-160821/00-control-app.log] masked=0 placeholder=0 empty=0 RAW=0
[docs/superpowers/specs/ledger/logs/P701/20260923-160821/00-control-ctrl.log] masked=0 placeholder=0 empty=0 RAW=0
[docs/superpowers/specs/ledger/logs/P701/20260923-160821/00-control-db.log] masked=0 placeholder=0 empty=0 RAW=0
[docs/superpowers/specs/ledger/logs/P701/20260923-160821/00-control-gate.log] masked=0 placeholder=0 empty=0 RAW=0
[docs/superpowers/specs/ledger/logs/P701/20260923-160821/00-control-model.log] masked=0 placeholder=0 empty=0 RAW=0
[docs/superpowers/specs/ledger/logs/P701/20260923-160821/00-control-repo.log] masked=0 placeholder=0 empty=0 RAW=0
[docs/superpowers/specs/ledger/logs/P701/20260923-160821/00-control-route.log] masked=0 placeholder=0 empty=0 RAW=0
[docs/superpowers/specs/ledger/logs/P701/20260923-160821/00-control-svc.log] masked=0 placeholder=0 empty=0 RAW=0
[docs/superpowers/specs/ledger/logs/P701/20260923-160821/00-run.log] masked=0 placeholder=0 empty=0 RAW=0
[docs/superpowers/specs/ledger/logs/P701/20260923-160821/G1.log] masked=0 placeholder=0 empty=0 RAW=0
[docs/superpowers/specs/ledger/logs/P701/20260923-160821/G2.log] masked=0 placeholder=0 empty=0 RAW=0
[docs/superpowers/specs/ledger/logs/P701/20260923-160821/G3.log] masked=0 placeholder=0 empty=0 RAW=0
[docs/superpowers/specs/ledger/logs/P701/20260923-160821/G4.log] masked=0 placeholder=0 empty=0 RAW=0
[docs/superpowers/specs/ledger/logs/P701/20260923-160821/G5.log] masked=0 placeholder=0 empty=0 RAW=0
[docs/superpowers/specs/ledger/logs/P701/20260923-160821/K01.log] masked=0 placeholder=0 empty=0 RAW=0
[docs/superpowers/specs/ledger/logs/P701/20260923-160821/K03.log] masked=0 placeholder=0 empty=0 RAW=0
[docs/superpowers/specs/ledger/logs/P701/20260923-160821/K04.log] masked=0 placeholder=0 empty=0 RAW=0
[docs/superpowers/specs/ledger/logs/P701/20260923-160821/K06.log] masked=0 placeholder=0 empty=0 RAW=0
[docs/superpowers/specs/ledger/logs/P701/20260923-160821/K07.log] masked=0 placeholder=0 empty=0 RAW=0
[docs/superpowers/specs/ledger/logs/P701/20260923-160821/K08.log] masked=0 placeholder=0 empty=0 RAW=0
[docs/superpowers/specs/ledger/logs/P701/20260923-160821/K09.log] masked=0 placeholder=0 empty=0 RAW=0
[docs/superpowers/specs/ledger/logs/P701/20260923-160821/K10.log] masked=0 placeholder=0 empty=0 RAW=0
[docs/superpowers/specs/ledger/logs/P701/20260923-160821/K20.log] masked=0 placeholder=0 empty=0 RAW=0
[docs/superpowers/specs/ledger/logs/P701/20260923-160821/K21.log] masked=0 placeholder=0 empty=0 RAW=0
[docs/superpowers/specs/ledger/logs/P701/20260923-160821/K22.log] masked=0 placeholder=0 empty=0 RAW=0
[docs/superpowers/specs/ledger/logs/P701/20260923-160821/K23.log] masked=0 placeholder=0 empty=0 RAW=0
[docs/superpowers/specs/ledger/logs/P701/20260923-160821/K24.log] masked=0 placeholder=0 empty=0 RAW=0
[docs/superpowers/specs/ledger/logs/P701/20260923-160821/K30.log] masked=0 placeholder=0 empty=0 RAW=0
[docs/superpowers/specs/ledger/logs/P701/20260923-160821/K31.log] masked=0 placeholder=0 empty=0 RAW=0
[docs/superpowers/specs/ledger/logs/P701/20260923-160821/K32.log] masked=0 placeholder=0 empty=0 RAW=0
[docs/superpowers/specs/ledger/logs/P701/20260923-160821/K33.log] masked=0 placeholder=0 empty=0 RAW=0
[docs/superpowers/specs/ledger/logs/P701/20260923-160821/K34.log] masked=0 placeholder=0 empty=0 RAW=0
[docs/superpowers/specs/ledger/logs/P701/20260923-160821/K35.log] masked=0 placeholder=0 empty=0 RAW=0
[docs/superpowers/specs/ledger/logs/P701/20260923-160821/K36.log] masked=0 placeholder=0 empty=0 RAW=0
[docs/superpowers/specs/ledger/logs/P701/20260923-160821/K37.log] masked=0 placeholder=0 empty=0 RAW=0
[docs/superpowers/specs/ledger/logs/P701/20260923-160821/K38.log] masked=0 placeholder=0 empty=0 RAW=0
[docs/superpowers/specs/ledger/logs/P701/20260923-160821/K39.log] masked=0 placeholder=0 empty=0 RAW=0
[docs/superpowers/specs/ledger/logs/P701/20260923-160821/K40a.log] masked=0 placeholder=0 empty=0 RAW=0
[docs/superpowers/specs/ledger/logs/P701/20260923-160821/K40b.log] masked=0 placeholder=0 empty=0 RAW=0
[docs/superpowers/specs/ledger/logs/P701/20260923-160821/K41.log] masked=0 placeholder=0 empty=0 RAW=0
[docs/superpowers/specs/ledger/logs/P701/20260923-160821/K43.log] masked=0 placeholder=0 empty=0 RAW=0
[docs/superpowers/specs/ledger/logs/P701/20260923-160821/K44.log] masked=0 placeholder=0 empty=0 RAW=0
[docs/superpowers/specs/ledger/logs/P701/20260923-160821/K45.log] masked=0 placeholder=0 empty=0 RAW=0
[docs/superpowers/specs/ledger/logs/P701/20260923-160821/K46.log] masked=0 placeholder=0 empty=0 RAW=0
[docs/superpowers/specs/ledger/logs/P701/20260923-160821/K47.log] masked=0 placeholder=0 empty=0 RAW=0
[docs/superpowers/specs/ledger/logs/P701/20260923-160821/K48.log] masked=0 placeholder=0 empty=0 RAW=0
[docs/superpowers/specs/ledger/logs/P701/20260923-160821/K49.log] masked=0 placeholder=0 empty=0 RAW=0
[docs/superpowers/specs/ledger/logs/P701/20260923-160821/K50.log] masked=0 placeholder=0 empty=0 RAW=0
[docs/superpowers/specs/ledger/logs/P701/20260923-160821/K51.log] masked=0 placeholder=0 empty=0 RAW=0
[docs/superpowers/specs/ledger/logs/P701/20260923-160821/K52.log] masked=0 placeholder=0 empty=0 RAW=0
[docs/superpowers/specs/ledger/logs/P701/20260923-160821/K53.log] masked=0 placeholder=0 empty=0 RAW=0
[docs/superpowers/specs/ledger/logs/P701/20260923-160821/K54.log] masked=0 placeholder=0 empty=0 RAW=0
[docs/superpowers/specs/ledger/logs/P701/20260923-160821/K55.log] masked=0 placeholder=0 empty=0 RAW=0
[docs/superpowers/specs/ledger/logs/P701/20260923-160821/K56.log] masked=0 placeholder=0 empty=0 RAW=0
[docs/superpowers/specs/ledger/logs/P701/20260923-160821/K57.log] masked=0 placeholder=0 empty=0 RAW=0
[docs/superpowers/specs/ledger/logs/P701/20260923-160821/K58.log] masked=0 placeholder=0 empty=0 RAW=0
[docs/superpowers/specs/ledger/logs/P701/20260923-160821/K59.log] masked=0 placeholder=0 empty=0 RAW=0
[docs/superpowers/specs/ledger/logs/P701/20260923-160821/K60.log] masked=0 placeholder=0 empty=0 RAW=0
[docs/superpowers/specs/ledger/logs/P701/20260923-160821/K61.log] masked=0 placeholder=0 empty=0 RAW=0
[docs/superpowers/specs/ledger/logs/P701/20260923-160821/K62.log] masked=0 placeholder=0 empty=0 RAW=0
[docs/superpowers/specs/ledger/logs/P701/20260923-160821/K63.log] masked=0 placeholder=0 empty=0 RAW=0
[docs/superpowers/specs/ledger/logs/P701/20260923-160821/K64.log] masked=0 placeholder=0 empty=0 RAW=0
[docs/superpowers/specs/ledger/logs/P701/20260923-160821/K65.log] masked=0 placeholder=0 empty=0 RAW=0
[docs/superpowers/specs/ledger/logs/P701/20260923-160821/K66.log] masked=0 placeholder=0 empty=0 RAW=0
[docs/superpowers/specs/ledger/logs/P701/20260923-160821/K67.log] masked=0 placeholder=0 empty=0 RAW=0
[docs/superpowers/specs/ledger/logs/P701/20260923-160821/K68.log] masked=0 placeholder=0 empty=0 RAW=0
[docs/superpowers/specs/ledger/logs/P701/20260923-160821/K69.log] masked=0 placeholder=0 empty=0 RAW=0
[docs/superpowers/specs/ledger/logs/P701/20260923-160821/K70.log] masked=0 placeholder=0 empty=0 RAW=0
[docs/superpowers/specs/ledger/logs/P701/20260923-160821/K71.log] masked=0 placeholder=0 empty=0 RAW=0
[docs/superpowers/specs/ledger/logs/P701/20260923-160821/K72.log] masked=0 placeholder=0 empty=0 RAW=0
[docs/superpowers/specs/ledger/logs/P701/20260923-160821/K80.log] masked=0 placeholder=0 empty=0 RAW=0
[docs/superpowers/specs/ledger/logs/P701/20260923-160821/K81.log] masked=0 placeholder=0 empty=0 RAW=0
[docs/superpowers/specs/ledger/logs/P701/20260923-160821/K82.log] masked=0 placeholder=0 empty=0 RAW=0
[docs/superpowers/specs/ledger/logs/P701/20260923-160821/K83.log] masked=0 placeholder=0 empty=0 RAW=0
[docs/superpowers/specs/ledger/logs/P701/20260923-160821/K90.log] masked=0 placeholder=0 empty=0 RAW=0
[docs/superpowers/specs/ledger/logs/P701/20260923-160821/K91.log] masked=0 placeholder=0 empty=0 RAW=0
[docs/superpowers/specs/ledger/logs/P701/20260923-160821/K92.log] masked=0 placeholder=0 empty=0 RAW=0
[docs/superpowers/specs/ledger/logs/P701/20260923-160821/K93.log] masked=0 placeholder=0 empty=0 RAW=0
[docs/superpowers/specs/ledger/logs/P701/20260923-160821/K94.log] masked=0 placeholder=0 empty=0 RAW=0
[docs/superpowers/specs/ledger/logs/P701/20260923-160821/K95.log] masked=0 placeholder=0 empty=0 RAW=0
[docs/superpowers/specs/ledger/logs/P701/20260923-164645/00-run.log] masked=0 placeholder=0 empty=0 RAW=0
[docs/superpowers/specs/ledger/logs/P701/20260923-164728/00-control-app.log] masked=0 placeholder=0 empty=0 RAW=0
[docs/superpowers/specs/ledger/logs/P701/20260923-164728/00-control-ctrl.log] masked=0 placeholder=0 empty=0 RAW=0
[docs/superpowers/specs/ledger/logs/P701/20260923-164728/00-run.log] masked=0 placeholder=0 empty=0 RAW=0
[docs/superpowers/specs/ledger/logs/P701/20260923-165140/00-control-app.log] masked=0 placeholder=0 empty=0 RAW=0
[docs/superpowers/specs/ledger/logs/P701/20260923-165140/00-control-ctrl.log] masked=0 placeholder=0 empty=0 RAW=0
[docs/superpowers/specs/ledger/logs/P701/20260923-165140/00-control-db.log] masked=0 placeholder=0 empty=0 RAW=0
[docs/superpowers/specs/ledger/logs/P701/20260923-165140/00-control-gate.log] masked=0 placeholder=0 empty=0 RAW=0
[docs/superpowers/specs/ledger/logs/P701/20260923-165140/00-control-model.log] masked=0 placeholder=0 empty=0 RAW=0
[docs/superpowers/specs/ledger/logs/P701/20260923-165140/00-control-repo.log] masked=0 placeholder=0 empty=0 RAW=0
[docs/superpowers/specs/ledger/logs/P701/20260923-165140/00-control-route.log] masked=0 placeholder=0 empty=0 RAW=0
[docs/superpowers/specs/ledger/logs/P701/20260923-165140/00-control-svc.log] masked=0 placeholder=0 empty=0 RAW=0
[docs/superpowers/specs/ledger/logs/P701/20260923-165140/00-run.log] masked=0 placeholder=0 empty=0 RAW=0
[docs/superpowers/specs/ledger/logs/P701/20260923-165140/G1.log] masked=0 placeholder=0 empty=0 RAW=0
[docs/superpowers/specs/ledger/logs/P701/20260923-165140/G2.log] masked=0 placeholder=0 empty=0 RAW=0
[docs/superpowers/specs/ledger/logs/P701/20260923-165140/G3.log] masked=0 placeholder=0 empty=0 RAW=0
[docs/superpowers/specs/ledger/logs/P701/20260923-165140/G4.log] masked=0 placeholder=0 empty=0 RAW=0
[docs/superpowers/specs/ledger/logs/P701/20260923-165140/G5.log] masked=0 placeholder=0 empty=0 RAW=0
[docs/superpowers/specs/ledger/logs/P701/20260923-165140/K01.log] masked=0 placeholder=0 empty=0 RAW=0
[docs/superpowers/specs/ledger/logs/P701/20260923-165140/K03.log] masked=0 placeholder=0 empty=0 RAW=0
[docs/superpowers/specs/ledger/logs/P701/20260923-165140/K04.log] masked=0 placeholder=0 empty=0 RAW=0
[docs/superpowers/specs/ledger/logs/P701/20260923-165140/K06.log] masked=0 placeholder=0 empty=0 RAW=0
[docs/superpowers/specs/ledger/logs/P701/20260923-165140/K07.log] masked=0 placeholder=0 empty=0 RAW=0
[docs/superpowers/specs/ledger/logs/P701/20260923-165140/K08.log] masked=0 placeholder=0 empty=0 RAW=0
[docs/superpowers/specs/ledger/logs/P701/20260923-165140/K09.log] masked=0 placeholder=0 empty=0 RAW=0
[docs/superpowers/specs/ledger/logs/P701/20260923-165140/K10.log] masked=0 placeholder=0 empty=0 RAW=0
[docs/superpowers/specs/ledger/logs/P701/20260923-165140/K20.log] masked=0 placeholder=0 empty=0 RAW=0
[docs/superpowers/specs/ledger/logs/P701/20260923-165140/K21.log] masked=0 placeholder=0 empty=0 RAW=0
[docs/superpowers/specs/ledger/logs/P701/20260923-165140/K22.log] masked=0 placeholder=0 empty=0 RAW=0
[docs/superpowers/specs/ledger/logs/P701/20260923-165140/K23.log] masked=0 placeholder=0 empty=0 RAW=0
[docs/superpowers/specs/ledger/logs/P701/20260923-165140/K24.log] masked=0 placeholder=0 empty=0 RAW=0
[docs/superpowers/specs/ledger/logs/P701/20260923-165140/K30-split.log] masked=0 placeholder=0 empty=0 RAW=0
[docs/superpowers/specs/ledger/logs/P701/20260923-165140/K30.log] masked=0 placeholder=0 empty=0 RAW=0
[docs/superpowers/specs/ledger/logs/P701/20260923-165140/K31.log] masked=0 placeholder=0 empty=0 RAW=0
[docs/superpowers/specs/ledger/logs/P701/20260923-165140/K32.log] masked=0 placeholder=0 empty=0 RAW=0
[docs/superpowers/specs/ledger/logs/P701/20260923-165140/K33.log] masked=0 placeholder=0 empty=0 RAW=0
[docs/superpowers/specs/ledger/logs/P701/20260923-165140/K34.log] masked=0 placeholder=0 empty=0 RAW=0
[docs/superpowers/specs/ledger/logs/P701/20260923-165140/K35.log] masked=0 placeholder=0 empty=0 RAW=0
[docs/superpowers/specs/ledger/logs/P701/20260923-165140/K36.log] masked=0 placeholder=0 empty=0 RAW=0
[docs/superpowers/specs/ledger/logs/P701/20260923-165140/K37.log] masked=0 placeholder=0 empty=0 RAW=0
[docs/superpowers/specs/ledger/logs/P701/20260923-165140/K38.log] masked=0 placeholder=0 empty=0 RAW=0
[docs/superpowers/specs/ledger/logs/P701/20260923-165140/K39.log] masked=0 placeholder=0 empty=0 RAW=0
[docs/superpowers/specs/ledger/logs/P701/20260923-165140/K40a.log] masked=0 placeholder=0 empty=0 RAW=0
[docs/superpowers/specs/ledger/logs/P701/20260923-165140/K40b.log] masked=0 placeholder=0 empty=0 RAW=0
[docs/superpowers/specs/ledger/logs/P701/20260923-165140/K41.log] masked=0 placeholder=0 empty=0 RAW=0
[docs/superpowers/specs/ledger/logs/P701/20260923-165140/K43.log] masked=0 placeholder=0 empty=0 RAW=0
[docs/superpowers/specs/ledger/logs/P701/20260923-165140/K44.log] masked=0 placeholder=0 empty=0 RAW=0
[docs/superpowers/specs/ledger/logs/P701/20260923-165140/K45.log] masked=0 placeholder=0 empty=0 RAW=0
[docs/superpowers/specs/ledger/logs/P701/20260923-165140/K46.log] masked=0 placeholder=0 empty=0 RAW=0
[docs/superpowers/specs/ledger/logs/P701/20260923-165140/K47.log] masked=0 placeholder=0 empty=0 RAW=0
[docs/superpowers/specs/ledger/logs/P701/20260923-165140/K48.log] masked=0 placeholder=0 empty=0 RAW=0
[docs/superpowers/specs/ledger/logs/P701/20260923-165140/K49.log] masked=0 placeholder=0 empty=0 RAW=0
[docs/superpowers/specs/ledger/logs/P701/20260923-165140/K50.log] masked=0 placeholder=0 empty=0 RAW=0
[docs/superpowers/specs/ledger/logs/P701/20260923-165140/K51.log] masked=0 placeholder=0 empty=0 RAW=0
[docs/superpowers/specs/ledger/logs/P701/20260923-165140/K52.log] masked=0 placeholder=0 empty=0 RAW=0
[docs/superpowers/specs/ledger/logs/P701/20260923-165140/K53.log] masked=0 placeholder=0 empty=0 RAW=0
[docs/superpowers/specs/ledger/logs/P701/20260923-165140/K54.log] masked=0 placeholder=0 empty=0 RAW=0
[docs/superpowers/specs/ledger/logs/P701/20260923-165140/K55.log] masked=0 placeholder=0 empty=0 RAW=0
[docs/superpowers/specs/ledger/logs/P701/20260923-165140/K56.log] masked=0 placeholder=0 empty=0 RAW=0
[docs/superpowers/specs/ledger/logs/P701/20260923-165140/K57.log] masked=0 placeholder=0 empty=0 RAW=0
[docs/superpowers/specs/ledger/logs/P701/20260923-165140/K58.log] masked=0 placeholder=0 empty=0 RAW=0
[docs/superpowers/specs/ledger/logs/P701/20260923-165140/K59.log] masked=0 placeholder=0 empty=0 RAW=0
[docs/superpowers/specs/ledger/logs/P701/20260923-165140/K60.log] masked=0 placeholder=0 empty=0 RAW=0
[docs/superpowers/specs/ledger/logs/P701/20260923-165140/K61.log] masked=0 placeholder=0 empty=0 RAW=0
[docs/superpowers/specs/ledger/logs/P701/20260923-165140/K62.log] masked=0 placeholder=0 empty=0 RAW=0
[docs/superpowers/specs/ledger/logs/P701/20260923-165140/K63.log] masked=0 placeholder=0 empty=0 RAW=0
[docs/superpowers/specs/ledger/logs/P701/20260923-165140/K64.log] masked=0 placeholder=0 empty=0 RAW=0
[docs/superpowers/specs/ledger/logs/P701/20260923-165140/K65.log] masked=0 placeholder=0 empty=0 RAW=0
[docs/superpowers/specs/ledger/logs/P701/20260923-165140/K66.log] masked=0 placeholder=0 empty=0 RAW=0
[docs/superpowers/specs/ledger/logs/P701/20260923-165140/K67.log] masked=0 placeholder=0 empty=0 RAW=0
[docs/superpowers/specs/ledger/logs/P701/20260923-165140/K68.log] masked=0 placeholder=0 empty=0 RAW=0
[docs/superpowers/specs/ledger/logs/P701/20260923-165140/K69.log] masked=0 placeholder=0 empty=0 RAW=0
[docs/superpowers/specs/ledger/logs/P701/20260923-165140/K70.log] masked=0 placeholder=0 empty=0 RAW=0
[docs/superpowers/specs/ledger/logs/P701/20260923-165140/K71.log] masked=0 placeholder=0 empty=0 RAW=0
[docs/superpowers/specs/ledger/logs/P701/20260923-165140/K72.log] masked=0 placeholder=0 empty=0 RAW=0
[docs/superpowers/specs/ledger/logs/P701/20260923-165140/K80.log] masked=0 placeholder=0 empty=0 RAW=0
[docs/superpowers/specs/ledger/logs/P701/20260923-165140/K81.log] masked=0 placeholder=0 empty=0 RAW=0
[docs/superpowers/specs/ledger/logs/P701/20260923-165140/K82.log] masked=0 placeholder=0 empty=0 RAW=0
[docs/superpowers/specs/ledger/logs/P701/20260923-165140/K83.log] masked=0 placeholder=0 empty=0 RAW=0
[docs/superpowers/specs/ledger/logs/P701/20260923-165140/K90.log] masked=0 placeholder=0 empty=0 RAW=0
[docs/superpowers/specs/ledger/logs/P701/20260923-165140/K91.log] masked=0 placeholder=0 empty=0 RAW=0
[docs/superpowers/specs/ledger/logs/P701/20260923-165140/K92.log] masked=0 placeholder=0 empty=0 RAW=0
[docs/superpowers/specs/ledger/logs/P701/20260923-165140/K93.log] masked=0 placeholder=0 empty=0 RAW=0
[docs/superpowers/specs/ledger/logs/P701/20260923-165140/K94.log] masked=0 placeholder=0 empty=0 RAW=0
[docs/superpowers/specs/ledger/logs/P701/20260923-165140/K95.log] masked=0 placeholder=0 empty=0 RAW=0
[docs/superpowers/specs/ledger/logs/P702hook/20260923-144412/00-control.log] masked=0 placeholder=0 empty=0 RAW=0
[docs/superpowers/specs/ledger/logs/P702hook/20260923-144412/00-run.log] masked=0 placeholder=0 empty=0 RAW=0
[docs/superpowers/specs/ledger/logs/P702hook/20260923-144412/DROP-----panic.log] masked=0 placeholder=0 empty=0 RAW=0
[docs/superpowers/specs/ledger/logs/P702hook/20260923-144412/nil-----.log] masked=0 placeholder=0 empty=0 RAW=0
[docs/superpowers/specs/ledger/logs/P702hook/20260923-153535/00-control.log] masked=0 placeholder=1 empty=0 RAW=0
[docs/superpowers/specs/ledger/logs/P702hook/20260923-153535/00-run.log] masked=0 placeholder=0 empty=0 RAW=0
[docs/superpowers/specs/ledger/logs/R22/20260923-143232/00-run.log] masked=0 placeholder=0 empty=0 RAW=0
[docs/superpowers/specs/ledger/logs/R22/20260923-143232/R1.log] masked=0 placeholder=0 empty=0 RAW=0
[docs/superpowers/specs/ledger/logs/R22/20260923-143232/R2.log] masked=0 placeholder=0 empty=0 RAW=0
[docs/superpowers/specs/ledger/logs/R22/20260923-143232/R3.log] masked=0 placeholder=0 empty=0 RAW=0
[docs/superpowers/specs/ledger/logs/R22/20260923-143232/R4.log] masked=0 placeholder=0 empty=0 RAW=0
[docs/superpowers/specs/ledger/logs/R22/20260923-143232/R5.log] masked=0 placeholder=0 empty=0 RAW=0
[docs/superpowers/specs/ledger/logs/R22/20260923-143232/R6.log] masked=0 placeholder=0 empty=0 RAW=0
[docs/superpowers/specs/ledger/logs/R22/20260923-143232/R8.log] masked=0 placeholder=0 empty=0 RAW=0
[docs/superpowers/specs/ledger/logs/R22/20260923-143232/R9.log] masked=0 placeholder=0 empty=0 RAW=0
[docs/superpowers/specs/ledger/logs/R22/20260923-143232/S1.log] masked=0 placeholder=0 empty=0 RAW=0
[docs/superpowers/specs/ledger/logs/R22/20260923-143232/S10.log] masked=0 placeholder=0 empty=0 RAW=0
[docs/superpowers/specs/ledger/logs/R22/20260923-143232/S2.log] masked=0 placeholder=0 empty=0 RAW=0
[docs/superpowers/specs/ledger/logs/R22/20260923-143232/S3.log] masked=0 placeholder=0 empty=0 RAW=0
[docs/superpowers/specs/ledger/logs/R22/20260923-143232/S4.log] masked=0 placeholder=0 empty=0 RAW=0
[docs/superpowers/specs/ledger/logs/R22/20260923-143232/S5.log] masked=0 placeholder=0 empty=0 RAW=0
[docs/superpowers/specs/ledger/logs/R22/20260923-143232/S6.log] masked=0 placeholder=0 empty=0 RAW=0
[docs/superpowers/specs/ledger/logs/R22/20260923-143232/S7.log] masked=0 placeholder=0 empty=0 RAW=0
[docs/superpowers/specs/ledger/logs/R22/20260923-143232/S8.log] masked=0 placeholder=0 empty=0 RAW=0
[docs/superpowers/specs/ledger/logs/R22/20260923-143232/S9.log] masked=0 placeholder=0 empty=0 RAW=0
[docs/superpowers/specs/ledger/logs/R22/20260923-143232/control_repository.log] masked=0 placeholder=0 empty=0 RAW=0
[docs/superpowers/specs/ledger/logs/R22/20260923-143232/control_service.log] masked=0 placeholder=0 empty=0 RAW=0
[docs/superpowers/specs/ledger/logs/R28/20260923-143021/00-control-gate.log] masked=0 placeholder=0 empty=0 RAW=0
[docs/superpowers/specs/ledger/logs/R28/20260923-143021/00-control-legs.log] masked=0 placeholder=0 empty=0 RAW=0
[docs/superpowers/specs/ledger/logs/R28/20260923-143021/00-run.log] masked=0 placeholder=0 empty=0 RAW=0
[docs/superpowers/specs/ledger/logs/R28/20260923-143021/A01-unlocked-IntentEnabled.log] masked=0 placeholder=0 empty=0 RAW=0
[docs/superpowers/specs/ledger/logs/R28/20260923-143021/A02-unlocked-aiReplyQuietHoursFn.log] masked=0 placeholder=0 empty=0 RAW=0
[docs/superpowers/specs/ledger/logs/R28/20260923-143021/A03-unlocked-approvalNowFn.log] masked=0 placeholder=0 empty=0 RAW=0
[docs/superpowers/specs/ledger/logs/R28/20260923-143021/A04-unlocked-approvalResumeTokFn.log] masked=0 placeholder=0 empty=0 RAW=0
[docs/superpowers/specs/ledger/logs/R28/20260923-143021/A05-unlocked-bridgeChannelOnlineProbe.log] masked=0 placeholder=0 empty=0 RAW=0
[docs/superpowers/specs/ledger/logs/R28/20260923-143021/A06-unlocked-dingtalkOpenAPIBase.log] masked=0 placeholder=0 empty=0 RAW=0
[docs/superpowers/specs/ledger/logs/R28/20260923-143021/A07-unlocked-dingtalkWebhookHostAllowed.log] masked=0 placeholder=0 empty=0 RAW=0
[docs/superpowers/specs/ledger/logs/R28/20260923-143021/A08-unlocked-dyAPIBaseOverride.log] masked=0 placeholder=0 empty=0 RAW=0
[docs/superpowers/specs/ledger/logs/R28/20260923-143021/A09-unlocked-dyMediaRetryBackoff.log] masked=0 placeholder=0 empty=0 RAW=0
[docs/superpowers/specs/ledger/logs/R28/20260923-143021/A10-unlocked-humanTaskNowFn.log] masked=0 placeholder=0 empty=0 RAW=0
[docs/superpowers/specs/ledger/logs/R28/20260923-143021/A11-unlocked-pollingLockRepo.log] masked=0 placeholder=0 empty=0 RAW=0
[docs/superpowers/specs/ledger/logs/R28/20260923-143021/A13-unlocked-qqAttachmentURLGuard.log] masked=0 placeholder=0 empty=0 RAW=0
[docs/superpowers/specs/ledger/logs/R28/20260923-143021/A14-unlocked-qqMaxMediaBytes.log] masked=0 placeholder=0 empty=0 RAW=0
[docs/superpowers/specs/ledger/logs/R28/20260923-143021/A15-unlocked-tgAPIBaseOverride.log] masked=0 placeholder=0 empty=0 RAW=0
[docs/superpowers/specs/ledger/logs/R28/20260923-143021/A16-unlocked-tgMaxMediaBytes.log] masked=0 placeholder=0 empty=0 RAW=0
[docs/superpowers/specs/ledger/logs/R28/20260923-143021/A17-unlocked-wechatAPIBase.log] masked=0 placeholder=0 empty=0 RAW=0
[docs/superpowers/specs/ledger/logs/R28/20260923-143021/B-narrow-race.log] masked=0 placeholder=0 empty=0 RAW=0
[docs/superpowers/specs/ledger/logs/R28/20260923-143021/C-all-race.log] masked=0 placeholder=0 empty=0 RAW=0
[docs/superpowers/specs/ledger/logs/R28/20260923-143021/R-bare-read-cross-package.log] masked=0 placeholder=0 empty=0 RAW=0
[docs/superpowers/specs/ledger/logs/R28/20260923-143021/R-bare-read-same-file.log] masked=0 placeholder=0 empty=0 RAW=0
[docs/superpowers/specs/ledger/logs/R28/20260923-143021/R-registry-blank-field.log] masked=0 placeholder=0 empty=0 RAW=0
[docs/superpowers/specs/ledger/logs/R28/20260923-143021/R-registry-duplicate.log] masked=0 placeholder=0 empty=0 RAW=0
[docs/superpowers/specs/ledger/logs/R28/20260923-143021/R-registry-empty.log] masked=0 placeholder=0 empty=0 RAW=0
[docs/superpowers/specs/ledger/logs/R28/20260923-143021/R-registry-missing.log] masked=0 placeholder=0 empty=0 RAW=0
[docs/superpowers/specs/ledger/logs/R28/20260923-143021/R-registry-short-row.log] masked=0 placeholder=0 empty=0 RAW=0
[docs/superpowers/specs/ledger/logs/R28/20260923-143021/R-registry-unknown-accessor.log] masked=0 placeholder=0 empty=0 RAW=0
[docs/superpowers/specs/ledger/logs/R28/20260923-143021/R-registry-unknown-file.log] masked=0 placeholder=0 empty=0 RAW=0
[docs/superpowers/specs/ledger/logs/R28/20260923-143021/R-setter-prefix-bad-shape.log] masked=0 placeholder=0 empty=0 RAW=0
[docs/superpowers/specs/ledger/logs/R28/20260923-143021/R-setter-prefix-no-such-func.log] masked=0 placeholder=0 empty=0 RAW=0
[docs/superpowers/specs/ledger/logs/R28/20260923-143021/R-setter-prefix-unknown-file.log] masked=0 placeholder=0 empty=0 RAW=0
[docs/superpowers/specs/ledger/logs/R30/20260923-132543/00-run.log] masked=0 placeholder=0 empty=0 RAW=0
[docs/superpowers/specs/ledger/logs/R30/20260923-141640/00-run.log] masked=0 placeholder=0 empty=0 RAW=0
[docs/superpowers/specs/ledger/logs/R30/20260923-141640/F1.log] masked=0 placeholder=0 empty=0 RAW=0
[docs/superpowers/specs/ledger/logs/R30/20260923-141640/F2.log] masked=0 placeholder=0 empty=0 RAW=0
[docs/superpowers/specs/ledger/logs/R30/20260923-141640/P1.log] masked=0 placeholder=0 empty=0 RAW=0
[docs/superpowers/specs/ledger/logs/R30/20260923-141640/P2.log] masked=0 placeholder=0 empty=0 RAW=0
[docs/superpowers/specs/ledger/logs/R30/20260923-141640/P3.log] masked=0 placeholder=0 empty=0 RAW=0
[docs/superpowers/specs/ledger/logs/R30/20260923-141640/S1.log] masked=0 placeholder=0 empty=0 RAW=0
[docs/superpowers/specs/ledger/logs/R30/20260923-141640/S10.log] masked=0 placeholder=0 empty=0 RAW=0
[docs/superpowers/specs/ledger/logs/R30/20260923-141640/S11.log] masked=0 placeholder=0 empty=0 RAW=0
[docs/superpowers/specs/ledger/logs/R30/20260923-141640/S12.log] masked=0 placeholder=0 empty=0 RAW=0
[docs/superpowers/specs/ledger/logs/R30/20260923-141640/S13.log] masked=0 placeholder=0 empty=0 RAW=0
[docs/superpowers/specs/ledger/logs/R30/20260923-141640/S14.log] masked=0 placeholder=0 empty=0 RAW=0
[docs/superpowers/specs/ledger/logs/R30/20260923-141640/S15.log] masked=0 placeholder=0 empty=0 RAW=0
[docs/superpowers/specs/ledger/logs/R30/20260923-141640/S16.log] masked=0 placeholder=0 empty=0 RAW=0
[docs/superpowers/specs/ledger/logs/R30/20260923-141640/S17.log] masked=0 placeholder=0 empty=0 RAW=0
[docs/superpowers/specs/ledger/logs/R30/20260923-141640/S18.log] masked=0 placeholder=0 empty=0 RAW=0
[docs/superpowers/specs/ledger/logs/R30/20260923-141640/S19.log] masked=0 placeholder=0 empty=0 RAW=0
[docs/superpowers/specs/ledger/logs/R30/20260923-141640/S2.log] masked=0 placeholder=0 empty=0 RAW=0
[docs/superpowers/specs/ledger/logs/R30/20260923-141640/S20.log] masked=0 placeholder=0 empty=0 RAW=0
[docs/superpowers/specs/ledger/logs/R30/20260923-141640/S21.log] masked=0 placeholder=0 empty=0 RAW=0
[docs/superpowers/specs/ledger/logs/R30/20260923-141640/S3.log] masked=0 placeholder=0 empty=0 RAW=0
[docs/superpowers/specs/ledger/logs/R30/20260923-141640/S4.log] masked=0 placeholder=0 empty=0 RAW=0
[docs/superpowers/specs/ledger/logs/R30/20260923-141640/S5.log] masked=0 placeholder=0 empty=0 RAW=0
[docs/superpowers/specs/ledger/logs/R30/20260923-141640/S6.log] masked=0 placeholder=0 empty=0 RAW=0
[docs/superpowers/specs/ledger/logs/R30/20260923-141640/S7.log] masked=0 placeholder=0 empty=0 RAW=0
[docs/superpowers/specs/ledger/logs/R30/20260923-141640/S8.log] masked=0 placeholder=0 empty=0 RAW=0
[docs/superpowers/specs/ledger/logs/R30/20260923-141640/S9.log] masked=0 placeholder=0 empty=0 RAW=0
[docs/superpowers/specs/ledger/logs/R30/20260923-141640/T1.log] masked=0 placeholder=0 empty=0 RAW=0
[docs/superpowers/specs/ledger/logs/R30/20260923-141640/T2.log] masked=0 placeholder=0 empty=0 RAW=0
[docs/superpowers/specs/ledger/logs/R30/20260923-141640/T3.log] masked=0 placeholder=0 empty=0 RAW=0
[docs/superpowers/specs/ledger/logs/R30/20260923-141640/connect.log] masked=0 placeholder=0 empty=0 RAW=0
[docs/superpowers/specs/ledger/logs/R30/20260923-141640/control_F17.log] masked=0 placeholder=0 empty=0 RAW=0
[docs/superpowers/specs/ledger/logs/R30/20260923-141640/control_POOL.log] masked=0 placeholder=0 empty=0 RAW=0
[docs/superpowers/specs/ledger/logs/R30/20260923-141640/control_SMS.log] masked=0 placeholder=0 empty=0 RAW=0
[docs/superpowers/specs/ledger/logs/R30/20260923-141640/control_TG.log] masked=0 placeholder=0 empty=0 RAW=0
[docs/superpowers/specs/ledger/logs/R30/20260923-141640/race_A_locked.log] masked=0 placeholder=0 empty=0 RAW=0
[docs/superpowers/specs/ledger/logs/R30/20260923-141640/race_B_Q-off.log] masked=0 placeholder=0 empty=0 RAW=0
[树内取证产物 n=494] masked=8 placeholder=9 empty=0 RAW=0
[审计文档] masked=1 placeholder=0 empty=0 RAW=8
  RAW命中 >> 审计文档:614: 值长=2 md5前8=17d79b2d
  RAW命中 >> 审计文档:940: 值长=21 md5前8=4df2e55b
  RAW命中 >> 审计文档:2013: 值长=1 md5前8=2f8ed7fa
  RAW命中 >> 审计文档:2158: 值长=21 md5前8=4e658378
  RAW命中 >> 审计文档:2182: 值长=20 md5前8=9d9f5741
  RAW命中 >> 审计文档:2256: 值长=22 md5前8=c1156f7b
  RAW命中 >> 审计文档:2859: 值长=38 md5前8=3d145ae8
  RAW命中 >> 审计文档:3079: 值长=1 md5前8=833344d5
判定：RAW 合计=9（须 0）⇒ 红
rc=
