# 把"真值包含闸"从一次性 /tmp 脚本升级成常驻件时，自己踩到并当场抓住的一类故障
# 产物：scripts/check-secret-containment.py（常驻，本机跑；**不入 CI**，因为候选集取自本机 .env 与容器 env，别人机器上取不到同一批值）

### 事故：键与值在字典里对调 ⇒ 闸把 11 枚候选口令**原样打到屏幕上**
升级时把并枚写成 `dedup = {v: k for k, v in …}` 再 `for k, v in list(dedup.items())` ⇒
`k` 装的是**值**、`v` 装的是**键名**。三处后果同时出现，且互相掩护：
- 屏上 `键 <一枚真值的前 12 字符，本档故意不抄>（值长=17）`——"键名"是一枚真值，"值长"是 `len("POSTGRES_PASSWORD")`；
- 全部计数打在**键名**上（键名当然在源码里到处出现）⇒ 11 枚全被单列成"公开常量"，`私有真值出现合计=0` 这句话当时是**空的**：闸从没比过真值；
- 反向自证照样报"有牙"（种进去的也是那枚键名字符串，+1 成立）。
读数对照（同一台机、同一棵树，只差这两行）：坏版 `反向自证：未种=22 种入=23`／`公开常量 11 栏、合计=1211`；
好版 `反向自证：未种=0 种入=1`／`公开常量 1 栏（HIVEMTK_ADMIN_PASS，值长 8，已跟踪源码 20 处）、合计=28`。

### 修法与"同类故障必被抓"的守卫
按值并枚、一律以 `(键名, 值)` 迭代；并在任何打印之前加形状断言：
`re.fullmatch(r"[A-Za-z_][A-Za-z0-9_]*", k)` 不成立 ⇒ 立刻 `return 2` 并打印 `疑似键/值对调，禁止输出`。
反向测（不靠嘴说）：把 `env_values` 替成 `("not a key shape!", "Zm9vYmFyMQ==XX")`、`container_values` 替成空，跑 `main()` ⇒
实测 `rc=2（须 2）`、`输出里是否出现那枚假值: False（须 False）`、末行正是 ABORT 那句 ⇒ 守卫成立。

### 泄露面复测（好版，对 500 份产物／本笔差异／文档／探针／整棵 tip 树 五面）
`候选真值枚数=11`；`反向自证：未种=0 种入=1 ⇒ 有牙`；`私有真值出现合计=0（须 0）`；`公开常量出现合计=28（另判）`；`rc=0`。
唯一公开常量那枚的归属与前面几档同（文档化默认弱口令串，命中在禁用词表与 `TestValidatePassword_ForbidCommon/<该串>` 的用例名里）。

### 半径与本档的自含
本档写之前，最后一次好版跑是"树内产物 500 份"（含 60–66 七档，不含本档 67）；本档之后磁盘为 501 份。
⇒ 这条闸的读数**永远不含它正要写下的那一份**，引用时按 §23.19 的"扫描半径"规矩处理。

### 必须如实记下的一笔（本机侧，非仓库侧）
坏版那一跑的 11 枚候选值打到了**会话输出**里：仓库、取证档、tip 树、双远端**均无**（好版复测 `私有真值出现合计=0` 就是这件事的证据）。
但会话转写文件（`~/.qoder-cn/projects/.../<session>.jsonl`）会把它留在本机磁盘上；这枚尾巴不在本泳道能改的字节里，
已登记为未覆盖面⑨的后半段（清理方式＝整份转写文件按机器策略处置，不能改单行——那会伪造取证链）。

### 最后一次编辑之后的终版复跑（文档 7-补2 与 8⑨ 段落下笔后）
把本档与文档里那枚"真值前 12 字符"的抄法改成不抄（`<一枚真值的前 12 字符，本档故意不抄>`）之后，三道门在最终字节上重跑：
- `python3 scripts/check-secret-containment.py` ⇒ `rc=0`；`候选真值枚数=11`；面：`树内产物 501 份／提交差异 71330 字节／文档＋探针 2 份／整棵 tip 树`；`反向自证：未种=0 种入=1 ⇒ 有牙`；`私有真值出现合计=0（须 0）`；`公开常量出现合计=28（另判，唯一一枚＝HIVEMTK_ADMIN_PASS 值长 8）`。
- `gitleaks detect --no-git --source docs/superpowers/specs/ledger/logs` ⇒ `rc=0`、`no leaks found`。
- `python3 scripts/check-md-links-offline.py` ⇒ `rc=0`、`扫描 162 个 md（CI 口径：只认 git 索引）`、`断链 0 处`。
半径照旧：本节这段追加的字节不在上面那一跑的"树内产物 501 份"里（那一次它还不存在）；文档面同理。磁盘现数仍 **501 份／12 轮次／32 趟次目录**（本档是既有文件的追加，未新增趟次目录，非 `.log` 仍 0）。
