
[1m[30m[46m RUN [49m[39m[22m [36mv4.1.11 [39m[90m/Users/xiaofang/Documents/www/go/hivemtk/hivemtk/user-web/bridge[39m

 [31m×[39m test/adapter-dedupkey-shape.test.js[2m > [22m4-D `_dedupKey` 键形硬承诺（channel-adapter.js:157 注释）[2m > [22m① 首条稳定键必须是裸 base，第二条起才带 #<n>[32m 6[2mms[22m[39m
[31m   → expected '2bvjuk0tju8' to be '2bvjuk0tju8#1' // Object.is equality[39m
 [31m×[39m test/adapter-dedupkey-shape.test.js[2m > [22m4-D `_dedupKey` 键形硬承诺（channel-adapter.js:157 注释）[2m > [22m② flush 到 localStorage 的首条记录仍是裸 base（注释里「落 localStorage」那半句）[32m 2[2mms[22m[39m
[31m   → expected 1 to be 2 // Object.is equality[39m
 [32m✓[39m test/adapter-dedupkey-shape.test.js[2m > [22m4-D `_dedupKey` 键形硬承诺（channel-adapter.js:157 注释）[2m > [22m③ 反向半边：老落盘的裸 base 记录必须被首扫命中，一条都不许多发[32m 0[2mms[22m[39m

[2m Test Files [22m [1m[31m1 failed[39m[22m[90m (1)[39m
[2m      Tests [22m [1m[31m2 failed[39m[22m[2m | [22m[1m[32m1 passed[39m[22m[90m (3)[39m
[2m   Start at [22m 03:53:39
[2m   Duration [22m 463ms[2m (transform 92ms, setup 0ms, import 117ms, tests 9ms, environment 226ms)[22m


[31m⎯⎯⎯⎯⎯⎯⎯[39m[1m[41m Failed Tests 2 [49m[22m[31m⎯⎯⎯⎯⎯⎯⎯[39m

[41m[1m FAIL [22m[49m test/adapter-dedupkey-shape.test.js[2m > [22m4-D `_dedupKey` 键形硬承诺（channel-adapter.js:157 注释）[2m > [22m① 首条稳定键必须是裸 base，第二条起才带 #<n>
[31m[1mAssertionError[22m: expected '2bvjuk0tju8' to be '2bvjuk0tju8#1' // Object.is equality[39m

Expected: [32m"2bvjuk0tju8[7m#1[27m"[39m
Received: [31m"2bvjuk0tju8"[39m

[36m [2m❯[22m test/adapter-dedupkey-shape.test.js:[2m75:47[22m[39m
    [90m 73|[39m     [34mexpect[39m(adapter[33m.[39m[34m_dedupKey[39m([33mCID[39m[33m,[39m parsed))[33m.[39m[34mtoBe[39m(base)[33m;[39m
    [90m 74|[39m     [34mexpect[39m(adapter[33m.[39m[34m_dedupKey[39m([33mCID[39m[33m,[39m parsed[33m,[39m [34m0[39m))[33m.[39m[34mtoBe[39m(base)[33m;[39m
    [90m 75|[39m     [34mexpect[39m(adapter[33m.[39m[34m_dedupKey[39m([33mCID[39m[33m,[39m parsed[33m,[39m [34m1[39m))[33m.[39m[34mtoBe[39m(second)[33m;[39m
    [90m   |[39m                                               [31m^[39m
    [90m 76|[39m     [34mexpect[39m(adapter[33m.[39m[34m_dedupKey[39m([33mCID[39m[33m,[39m parsed[33m,[39m [34m2[39m))[33m.[39m[34mtoBe[39m(third)[33m;[39m
    [90m 77|[39m     [90m// 巡检重访用的账本也必须同形：首条那条账的名字就是裸 base。[39m

[31m[2m⎯⎯⎯⎯⎯⎯⎯⎯⎯⎯⎯⎯⎯⎯⎯⎯⎯⎯⎯⎯⎯⎯⎯⎯[1/2]⎯[22m[39m

[41m[1m FAIL [22m[49m test/adapter-dedupkey-shape.test.js[2m > [22m4-D `_dedupKey` 键形硬承诺（channel-adapter.js:157 注释）[2m > [22m② flush 到 localStorage 的首条记录仍是裸 base（注释里「落 localStorage」那半句）
[31m[1mAssertionError[22m: expected 1 to be 2 // Object.is equality[39m

[32m- Expected[39m
[31m+ Received[39m

[32m- 2[39m
[31m+ 1[39m

[36m [2m❯[22m test/adapter-dedupkey-shape.test.js:[2m89:42[22m[39m
    [90m 87|[39m     adapter[33m.[39m[34mstart[39m({ onMessage[33m:[39m () [33m=>[39m {} })[33m;[39m
    [90m 88|[39m
    [90m 89|[39m     [34mexpect[39m(adapter[33m.[39m[34mgetMessages[39m()[33m.[39mlength)[33m.[39m[34mtoBe[39m([34m2[39m)[33m;[39m
    [90m   |[39m                                          [31m^[39m
    [90m 90|[39m     adapter[33m.[39m[34mstop[39m()[33m;[39m [90m// stop() 内 _saveSentKeys() 落盘[39m
    [90m 91|[39m

[31m[2m⎯⎯⎯⎯⎯⎯⎯⎯⎯⎯⎯⎯⎯⎯⎯⎯⎯⎯⎯⎯⎯⎯⎯⎯[2/2]⎯[22m[39m

