=== RUN   TestKbRelease_parseMode
2026-09-28T16:10:25+08:00 WRN [kb-release] FF_LTC_KB_CHANGE_GATE="banana" 无法识别 ⇒ 按 off 处理（召回不受版本闸门约束）；可用值：off|shadow|on component=user-server
2026-09-28T16:10:25+08:00 WRN [kb-release] FF_LTC_KB_CHANGE_GATE="on shadow" 无法识别 ⇒ 按 off 处理（召回不受版本闸门约束）；可用值：off|shadow|on component=user-server
--- PASS: TestKbRelease_parseMode (0.00s)
=== RUN   TestKbRelease_FalseyBooleansStayOff
--- PASS: TestKbRelease_FalseyBooleansStayOff (0.00s)
=== RUN   TestKbRelease_PredicateEmptyUnlessOn
--- PASS: TestKbRelease_PredicateEmptyUnlessOn (0.00s)
=== RUN   TestKbRelease_PredicateShape
    kbrelease_test.go:110: 谓词缺少片段 "retired_version <= kr.effective_version"：
        NOT EXISTS (
        	SELECT 1 FROM kb_releases kr
        	WHERE kr.product_id = knowledge_chunks.product_id
        	  AND kr.governed
        	  AND (knowledge_chunks.kb_version > kr.effective_version
        	       OR (knowledge_chunks.retired_version > 0
        	           AND knowledge_chunks.retired_version >= 0))
        )
--- FAIL: TestKbRelease_PredicateShape (0.00s)
=== RUN   TestKbRelease_ShadowsOrOn
--- PASS: TestKbRelease_ShadowsOrOn (0.00s)
=== RUN   TestKbRelease_ModeIsReadPerCall
--- PASS: TestKbRelease_ModeIsReadPerCall (0.00s)
=== RUN   TestKbRelease_WhereVisible
--- PASS: TestKbRelease_WhereVisible (0.00s)
=== RUN   TestKbRelease_FastPathsDoNoWork
--- PASS: TestKbRelease_FastPathsDoNoWork (0.00s)
=== RUN   TestKbRelease_DirectWriteBlockedOffEvenWithRow
--- PASS: TestKbRelease_DirectWriteBlockedOffEvenWithRow (0.00s)
=== RUN   TestKbRelease_StampForWriteOffLeavesRowsAlone
--- PASS: TestKbRelease_StampForWriteOffLeavesRowsAlone (0.00s)
=== RUN   TestKbRelease_LogWouldHideNeverBreaksSearch

2026/09/28 16:10:25 /private/var/folders/xw/pd_rr_z54w38gq41yfm8h7sm0000gn/T/p902mut-ghzc0yrw/clone/user-server/internal/pkg/kbrelease/kbrelease.go:219 dry run mode unsupported
[0.051ms] [rows:0] SELECT COUNT(*) FROM `knowledge_chunks` WHERE id IN (1,2,3) AND (EXISTS (
	SELECT 1 FROM kb_releases kr
	WHERE kr.product_id = knowledge_chunks.product_id
	  AND kr.governed
	  AND (knowledge_chunks.kb_version > kr.effective_version
	       OR (knowledge_chunks.retired_version > 0
	           AND knowledge_chunks.retired_version >= 0))
))
2026-09-28T16:10:25+08:00 WRN [kb-release] shadow 统计失败（unit-test product=p1）: dry run mode unsupported component=user-server
--- PASS: TestKbRelease_LogWouldHideNeverBreaksSearch (0.00s)
=== RUN   TestKbRelease_LogWouldHideNeedsRealRowsForZeroCount

2026/09/28 16:10:25 /private/var/folders/xw/pd_rr_z54w38gq41yfm8h7sm0000gn/T/p902mut-ghzc0yrw/clone/user-server/internal/pkg/kbrelease/kbrelease.go:219 dry run mode unsupported
[0.008ms] [rows:0] SELECT COUNT(*) FROM `knowledge_chunks` WHERE id IN (1,2,3) AND (EXISTS (
	SELECT 1 FROM kb_releases kr
	WHERE kr.product_id = knowledge_chunks.product_id
	  AND kr.governed
	  AND (knowledge_chunks.kb_version > kr.effective_version
	       OR (knowledge_chunks.retired_version > 0
	           AND knowledge_chunks.retired_version >= 0))
))
--- PASS: TestKbRelease_LogWouldHideNeedsRealRowsForZeroCount (0.00s)
=== RUN   TestKbRelease_ErrGovernedDirectWriteIsStandalone
--- PASS: TestKbRelease_ErrGovernedDirectWriteIsStandalone (0.00s)
=== RUN   TestKbRelease_UnknownValueWarns
=== RUN   TestKbRelease_UnknownValueWarns/拼错的值出声
=== RUN   TestKbRelease_UnknownValueWarns/两个合法值粘在一起也出声
=== RUN   TestKbRelease_UnknownValueWarns/off_不出声
=== RUN   TestKbRelease_UnknownValueWarns/shadow_不出声
=== RUN   TestKbRelease_UnknownValueWarns/on_不出声
=== RUN   TestKbRelease_UnknownValueWarns/布尔真值不出声（它有自己的档位，不是错值）
--- PASS: TestKbRelease_UnknownValueWarns (0.00s)
    --- PASS: TestKbRelease_UnknownValueWarns/拼错的值出声 (0.00s)
    --- PASS: TestKbRelease_UnknownValueWarns/两个合法值粘在一起也出声 (0.00s)
    --- PASS: TestKbRelease_UnknownValueWarns/off_不出声 (0.00s)
    --- PASS: TestKbRelease_UnknownValueWarns/shadow_不出声 (0.00s)
    --- PASS: TestKbRelease_UnknownValueWarns/on_不出声 (0.00s)
    --- PASS: TestKbRelease_UnknownValueWarns/布尔真值不出声（它有自己的档位，不是错值） (0.00s)
FAIL
FAIL	hivemtk-user/internal/pkg/kbrelease	0.335s
FAIL
