2026-09-28T16:44:51+08:00 WRN [SECURITY][WARN] USER_JWT_SECRET/JWT_SECRET 未配置，go test 进程使用固定测试密钥（仅用于单元测试） component=user-server
=== RUN   TestKbGate_RetrievalSitesHideUnpublished
=== RUN   TestKbGate_RetrievalSitesHideUnpublished/hybrid.vectorSearchPG/按库过滤/off
=== RUN   TestKbGate_RetrievalSitesHideUnpublished/hybrid.vectorSearchPG/按库过滤/shadow
=== RUN   TestKbGate_RetrievalSitesHideUnpublished/hybrid.vectorSearchPG/按库过滤/on
=== RUN   TestKbGate_RetrievalSitesHideUnpublished/hybrid.vectorSearchPG/跨库全量/off
=== RUN   TestKbGate_RetrievalSitesHideUnpublished/hybrid.vectorSearchPG/跨库全量/shadow
=== RUN   TestKbGate_RetrievalSitesHideUnpublished/hybrid.vectorSearchPG/跨库全量/on
=== RUN   TestKbGate_RetrievalSitesHideUnpublished/hybrid.tsvectorSearch/按库过滤/off
=== RUN   TestKbGate_RetrievalSitesHideUnpublished/hybrid.tsvectorSearch/按库过滤/shadow
=== RUN   TestKbGate_RetrievalSitesHideUnpublished/hybrid.tsvectorSearch/按库过滤/on
=== RUN   TestKbGate_RetrievalSitesHideUnpublished/hybrid.tsvectorSearch/跨库全量/off
=== RUN   TestKbGate_RetrievalSitesHideUnpublished/hybrid.tsvectorSearch/跨库全量/shadow
=== RUN   TestKbGate_RetrievalSitesHideUnpublished/hybrid.tsvectorSearch/跨库全量/on
=== RUN   TestKbGate_RetrievalSitesHideUnpublished/hybrid.keywordSearchPGFallback/按库过滤/off
=== RUN   TestKbGate_RetrievalSitesHideUnpublished/hybrid.keywordSearchPGFallback/按库过滤/shadow
=== RUN   TestKbGate_RetrievalSitesHideUnpublished/hybrid.keywordSearchPGFallback/按库过滤/on
=== RUN   TestKbGate_RetrievalSitesHideUnpublished/hybrid.keywordSearchPGFallback/跨库全量/off
=== RUN   TestKbGate_RetrievalSitesHideUnpublished/hybrid.keywordSearchPGFallback/跨库全量/shadow
=== RUN   TestKbGate_RetrievalSitesHideUnpublished/hybrid.keywordSearchPGFallback/跨库全量/on
=== RUN   TestKbGate_RetrievalSitesHideUnpublished/lexical.tryTSQuery/按库过滤/off
=== RUN   TestKbGate_RetrievalSitesHideUnpublished/lexical.tryTSQuery/按库过滤/shadow
=== RUN   TestKbGate_RetrievalSitesHideUnpublished/lexical.tryTSQuery/按库过滤/on
=== RUN   TestKbGate_RetrievalSitesHideUnpublished/lexical.tryTSQuery/跨库全量/off
=== RUN   TestKbGate_RetrievalSitesHideUnpublished/lexical.tryTSQuery/跨库全量/shadow
=== RUN   TestKbGate_RetrievalSitesHideUnpublished/lexical.tryTSQuery/跨库全量/on
=== RUN   TestKbGate_RetrievalSitesHideUnpublished/lexical.ilikeFallback/按库过滤/off
=== RUN   TestKbGate_RetrievalSitesHideUnpublished/lexical.ilikeFallback/按库过滤/shadow
=== RUN   TestKbGate_RetrievalSitesHideUnpublished/lexical.ilikeFallback/按库过滤/on
=== RUN   TestKbGate_RetrievalSitesHideUnpublished/lexical.ilikeFallback/跨库全量/off
=== RUN   TestKbGate_RetrievalSitesHideUnpublished/lexical.ilikeFallback/跨库全量/shadow
=== RUN   TestKbGate_RetrievalSitesHideUnpublished/lexical.ilikeFallback/跨库全量/on
=== RUN   TestKbGate_RetrievalSitesHideUnpublished/vector.SearchVector/按库过滤/off
=== RUN   TestKbGate_RetrievalSitesHideUnpublished/vector.SearchVector/按库过滤/shadow
=== RUN   TestKbGate_RetrievalSitesHideUnpublished/vector.SearchVector/按库过滤/on
=== RUN   TestKbGate_RetrievalSitesHideUnpublished/vector.SearchVector/跨库全量/off
=== RUN   TestKbGate_RetrievalSitesHideUnpublished/vector.SearchVector/跨库全量/shadow
=== RUN   TestKbGate_RetrievalSitesHideUnpublished/vector.SearchVector/跨库全量/on
=== RUN   TestKbGate_RetrievalSitesHideUnpublished/vector.Retrieve/按库过滤/off
=== RUN   TestKbGate_RetrievalSitesHideUnpublished/vector.Retrieve/按库过滤/shadow
=== RUN   TestKbGate_RetrievalSitesHideUnpublished/vector.Retrieve/按库过滤/on
=== RUN   TestKbGate_RetrievalSitesHideUnpublished/vector.Retrieve/跨库全量/off
=== RUN   TestKbGate_RetrievalSitesHideUnpublished/vector.Retrieve/跨库全量/shadow
=== RUN   TestKbGate_RetrievalSitesHideUnpublished/vector.Retrieve/跨库全量/on
--- PASS: TestKbGate_RetrievalSitesHideUnpublished (22.59s)
    --- PASS: TestKbGate_RetrievalSitesHideUnpublished/hybrid.vectorSearchPG/按库过滤/off (1.19s)
    --- PASS: TestKbGate_RetrievalSitesHideUnpublished/hybrid.vectorSearchPG/按库过滤/shadow (0.28s)
    --- PASS: TestKbGate_RetrievalSitesHideUnpublished/hybrid.vectorSearchPG/按库过滤/on (1.17s)
    --- PASS: TestKbGate_RetrievalSitesHideUnpublished/hybrid.vectorSearchPG/跨库全量/off (0.90s)
    --- PASS: TestKbGate_RetrievalSitesHideUnpublished/hybrid.vectorSearchPG/跨库全量/shadow (1.06s)
    --- PASS: TestKbGate_RetrievalSitesHideUnpublished/hybrid.vectorSearchPG/跨库全量/on (0.55s)
    --- PASS: TestKbGate_RetrievalSitesHideUnpublished/hybrid.tsvectorSearch/按库过滤/off (1.25s)
    --- PASS: TestKbGate_RetrievalSitesHideUnpublished/hybrid.tsvectorSearch/按库过滤/shadow (0.86s)
    --- PASS: TestKbGate_RetrievalSitesHideUnpublished/hybrid.tsvectorSearch/按库过滤/on (0.54s)
    --- PASS: TestKbGate_RetrievalSitesHideUnpublished/hybrid.tsvectorSearch/跨库全量/off (0.39s)
    --- PASS: TestKbGate_RetrievalSitesHideUnpublished/hybrid.tsvectorSearch/跨库全量/shadow (0.78s)
    --- PASS: TestKbGate_RetrievalSitesHideUnpublished/hybrid.tsvectorSearch/跨库全量/on (0.85s)
    --- PASS: TestKbGate_RetrievalSitesHideUnpublished/hybrid.keywordSearchPGFallback/按库过滤/off (1.20s)
    --- PASS: TestKbGate_RetrievalSitesHideUnpublished/hybrid.keywordSearchPGFallback/按库过滤/shadow (0.27s)
    --- PASS: TestKbGate_RetrievalSitesHideUnpublished/hybrid.keywordSearchPGFallback/按库过滤/on (0.32s)
    --- PASS: TestKbGate_RetrievalSitesHideUnpublished/hybrid.keywordSearchPGFallback/跨库全量/off (0.98s)
    --- PASS: TestKbGate_RetrievalSitesHideUnpublished/hybrid.keywordSearchPGFallback/跨库全量/shadow (0.33s)
    --- PASS: TestKbGate_RetrievalSitesHideUnpublished/hybrid.keywordSearchPGFallback/跨库全量/on (0.52s)
    --- PASS: TestKbGate_RetrievalSitesHideUnpublished/lexical.tryTSQuery/按库过滤/off (0.23s)
    --- PASS: TestKbGate_RetrievalSitesHideUnpublished/lexical.tryTSQuery/按库过滤/shadow (0.24s)
    --- PASS: TestKbGate_RetrievalSitesHideUnpublished/lexical.tryTSQuery/按库过滤/on (0.20s)
    --- PASS: TestKbGate_RetrievalSitesHideUnpublished/lexical.tryTSQuery/跨库全量/off (0.26s)
    --- PASS: TestKbGate_RetrievalSitesHideUnpublished/lexical.tryTSQuery/跨库全量/shadow (0.44s)
    --- PASS: TestKbGate_RetrievalSitesHideUnpublished/lexical.tryTSQuery/跨库全量/on (0.21s)
    --- PASS: TestKbGate_RetrievalSitesHideUnpublished/lexical.ilikeFallback/按库过滤/off (0.26s)
    --- PASS: TestKbGate_RetrievalSitesHideUnpublished/lexical.ilikeFallback/按库过滤/shadow (0.30s)
    --- PASS: TestKbGate_RetrievalSitesHideUnpublished/lexical.ilikeFallback/按库过滤/on (0.27s)
    --- PASS: TestKbGate_RetrievalSitesHideUnpublished/lexical.ilikeFallback/跨库全量/off (0.25s)
    --- PASS: TestKbGate_RetrievalSitesHideUnpublished/lexical.ilikeFallback/跨库全量/shadow (0.22s)
    --- PASS: TestKbGate_RetrievalSitesHideUnpublished/lexical.ilikeFallback/跨库全量/on (0.28s)
    --- PASS: TestKbGate_RetrievalSitesHideUnpublished/vector.SearchVector/按库过滤/off (0.32s)
    --- PASS: TestKbGate_RetrievalSitesHideUnpublished/vector.SearchVector/按库过滤/shadow (0.26s)
    --- PASS: TestKbGate_RetrievalSitesHideUnpublished/vector.SearchVector/按库过滤/on (0.23s)
    --- PASS: TestKbGate_RetrievalSitesHideUnpublished/vector.SearchVector/跨库全量/off (0.23s)
    --- PASS: TestKbGate_RetrievalSitesHideUnpublished/vector.SearchVector/跨库全量/shadow (0.14s)
    --- PASS: TestKbGate_RetrievalSitesHideUnpublished/vector.SearchVector/跨库全量/on (0.15s)
    --- PASS: TestKbGate_RetrievalSitesHideUnpublished/vector.Retrieve/按库过滤/off (0.15s)
    --- PASS: TestKbGate_RetrievalSitesHideUnpublished/vector.Retrieve/按库过滤/shadow (0.31s)
    --- PASS: TestKbGate_RetrievalSitesHideUnpublished/vector.Retrieve/按库过滤/on (0.22s)
    --- PASS: TestKbGate_RetrievalSitesHideUnpublished/vector.Retrieve/跨库全量/off (0.22s)
    --- PASS: TestKbGate_RetrievalSitesHideUnpublished/vector.Retrieve/跨库全量/shadow (0.18s)
    --- PASS: TestKbGate_RetrievalSitesHideUnpublished/vector.Retrieve/跨库全量/on (0.19s)
=== RUN   TestKbGate_EmbeddingSourceFilterStillApplies
--- PASS: TestKbGate_EmbeddingSourceFilterStillApplies (0.22s)
=== RUN   TestKbGate_TestSchemaCoversModelColumns
--- PASS: TestKbGate_TestSchemaCoversModelColumns (0.19s)
PASS
ok  	hivemtk-user/internal/aiagent/rag/retrieval	23.230s
