2026-09-28T16:45:40+08:00 WRN [SECURITY][WARN] USER_JWT_SECRET/JWT_SECRET 未配置，go test 进程使用固定测试密钥（仅用于单元测试） component=user-server
=== RUN   TestKBReleaseRepo_LockReleaseEnsuresRow
    kb_release_test.go:229: kb_releases 建行失败: ERROR: duplicate key value violates unique constraint "idx_kb_releases_product_id" (SQLSTATE 23505)
--- FAIL: TestKBReleaseRepo_LockReleaseEnsuresRow (0.59s)
=== RUN   TestKBReleaseRepo_SetGovernedIdempotent
    kb_release_test.go:270: 第 2 次启用失败: kb_releases 建行失败: ERROR: duplicate key value violates unique constraint "idx_kb_releases_product_id" (SQLSTATE 23505)
--- FAIL: TestKBReleaseRepo_SetGovernedIdempotent (0.23s)
=== RUN   TestKBReleaseRepo_PublishJudgments
=== RUN   TestKBReleaseRepo_PublishJudgments/没进发布制的库拒绝发布
    kb_release_test.go:331: 实得 kb_releases 建行失败: ERROR: duplicate key value violates unique constraint "idx_kb_releases_product_id" (SQLSTATE 23505)
    kb_release_test.go:334: 报错要点名是哪个库："kb_releases 建行失败: ERROR: duplicate key value violates unique constraint \"idx_kb_releases_product_id\" (SQLSTATE 23505)"
=== RUN   TestKBReleaseRepo_PublishJudgments/既没变更又没待发布桶
    kb_release_test.go:343: 实得 kb_releases 建行失败: ERROR: duplicate key value violates unique constraint "idx_kb_releases_product_id" (SQLSTATE 23505)
=== RUN   TestKBReleaseRepo_PublishJudgments/桶号不高于在服版本就停下
    kb_release_test.go:362: 实得 kb_releases 建行失败: ERROR: duplicate key value violates unique constraint "idx_kb_releases_product_id" (SQLSTATE 23505)
=== RUN   TestKBReleaseRepo_PublishJudgments/跨号发布被禁令挡住
    kb_release_test.go:375: 禁令没开火：跨过一次被回滚的版本会静默复活那段语料，实得 kb_releases 建行失败: ERROR: duplicate key value violates unique constraint "idx_kb_releases_product_id" (SQLSTATE 23505)
=== RUN   TestKBReleaseRepo_PublishJudgments/缺归属或操作者
=== RUN   TestKBReleaseRepo_PublishJudgments/未装配底座
--- FAIL: TestKBReleaseRepo_PublishJudgments (1.01s)
    --- FAIL: TestKBReleaseRepo_PublishJudgments/没进发布制的库拒绝发布 (0.23s)
    --- FAIL: TestKBReleaseRepo_PublishJudgments/既没变更又没待发布桶 (0.20s)
    --- FAIL: TestKBReleaseRepo_PublishJudgments/桶号不高于在服版本就停下 (0.14s)
    --- FAIL: TestKBReleaseRepo_PublishJudgments/跨号发布被禁令挡住 (0.22s)
    --- PASS: TestKBReleaseRepo_PublishJudgments/缺归属或操作者 (0.21s)
    --- PASS: TestKBReleaseRepo_PublishJudgments/未装配底座 (0.00s)
=== RUN   TestKBReleaseRepo_PublishRejectsBadChanges
=== RUN   TestKBReleaseRepo_PublishRejectsBadChanges/add_无内容
    kb_release_test.go:434: 要的错误 "必须有内容" 没出现，实得 kb_releases 建行失败: ERROR: duplicate key value violates unique constraint "idx_kb_releases_product_id" (SQLSTATE 23505)
=== RUN   TestKBReleaseRepo_PublishRejectsBadChanges/add_无文档
    kb_release_test.go:434: 要的错误 "必须指定 document_id" 没出现，实得 kb_releases 建行失败: ERROR: duplicate key value violates unique constraint "idx_kb_releases_product_id" (SQLSTATE 23505)
=== RUN   TestKBReleaseRepo_PublishRejectsBadChanges/未知动作
    kb_release_test.go:434: 要的错误 "未知变更动作" 没出现，实得 kb_releases 建行失败: ERROR: duplicate key value violates unique constraint "idx_kb_releases_product_id" (SQLSTATE 23505)
=== RUN   TestKBReleaseRepo_PublishRejectsBadChanges/revise_目标不存在
    kb_release_test.go:434: 要的错误 "不存在" 没出现，实得 kb_releases 建行失败: ERROR: duplicate key value violates unique constraint "idx_kb_releases_product_id" (SQLSTATE 23505)
=== RUN   TestKBReleaseRepo_PublishRejectsBadChanges/retire_目标不存在
    kb_release_test.go:434: 要的错误 "不存在" 没出现，实得 kb_releases 建行失败: ERROR: duplicate key value violates unique constraint "idx_kb_releases_product_id" (SQLSTATE 23505)
=== RUN   TestKBReleaseRepo_PublishRejectsBadChanges/retire_目标属于别库
    kb_release_test.go:434: 要的错误 "与本变更的库" 没出现，实得 kb_releases 建行失败: ERROR: duplicate key value violates unique constraint "idx_kb_releases_product_id" (SQLSTATE 23505)
=== RUN   TestKBReleaseRepo_PublishRejectsBadChanges/revise_目标属于别库
    kb_release_test.go:434: 要的错误 "与本变更的库" 没出现，实得 kb_releases 建行失败: ERROR: duplicate key value violates unique constraint "idx_kb_releases_product_id" (SQLSTATE 23505)
=== NAME  TestKBReleaseRepo_PublishRejectsBadChanges
    kb_release_test.go:455: 已退役目标要拒，实得 kb_releases 建行失败: ERROR: duplicate key value violates unique constraint "idx_kb_releases_product_id" (SQLSTATE 23505)
    kb_release_test.go:458: 目标冲突的 sentinel 身份丢了：kb_releases 建行失败: ERROR: duplicate key value violates unique constraint "idx_kb_releases_product_id" (SQLSTATE 23505)
--- FAIL: TestKBReleaseRepo_PublishRejectsBadChanges (0.45s)
    --- FAIL: TestKBReleaseRepo_PublishRejectsBadChanges/add_无内容 (0.00s)
    --- FAIL: TestKBReleaseRepo_PublishRejectsBadChanges/add_无文档 (0.00s)
    --- FAIL: TestKBReleaseRepo_PublishRejectsBadChanges/未知动作 (0.00s)
    --- FAIL: TestKBReleaseRepo_PublishRejectsBadChanges/revise_目标不存在 (0.00s)
    --- FAIL: TestKBReleaseRepo_PublishRejectsBadChanges/retire_目标不存在 (0.00s)
    --- FAIL: TestKBReleaseRepo_PublishRejectsBadChanges/retire_目标属于别库 (0.00s)
    --- FAIL: TestKBReleaseRepo_PublishRejectsBadChanges/revise_目标属于别库 (0.00s)
=== RUN   TestKBReleaseRepo_PublishRolledBackWhenChangeNotPending
    kb_release_test.go:483: 要的是发布回滚，实得 kb_releases 建行失败: ERROR: duplicate key value violates unique constraint "idx_kb_releases_product_id" (SQLSTATE 23505)
--- FAIL: TestKBReleaseRepo_PublishRolledBackWhenChangeNotPending (0.23s)
=== RUN   TestKBReleaseRepo_PublishAddStampsAndAdvances
    kb_release_test.go:524: kb_releases 建行失败: ERROR: duplicate key value violates unique constraint "idx_kb_releases_product_id" (SQLSTATE 23505)
--- FAIL: TestKBReleaseRepo_PublishAddStampsAndAdvances (0.20s)
=== RUN   TestKBReleaseRepo_PublishPublishesDraftBucket
    kb_release_test.go:628: 有待发布桶就不算"没内容可发": kb_releases 建行失败: ERROR: duplicate key value violates unique constraint "idx_kb_releases_product_id" (SQLSTATE 23505)
--- FAIL: TestKBReleaseRepo_PublishPublishesDraftBucket (0.29s)
=== RUN   TestKBReleaseRepo_ReviseAndRetireShape
    kb_release_test.go:663: kb_releases 建行失败: ERROR: duplicate key value violates unique constraint "idx_kb_releases_product_id" (SQLSTATE 23505)
--- FAIL: TestKBReleaseRepo_ReviseAndRetireShape (0.19s)
=== RUN   TestKBReleaseRepo_RollbackTouchesNoCorpus
    kb_release_test.go:725: kb_releases 建行失败: ERROR: duplicate key value violates unique constraint "idx_kb_releases_product_id" (SQLSTATE 23505)
--- FAIL: TestKBReleaseRepo_RollbackTouchesNoCorpus (0.18s)
=== RUN   TestKBReleaseRepo_PointerMovesRefuseCleanRows
    kb_release_test.go:808: 没发布过就该答"没有上一版"，实得 kb_releases 建行失败: ERROR: duplicate key value violates unique constraint "idx_kb_releases_product_id" (SQLSTATE 23505)
    kb_release_test.go:811: 没回滚过就该答"没有可放回的版本"，实得 kb_releases 建行失败: ERROR: duplicate key value violates unique constraint "idx_kb_releases_product_id" (SQLSTATE 23505)
--- FAIL: TestKBReleaseRepo_PointerMovesRefuseCleanRows (0.12s)
=== RUN   TestKBReleaseRepo_CountChunksInForce
    kb_release_test.go:843: kb_releases 建行失败: ERROR: duplicate key value violates unique constraint "idx_kb_releases_product_id" (SQLSTATE 23505)
--- FAIL: TestKBReleaseRepo_CountChunksInForce (0.18s)
=== RUN   TestKBReleaseRepo_DirectWriteBlockedWithRealRows
=== RUN   TestKBReleaseRepo_DirectWriteBlockedWithRealRows/off_档不拦（即使已治理）
=== RUN   TestKBReleaseRepo_DirectWriteBlockedWithRealRows/shadow_档不拦
=== RUN   TestKBReleaseRepo_DirectWriteBlockedWithRealRows/on_档拦已治理的库
=== RUN   TestKBReleaseRepo_DirectWriteBlockedWithRealRows/on_档放行未治理
=== RUN   TestKBReleaseRepo_DirectWriteBlockedWithRealRows/on_档放行没有行的库
=== RUN   TestKBReleaseRepo_DirectWriteBlockedWithRealRows/空库号不拦
--- PASS: TestKBReleaseRepo_DirectWriteBlockedWithRealRows (0.13s)
    --- PASS: TestKBReleaseRepo_DirectWriteBlockedWithRealRows/off_档不拦（即使已治理） (0.00s)
    --- PASS: TestKBReleaseRepo_DirectWriteBlockedWithRealRows/shadow_档不拦 (0.00s)
    --- PASS: TestKBReleaseRepo_DirectWriteBlockedWithRealRows/on_档拦已治理的库 (0.00s)
    --- PASS: TestKBReleaseRepo_DirectWriteBlockedWithRealRows/on_档放行未治理 (0.00s)
    --- PASS: TestKBReleaseRepo_DirectWriteBlockedWithRealRows/on_档放行没有行的库 (0.00s)
    --- PASS: TestKBReleaseRepo_DirectWriteBlockedWithRealRows/空库号不拦 (0.00s)
=== RUN   TestKBReleaseRepo_StampForWriteRealRows
--- PASS: TestKBReleaseRepo_StampForWriteRealRows (0.10s)
=== RUN   TestKBReleaseRepo_EnsureDraftStampConcurrent
--- PASS: TestKBReleaseRepo_EnsureDraftStampConcurrent (0.13s)
=== RUN   TestKBReleaseRepo_ChangeViews
--- PASS: TestKBReleaseRepo_ChangeViews (0.11s)
=== RUN   TestKBReleaseRepo_ClampsAreExact
--- PASS: TestKBReleaseRepo_ClampsAreExact (0.46s)
=== RUN   TestKBReleaseRepo_WithdrawCAS
--- PASS: TestKBReleaseRepo_WithdrawCAS (0.13s)
=== RUN   TestKBReleaseRepo_AuditShape
--- PASS: TestKBReleaseRepo_AuditShape (0.14s)
=== RUN   TestKBReleaseRepo_UnavailableEveryMethod
--- PASS: TestKBReleaseRepo_UnavailableEveryMethod (0.00s)
FAIL
FAIL	hivemtk-user/internal/repository	5.089s
FAIL
