[90m2026-09-23T14:45:23+08:00[0m [33mWRN[0m [1m[SECURITY][WARN] USER_JWT_SECRET/JWT_SECRET 未配置，go test 进程使用固定测试密钥（仅用于单元测试）[0m [36mcomponent=[0muser-server
=== RUN   TestSendGateOrderedBeforeSentLedger
--- PASS: TestSendGateOrderedBeforeSentLedger (0.00s)
=== RUN   TestWSE2E_LedgerWriteFailureAbortsBeforeSend
[90m2026-09-23T14:45:24+08:00[0m [32mINF[0m [1m[BrowserHost] Host 已注册 user=9301 version=1.5.0-e2e pid=24572[0m [36mcomponent=[0muser-server
[90m2026-09-23T14:45:24+08:00[0m [32mINF[0m [1m[BrowserHost] 注册探针通过（应用面可服务）user=9301 pid=24572[0m [36mcomponent=[0muser-server
[90m2026-09-23T14:45:28+08:00[0m [33mWRN[0m [1m[BrowserExec] 写台账落库失败 step=4 state=prepared（含重试共 3 次）: dial tcp 127.0.0.1:8232: connect: connection refused[0m [36mcomponent=[0muser-server
[90m2026-09-23T14:45:28+08:00[0m [33mWRN[0m [1m[BrowserExec] step 失败 session=1 idx=3 action=post_comment attempt=0: post_comment 未提交（prepared 台账未落，点击从未发生，本会话写能力已降级）: 写台账落库失败（dial tcp 127.0.0.1:8232: connect: connection refused）: 台账未落，本会话写能力已降级[0m [36mcomponent=[0muser-server
[90m2026-09-23T14:45:28+08:00[0m [33mWRN[0m [1m[BrowserHost] 连接读失败 user=9301: websocket: close 1006 (abnormal closure): unexpected EOF[0m [36mcomponent=[0muser-server
--- PASS: TestWSE2E_LedgerWriteFailureAbortsBeforeSend (4.99s)
=== RUN   TestWSE2E_LedgerWriteFailureDegradesRestOfSession
[90m2026-09-23T14:45:28+08:00[0m [32mINF[0m [1m[BrowserHost] Host 已注册 user=9301 version=1.5.0-e2e pid=24572[0m [36mcomponent=[0muser-server
[90m2026-09-23T14:45:28+08:00[0m [32mINF[0m [1m[BrowserHost] 注册探针通过（应用面可服务）user=9301 pid=24572[0m [36mcomponent=[0muser-server
[90m2026-09-23T14:45:30+08:00[0m [33mWRN[0m [1m[BrowserExec] 写台账落库失败 step=2 state=prepared（含重试共 3 次）: dial tcp 127.0.0.1:8232: connect: connection refused[0m [36mcomponent=[0muser-server
[90m2026-09-23T14:45:30+08:00[0m [33mWRN[0m [1m[BrowserExec] step 失败 session=1 idx=1 action=post_comment attempt=0: post_comment 未提交（prepared 台账未落，点击从未发生，本会话写能力已降级）: 写台账落库失败（dial tcp 127.0.0.1:8232: connect: connection refused）: 台账未落，本会话写能力已降级[0m [36mcomponent=[0muser-server
    write_ledger_b16_test.go:118: comment_prep=2 want 1——第二个写步必须一帧都不下发（台账已不可信）
    write_ledger_b16_test.go:121: comment_send=1 want 0
    write_ledger_b16_test.go:129: 第二个写步 status=success want failed
    write_ledger_b16_test.go:132: 第二个写步须写明降级原因，got ""
    write_ledger_b16_test.go:135: 被拒绝下发的步不得有台账态，got verified
[90m2026-09-23T14:45:32+08:00[0m [33mWRN[0m [1m[BrowserHost] 连接读失败 user=9301: websocket: close 1006 (abnormal closure): unexpected EOF[0m [36mcomponent=[0muser-server
--- FAIL: TestWSE2E_LedgerWriteFailureDegradesRestOfSession (3.79s)
=== RUN   TestWSE2E_SentLedgerGapStillBlocksRetryRound
[90m2026-09-23T14:45:32+08:00[0m [32mINF[0m [1m[BrowserHost] Host 已注册 user=9301 version=1.5.0-e2e pid=24572[0m [36mcomponent=[0muser-server
[90m2026-09-23T14:45:32+08:00[0m [32mINF[0m [1m[BrowserHost] 注册探针通过（应用面可服务）user=9301 pid=24572[0m [36mcomponent=[0muser-server
[90m2026-09-23T14:45:35+08:00[0m [33mWRN[0m [1m[BrowserExec] 写台账落库失败 step=4 state=sent（含重试共 3 次）: dial tcp 127.0.0.1:8232: connect: connection refused[0m [36mcomponent=[0muser-server
[90m2026-09-23T14:45:36+08:00[0m [33mWRN[0m [1m[BrowserExec] 写台账落库失败 step=4 state=verified（含重试共 3 次）: dial tcp 127.0.0.1:8232: connect: connection refused[0m [36mcomponent=[0muser-server
[90m2026-09-23T14:45:36+08:00[0m [33mWRN[0m [1m[BrowserExec] step 失败 session=1 idx=3 action=post_comment attempt=0: post_comment 回查已见评论（内容确已发布），但提交台账未落全（写台账落库失败（dial tcp 127.0.0.1:8232: connect: connection refused）: 台账未落，本会话写能力已降级\n写台账落库失败（dial tcp 127.0.0.1:8232: connect: connection refused）: 台账未落，本会话写能力已降级）——本会话写能力已降级，重跑本任务前请人工核对该评论是否已发布[0m [36mcomponent=[0muser-server
[90m2026-09-23T14:45:39+08:00[0m [33mWRN[0m [1m[BrowserHost] 连接读失败 user=9301: websocket: close 1006 (abnormal closure): unexpected EOF[0m [36mcomponent=[0muser-server
--- PASS: TestWSE2E_SentLedgerGapStillBlocksRetryRound (7.32s)
=== RUN   TestWSE2E_GuardQueryFailureFailsClosed
[90m2026-09-23T14:45:39+08:00[0m [32mINF[0m [1m[BrowserHost] Host 已注册 user=9301 version=1.5.0-e2e pid=24572[0m [36mcomponent=[0muser-server
[90m2026-09-23T14:45:39+08:00[0m [32mINF[0m [1m[BrowserHost] 注册探针通过（应用面可服务）user=9301 pid=24572[0m [36mcomponent=[0muser-server
[90m2026-09-23T14:45:42+08:00[0m [33mWRN[0m [1m[BrowserExec] 双发闸查询失败 task=1（拒绝下发）: double submit guard query failed: connection reset by peer[0m [36mcomponent=[0muser-server
[90m2026-09-23T14:45:42+08:00[0m [33mWRN[0m [1m[BrowserHost] 连接读失败 user=9301: websocket: close 1006 (abnormal closure): unexpected EOF[0m [36mcomponent=[0muser-server
--- PASS: TestWSE2E_GuardQueryFailureFailsClosed (3.07s)
=== RUN   TestWSE2E_UnknownLocatorTableTreatedAsWrite
[90m2026-09-23T14:45:42+08:00[0m [32mINF[0m [1m[BrowserHost] Host 已注册 user=9301 version=1.5.0-e2e pid=24572[0m [36mcomponent=[0muser-server
[90m2026-09-23T14:45:42+08:00[0m [32mINF[0m [1m[BrowserHost] 注册探针通过（应用面可服务）user=9301 pid=24572[0m [36mcomponent=[0muser-server
[90m2026-09-23T14:45:43+08:00[0m [33mWRN[0m [1m[BrowserExec] step 失败 session=1 idx=1 action=click attempt=0: click_timeout_waiting_ack[0m [36mcomponent=[0muser-server
[90m2026-09-23T14:45:44+08:00[0m [33mWRN[0m [1m[BrowserHost] 连接读失败 user=9301: websocket: close 1006 (abnormal closure): unexpected EOF[0m [36mcomponent=[0muser-server
--- PASS: TestWSE2E_UnknownLocatorTableTreatedAsWrite (1.50s)
=== RUN   TestWSE2E_RegisteredPlatformNonMatchingStepStaysReadOnly
[90m2026-09-23T14:45:44+08:00[0m [32mINF[0m [1m[BrowserHost] Host 已注册 user=9301 version=1.5.0-e2e pid=24572[0m [36mcomponent=[0muser-server
[90m2026-09-23T14:45:44+08:00[0m [32mINF[0m [1m[BrowserHost] 注册探针通过（应用面可服务）user=9301 pid=24572[0m [36mcomponent=[0muser-server
[90m2026-09-23T14:45:45+08:00[0m [33mWRN[0m [1m[BrowserExec] step 失败 session=1 idx=1 action=click attempt=0: click_timeout_waiting_ack[0m [36mcomponent=[0muser-server
[90m2026-09-23T14:45:45+08:00[0m [33mWRN[0m [1m[BrowserExec] step 失败 session=1 idx=1 action=click attempt=1: click_timeout_waiting_ack[0m [36mcomponent=[0muser-server
[90m2026-09-23T14:45:45+08:00[0m [33mWRN[0m [1m[BrowserHost] 连接读失败 user=9301: websocket: close 1006 (abnormal closure): unexpected EOF[0m [36mcomponent=[0muser-server
--- PASS: TestWSE2E_RegisteredPlatformNonMatchingStepStaysReadOnly (1.41s)
=== RUN   TestClassifyStepEffectThreeStates
--- PASS: TestClassifyStepEffectThreeStates (0.00s)
FAIL
FAIL	hivemtk-user/internal/browser_automation/service	22.591s
FAIL
