[90m2026-09-23T14:46:43+08:00[0m [33mWRN[0m [1m[SECURITY][WARN] USER_JWT_SECRET/JWT_SECRET 未配置，go test 进程使用固定测试密钥（仅用于单元测试）[0m [36mcomponent=[0muser-server
=== RUN   TestSendGateOrderedBeforeSentLedger
--- PASS: TestSendGateOrderedBeforeSentLedger (0.00s)
=== RUN   TestWSE2E_LedgerWriteFailureAbortsBeforeSend
[90m2026-09-23T14:46:44+08:00[0m [32mINF[0m [1m[BrowserHost] Host 已注册 user=9301 version=1.5.0-e2e pid=25244[0m [36mcomponent=[0muser-server
[90m2026-09-23T14:46:44+08:00[0m [32mINF[0m [1m[BrowserHost] 注册探针通过（应用面可服务）user=9301 pid=25244[0m [36mcomponent=[0muser-server
[90m2026-09-23T14:46:47+08:00[0m [33mWRN[0m [1m[BrowserExec] 写台账落库失败 step=4 state=prepared（含重试共 3 次）: dial tcp 127.0.0.1:8232: connect: connection refused[0m [36mcomponent=[0muser-server
[90m2026-09-23T14:46:47+08:00[0m [33mWRN[0m [1m[BrowserExec] step 失败 session=1 idx=3 action=post_comment attempt=0: post_comment 未提交（prepared 台账未落，点击从未发生，本会话写能力已降级）: 写台账落库失败（dial tcp 127.0.0.1:8232: connect: connection refused）: 台账未落，本会话写能力已降级[0m [36mcomponent=[0muser-server
[90m2026-09-23T14:46:47+08:00[0m [33mWRN[0m [1m[BrowserHost] 连接读失败 user=9301: websocket: close 1006 (abnormal closure): unexpected EOF[0m [36mcomponent=[0muser-server
--- PASS: TestWSE2E_LedgerWriteFailureAbortsBeforeSend (4.48s)
=== RUN   TestWSE2E_LedgerWriteFailureDegradesRestOfSession
[90m2026-09-23T14:46:48+08:00[0m [32mINF[0m [1m[BrowserHost] Host 已注册 user=9301 version=1.5.0-e2e pid=25244[0m [36mcomponent=[0muser-server
[90m2026-09-23T14:46:48+08:00[0m [32mINF[0m [1m[BrowserHost] 注册探针通过（应用面可服务）user=9301 pid=25244[0m [36mcomponent=[0muser-server
[90m2026-09-23T14:46:49+08:00[0m [33mWRN[0m [1m[BrowserExec] 写台账落库失败 step=2 state=prepared（含重试共 3 次）: dial tcp 127.0.0.1:8232: connect: connection refused[0m [36mcomponent=[0muser-server
[90m2026-09-23T14:46:49+08:00[0m [33mWRN[0m [1m[BrowserExec] step 失败 session=1 idx=1 action=post_comment attempt=0: post_comment 未提交（prepared 台账未落，点击从未发生，本会话写能力已降级）: 写台账落库失败（dial tcp 127.0.0.1:8232: connect: connection refused）: 台账未落，本会话写能力已降级[0m [36mcomponent=[0muser-server
[90m2026-09-23T14:46:51+08:00[0m [33mWRN[0m [1m[BrowserExec] 写步拒绝下发（action=post_comment）：prepared 未落账（重试 3 次）: dial tcp 127.0.0.1:8232: connect: connection refused——台账未落，本会话写能力已降级，请人工核对已下发的步后重跑 session=1 idx=3[0m [36mcomponent=[0muser-server
--- PASS: TestWSE2E_LedgerWriteFailureDegradesRestOfSession (3.76s)
=== RUN   TestWSE2E_SentLedgerGapStillBlocksRetryRound
[90m2026-09-23T14:46:51+08:00[0m [33mWRN[0m [1m[BrowserHost] 连接读失败 user=9301: websocket: close 1006 (abnormal closure): unexpected EOF[0m [36mcomponent=[0muser-server
[90m2026-09-23T14:46:51+08:00[0m [32mINF[0m [1m[BrowserHost] Host 已注册 user=9301 version=1.5.0-e2e pid=25244[0m [36mcomponent=[0muser-server
[90m2026-09-23T14:46:51+08:00[0m [32mINF[0m [1m[BrowserHost] 注册探针通过（应用面可服务）user=9301 pid=25244[0m [36mcomponent=[0muser-server
[90m2026-09-23T14:46:55+08:00[0m [33mWRN[0m [1m[BrowserExec] 写台账落库失败 step=4 state=sent（含重试共 3 次）: dial tcp 127.0.0.1:8232: connect: connection refused[0m [36mcomponent=[0muser-server
[90m2026-09-23T14:46:55+08:00[0m [33mWRN[0m [1m[BrowserExec] 写台账落库失败 step=4 state=verified（含重试共 3 次）: dial tcp 127.0.0.1:8232: connect: connection refused[0m [36mcomponent=[0muser-server
[90m2026-09-23T14:46:55+08:00[0m [33mWRN[0m [1m[BrowserExec] step 失败 session=1 idx=3 action=post_comment attempt=0: post_comment 回查已见评论（内容确已发布），但提交台账未落全（写台账落库失败（dial tcp 127.0.0.1:8232: connect: connection refused）: 台账未落，本会话写能力已降级\n写台账落库失败（dial tcp 127.0.0.1:8232: connect: connection refused）: 台账未落，本会话写能力已降级）——本会话写能力已降级，重跑本任务前请人工核对该评论是否已发布[0m [36mcomponent=[0muser-server
--- PASS: TestWSE2E_SentLedgerGapStillBlocksRetryRound (7.55s)
[90m2026-09-23T14:46:59+08:00[0m [33mWRN[0m [1m[BrowserHost] 连接读失败 user=9301: websocket: close 1006 (abnormal closure): unexpected EOF[0m [36mcomponent=[0muser-server
=== RUN   TestWSE2E_GuardQueryFailureFailsClosed
[90m2026-09-23T14:46:59+08:00[0m [32mINF[0m [1m[BrowserHost] Host 已注册 user=9301 version=1.5.0-e2e pid=25244[0m [36mcomponent=[0muser-server
[90m2026-09-23T14:46:59+08:00[0m [32mINF[0m [1m[BrowserHost] 注册探针通过（应用面可服务）user=9301 pid=25244[0m [36mcomponent=[0muser-server
[90m2026-09-23T14:47:02+08:00[0m [33mWRN[0m [1m[BrowserExec] 双发闸查询失败 task=1（拒绝下发）: double submit guard query failed: connection reset by peer[0m [36mcomponent=[0muser-server
[90m2026-09-23T14:47:02+08:00[0m [33mWRN[0m [1m[BrowserHost] 连接读失败 user=9301: websocket: close 1006 (abnormal closure): unexpected EOF[0m [36mcomponent=[0muser-server
--- PASS: TestWSE2E_GuardQueryFailureFailsClosed (3.70s)
=== RUN   TestWSE2E_UnknownLocatorTableTreatedAsWrite
[90m2026-09-23T14:47:02+08:00[0m [32mINF[0m [1m[BrowserHost] Host 已注册 user=9301 version=1.5.0-e2e pid=25244[0m [36mcomponent=[0muser-server
[90m2026-09-23T14:47:02+08:00[0m [32mINF[0m [1m[BrowserHost] 注册探针通过（应用面可服务）user=9301 pid=25244[0m [36mcomponent=[0muser-server
[90m2026-09-23T14:47:03+08:00[0m [33mWRN[0m [1m[BrowserExec] step 失败 session=1 idx=1 action=click attempt=0: click_timeout_waiting_ack[0m [36mcomponent=[0muser-server
[90m2026-09-23T14:47:03+08:00[0m [33mWRN[0m [1m[BrowserExec] step 失败 session=1 idx=1 action=click attempt=1: click_timeout_waiting_ack[0m [36mcomponent=[0muser-server
[90m2026-09-23T14:47:03+08:00[0m [33mWRN[0m [1m[BrowserExec] step 失败 session=1 idx=1 action=click attempt=2: click_timeout_waiting_ack[0m [36mcomponent=[0muser-server
    write_ledger_b16_test.go:254: click 到线 3 次 want 1——定位表不可得时不得宣称「这一下没有副作用」，retries 必须钳 0
    write_ledger_b16_test.go:258: is_write 必须落库为真（分类未知＝按最坏处置，事后要能看出是被降级判的）
    write_ledger_b16_test.go:261: submit_state= want unattributed（WS 超时=结果未知，须算提交尝试）
--- FAIL: TestWSE2E_UnknownLocatorTableTreatedAsWrite (1.15s)
=== RUN   TestWSE2E_RegisteredPlatformNonMatchingStepStaysReadOnly
[90m2026-09-23T14:47:03+08:00[0m [33mWRN[0m [1m[BrowserHost] 连接读失败 user=9301: websocket: close 1006 (abnormal closure): unexpected EOF[0m [36mcomponent=[0muser-server
[90m2026-09-23T14:47:04+08:00[0m [32mINF[0m [1m[BrowserHost] Host 已注册 user=9301 version=1.5.0-e2e pid=25244[0m [36mcomponent=[0muser-server
[90m2026-09-23T14:47:04+08:00[0m [32mINF[0m [1m[BrowserHost] 注册探针通过（应用面可服务）user=9301 pid=25244[0m [36mcomponent=[0muser-server
[90m2026-09-23T14:47:05+08:00[0m [33mWRN[0m [1m[BrowserExec] step 失败 session=1 idx=1 action=click attempt=0: click_timeout_waiting_ack[0m [36mcomponent=[0muser-server
[90m2026-09-23T14:47:05+08:00[0m [33mWRN[0m [1m[BrowserExec] step 失败 session=1 idx=1 action=click attempt=1: click_timeout_waiting_ack[0m [36mcomponent=[0muser-server
[90m2026-09-23T14:47:05+08:00[0m [33mWRN[0m [1m[BrowserHost] 连接读失败 user=9301: websocket: close 1006 (abnormal closure): unexpected EOF[0m [36mcomponent=[0muser-server
--- PASS: TestWSE2E_RegisteredPlatformNonMatchingStepStaysReadOnly (1.61s)
=== RUN   TestClassifyStepEffectThreeStates
    write_ledger_b16_test.go:317: 表不可得+click=未知: classifyStepEffect=0 want 2（why=""）
    write_ledger_b16_test.go:320: 表不可得+click=未知: 进了写闸门的步必须给归因 why
    write_ledger_b16_test.go:323: 表不可得+click=未知: 三态与「要不要过写闸门」不自洽
    write_ledger_b16_test.go:317: 表不可得+type回车=未知: classifyStepEffect=0 want 2（why=""）
    write_ledger_b16_test.go:320: 表不可得+type回车=未知: 进了写闸门的步必须给归因 why
    write_ledger_b16_test.go:323: 表不可得+type回车=未知: 三态与「要不要过写闸门」不自洽
    write_ledger_b16_test.go:317: 表不可得+click_near带文案=未知: classifyStepEffect=0 want 2（why=""）
    write_ledger_b16_test.go:320: 表不可得+click_near带文案=未知: 进了写闸门的步必须给归因 why
    write_ledger_b16_test.go:323: 表不可得+click_near带文案=未知: 三态与「要不要过写闸门」不自洽
--- FAIL: TestClassifyStepEffectThreeStates (0.00s)
FAIL
FAIL	hivemtk-user/internal/browser_automation/service	22.739s
FAIL
