[90m2026-09-23T14:47:09+08:00[0m [33mWRN[0m [1m[SECURITY][WARN] USER_JWT_SECRET/JWT_SECRET 未配置，go test 进程使用固定测试密钥（仅用于单元测试）[0m [36mcomponent=[0muser-server
=== RUN   TestSendGateOrderedBeforeSentLedger
--- PASS: TestSendGateOrderedBeforeSentLedger (0.00s)
=== RUN   TestWSE2E_LedgerWriteFailureAbortsBeforeSend
[90m2026-09-23T14:47:11+08:00[0m [32mINF[0m [1m[BrowserHost] Host 已注册 user=9301 version=1.5.0-e2e pid=25468[0m [36mcomponent=[0muser-server
[90m2026-09-23T14:47:11+08:00[0m [32mINF[0m [1m[BrowserHost] 注册探针通过（应用面可服务）user=9301 pid=25468[0m [36mcomponent=[0muser-server
[90m2026-09-23T14:47:14+08:00[0m [33mWRN[0m [1m[BrowserExec] 写台账落库失败 step=4 state=prepared（含重试共 3 次）: dial tcp 127.0.0.1:8232: connect: connection refused[0m [36mcomponent=[0muser-server
[90m2026-09-23T14:47:14+08:00[0m [33mWRN[0m [1m[BrowserExec] step 失败 session=1 idx=3 action=post_comment attempt=0: post_comment 未提交（prepared 台账未落，点击从未发生，本会话写能力已降级）: 写台账落库失败（dial tcp 127.0.0.1:8232: connect: connection refused）: 台账未落，本会话写能力已降级[0m [36mcomponent=[0muser-server
[90m2026-09-23T14:47:14+08:00[0m [33mWRN[0m [1m[BrowserHost] 连接读失败 user=9301: websocket: close 1006 (abnormal closure): unexpected EOF[0m [36mcomponent=[0muser-server
--- PASS: TestWSE2E_LedgerWriteFailureAbortsBeforeSend (5.03s)
=== RUN   TestWSE2E_LedgerWriteFailureDegradesRestOfSession
[90m2026-09-23T14:47:14+08:00[0m [32mINF[0m [1m[BrowserHost] Host 已注册 user=9301 version=1.5.0-e2e pid=25468[0m [36mcomponent=[0muser-server
[90m2026-09-23T14:47:14+08:00[0m [32mINF[0m [1m[BrowserHost] 注册探针通过（应用面可服务）user=9301 pid=25468[0m [36mcomponent=[0muser-server
[90m2026-09-23T14:47:16+08:00[0m [33mWRN[0m [1m[BrowserExec] 写台账落库失败 step=2 state=prepared（含重试共 3 次）: dial tcp 127.0.0.1:8232: connect: connection refused[0m [36mcomponent=[0muser-server
[90m2026-09-23T14:47:16+08:00[0m [33mWRN[0m [1m[BrowserExec] step 失败 session=1 idx=1 action=post_comment attempt=0: post_comment 未提交（prepared 台账未落，点击从未发生，本会话写能力已降级）: 写台账落库失败（dial tcp 127.0.0.1:8232: connect: connection refused）: 台账未落，本会话写能力已降级[0m [36mcomponent=[0muser-server
[90m2026-09-23T14:47:18+08:00[0m [33mWRN[0m [1m[BrowserExec] 写步拒绝下发（action=post_comment）：prepared 未落账（重试 3 次）: dial tcp 127.0.0.1:8232: connect: connection refused——台账未落，本会话写能力已降级，请人工核对已下发的步后重跑 session=1 idx=3[0m [36mcomponent=[0muser-server
--- PASS: TestWSE2E_LedgerWriteFailureDegradesRestOfSession (3.78s)
[90m2026-09-23T14:47:18+08:00[0m [33mWRN[0m [1m[BrowserHost] 连接读失败 user=9301: websocket: close 1006 (abnormal closure): unexpected EOF[0m [36mcomponent=[0muser-server
=== RUN   TestWSE2E_SentLedgerGapStillBlocksRetryRound
[90m2026-09-23T14:47:18+08:00[0m [32mINF[0m [1m[BrowserHost] Host 已注册 user=9301 version=1.5.0-e2e pid=25468[0m [36mcomponent=[0muser-server
[90m2026-09-23T14:47:18+08:00[0m [32mINF[0m [1m[BrowserHost] 注册探针通过（应用面可服务）user=9301 pid=25468[0m [36mcomponent=[0muser-server
[90m2026-09-23T14:47:22+08:00[0m [33mWRN[0m [1m[BrowserExec] 写台账落库失败 step=4 state=sent（含重试共 3 次）: dial tcp 127.0.0.1:8232: connect: connection refused[0m [36mcomponent=[0muser-server
[90m2026-09-23T14:47:22+08:00[0m [33mWRN[0m [1m[BrowserExec] 写台账落库失败 step=4 state=verified（含重试共 3 次）: dial tcp 127.0.0.1:8232: connect: connection refused[0m [36mcomponent=[0muser-server
    write_ledger_b16_test.go:170: 越点未落账必须判红并写「需人工核对」：status=success err=""
--- FAIL: TestWSE2E_SentLedgerGapStillBlocksRetryRound (7.52s)
[90m2026-09-23T14:47:25+08:00[0m [33mWRN[0m [1m[BrowserHost] 连接读失败 user=9301: websocket: close 1006 (abnormal closure): unexpected EOF[0m [36mcomponent=[0muser-server
=== RUN   TestWSE2E_GuardQueryFailureFailsClosed
[90m2026-09-23T14:47:25+08:00[0m [32mINF[0m [1m[BrowserHost] Host 已注册 user=9301 version=1.5.0-e2e pid=25468[0m [36mcomponent=[0muser-server
[90m2026-09-23T14:47:25+08:00[0m [32mINF[0m [1m[BrowserHost] 注册探针通过（应用面可服务）user=9301 pid=25468[0m [36mcomponent=[0muser-server
[90m2026-09-23T14:47:28+08:00[0m [33mWRN[0m [1m[BrowserExec] 双发闸查询失败 task=1（拒绝下发）: double submit guard query failed: connection reset by peer[0m [36mcomponent=[0muser-server
[90m2026-09-23T14:47:28+08:00[0m [33mWRN[0m [1m[BrowserHost] 连接读失败 user=9301: websocket: close 1006 (abnormal closure): unexpected EOF[0m [36mcomponent=[0muser-server
--- PASS: TestWSE2E_GuardQueryFailureFailsClosed (2.96s)
=== RUN   TestWSE2E_UnknownLocatorTableTreatedAsWrite
[90m2026-09-23T14:47:28+08:00[0m [32mINF[0m [1m[BrowserHost] Host 已注册 user=9301 version=1.5.0-e2e pid=25468[0m [36mcomponent=[0muser-server
[90m2026-09-23T14:47:28+08:00[0m [32mINF[0m [1m[BrowserHost] 注册探针通过（应用面可服务）user=9301 pid=25468[0m [36mcomponent=[0muser-server
[90m2026-09-23T14:47:30+08:00[0m [33mWRN[0m [1m[BrowserExec] step 失败 session=1 idx=1 action=click attempt=0: click_timeout_waiting_ack[0m [36mcomponent=[0muser-server
--- PASS: TestWSE2E_UnknownLocatorTableTreatedAsWrite (1.31s)
=== RUN   TestWSE2E_RegisteredPlatformNonMatchingStepStaysReadOnly
[90m2026-09-23T14:47:30+08:00[0m [33mWRN[0m [1m[BrowserHost] 连接读失败 user=9301: websocket: close 1006 (abnormal closure): unexpected EOF[0m [36mcomponent=[0muser-server
[90m2026-09-23T14:47:30+08:00[0m [32mINF[0m [1m[BrowserHost] Host 已注册 user=9301 version=1.5.0-e2e pid=25468[0m [36mcomponent=[0muser-server
[90m2026-09-23T14:47:30+08:00[0m [32mINF[0m [1m[BrowserHost] 注册探针通过（应用面可服务）user=9301 pid=25468[0m [36mcomponent=[0muser-server
[90m2026-09-23T14:47:31+08:00[0m [33mWRN[0m [1m[BrowserExec] step 失败 session=1 idx=1 action=click attempt=0: click_timeout_waiting_ack[0m [36mcomponent=[0muser-server
[90m2026-09-23T14:47:31+08:00[0m [33mWRN[0m [1m[BrowserExec] step 失败 session=1 idx=1 action=click attempt=1: click_timeout_waiting_ack[0m [36mcomponent=[0muser-server
[90m2026-09-23T14:47:31+08:00[0m [33mWRN[0m [1m[BrowserHost] 连接读失败 user=9301: websocket: close 1006 (abnormal closure): unexpected EOF[0m [36mcomponent=[0muser-server
--- PASS: TestWSE2E_RegisteredPlatformNonMatchingStepStaysReadOnly (1.40s)
=== RUN   TestClassifyStepEffectThreeStates
--- PASS: TestClassifyStepEffectThreeStates (0.00s)
FAIL
FAIL	hivemtk-user/internal/browser_automation/service	22.488s
FAIL
