2026-09-30T00:39:18+08:00 WRN [SECURITY][WARN] USER_JWT_SECRET/JWT_SECRET 未配置，go test 进程使用固定测试密钥（仅用于单元测试） component=user-server
=== RUN   TestKbGate_RetrievalSitesHideUnpublished
=== RUN   TestKbGate_RetrievalSitesHideUnpublished/hybrid.vectorSearchPG/按库过滤/off
=== RUN   TestKbGate_RetrievalSitesHideUnpublished/hybrid.vectorSearchPG/按库过滤/shadow
=== RUN   TestKbGate_RetrievalSitesHideUnpublished/hybrid.vectorSearchPG/按库过滤/on
=== RUN   TestKbGate_RetrievalSitesHideUnpublished/hybrid.vectorSearchPG/跨库全量/off
=== RUN   TestKbGate_RetrievalSitesHideUnpublished/hybrid.vectorSearchPG/跨库全量/shadow
=== RUN   TestKbGate_RetrievalSitesHideUnpublished/hybrid.vectorSearchPG/跨库全量/on
=== RUN   TestKbGate_RetrievalSitesHideUnpublished/hybrid.tsvectorSearch/按库过滤/off
=== RUN   TestKbGate_RetrievalSitesHideUnpublished/hybrid.tsvectorSearch/按库过滤/shadow
=== RUN   TestKbGate_RetrievalSitesHideUnpublished/hybrid.tsvectorSearch/按库过滤/on
=== RUN   TestKbGate_RetrievalSitesHideUnpublished/hybrid.tsvectorSearch/跨库全量/off
=== RUN   TestKbGate_RetrievalSitesHideUnpublished/hybrid.tsvectorSearch/跨库全量/shadow
=== RUN   TestKbGate_RetrievalSitesHideUnpublished/hybrid.tsvectorSearch/跨库全量/on
=== RUN   TestKbGate_RetrievalSitesHideUnpublished/hybrid.keywordSearchPGFallback/按库过滤/off
=== RUN   TestKbGate_RetrievalSitesHideUnpublished/hybrid.keywordSearchPGFallback/按库过滤/shadow
=== RUN   TestKbGate_RetrievalSitesHideUnpublished/hybrid.keywordSearchPGFallback/按库过滤/on
=== RUN   TestKbGate_RetrievalSitesHideUnpublished/hybrid.keywordSearchPGFallback/跨库全量/off
=== RUN   TestKbGate_RetrievalSitesHideUnpublished/hybrid.keywordSearchPGFallback/跨库全量/shadow
=== RUN   TestKbGate_RetrievalSitesHideUnpublished/hybrid.keywordSearchPGFallback/跨库全量/on
=== RUN   TestKbGate_RetrievalSitesHideUnpublished/lexical.tryTSQuery/按库过滤/off
=== RUN   TestKbGate_RetrievalSitesHideUnpublished/lexical.tryTSQuery/按库过滤/shadow
=== RUN   TestKbGate_RetrievalSitesHideUnpublished/lexical.tryTSQuery/按库过滤/on
=== RUN   TestKbGate_RetrievalSitesHideUnpublished/lexical.tryTSQuery/跨库全量/off
=== RUN   TestKbGate_RetrievalSitesHideUnpublished/lexical.tryTSQuery/跨库全量/shadow
=== RUN   TestKbGate_RetrievalSitesHideUnpublished/lexical.tryTSQuery/跨库全量/on
=== RUN   TestKbGate_RetrievalSitesHideUnpublished/lexical.ilikeFallback/按库过滤/off
=== RUN   TestKbGate_RetrievalSitesHideUnpublished/lexical.ilikeFallback/按库过滤/shadow
=== RUN   TestKbGate_RetrievalSitesHideUnpublished/lexical.ilikeFallback/按库过滤/on
=== RUN   TestKbGate_RetrievalSitesHideUnpublished/lexical.ilikeFallback/跨库全量/off
=== RUN   TestKbGate_RetrievalSitesHideUnpublished/lexical.ilikeFallback/跨库全量/shadow
=== RUN   TestKbGate_RetrievalSitesHideUnpublished/lexical.ilikeFallback/跨库全量/on
=== RUN   TestKbGate_RetrievalSitesHideUnpublished/vector.SearchVector/按库过滤/off
=== RUN   TestKbGate_RetrievalSitesHideUnpublished/vector.SearchVector/按库过滤/shadow
=== RUN   TestKbGate_RetrievalSitesHideUnpublished/vector.SearchVector/按库过滤/on
=== RUN   TestKbGate_RetrievalSitesHideUnpublished/vector.SearchVector/跨库全量/off
=== RUN   TestKbGate_RetrievalSitesHideUnpublished/vector.SearchVector/跨库全量/shadow
=== RUN   TestKbGate_RetrievalSitesHideUnpublished/vector.SearchVector/跨库全量/on
=== RUN   TestKbGate_RetrievalSitesHideUnpublished/vector.Retrieve/按库过滤/off
=== RUN   TestKbGate_RetrievalSitesHideUnpublished/vector.Retrieve/按库过滤/shadow
=== RUN   TestKbGate_RetrievalSitesHideUnpublished/vector.Retrieve/按库过滤/on
    kb_gate_retrieval_test.go:302: vector.Retrieve/按库过滤 在 FF_LTC_KB_CHANGE_GATE=on 档召回 [901 902 903 904]，期望 [901 902]
=== RUN   TestKbGate_RetrievalSitesHideUnpublished/vector.Retrieve/跨库全量/off
=== RUN   TestKbGate_RetrievalSitesHideUnpublished/vector.Retrieve/跨库全量/shadow
=== RUN   TestKbGate_RetrievalSitesHideUnpublished/vector.Retrieve/跨库全量/on
--- FAIL: TestKbGate_RetrievalSitesHideUnpublished (5.15s)
    --- PASS: TestKbGate_RetrievalSitesHideUnpublished/hybrid.vectorSearchPG/按库过滤/off (0.12s)
    --- PASS: TestKbGate_RetrievalSitesHideUnpublished/hybrid.vectorSearchPG/按库过滤/shadow (0.12s)
    --- PASS: TestKbGate_RetrievalSitesHideUnpublished/hybrid.vectorSearchPG/按库过滤/on (0.13s)
    --- PASS: TestKbGate_RetrievalSitesHideUnpublished/hybrid.vectorSearchPG/跨库全量/off (0.13s)
    --- PASS: TestKbGate_RetrievalSitesHideUnpublished/hybrid.vectorSearchPG/跨库全量/shadow (0.10s)
    --- PASS: TestKbGate_RetrievalSitesHideUnpublished/hybrid.vectorSearchPG/跨库全量/on (0.12s)
    --- PASS: TestKbGate_RetrievalSitesHideUnpublished/hybrid.tsvectorSearch/按库过滤/off (0.11s)
    --- PASS: TestKbGate_RetrievalSitesHideUnpublished/hybrid.tsvectorSearch/按库过滤/shadow (0.09s)
    --- PASS: TestKbGate_RetrievalSitesHideUnpublished/hybrid.tsvectorSearch/按库过滤/on (0.08s)
    --- PASS: TestKbGate_RetrievalSitesHideUnpublished/hybrid.tsvectorSearch/跨库全量/off (0.07s)
    --- PASS: TestKbGate_RetrievalSitesHideUnpublished/hybrid.tsvectorSearch/跨库全量/shadow (0.09s)
    --- PASS: TestKbGate_RetrievalSitesHideUnpublished/hybrid.tsvectorSearch/跨库全量/on (0.21s)
    --- PASS: TestKbGate_RetrievalSitesHideUnpublished/hybrid.keywordSearchPGFallback/按库过滤/off (0.12s)
    --- PASS: TestKbGate_RetrievalSitesHideUnpublished/hybrid.keywordSearchPGFallback/按库过滤/shadow (0.11s)
    --- PASS: TestKbGate_RetrievalSitesHideUnpublished/hybrid.keywordSearchPGFallback/按库过滤/on (0.35s)
    --- PASS: TestKbGate_RetrievalSitesHideUnpublished/hybrid.keywordSearchPGFallback/跨库全量/off (0.10s)
    --- PASS: TestKbGate_RetrievalSitesHideUnpublished/hybrid.keywordSearchPGFallback/跨库全量/shadow (0.07s)
    --- PASS: TestKbGate_RetrievalSitesHideUnpublished/hybrid.keywordSearchPGFallback/跨库全量/on (0.12s)
    --- PASS: TestKbGate_RetrievalSitesHideUnpublished/lexical.tryTSQuery/按库过滤/off (0.12s)
    --- PASS: TestKbGate_RetrievalSitesHideUnpublished/lexical.tryTSQuery/按库过滤/shadow (0.08s)
    --- PASS: TestKbGate_RetrievalSitesHideUnpublished/lexical.tryTSQuery/按库过滤/on (0.06s)
    --- PASS: TestKbGate_RetrievalSitesHideUnpublished/lexical.tryTSQuery/跨库全量/off (0.06s)
    --- PASS: TestKbGate_RetrievalSitesHideUnpublished/lexical.tryTSQuery/跨库全量/shadow (0.06s)
    --- PASS: TestKbGate_RetrievalSitesHideUnpublished/lexical.tryTSQuery/跨库全量/on (0.06s)
    --- PASS: TestKbGate_RetrievalSitesHideUnpublished/lexical.ilikeFallback/按库过滤/off (0.07s)
    --- PASS: TestKbGate_RetrievalSitesHideUnpublished/lexical.ilikeFallback/按库过滤/shadow (0.06s)
    --- PASS: TestKbGate_RetrievalSitesHideUnpublished/lexical.ilikeFallback/按库过滤/on (0.06s)
    --- PASS: TestKbGate_RetrievalSitesHideUnpublished/lexical.ilikeFallback/跨库全量/off (0.07s)
    --- PASS: TestKbGate_RetrievalSitesHideUnpublished/lexical.ilikeFallback/跨库全量/shadow (0.08s)
    --- PASS: TestKbGate_RetrievalSitesHideUnpublished/lexical.ilikeFallback/跨库全量/on (0.07s)
    --- PASS: TestKbGate_RetrievalSitesHideUnpublished/vector.SearchVector/按库过滤/off (0.07s)
    --- PASS: TestKbGate_RetrievalSitesHideUnpublished/vector.SearchVector/按库过滤/shadow (0.07s)
    --- PASS: TestKbGate_RetrievalSitesHideUnpublished/vector.SearchVector/按库过滤/on (0.05s)
    --- PASS: TestKbGate_RetrievalSitesHideUnpublished/vector.SearchVector/跨库全量/off (0.06s)
    --- PASS: TestKbGate_RetrievalSitesHideUnpublished/vector.SearchVector/跨库全量/shadow (0.06s)
    --- PASS: TestKbGate_RetrievalSitesHideUnpublished/vector.SearchVector/跨库全量/on (0.06s)
    --- PASS: TestKbGate_RetrievalSitesHideUnpublished/vector.Retrieve/按库过滤/off (0.07s)
    --- PASS: TestKbGate_RetrievalSitesHideUnpublished/vector.Retrieve/按库过滤/shadow (0.08s)
    --- FAIL: TestKbGate_RetrievalSitesHideUnpublished/vector.Retrieve/按库过滤/on (0.10s)
    --- PASS: TestKbGate_RetrievalSitesHideUnpublished/vector.Retrieve/跨库全量/off (0.07s)
    --- PASS: TestKbGate_RetrievalSitesHideUnpublished/vector.Retrieve/跨库全量/shadow (0.07s)
    --- PASS: TestKbGate_RetrievalSitesHideUnpublished/vector.Retrieve/跨库全量/on (0.06s)
=== RUN   TestKbGate_EmbeddingSourceFilterStillApplies
--- PASS: TestKbGate_EmbeddingSourceFilterStillApplies (0.05s)
=== RUN   TestKbGate_TestSchemaCoversModelColumns
--- PASS: TestKbGate_TestSchemaCoversModelColumns (0.05s)
FAIL
FAIL	hivemtk-user/internal/aiagent/rag/retrieval	5.676s
FAIL
