$ bash scripts/check-doc-consistency.sh
(cwd=.)
rc=0  0.2s

============================================================
  文档一致性检查（OPT-DOC-15）
  项目根: /Users/xiaofang/Documents/www/go/hivemtk
  模式: normal
============================================================

[1/6] README 引用检查...
✅ marketing-features/README.md 全部链接有效
✅ platform-features/README.md 全部链接有效

[2/6] ADR 编号连续性...
✅ ADR-003 已在 adr/README.md 登记为作废（有意缺号，不回填）
✅ ADR 编号连续或断档均已登记（末号 ADR-015）

[3/6] Feature Doc 8 节结构...
✅ 所有 feature doc 含 §一 §二 必填节（共检查 1 个）

[4/6] CODEOWNERS 路径检查...
✅ CODEOWNERS 路径引用全部有效

[5/6] 顶层架构文档 vs 营销文档一致性...
✅ ARCHITECTURE_OVERVIEW.md 营销文档引用全部有效

[6/6] 关键文件存在性...
✅ 所有 27 个关键文件存在（跳过 0 个工作区级条目）

============================================================
  总结
============================================================
✅ 全部检查通过

