2026-09-22T12:30:36+08:00 WRN [SECURITY][WARN] USER_JWT_SECRET/JWT_SECRET 未配置，go test 进程使用固定测试密钥（仅用于单元测试） component=user-server
=== RUN   TestSignalConfirmBindsPayload
--- PASS: TestSignalConfirmBindsPayload (0.00s)
=== RUN   TestPendingGateExposesAwaitingPayload
--- PASS: TestPendingGateExposesAwaitingPayload (0.00s)
=== RUN   TestConfirmGateFramesBindPayloadAndOmitBody
    d7_gate_b20_test.go:220: 审计帧携带了评论正文（I5 导出会把正文带进离线件）
--- FAIL: TestConfirmGateFramesBindPayloadAndOmitBody (0.05s)
=== RUN   TestConfirmGateDecisionPerOutgoing
--- PASS: TestConfirmGateDecisionPerOutgoing (0.01s)
=== RUN   TestConfirmStatusDistinguishesGateElsewhere
--- PASS: TestConfirmStatusDistinguishesGateElsewhere (0.00s)
=== RUN   TestConfirmGateReadIsOwnershipScoped
--- PASS: TestConfirmGateReadIsOwnershipScoped (0.00s)
=== RUN   TestGatePayloadMustNeverBeEmpty
--- PASS: TestGatePayloadMustNeverBeEmpty (0.00s)
FAIL
FAIL	hivemtk-user/internal/browser_automation/service	0.757s
FAIL

2026-09-22T12:30:39+08:00 WRN [SECURITY][WARN] USER_JWT_SECRET/JWT_SECRET 未配置，go test 进程使用固定测试密钥（仅用于单元测试） component=user-server
=== RUN   TestB20ConfirmRequiresPayloadHash
--- PASS: TestB20ConfirmRequiresPayloadHash (2.15s)
=== RUN   TestB20ConfirmStatusMappingIsDistinct
--- PASS: TestB20ConfirmStatusMappingIsDistinct (0.00s)
=== RUN   TestB20ConfirmGateElsewhereFromAuditFrame
--- PASS: TestB20ConfirmGateElsewhereFromAuditFrame (0.15s)
=== RUN   TestB20ConfirmGateReadEndpoint
--- PASS: TestB20ConfirmGateReadEndpoint (0.12s)
PASS
ok  	hivemtk-user/internal/browser_automation/controller	3.231s

2026-09-22T12:30:43+08:00 WRN [SECURITY][WARN] USER_JWT_SECRET/JWT_SECRET 未配置，go test 进程使用固定测试密钥（仅用于单元测试） component=user-server
=== RUN   TestIsDuplicateReason_只认重复结论短语不认任意子串
--- PASS: TestIsDuplicateReason_只认重复结论短语不认任意子串 (0.00s)
=== RUN   TestIsDuplicateReason
--- PASS: TestIsDuplicateReason (0.00s)
PASS
ok  	hivemtk-user/internal/channelgw	0.457s
