2026-09-22T12:32:25+08:00 WRN [SECURITY][WARN] USER_JWT_SECRET/JWT_SECRET 未配置，go test 进程使用固定测试密钥（仅用于单元测试） component=user-server
=== RUN   TestSignalConfirmBindsPayload
--- PASS: TestSignalConfirmBindsPayload (0.00s)
=== RUN   TestPendingGateExposesAwaitingPayload
--- PASS: TestPendingGateExposesAwaitingPayload (0.00s)
=== RUN   TestConfirmGateFramesBindPayloadAndOmitBody
--- PASS: TestConfirmGateFramesBindPayloadAndOmitBody (0.05s)
=== RUN   TestConfirmGateDecisionPerOutgoing
--- PASS: TestConfirmGateDecisionPerOutgoing (0.01s)
=== RUN   TestConfirmStatusDistinguishesGateElsewhere
--- PASS: TestConfirmStatusDistinguishesGateElsewhere (0.00s)
=== RUN   TestConfirmGateReadIsOwnershipScoped
--- PASS: TestConfirmGateReadIsOwnershipScoped (0.00s)
=== RUN   TestGatePayloadMustNeverBeEmpty
--- PASS: TestGatePayloadMustNeverBeEmpty (0.00s)
PASS
ok  	hivemtk-user/internal/browser_automation/service	0.787s

2026-09-22T12:32:28+08:00 WRN [SECURITY][WARN] USER_JWT_SECRET/JWT_SECRET 未配置，go test 进程使用固定测试密钥（仅用于单元测试） component=user-server
=== RUN   TestB20ConfirmRequiresPayloadHash
--- PASS: TestB20ConfirmRequiresPayloadHash (3.77s)
=== RUN   TestB20ConfirmStatusMappingIsDistinct
--- PASS: TestB20ConfirmStatusMappingIsDistinct (0.00s)
=== RUN   TestB20ConfirmGateElsewhereFromAuditFrame
--- PASS: TestB20ConfirmGateElsewhereFromAuditFrame (0.32s)
=== RUN   TestB20ConfirmGateReadEndpoint
--- PASS: TestB20ConfirmGateReadEndpoint (0.12s)
PASS
ok  	hivemtk-user/internal/browser_automation/controller	4.880s

2026-09-22T12:32:36+08:00 WRN [SECURITY][WARN] USER_JWT_SECRET/JWT_SECRET 未配置，go test 进程使用固定测试密钥（仅用于单元测试） component=user-server
=== RUN   TestIsDuplicateReason_只认重复结论短语不认任意子串
    dup_outcome_b17_test.go:28: 应判重复但判成非重复: "msg_id exists with different direction; DB direction preserved"
--- FAIL: TestIsDuplicateReason_只认重复结论短语不认任意子串 (0.00s)
=== RUN   TestIsDuplicateReason
--- PASS: TestIsDuplicateReason (0.00s)
FAIL
FAIL	hivemtk-user/internal/channelgw	0.882s
FAIL
